---------------------------------------
Begin Slurm Prolog: Sep-21-2026 22:25:30
Job ID:    13424269
User ID:   hjiang420
Account:   gts-aivanova7-lab
Job name:  readinto_gain
Partition: gpu-h200
QOS:       inferno
---------------------------------------
=== in-loop read gain | 4 cells | index 1 ===
    [0] xattn:a2
    [1] xattn:a3z
    [2] refresh:a2
    [3] refresh:a3z
    for THIS cell list:  sbatch --array=0-3

    tier 1 | module=xattn  arm=a3z
    checkpoint: cortex-retrofit/probe-p1-a3z-gated-w16k64-cc8-z/checkpoint_91952
    data:       data/pg19_olmo_val_len4096   (READ THIS LINE -- the only proof the pack arrived)
    geometry:   gated  W=16  latent=ON  s0_read=OFF
    T=8  n_chunks=8  n=50
    gates:      0 0.001 0.01 0.1 1 10   (read the |d|/||x|| column, NOT these -- RED 11)
    out:        eval_results/readinto_gain-20260921/xattn-a3z

NVIDIA H200, 143771 MiB

[cortex] OVERRIDE config.use_memory: '<absent>' -> True  (NOT what this checkpoint trained with unless they match)
[cortex] OVERRIDE config.memory_slots: '<absent>' -> 0  (NOT what this checkpoint trained with unless they match)
[cortex] OVERRIDE config.prefix_memory: '<absent>' -> 'gated'  (NOT what this checkpoint trained with unless they match)
[cortex] OVERRIDE config.accum_vecs: '<absent>' -> 16  (NOT what this checkpoint trained with unless they match)
[cortex] OVERRIDE config.gate_slots: '<absent>' -> 64  (NOT what this checkpoint trained with unless they match)
[cortex] OVERRIDE config.gate_route: '<absent>' -> 'ring'  (NOT what this checkpoint trained with unless they match)
[cortex] OVERRIDE config.gate_norm: '<absent>' -> 'tanh'  (NOT what this checkpoint trained with unless they match)
[cortex] OVERRIDE config.gate_init: '<absent>' -> 'zero'  (NOT what this checkpoint trained with unless they match)
[cortex] OVERRIDE config.gate_fill: '<absent>' -> 'grow'  (NOT what this checkpoint trained with unless they match)
[cortex] OVERRIDE config.latent_carry: '<absent>' -> True  (NOT what this checkpoint trained with unless they match)
[cortex] OVERRIDE config.latent_depth_rule: '<absent>' -> 'absolute'  (NOT what this checkpoint trained with unless they match)
[cortex] OVERRIDE config.latent_depth_lo: '<absent>' -> 2  (NOT what this checkpoint trained with unless they match)
[cortex] OVERRIDE config.latent_depth_hi: '<absent>' -> 9  (NOT what this checkpoint trained with unless they match)
[cortex] OVERRIDE config.latent_renorm: '<absent>' -> 'none'  (NOT what this checkpoint trained with unless they match)
[cortex] OVERRIDE config.latent_s0_read: '<absent>' -> False  (NOT what this checkpoint trained with unless they match)
[cortex] OVERRIDE config.latent_read: '<absent>' -> 'xattn'  (NOT what this checkpoint trained with unless they match)
[cortex] OVERRIDE config.latent_read_depth: '<absent>' -> 'none'  (NOT what this checkpoint trained with unless they match)
[cortex] OVERRIDE config.latent_read_heads: '<absent>' -> 8  (NOT what this checkpoint trained with unless they match)
Random Initialization not implemented.
Random Initialization not implemented.
Random Initialization not implemented.
Random Initialization not implemented.
Random Initialization not implemented.
Random Initialization not implemented.
Random Initialization not implemented.
Random Initialization not implemented.
Random Initialization not implemented.
Random Initialization not implemented.
Random Initialization not implemented.
Random Initialization not implemented.
Loading checkpoint shards:   0%|          | 0/2 [00:00<?, ?it/s]Loading checkpoint shards:  50%|█████     | 1/2 [00:10<00:10, 10.27s/it]Loading checkpoint shards: 100%|██████████| 2/2 [00:10<00:00,  5.17s/it]
Some weights of RavenForCausalLM were not initialized from the model checkpoint at ckpts/olmo-retrofit-cortex and are newly initialized: ['cortex.latent_reader.gate', 'cortex.latent_reader.k_proj.weight', 'cortex.latent_reader.out_proj.weight', 'cortex.latent_reader.q_proj.weight', 'cortex.latent_reader.v_proj.weight', 'cortex.prefix.forget_bias', 'cortex.prefix.forget_bias_z', 'cortex.prefix.gate_proj_in.bias', 'cortex.prefix.gate_proj_in.weight', 'cortex.prefix.gate_proj_in_z.bias', 'cortex.prefix.gate_proj_in_z.weight', 'cortex.prefix.gate_proj_mem.bias', 'cortex.prefix.gate_proj_mem.weight', 'cortex.prefix.gate_proj_mem_z.bias', 'cortex.prefix.gate_proj_mem_z.weight', 'cortex.prefix.input_bias', 'cortex.prefix.input_bias_z', 'cortex.prefix.summary_emb', 'cortex.prefix.summary_seeded']
You should probably TRAIN this model on a down-stream task to be able to use it for predictions and inference.
[cortex] reset 8 cortex submodules to nn defaults + re-applied designed inits ['prefix.[summary_emb~N(reseeded from wte on first forward),forget_bias=1,input_bias=0,gate_init=zero,forget_bias_z=1,input_bias_z=0,gate_init_z=zero]', 'latent_reader.[qkv,out~N(0,0.02) NOT zero -- see LatentRead]', 'latent_reader.gate=0.1'] (undo post_init clobber)
[load] overlaid cortex-retrofit/probe-p1-a3z-gated-w16k64-cc8-z/checkpoint_91952/chkpt.pt: 5 missing / 0 unexpected keys

=== P3.0 tier 1 | in-loop read-site gain | LatentRead ===
    examples 50, T=8
    ||x|| at the read site  19.4037   <- what the delta is added to
    ||Z row||               4.1461   <- what is being read
    intact 3.2338 nats, chance 11.5164, margin 8.2826

    cell                   nats    d(intact)  |d|/||x||
    noise@0             3.23381      0.00000     0.0000
    real@0              3.23381      0.00000     0.0000
    noise@0.001         3.23381     -0.00000     0.0000
    real@0.001          3.23382      0.00000     0.0001
    noise@0.01          3.23381     -0.00000     0.0000
    real@0.01           3.23384      0.00002     0.0005
    noise@0.1           3.23381     -0.00001     0.0005
    real@0.1            3.23407      0.00025     0.0055
    noise@1             3.23375     -0.00006     0.0048
    real@1              3.24027      0.00645     0.0555
    noise@10            3.23518      0.00137     0.0479
    real@10             3.80901      0.57519     0.5540

    span (in-distribution cells only)  0.57525 nats
    knob proven connected              True
    largest real-vs-noise gap at init  0.57382 nats

    READING: LIVE_site_has_gain
    Proceed to tier 1.5, the oracle read probe.  Print this row
    beside the s0 table: that pair is the redesign's evidence.

    A reading is about the SITE only if it holds on BOTH arms.
    Run a2 and a3z before quoting this.

wrote eval_results/readinto_gain-20260921/xattn-a3z/readinto_gain.json

cell xattn/a3z DONE -> eval_results/readinto_gain-20260921/xattn-a3z/readinto_gain.json

READING ORDER, and it is not the order the cells finish in:
  1. Is the intact loss below chance?  If not, nothing else in the
     table is a result (RED 10).
  2. Does the |d|/||x|| column move with the gate?  If not, the axis
     is fiction and the verdict is meaningless.
  3. Do BOTH arms agree in the in-distribution window?  Only then is
     the reading about the SITE rather than about a buffer.
  4. Only then: LIVE -> tier 1.5 (~8 GPU-hours).  DEAD -> audit the
     instrument, do NOT spend the 8 hours.
---------------------------------------
Begin Slurm Epilog: Sep-21-2026 23:09:10
Job ID:        13424269
Array Job ID:  13420851_1
User ID:       hjiang420
Account:       gts-aivanova7-lab
Job name:      readinto_gain
Resources:     cpu=8,gres/gpu:h200=1,mem=64G,node=1
Rsrc Used:     cput=05:49:44,vmem=0,walltime=00:43:43,mem=13748480K,energy_used=0
Partition:     gpu-h200
QOS:           inferno
Nodes:         atl1-1-02-012-9-0
---------------------------------------
