---------------------------------------
Begin Slurm Prolog: Sep-23-2026 11:30:38
Job ID:    13483998
User ID:   hjiang420
Account:   gts-aivanova7-lab
Job name:  j3_price
Partition: gpu-h200
QOS:       inferno
---------------------------------------
=== J3 memory price | micro=2 | grad_chunks=4 | window_backward=1 ===
NVIDIA H200, 143771 MiB

######## real limb: scratchpad + carried rows ########
=== geometry gate: 4096 tok x cc8 (512-tok chunks) | memory=True | optimizer=True ===
  device: NVIDIA H200, 139.80 GiB total
Random Initialization not implemented.
Random Initialization not implemented.
Random Initialization not implemented.
Random Initialization not implemented.
Random Initialization not implemented.
Random Initialization not implemented.
Random Initialization not implemented.
Random Initialization not implemented.
Random Initialization not implemented.
Random Initialization not implemented.
Random Initialization not implemented.
Random Initialization not implemented.
Random Initialization not implemented.
Random Initialization not implemented.
Random Initialization not implemented.
Loading checkpoint shards:   0%|          | 0/2 [00:00<?, ?it/s]Loading checkpoint shards:  50%|█████     | 1/2 [00:01<00:01,  1.67s/it]Loading checkpoint shards: 100%|██████████| 2/2 [00:01<00:00,  1.16it/s]
Some weights of RavenForCausalLM were not initialized from the model checkpoint at ckpts/olmo-retrofit-cortex and are newly initialized: ['cortex.latent_reader.gate', 'cortex.latent_reader.k_proj.weight', 'cortex.latent_reader.out_proj.weight', 'cortex.latent_reader.q_proj.weight', 'cortex.latent_reader.v_proj.weight', 'cortex.latent_scratch.forget_bias', 'cortex.latent_scratch.gate_proj_in.bias', 'cortex.latent_scratch.gate_proj_in.weight', 'cortex.latent_scratch.gate_proj_mem.bias', 'cortex.latent_scratch.gate_proj_mem.weight', 'cortex.latent_scratch.input_bias', 'cortex.prefix.forget_bias', 'cortex.prefix.forget_bias_z', 'cortex.prefix.gate_proj_in.bias', 'cortex.prefix.gate_proj_in.weight', 'cortex.prefix.gate_proj_in_z.bias', 'cortex.prefix.gate_proj_in_z.weight', 'cortex.prefix.gate_proj_mem.bias', 'cortex.prefix.gate_proj_mem.weight', 'cortex.prefix.gate_proj_mem_z.bias', 'cortex.prefix.gate_proj_mem_z.weight', 'cortex.prefix.input_bias', 'cortex.prefix.input_bias_z', 'cortex.prefix.summary_emb', 'cortex.prefix.summary_seeded']
You should probably TRAIN this model on a down-stream task to be able to use it for predictions and inference.
[W923 11:31:34.573087953 CUDAAllocatorConfig.h:28] Warning: expandable_segments not supported on this platform (function operator())
  loaded fp32 in 44.1s (1.43B params)
  recurrence: mean 8, backprop depth 8 (from the checkpoint config) -> worst-case num_steps [0 no-grad, 8 with-grad]
  buffer: GATED ring, W 16, K 64, route ring, norm tanh, init zero, fill grow, carry_grad_chunks 4 of 8, WINDOW BACKWARD (peak holds 4 chunks)
  max packed sequence: 512 + 64 carry rows = 576 (max_position_embeddings=4096)
  note: lap is 4 chunks; the gate fires from chunk 4 on, and the read block is PINNED at 64 columns from there. Against a no-trim accum on the same chain (128 columns) this is 50% of the read cost -- the pair is 'cheaper AND?', never 'equal cost AND?'.
  note: +33.6M buffer parameters, which the optimizer holds two moments for. That is the one axis on which the gated arm is the LARGER of the two, and the reason this gate is not a formality.
  optimizer: MuonWithAuxAdam, 3 groups (57m, 59a, 24a)
  warmup 1/1: loss nan  2.4s  peak 85.03 GiB
  measured: loss nan  1.7s  peak 92.12 GiB

-- result --
  peak allocated : 92.12 GiB
  peak reserved  : 92.42 GiB  (66% of 139.80 GiB, 47.38 GiB headroom)
  micro-step     : 1.7s  -> 0.1 min per optimizer step at batch_size 4 (upper bound: the optimizer step is counted once per micro-step)
  projection     : 0.2 days for 2,000 steps = 0.1 links of 48h

RESULT FITS max_length=4096 cross_chunks=8 chunk_len=512 memory=True optimizer=True peak_alloc_gib=92.12 peak_res_gib=92.42 step_s=1.7
[rank0]:[W923 11:31:39.195745378 ProcessGroupNCCL.cpp:1250] Warning: WARNING: process group has NOT been destroyed before we destruct ProcessGroupNCCL. On normal program exit, the application should call destroy_process_group to ensure that any pending NCCL operations have finished in this process. In rare cases this process can exit before this point and block the progress of another member of the process group. This constraint has always been present,  but this warning has only been added since PyTorch 2.4 (function operator())

######## noread limb: scratchpad, carry unread ########
=== geometry gate: 4096 tok x cc8 (512-tok chunks) | memory=True | optimizer=True ===
  device: NVIDIA H200, 139.80 GiB total
Random Initialization not implemented.
Random Initialization not implemented.
Random Initialization not implemented.
Random Initialization not implemented.
Random Initialization not implemented.
Random Initialization not implemented.
Random Initialization not implemented.
Random Initialization not implemented.
Random Initialization not implemented.
Random Initialization not implemented.
Random Initialization not implemented.
Random Initialization not implemented.
Random Initialization not implemented.
Random Initialization not implemented.
Random Initialization not implemented.
Loading checkpoint shards:   0%|          | 0/2 [00:00<?, ?it/s]Loading checkpoint shards: 100%|██████████| 2/2 [00:00<00:00, 74.80it/s]
Some weights of RavenForCausalLM were not initialized from the model checkpoint at ckpts/olmo-retrofit-cortex and are newly initialized: ['cortex.latent_reader.gate', 'cortex.latent_reader.k_proj.weight', 'cortex.latent_reader.out_proj.weight', 'cortex.latent_reader.q_proj.weight', 'cortex.latent_reader.v_proj.weight', 'cortex.latent_scratch.forget_bias', 'cortex.latent_scratch.gate_proj_in.bias', 'cortex.latent_scratch.gate_proj_in.weight', 'cortex.latent_scratch.gate_proj_mem.bias', 'cortex.latent_scratch.gate_proj_mem.weight', 'cortex.latent_scratch.input_bias', 'cortex.prefix.forget_bias', 'cortex.prefix.forget_bias_z', 'cortex.prefix.gate_proj_in.bias', 'cortex.prefix.gate_proj_in.weight', 'cortex.prefix.gate_proj_in_z.bias', 'cortex.prefix.gate_proj_in_z.weight', 'cortex.prefix.gate_proj_mem.bias', 'cortex.prefix.gate_proj_mem.weight', 'cortex.prefix.gate_proj_mem_z.bias', 'cortex.prefix.gate_proj_mem_z.weight', 'cortex.prefix.input_bias', 'cortex.prefix.input_bias_z', 'cortex.prefix.summary_emb', 'cortex.prefix.summary_seeded']
You should probably TRAIN this model on a down-stream task to be able to use it for predictions and inference.
[W923 11:31:51.984102905 CUDAAllocatorConfig.h:28] Warning: expandable_segments not supported on this platform (function operator())
  loaded fp32 in 8.6s (1.43B params)
  recurrence: mean 8, backprop depth 8 (from the checkpoint config) -> worst-case num_steps [0 no-grad, 8 with-grad]
  buffer: GATED ring, W 16, K 64, route ring, norm tanh, init zero, fill grow, carry_grad_chunks 4 of 8, WINDOW BACKWARD (peak holds 4 chunks)
  max packed sequence: 512 + 64 carry rows = 576 (max_position_embeddings=4096)
  note: lap is 4 chunks; the gate fires from chunk 4 on, and the read block is PINNED at 64 columns from there. Against a no-trim accum on the same chain (128 columns) this is 50% of the read cost -- the pair is 'cheaper AND?', never 'equal cost AND?'.
  note: +33.6M buffer parameters, which the optimizer holds two moments for. That is the one axis on which the gated arm is the LARGER of the two, and the reason this gate is not a formality.
  optimizer: MuonWithAuxAdam, 3 groups (57m, 59a, 24a)
  warmup 1/1: loss nan  2.3s  peak 84.11 GiB
  measured: loss nan  1.7s  peak 91.20 GiB

-- result --
  peak allocated : 91.20 GiB
  peak reserved  : 91.69 GiB  (66% of 139.80 GiB, 48.12 GiB headroom)
  micro-step     : 1.7s  -> 0.1 min per optimizer step at batch_size 4 (upper bound: the optimizer step is counted once per micro-step)
  projection     : 0.2 days for 2,000 steps = 0.1 links of 48h

RESULT FITS max_length=4096 cross_chunks=8 chunk_len=512 memory=True optimizer=True peak_alloc_gib=91.20 peak_res_gib=91.69 step_s=1.7
[rank0]:[W923 11:31:55.438050664 ProcessGroupNCCL.cpp:1250] Warning: WARNING: process group has NOT been destroyed before we destruct ProcessGroupNCCL. On normal program exit, the application should call destroy_process_group to ensure that any pending NCCL operations have finished in this process. In rare cases this process can exit before this point and block the progress of another member of the process group. This constraint has always been present,  but this warning has only been added since PyTorch 2.4 (function operator())

   limb micro status    alloc  reserved  %dev  s/step
   real     2   FITS    92.12     92.42    66     1.7
 noread     2   FITS    91.20     91.69    66     1.6

J1 reference (job 13459697): real 88.48 alloc / 88.89 reserved GiB, 1.62 s/micro.
J3: the real/donor limb FITS at this micro-batch -- all three limbs can launch.
    Record the numbers in pace/j3_joint.sbatch's DECISIONS block.
---------------------------------------
Begin Slurm Epilog: Sep-23-2026 11:31:57
Job ID:        13483998
User ID:       hjiang420
Account:       gts-aivanova7-lab
Job name:      j3_price
Resources:     cpu=8,gres/gpu:h200=1,mem=128G,node=1
Rsrc Used:     cput=00:10:56,vmem=0,walltime=00:01:22,mem=4115088K,energy_used=0
Partition:     gpu-h200
QOS:           inferno
Nodes:         atl1-1-02-012-9-0
---------------------------------------
