---------------------------------------
Begin Slurm Prolog: Sep-16-2026 22:41:34
Job ID:    13272608
User ID:   hjiang420
Account:   gts-aivanova7-lab
Job name:  p1_arms.sbatch
Partition: gpu-h200
QOS:       inferno
---------------------------------------

CondaError: Run 'conda init' before 'conda deactivate'

MASTER_PORT=58773
[preflight] summary_emb [16, 2048] OK; sliced 32 -> 16 on 2026-09-16T16:56:20 (eff. rank 10.90 of 20.02)
Branching probe-p1-a3z-gated-w16k64-cc8-z from cortex-retrofit/retro-b2-heal/checkpoint_91552_w16
=== P1 probe-p1-a3z-gated-w16k64-cc8-z | arm=a3z | prefix=gated | data=data/pg19_fw50_olmo_len4096 ===
    geometry: cross_chunks=8 (512-tok chunks)  W=16 carry_grad_chunks=4
    Z channel ON: carry widens to 2D, rows and read cost UNCHANGED.
      depth rule=absolute band=2..9 renorm=none
      the rule is P0.7's question (pace/diag_depth_band.sbatch).
      mr=8 with mean_backprop_depth 8: the trainable region
      is the LAST 8 loop steps, so at mr8 the whole write band trains.
    gate: K=64 route=ring norm=tanh init=zero fill=grow; lap=4 chunks, gate fires from chunk 4
    read block 64 cols vs A1's 128 — the pair is 'cheaper AND?',
    never 'equal cost AND?'.  See the header.
    steps: parent 91552 -> stop 91952 (400 steps, 6553600 tokens); schedule horizon 305176
NVIDIA H200, 143771 MiB
[W916 22:41:59.969962326 CUDAAllocatorConfig.h:28] Warning: expandable_segments not supported on this platform (function operator())
Wed Sep 16 22:41:56: Time to load libraries: 8.53 seconds.
--------------------------------------------------------------------
------------------ Launching run probe-p1-a3z-gated-w16k64-cc8-z------------------
--------------------------------------------------------------------
--------------------------------------------------------------------
Platform: linux, Python: 3.11.15, PyTorch: 2.5.1+cu121
CPU threads: 8, GPUs: 1 on atl1-1-03-018-14-0.pace.gatech.edu.
GPU : NVIDIA H200. CUDA: 12.1.
[cortex] memory ON: K=0 K_iter=0 ccot_direct=False accum_ccot=False (vecs=16/max=128) gated_accum=False prefix_memory=gated gate(K=64,route=ring,norm=tanh,init=zero,fill=grow) latent(Z on, rule=absolute,band=2..9,renorm=none) prefix_pos=tail prefix_eos_reset=False cross_chunks=8 carry_grad_chunks=4 random_segments=False lora_rank=0
[cortex] Z channel ON.  latent_depth_rule='absolute' is P0.7's question (evals/diag_depth_band.py): P0.1 measured the band at a SINGLE T and cannot say whether 'informative' tracks the absolute step or the fraction of the loop.  If P0.7 has not reported, this run is asserting an answer it does not have -- record which, in this run's sbatch header.
Random Initialization not implemented.
Random Initialization not implemented.
Random Initialization not implemented.
Random Initialization not implemented.
Random Initialization not implemented.
Random Initialization not implemented.
Random Initialization not implemented.
Loading checkpoint shards:   0%|          | 0/2 [00:00<?, ?it/s]Loading checkpoint shards:  50%|█████     | 1/2 [00:02<00:02,  2.22s/it]Loading checkpoint shards: 100%|██████████| 2/2 [00:02<00:00,  1.16s/it]Loading checkpoint shards: 100%|██████████| 2/2 [00:02<00:00,  1.32s/it]
Some weights of RavenForCausalLM were not initialized from the model checkpoint at ckpts/olmo-retrofit-cortex and are newly initialized: ['cortex.prefix.forget_bias', 'cortex.prefix.forget_bias_z', 'cortex.prefix.gate_proj_in.bias', 'cortex.prefix.gate_proj_in.weight', 'cortex.prefix.gate_proj_in_z.bias', 'cortex.prefix.gate_proj_in_z.weight', 'cortex.prefix.gate_proj_mem.bias', 'cortex.prefix.gate_proj_mem.weight', 'cortex.prefix.gate_proj_mem_z.bias', 'cortex.prefix.gate_proj_mem_z.weight', 'cortex.prefix.input_bias', 'cortex.prefix.input_bias_z', 'cortex.prefix.summary_emb', 'cortex.prefix.summary_seeded']
You should probably TRAIN this model on a down-stream task to be able to use it for predictions and inference.
wandb: [wandb.login()] Loaded credentials for https://api.wandb.ai from /storage/home/hcoda1/3/hjiang420/.netrc.
wandb: Currently logged in as: henryyjiang42 (henryyjiang42-georgia-institute-of-technology) to https://api.wandb.ai. Use `wandb login --relogin` to force relogin
wandb: Tracking run with wandb version 0.28.0
wandb: Run data is saved locally in cortex-retrofit/wandb/run-20260916_224203-1xqtiqu9
wandb: Run `wandb offline` to turn off syncing.
wandb: Syncing run probe-p1-a3z-gated-w16k64-cc8-z
wandb: ⭐️ View project at https://wandb.ai/henryyjiang42-georgia-institute-of-technology/cortex-retrofit
wandb: 🚀 View run at https://wandb.ai/henryyjiang42-georgia-institute-of-technology/cortex-retrofit/runs/1xqtiqu9
/storage/home/hcoda1/3/hjiang420/cortex-finetune/train.py:738: FutureWarning: You are using `torch.load` with `weights_only=False` (the current default value), which uses the default pickle module implicitly. It is possible to construct malicious pickle data which will execute arbitrary code during unpickling (See https://github.com/pytorch/pytorch/blob/main/SECURITY.md#untrusted-models for more details). In a future release, the default value for `weights_only` will be flipped to `True`. This limits the functions that could be executed during unpickling. Arbitrary objects will no longer be allowed to be loaded via this mode unless they are explicitly allowlisted by the user via `torch.serialization.add_safe_globals`. We recommend you start setting `weights_only=True` for any use case where you don't have full control of the loaded file. Please open an issue on GitHub for any issues related to this experimental feature.
  ckpt = torch.load(f"{path}/chkpt.pt", map_location=device)
[cortex] reset 4 cortex submodules to nn defaults + re-applied designed inits ['prefix.[summary_emb~N(reseeded from wte on first forward),forget_bias=1,input_bias=0,gate_init=zero,forget_bias_z=1,input_bias_z=0,gate_init_z=zero]'] (undo post_init clobber)
[branch] summary_emb was SLICED 32 -> 16 rows (first W_new rows (tail layout: slot j attends slots < j)), 2026-09-16T16:56:20, from cortex-retrofit/retro-b2-heal/checkpoint_91552
[branch]   effective rank 10.90 of the parent's 20.02; kept-row centred cos -0.0652
[branch] loaded weights from cortex-retrofit/retro-b2-heal/checkpoint_91552_w16; 12 new memory params start fresh: ['cortex.prefix.forget_bias', 'cortex.prefix.input_bias', 'cortex.prefix.forget_bias_z', 'cortex.prefix.input_bias_z', 'cortex.prefix.gate_proj_in.weight', 'cortex.prefix.gate_proj_in.bias', 'cortex.prefix.gate_proj_mem.weight', 'cortex.prefix.gate_proj_mem.bias', 'cortex.prefix.gate_proj_in_z.weight', 'cortex.prefix.gate_proj_in_z.bias', 'cortex.prefix.gate_proj_mem_z.weight', 'cortex.prefix.gate_proj_mem_z.bias']
[branch] optimizer state NOT restored (param set changed); LR schedule, recurrence ramp and step counter continue
Branched from cortex-retrofit/retro-b2-heal/checkpoint_91552_w16
GPU: cuda:0 | Step:    4 | Updates: 91553 | Time/step: 1.3193 | Tok/sec=  3104.76 | Loss: 2.7842 / log-ppl: 16.1870 | Grad-Norm 2.5778 | ClipCoef 0.3879 | Peak-Mem 108.54GiB
[timeout-save] walltime deadline resolved: 172760s from now
GPU: cuda:0 | Step:    8 | Updates: 91554 | Time/step: 1.1289 | Tok/sec=  3628.23 | Loss: 2.8887 / log-ppl: 17.9693 | Grad-Norm 2.6218 | ClipCoef 0.3814 | Peak-Mem 115.38GiB
GPU: cuda:0 | Step:   12 | Updates: 91555 | Time/step: 0.7756 | Tok/sec=  5281.29 | Loss: 3.6969 / log-ppl: 40.3207 | Grad-Norm 2.9421 | ClipCoef 0.3399 | Peak-Mem 115.38GiB
GPU: cuda:0 | Step:   16 | Updates: 91556 | Time/step: 0.9868 | Tok/sec=  4150.90 | Loss: 3.3460 / log-ppl: 28.3901 | Grad-Norm 68.9349 | ClipCoef 0.0145 | Peak-Mem 115.38GiB
GPU: cuda:0 | Step:   20 | Updates: 91557 | Time/step: 0.8415 | Tok/sec=  4867.33 | Loss: 3.7998 / log-ppl: 44.6906 | Grad-Norm 11.9815 | ClipCoef 0.0835 | Peak-Mem 115.38GiB
GPU: cuda:0 | Step:   24 | Updates: 91558 | Time/step: 0.9056 | Tok/sec=  4523.07 | Loss: 2.4981 / log-ppl: 12.1594 | Grad-Norm 2.1013 | ClipCoef 0.4759 | Peak-Mem 115.38GiB
GPU: cuda:0 | Step:   28 | Updates: 91559 | Time/step: 0.9356 | Tok/sec=  4378.15 | Loss: 2.2001 / log-ppl: 9.0260 | Grad-Norm 1.6337 | ClipCoef 0.6121 | Peak-Mem 115.38GiB
GPU: cuda:0 | Step:   32 | Updates: 91560 | Time/step: 0.9493 | Tok/sec=  4314.68 | Loss: 2.8216 / log-ppl: 16.8038 | Grad-Norm 1.9734 | ClipCoef 0.5067 | Peak-Mem 110.20GiB
GPU: cuda:0 | Step:   36 | Updates: 91561 | Time/step: 0.9396 | Tok/sec=  4359.09 | Loss: 2.7324 / log-ppl: 15.3691 | Grad-Norm 2.0527 | ClipCoef 0.4872 | Peak-Mem 115.38GiB
GPU: cuda:0 | Step:   40 | Updates: 91562 | Time/step: 0.8913 | Tok/sec=  4595.79 | Loss: 4.0196 / log-ppl: 55.6814 | Grad-Norm 1.7651 | ClipCoef 0.5665 | Peak-Mem 110.20GiB
GPU: cuda:0 | Step:   44 | Updates: 91563 | Time/step: 0.9064 | Tok/sec=  4519.08 | Loss: 3.6324 / log-ppl: 37.8046 | Grad-Norm 1.8293 | ClipCoef 0.5467 | Peak-Mem 115.38GiB
GPU: cuda:0 | Step:   48 | Updates: 91564 | Time/step: 0.7638 | Tok/sec=  5363.00 | Loss: 3.3798 / log-ppl: 29.3655 | Grad-Norm 1.7730 | ClipCoef 0.5640 | Peak-Mem 115.38GiB
GPU: cuda:0 | Step:   52 | Updates: 91565 | Time/step: 0.9324 | Tok/sec=  4392.77 | Loss: 3.8320 / log-ppl: 46.1560 | Grad-Norm 1.9063 | ClipCoef 0.5246 | Peak-Mem 115.39GiB
GPU: cuda:0 | Step:   56 | Updates: 91566 | Time/step: 0.8663 | Tok/sec=  4728.36 | Loss: 2.6592 / log-ppl: 14.2853 | Grad-Norm 1.7340 | ClipCoef 0.5767 | Peak-Mem 115.38GiB
GPU: cuda:0 | Step:   60 | Updates: 91567 | Time/step: 1.0620 | Tok/sec=  3856.79 | Loss: 3.1893 / log-ppl: 24.2719 | Grad-Norm 1.9979 | ClipCoef 0.5005 | Peak-Mem 115.38GiB
GPU: cuda:0 | Step:   64 | Updates: 91568 | Time/step: 0.8277 | Tok/sec=  4948.60 | Loss: 3.6267 / log-ppl: 37.5890 | Grad-Norm 3.1088 | ClipCoef 0.3217 | Peak-Mem 115.38GiB
GPU: cuda:0 | Step:   68 | Updates: 91569 | Time/step: 1.2500 | Tok/sec=  3276.91 | Loss: 3.7704 / log-ppl: 43.3979 | Grad-Norm 1.8013 | ClipCoef 0.5552 | Peak-Mem 115.38GiB
GPU: cuda:0 | Step:   72 | Updates: 91570 | Time/step: 1.2582 | Tok/sec=  3255.34 | Loss: 2.7196 / log-ppl: 15.1745 | Grad-Norm 1.5445 | ClipCoef 0.6475 | Peak-Mem 115.39GiB
GPU: cuda:0 | Step:   76 | Updates: 91571 | Time/step: 0.8938 | Tok/sec=  4582.69 | Loss: 3.4050 / log-ppl: 30.1137 | Grad-Norm 1.7630 | ClipCoef 0.5672 | Peak-Mem 115.38GiB
GPU: cuda:0 | Step:   80 | Updates: 91572 | Time/step: 0.9030 | Tok/sec=  4535.98 | Loss: 3.3754 / log-ppl: 29.2367 | Grad-Norm 1.7215 | ClipCoef 0.5809 | Peak-Mem 115.38GiB
GPU: cuda:0 | Step:   84 | Updates: 91573 | Time/step: 0.8417 | Tok/sec=  4866.11 | Loss: 4.1255 / log-ppl: 61.9015 | Grad-Norm 2.7513 | ClipCoef 0.3635 | Peak-Mem 115.38GiB
GPU: cuda:0 | Step:   88 | Updates: 91574 | Time/step: 0.8551 | Tok/sec=  4789.86 | Loss: 2.7810 / log-ppl: 16.1343 | Grad-Norm 1.5247 | ClipCoef 0.6559 | Peak-Mem 115.38GiB
GPU: cuda:0 | Step:   92 | Updates: 91575 | Time/step: 0.9653 | Tok/sec=  4243.46 | Loss: 3.2064 / log-ppl: 24.6888 | Grad-Norm 1.8202 | ClipCoef 0.5494 | Peak-Mem 115.38GiB
GPU: cuda:0 | Step:   96 | Updates: 91576 | Time/step: 1.3330 | Tok/sec=  3072.75 | Loss: 3.1352 / log-ppl: 22.9925 | Grad-Norm 5.2048 | ClipCoef 0.1921 | Peak-Mem 115.38GiB
GPU: cuda:0 | Step:  100 | Updates: 91577 | Time/step: 0.9175 | Tok/sec=  4464.30 | Loss: 4.3416 / log-ppl: 76.8288 | Grad-Norm 2.1683 | ClipCoef 0.4612 | Peak-Mem 110.20GiB
GPU: cuda:0 | Step:  104 | Updates: 91578 | Time/step: 1.1159 | Tok/sec=  3670.71 | Loss: 3.6154 / log-ppl: 37.1677 | Grad-Norm 1.8432 | ClipCoef 0.5425 | Peak-Mem 115.39GiB
GPU: cuda:0 | Step:  108 | Updates: 91579 | Time/step: 0.9780 | Tok/sec=  4188.24 | Loss: 3.2205 / log-ppl: 25.0401 | Grad-Norm 4.2573 | ClipCoef 0.2349 | Peak-Mem 115.38GiB
GPU: cuda:0 | Step:  112 | Updates: 91580 | Time/step: 0.9510 | Tok/sec=  4307.02 | Loss: 3.9447 / log-ppl: 51.6630 | Grad-Norm 2.0995 | ClipCoef 0.4763 | Peak-Mem 115.38GiB
GPU: cuda:0 | Step:  116 | Updates: 91581 | Time/step: 1.2186 | Tok/sec=  3361.26 | Loss: 3.9177 / log-ppl: 50.2839 | Grad-Norm 1.8772 | ClipCoef 0.5327 | Peak-Mem 115.38GiB
GPU: cuda:0 | Step:  120 | Updates: 91582 | Time/step: 1.0976 | Tok/sec=  3731.74 | Loss: 2.2812 / log-ppl: 9.7888 | Grad-Norm 1.5258 | ClipCoef 0.6554 | Peak-Mem 115.39GiB
GPU: cuda:0 | Step:  124 | Updates: 91583 | Time/step: 0.7963 | Tok/sec=  5143.70 | Loss: 2.7394 / log-ppl: 15.4772 | Grad-Norm 1.8400 | ClipCoef 0.5435 | Peak-Mem 115.38GiB
GPU: cuda:0 | Step:  128 | Updates: 91584 | Time/step: 1.1321 | Tok/sec=  3618.03 | Loss: 2.7154 / log-ppl: 15.1107 | Grad-Norm 1.7764 | ClipCoef 0.5629 | Peak-Mem 115.38GiB
GPU: cuda:0 | Step:  132 | Updates: 91585 | Time/step: 1.1371 | Tok/sec=  3602.29 | Loss: 3.4313 / log-ppl: 30.9171 | Grad-Norm 2.0726 | ClipCoef 0.4825 | Peak-Mem 115.38GiB
GPU: cuda:0 | Step:  136 | Updates: 91586 | Time/step: 1.0284 | Tok/sec=  3983.03 | Loss: 2.8446 / log-ppl: 17.1942 | Grad-Norm 1.4724 | ClipCoef 0.6791 | Peak-Mem 115.38GiB
GPU: cuda:0 | Step:  140 | Updates: 91587 | Time/step: 1.0732 | Tok/sec=  3816.47 | Loss: 3.2928 / log-ppl: 26.9185 | Grad-Norm 1.9594 | ClipCoef 0.5104 | Peak-Mem 115.38GiB
GPU: cuda:0 | Step:  144 | Updates: 91588 | Time/step: 0.9246 | Tok/sec=  4429.96 | Loss: 2.9720 / log-ppl: 19.5312 | Grad-Norm 1.5190 | ClipCoef 0.6583 | Peak-Mem 115.38GiB
GPU: cuda:0 | Step:  148 | Updates: 91589 | Time/step: 1.0450 | Tok/sec=  3919.43 | Loss: 3.9396 / log-ppl: 51.3958 | Grad-Norm 2.1894 | ClipCoef 0.4567 | Peak-Mem 115.38GiB
GPU: cuda:0 | Step:  152 | Updates: 91590 | Time/step: 1.0730 | Tok/sec=  3817.43 | Loss: 3.4849 / log-ppl: 32.6191 | Grad-Norm 1.7135 | ClipCoef 0.5836 | Peak-Mem 115.38GiB
GPU: cuda:0 | Step:  156 | Updates: 91591 | Time/step: 1.0308 | Tok/sec=  3973.46 | Loss: 3.3647 / log-ppl: 28.9243 | Grad-Norm 1.5858 | ClipCoef 0.6306 | Peak-Mem 115.38GiB
GPU: cuda:0 | Step:  160 | Updates: 91592 | Time/step: 0.6830 | Tok/sec=  5996.76 | Loss: 3.4833 / log-ppl: 32.5667 | Grad-Norm 1.9765 | ClipCoef 0.5059 | Peak-Mem 85.59GiB
GPU: cuda:0 | Step:  164 | Updates: 91593 | Time/step: 1.1997 | Tok/sec=  3414.17 | Loss: 2.5975 / log-ppl: 13.4303 | Grad-Norm 2.0938 | ClipCoef 0.4776 | Peak-Mem 115.38GiB
GPU: cuda:0 | Step:  168 | Updates: 91594 | Time/step: 1.3060 | Tok/sec=  3136.36 | Loss: 2.8476 / log-ppl: 17.2461 | Grad-Norm 1.5496 | ClipCoef 0.6453 | Peak-Mem 115.39GiB
GPU: cuda:0 | Step:  172 | Updates: 91595 | Time/step: 0.7966 | Tok/sec=  5142.04 | Loss: 2.8731 / log-ppl: 17.6923 | Grad-Norm 2.5489 | ClipCoef 0.3923 | Peak-Mem 115.38GiB
GPU: cuda:0 | Step:  176 | Updates: 91596 | Time/step: 0.7244 | Tok/sec=  5654.23 | Loss: 3.7723 / log-ppl: 43.4802 | Grad-Norm 2.3758 | ClipCoef 0.4209 | Peak-Mem 110.20GiB
GPU: cuda:0 | Step:  180 | Updates: 91597 | Time/step: 1.0600 | Tok/sec=  3864.20 | Loss: 2.9688 / log-ppl: 19.4676 | Grad-Norm 1.7738 | ClipCoef 0.5638 | Peak-Mem 115.38GiB
GPU: cuda:0 | Step:  184 | Updates: 91598 | Time/step: 1.1526 | Tok/sec=  3553.59 | Loss: 2.9850 / log-ppl: 19.7859 | Grad-Norm 1.6793 | ClipCoef 0.5955 | Peak-Mem 115.38GiB
GPU: cuda:0 | Step:  188 | Updates: 91599 | Time/step: 0.9782 | Tok/sec=  4187.35 | Loss: 2.6347 / log-ppl: 13.9397 | Grad-Norm 2.3092 | ClipCoef 0.4331 | Peak-Mem 115.38GiB
GPU: cuda:0 | Step:  192 | Updates: 91600 | Time/step: 0.7945 | Tok/sec=  5155.57 | Loss: 2.9727 / log-ppl: 19.5442 | Grad-Norm 1.7170 | ClipCoef 0.5824 | Peak-Mem 115.38GiB
GPU: cuda:0 | Step:  196 | Updates: 91601 | Time/step: 1.0373 | Tok/sec=  3948.70 | Loss: 3.0028 / log-ppl: 20.1423 | Grad-Norm 1.7172 | ClipCoef 0.5823 | Peak-Mem 115.38GiB
GPU: cuda:0 | Step:  200 | Updates: 91602 | Time/step: 1.0419 | Tok/sec=  3931.10 | Loss: 2.5073 / log-ppl: 12.2714 | Grad-Norm 1.8841 | ClipCoef 0.5308 | Peak-Mem 113.75GiB
GPU: cuda:0 | Step:  204 | Updates: 91603 | Time/step: 1.0225 | Tok/sec=  4005.85 | Loss: 3.5285 / log-ppl: 34.0742 | Grad-Norm 1.9481 | ClipCoef 0.5133 | Peak-Mem 115.38GiB
GPU: cuda:0 | Step:  208 | Updates: 91604 | Time/step: 0.8102 | Tok/sec=  5055.33 | Loss: 2.9477 / log-ppl: 19.0621 | Grad-Norm 1.7651 | ClipCoef 0.5666 | Peak-Mem 95.52GiB
GPU: cuda:0 | Step:  212 | Updates: 91605 | Time/step: 0.9438 | Tok/sec=  4340.08 | Loss: 3.0678 / log-ppl: 21.4936 | Grad-Norm 2.8892 | ClipCoef 0.3461 | Peak-Mem 115.38GiB
GPU: cuda:0 | Step:  216 | Updates: 91606 | Time/step: 1.0188 | Tok/sec=  4020.35 | Loss: 3.5275 / log-ppl: 34.0381 | Grad-Norm 2.7344 | ClipCoef 0.3657 | Peak-Mem 115.38GiB
GPU: cuda:0 | Step:  220 | Updates: 91607 | Time/step: 1.3437 | Tok/sec=  3048.20 | Loss: 2.7802 / log-ppl: 16.1229 | Grad-Norm 3.9389 | ClipCoef 0.2539 | Peak-Mem 115.39GiB
GPU: cuda:0 | Step:  224 | Updates: 91608 | Time/step: 0.9250 | Tok/sec=  4428.20 | Loss: 2.9603 / log-ppl: 19.3046 | Grad-Norm 1.7066 | ClipCoef 0.5860 | Peak-Mem 105.45GiB
GPU: cuda:0 | Step:  228 | Updates: 91609 | Time/step: 1.0311 | Tok/sec=  3972.55 | Loss: 2.5587 / log-ppl: 12.9185 | Grad-Norm 1.4411 | ClipCoef 0.6939 | Peak-Mem 115.38GiB
GPU: cuda:0 | Step:  232 | Updates: 91610 | Time/step: 0.9289 | Tok/sec=  4409.45 | Loss: 3.1987 / log-ppl: 24.5004 | Grad-Norm 2.3904 | ClipCoef 0.4183 | Peak-Mem 115.38GiB
GPU: cuda:0 | Step:  236 | Updates: 91611 | Time/step: 1.0953 | Tok/sec=  3739.74 | Loss: 2.6354 / log-ppl: 13.9487 | Grad-Norm 2.4588 | ClipCoef 0.4067 | Peak-Mem 115.39GiB
GPU: cuda:0 | Step:  240 | Updates: 91612 | Time/step: 1.6029 | Tok/sec=  2555.45 | Loss: 3.0770 / log-ppl: 21.6924 | Grad-Norm 5.2932 | ClipCoef 0.1889 | Peak-Mem 115.38GiB
GPU: cuda:0 | Step:  244 | Updates: 91613 | Time/step: 0.9918 | Tok/sec=  4129.99 | Loss: 2.8375 / log-ppl: 17.0726 | Grad-Norm 1.8051 | ClipCoef 0.5540 | Peak-Mem 115.38GiB
GPU: cuda:0 | Step:  248 | Updates: 91614 | Time/step: 0.8038 | Tok/sec=  5095.72 | Loss: 4.7571 / log-ppl: 116.4105 | Grad-Norm 1.7582 | ClipCoef 0.5688 | Peak-Mem 115.38GiB
GPU: cuda:0 | Step:  252 | Updates: 91615 | Time/step: 1.1717 | Tok/sec=  3495.66 | Loss: 2.6916 / log-ppl: 14.7548 | Grad-Norm 1.7136 | ClipCoef 0.5836 | Peak-Mem 115.38GiB
GPU: cuda:0 | Step:  256 | Updates: 91616 | Time/step: 0.9161 | Tok/sec=  4471.15 | Loss: 2.8083 / log-ppl: 16.5823 | Grad-Norm 1.9156 | ClipCoef 0.5220 | Peak-Mem 115.38GiB
GPU: cuda:0 | Step:  260 | Updates: 91617 | Time/step: 0.8611 | Tok/sec=  4756.94 | Loss: 2.2633 / log-ppl: 9.6149 | Grad-Norm 1.8637 | ClipCoef 0.5366 | Peak-Mem 115.38GiB
GPU: cuda:0 | Step:  264 | Updates: 91618 | Time/step: 0.8529 | Tok/sec=  4802.18 | Loss: 2.3326 / log-ppl: 10.3044 | Grad-Norm 2.2325 | ClipCoef 0.4479 | Peak-Mem 115.38GiB
GPU: cuda:0 | Step:  268 | Updates: 91619 | Time/step: 1.2064 | Tok/sec=  3395.29 | Loss: 3.0582 / log-ppl: 21.2883 | Grad-Norm 2.0606 | ClipCoef 0.4853 | Peak-Mem 115.38GiB
GPU: cuda:0 | Step:  272 | Updates: 91620 | Time/step: 1.1194 | Tok/sec=  3659.02 | Loss: 3.0739 / log-ppl: 21.6259 | Grad-Norm 1.7045 | ClipCoef 0.5867 | Peak-Mem 115.38GiB
GPU: cuda:0 | Step:  276 | Updates: 91621 | Time/step: 1.2635 | Tok/sec=  3241.80 | Loss: 4.4705 / log-ppl: 87.4002 | Grad-Norm 2.6046 | ClipCoef 0.3839 | Peak-Mem 115.39GiB
GPU: cuda:0 | Step:  280 | Updates: 91622 | Time/step: 0.9909 | Tok/sec=  4133.77 | Loss: 3.9780 / log-ppl: 53.4124 | Grad-Norm 3.8543 | ClipCoef 0.2594 | Peak-Mem 115.38GiB
GPU: cuda:0 | Step:  284 | Updates: 91623 | Time/step: 1.0792 | Tok/sec=  3795.56 | Loss: 3.5203 / log-ppl: 33.7930 | Grad-Norm 1.6068 | ClipCoef 0.6224 | Peak-Mem 115.38GiB
GPU: cuda:0 | Step:  288 | Updates: 91624 | Time/step: 0.9697 | Tok/sec=  4223.92 | Loss: 3.0062 / log-ppl: 20.2111 | Grad-Norm 1.9750 | ClipCoef 0.5063 | Peak-Mem 115.38GiB
GPU: cuda:0 | Step:  292 | Updates: 91625 | Time/step: 0.9588 | Tok/sec=  4272.20 | Loss: 2.8786 / log-ppl: 17.7901 | Grad-Norm 1.5050 | ClipCoef 0.6644 | Peak-Mem 115.38GiB
GPU: cuda:0 | Step:  296 | Updates: 91626 | Time/step: 1.1158 | Tok/sec=  3670.78 | Loss: 3.0646 / log-ppl: 21.4261 | Grad-Norm 1.8662 | ClipCoef 0.5359 | Peak-Mem 115.38GiB
GPU: cuda:0 | Step:  300 | Updates: 91627 | Time/step: 0.9495 | Tok/sec=  4313.95 | Loss: 2.5834 / log-ppl: 13.2424 | Grad-Norm 1.8894 | ClipCoef 0.5293 | Peak-Mem 115.38GiB
GPU: cuda:0 | Step:  304 | Updates: 91628 | Time/step: 0.9121 | Tok/sec=  4490.85 | Loss: 2.8685 / log-ppl: 17.6112 | Grad-Norm 1.6379 | ClipCoef 0.6105 | Peak-Mem 115.38GiB
GPU: cuda:0 | Step:  308 | Updates: 91629 | Time/step: 1.1787 | Tok/sec=  3474.97 | Loss: 3.4167 / log-ppl: 30.4687 | Grad-Norm 2.3108 | ClipCoef 0.4327 | Peak-Mem 115.38GiB
GPU: cuda:0 | Step:  312 | Updates: 91630 | Time/step: 0.9857 | Tok/sec=  4155.29 | Loss: 2.8204 / log-ppl: 16.7838 | Grad-Norm 2.4156 | ClipCoef 0.4140 | Peak-Mem 115.38GiB
GPU: cuda:0 | Step:  316 | Updates: 91631 | Time/step: 1.0840 | Tok/sec=  3778.48 | Loss: 2.2014 / log-ppl: 9.0380 | Grad-Norm 1.9321 | ClipCoef 0.5176 | Peak-Mem 115.38GiB
GPU: cuda:0 | Step:  320 | Updates: 91632 | Time/step: 1.2073 | Tok/sec=  3392.64 | Loss: 3.4015 / log-ppl: 30.0104 | Grad-Norm 1.6944 | ClipCoef 0.5902 | Peak-Mem 115.38GiB
GPU: cuda:0 | Step:  324 | Updates: 91633 | Time/step: 1.0709 | Tok/sec=  3824.67 | Loss: 4.2021 / log-ppl: 66.8251 | Grad-Norm 2.0884 | ClipCoef 0.4788 | Peak-Mem 115.38GiB
GPU: cuda:0 | Step:  328 | Updates: 91634 | Time/step: 0.8964 | Tok/sec=  4569.25 | Loss: 2.9766 / log-ppl: 19.6207 | Grad-Norm 1.8012 | ClipCoef 0.5552 | Peak-Mem 115.38GiB
GPU: cuda:0 | Step:  332 | Updates: 91635 | Time/step: 1.2143 | Tok/sec=  3373.01 | Loss: 2.8801 / log-ppl: 17.8153 | Grad-Norm 1.5871 | ClipCoef 0.6301 | Peak-Mem 115.38GiB
GPU: cuda:0 | Step:  336 | Updates: 91636 | Time/step: 1.0236 | Tok/sec=  4001.66 | Loss: 2.9713 / log-ppl: 19.5179 | Grad-Norm 2.0720 | ClipCoef 0.4826 | Peak-Mem 115.38GiB
GPU: cuda:0 | Step:  340 | Updates: 91637 | Time/step: 1.0291 | Tok/sec=  3980.14 | Loss: 2.8848 / log-ppl: 17.8999 | Grad-Norm 2.0301 | ClipCoef 0.4926 | Peak-Mem 115.38GiB
GPU: cuda:0 | Step:  344 | Updates: 91638 | Time/step: 1.1376 | Tok/sec=  3600.46 | Loss: 2.3945 / log-ppl: 10.9622 | Grad-Norm 1.6731 | ClipCoef 0.5977 | Peak-Mem 115.38GiB
GPU: cuda:0 | Step:  348 | Updates: 91639 | Time/step: 1.1382 | Tok/sec=  3598.53 | Loss: 3.1792 / log-ppl: 24.0280 | Grad-Norm 1.4751 | ClipCoef 0.6779 | Peak-Mem 115.38GiB
GPU: cuda:0 | Step:  352 | Updates: 91640 | Time/step: 1.0573 | Tok/sec=  3874.12 | Loss: 3.5045 / log-ppl: 33.2633 | Grad-Norm 1.7405 | ClipCoef 0.5746 | Peak-Mem 115.39GiB
GPU: cuda:0 | Step:  356 | Updates: 91641 | Time/step: 1.0397 | Tok/sec=  3939.78 | Loss: 3.6681 / log-ppl: 39.1771 | Grad-Norm 1.5657 | ClipCoef 0.6387 | Peak-Mem 115.38GiB
GPU: cuda:0 | Step:  360 | Updates: 91642 | Time/step: 0.9358 | Tok/sec=  4376.92 | Loss: 3.6387 / log-ppl: 38.0415 | Grad-Norm 2.2624 | ClipCoef 0.4420 | Peak-Mem 115.38GiB
GPU: cuda:0 | Step:  364 | Updates: 91643 | Time/step: 0.6839 | Tok/sec=  5989.41 | Loss: 2.9467 / log-ppl: 19.0436 | Grad-Norm 1.4953 | ClipCoef 0.6688 | Peak-Mem 95.52GiB
GPU: cuda:0 | Step:  368 | Updates: 91644 | Time/step: 0.8968 | Tok/sec=  4567.46 | Loss: 3.0326 / log-ppl: 20.7520 | Grad-Norm 1.4475 | ClipCoef 0.6908 | Peak-Mem 115.38GiB
GPU: cuda:0 | Step:  372 | Updates: 91645 | Time/step: 0.9436 | Tok/sec=  4340.79 | Loss: 3.4075 / log-ppl: 30.1898 | Grad-Norm 1.7757 | ClipCoef 0.5631 | Peak-Mem 115.38GiB
GPU: cuda:0 | Step:  376 | Updates: 91646 | Time/step: 1.0451 | Tok/sec=  3919.15 | Loss: 2.5491 / log-ppl: 12.7955 | Grad-Norm 1.6848 | ClipCoef 0.5935 | Peak-Mem 115.39GiB
GPU: cuda:0 | Step:  380 | Updates: 91647 | Time/step: 0.8967 | Tok/sec=  4567.91 | Loss: 2.4874 / log-ppl: 12.0296 | Grad-Norm 2.8821 | ClipCoef 0.3470 | Peak-Mem 115.38GiB
GPU: cuda:0 | Step:  384 | Updates: 91648 | Time/step: 0.8500 | Tok/sec=  4818.88 | Loss: 3.2106 / log-ppl: 24.7951 | Grad-Norm 1.5872 | ClipCoef 0.6300 | Peak-Mem 110.20GiB
GPU: cuda:0 | Step:  388 | Updates: 91649 | Time/step: 0.9649 | Tok/sec=  4244.78 | Loss: 3.0680 / log-ppl: 21.4981 | Grad-Norm 1.5761 | ClipCoef 0.6345 | Peak-Mem 115.38GiB
GPU: cuda:0 | Step:  392 | Updates: 91650 | Time/step: 1.0411 | Tok/sec=  3934.46 | Loss: 3.3011 / log-ppl: 27.1415 | Grad-Norm 1.7267 | ClipCoef 0.5791 | Peak-Mem 115.38GiB
GPU: cuda:0 | Step:  396 | Updates: 91651 | Time/step: 0.7378 | Tok/sec=  5551.69 | Loss: 2.9512 / log-ppl: 19.1289 | Grad-Norm 1.6408 | ClipCoef 0.6094 | Peak-Mem 105.45GiB
GPU: cuda:0 | Step:  400 | Updates: 91652 | Time/step: 0.7911 | Tok/sec=  5177.55 | Loss: 3.4342 / log-ppl: 31.0074 | Grad-Norm 1.5378 | ClipCoef 0.6503 | Peak-Mem 115.38GiB
GPU: cuda:0 | Step:  404 | Updates: 91653 | Time/step: 1.0240 | Tok/sec=  3999.81 | Loss: 2.4611 / log-ppl: 11.7173 | Grad-Norm 3.3314 | ClipCoef 0.3002 | Peak-Mem 115.38GiB
GPU: cuda:0 | Step:  408 | Updates: 91654 | Time/step: 0.9489 | Tok/sec=  4316.52 | Loss: 2.9670 / log-ppl: 19.4340 | Grad-Norm 2.5465 | ClipCoef 0.3927 | Peak-Mem 115.38GiB
GPU: cuda:0 | Step:  412 | Updates: 91655 | Time/step: 0.7755 | Tok/sec=  5281.95 | Loss: 2.8035 / log-ppl: 16.5025 | Grad-Norm 1.6062 | ClipCoef 0.6226 | Peak-Mem 115.39GiB
GPU: cuda:0 | Step:  416 | Updates: 91656 | Time/step: 1.0778 | Tok/sec=  3800.31 | Loss: 3.3558 / log-ppl: 28.6674 | Grad-Norm 1.6607 | ClipCoef 0.6022 | Peak-Mem 115.38GiB
GPU: cuda:0 | Step:  420 | Updates: 91657 | Time/step: 1.0534 | Tok/sec=  3888.30 | Loss: 2.9051 / log-ppl: 18.2667 | Grad-Norm 1.7554 | ClipCoef 0.5697 | Peak-Mem 115.39GiB
GPU: cuda:0 | Step:  424 | Updates: 91658 | Time/step: 0.7219 | Tok/sec=  5673.76 | Loss: 3.6771 / log-ppl: 39.5299 | Grad-Norm 1.7960 | ClipCoef 0.5568 | Peak-Mem 115.38GiB
GPU: cuda:0 | Step:  428 | Updates: 91659 | Time/step: 1.1545 | Tok/sec=  3547.99 | Loss: 2.7104 / log-ppl: 15.0358 | Grad-Norm 1.7569 | ClipCoef 0.5692 | Peak-Mem 115.38GiB
GPU: cuda:0 | Step:  432 | Updates: 91660 | Time/step: 1.0030 | Tok/sec=  4083.67 | Loss: 2.7106 / log-ppl: 15.0389 | Grad-Norm 2.9293 | ClipCoef 0.3414 | Peak-Mem 115.38GiB
GPU: cuda:0 | Step:  436 | Updates: 91661 | Time/step: 0.9565 | Tok/sec=  4282.24 | Loss: 3.4669 / log-ppl: 32.0381 | Grad-Norm 1.6188 | ClipCoef 0.6177 | Peak-Mem 115.38GiB
GPU: cuda:0 | Step:  440 | Updates: 91662 | Time/step: 0.9517 | Tok/sec=  4303.86 | Loss: 2.9921 / log-ppl: 19.9276 | Grad-Norm 1.7050 | ClipCoef 0.5865 | Peak-Mem 115.38GiB
GPU: cuda:0 | Step:  444 | Updates: 91663 | Time/step: 1.1766 | Tok/sec=  3481.10 | Loss: 3.0797 / log-ppl: 21.7527 | Grad-Norm 1.4238 | ClipCoef 0.7024 | Peak-Mem 115.38GiB
GPU: cuda:0 | Step:  448 | Updates: 91664 | Time/step: 1.0773 | Tok/sec=  3802.20 | Loss: 3.9624 / log-ppl: 52.5857 | Grad-Norm 1.7098 | ClipCoef 0.5849 | Peak-Mem 115.38GiB
GPU: cuda:0 | Step:  452 | Updates: 91665 | Time/step: 0.8165 | Tok/sec=  5016.26 | Loss: 2.8308 / log-ppl: 16.9595 | Grad-Norm 1.5993 | ClipCoef 0.6253 | Peak-Mem 115.38GiB
GPU: cuda:0 | Step:  456 | Updates: 91666 | Time/step: 0.6859 | Tok/sec=  5971.67 | Loss: 3.5555 / log-ppl: 35.0065 | Grad-Norm 3.0303 | ClipCoef 0.3300 | Peak-Mem 95.52GiB
GPU: cuda:0 | Step:  460 | Updates: 91667 | Time/step: 1.2290 | Tok/sec=  3332.72 | Loss: 3.1907 / log-ppl: 24.3063 | Grad-Norm 1.7253 | ClipCoef 0.5796 | Peak-Mem 115.38GiB
GPU: cuda:0 | Step:  464 | Updates: 91668 | Time/step: 0.8929 | Tok/sec=  4587.53 | Loss: 3.1387 / log-ppl: 23.0742 | Grad-Norm 1.5963 | ClipCoef 0.6265 | Peak-Mem 115.38GiB
GPU: cuda:0 | Step:  468 | Updates: 91669 | Time/step: 1.1809 | Tok/sec=  3468.66 | Loss: 3.2473 / log-ppl: 25.7206 | Grad-Norm 2.8341 | ClipCoef 0.3529 | Peak-Mem 115.38GiB
GPU: cuda:0 | Step:  472 | Updates: 91670 | Time/step: 0.9531 | Tok/sec=  4297.37 | Loss: 3.0731 / log-ppl: 21.6097 | Grad-Norm 1.9388 | ClipCoef 0.5158 | Peak-Mem 115.38GiB
GPU: cuda:0 | Step:  476 | Updates: 91671 | Time/step: 0.9934 | Tok/sec=  4123.10 | Loss: 3.0060 / log-ppl: 20.2074 | Grad-Norm 1.3631 | ClipCoef 0.7336 | Peak-Mem 115.38GiB
GPU: cuda:0 | Step:  480 | Updates: 91672 | Time/step: 1.1373 | Tok/sec=  3601.67 | Loss: 3.0103 / log-ppl: 20.2938 | Grad-Norm 1.7682 | ClipCoef 0.5655 | Peak-Mem 115.38GiB
GPU: cuda:0 | Step:  484 | Updates: 91673 | Time/step: 1.3191 | Tok/sec=  3105.18 | Loss: 2.7530 / log-ppl: 15.6902 | Grad-Norm 2.1857 | ClipCoef 0.4575 | Peak-Mem 115.38GiB
GPU: cuda:0 | Step:  488 | Updates: 91674 | Time/step: 1.0870 | Tok/sec=  3768.14 | Loss: 2.8056 / log-ppl: 16.5364 | Grad-Norm 2.2088 | ClipCoef 0.4527 | Peak-Mem 115.38GiB
GPU: cuda:0 | Step:  492 | Updates: 91675 | Time/step: 0.8092 | Tok/sec=  5061.70 | Loss: 3.4430 / log-ppl: 31.2806 | Grad-Norm 2.1738 | ClipCoef 0.4600 | Peak-Mem 115.38GiB
GPU: cuda:0 | Step:  496 | Updates: 91676 | Time/step: 1.1544 | Tok/sec=  3548.07 | Loss: 2.7304 / log-ppl: 15.3387 | Grad-Norm 1.7751 | ClipCoef 0.5633 | Peak-Mem 115.38GiB
GPU: cuda:0 | Step:  500 | Updates: 91677 | Time/step: 1.1224 | Tok/sec=  3649.37 | Loss: 2.7822 / log-ppl: 16.1538 | Grad-Norm 2.1376 | ClipCoef 0.4678 | Peak-Mem 115.39GiB
GPU: cuda:0 | Step:  504 | Updates: 91678 | Time/step: 0.8182 | Tok/sec=  5005.88 | Loss: 3.0004 / log-ppl: 20.0928 | Grad-Norm 1.6780 | ClipCoef 0.5960 | Peak-Mem 115.38GiB
GPU: cuda:0 | Step:  508 | Updates: 91679 | Time/step: 1.0886 | Tok/sec=  3762.74 | Loss: 3.2396 / log-ppl: 25.5240 | Grad-Norm 1.5468 | ClipCoef 0.6465 | Peak-Mem 115.38GiB
GPU: cuda:0 | Step:  512 | Updates: 91680 | Time/step: 0.9356 | Tok/sec=  4377.99 | Loss: 3.0342 / log-ppl: 20.7839 | Grad-Norm 1.5570 | ClipCoef 0.6422 | Peak-Mem 115.38GiB
GPU: cuda:0 | Step:  516 | Updates: 91681 | Time/step: 0.9660 | Tok/sec=  4240.04 | Loss: 3.3180 / log-ppl: 27.6062 | Grad-Norm 1.8555 | ClipCoef 0.5389 | Peak-Mem 115.38GiB
GPU: cuda:0 | Step:  520 | Updates: 91682 | Time/step: 0.9781 | Tok/sec=  4187.79 | Loss: 4.3310 / log-ppl: 76.0203 | Grad-Norm 1.9556 | ClipCoef 0.5114 | Peak-Mem 115.38GiB
GPU: cuda:0 | Step:  524 | Updates: 91683 | Time/step: 0.9586 | Tok/sec=  4272.73 | Loss: 3.2229 / log-ppl: 25.1014 | Grad-Norm 1.8401 | ClipCoef 0.5434 | Peak-Mem 115.38GiB
GPU: cuda:0 | Step:  528 | Updates: 91684 | Time/step: 0.9083 | Tok/sec=  4509.75 | Loss: 2.7540 / log-ppl: 15.7056 | Grad-Norm 1.5859 | ClipCoef 0.6306 | Peak-Mem 115.38GiB
GPU: cuda:0 | Step:  532 | Updates: 91685 | Time/step: 0.8682 | Tok/sec=  4717.73 | Loss: 3.1483 / log-ppl: 23.2959 | Grad-Norm 1.8850 | ClipCoef 0.5305 | Peak-Mem 115.38GiB
GPU: cuda:0 | Step:  536 | Updates: 91686 | Time/step: 0.6787 | Tok/sec=  6035.44 | Loss: 3.1490 / log-ppl: 23.3125 | Grad-Norm 1.5873 | ClipCoef 0.6300 | Peak-Mem 115.38GiB
GPU: cuda:0 | Step:  540 | Updates: 91687 | Time/step: 1.0263 | Tok/sec=  3990.88 | Loss: 3.4006 / log-ppl: 29.9829 | Grad-Norm 1.9965 | ClipCoef 0.5009 | Peak-Mem 115.38GiB
GPU: cuda:0 | Step:  544 | Updates: 91688 | Time/step: 0.7446 | Tok/sec=  5500.75 | Loss: 2.7043 / log-ppl: 14.9444 | Grad-Norm 1.5447 | ClipCoef 0.6474 | Peak-Mem 115.38GiB
GPU: cuda:0 | Step:  548 | Updates: 91689 | Time/step: 1.1904 | Tok/sec=  3440.98 | Loss: 2.8146 / log-ppl: 16.6872 | Grad-Norm 1.9803 | ClipCoef 0.5050 | Peak-Mem 115.39GiB
GPU: cuda:0 | Step:  552 | Updates: 91690 | Time/step: 1.0301 | Tok/sec=  3976.36 | Loss: 3.3114 / log-ppl: 27.4245 | Grad-Norm 1.8607 | ClipCoef 0.5374 | Peak-Mem 115.38GiB
GPU: cuda:0 | Step:  556 | Updates: 91691 | Time/step: 0.8711 | Tok/sec=  4701.86 | Loss: 3.0646 / log-ppl: 21.4265 | Grad-Norm 1.8002 | ClipCoef 0.5555 | Peak-Mem 115.38GiB
GPU: cuda:0 | Step:  560 | Updates: 91692 | Time/step: 1.2124 | Tok/sec=  3378.55 | Loss: 3.5158 / log-ppl: 33.6414 | Grad-Norm 1.5634 | ClipCoef 0.6396 | Peak-Mem 115.38GiB
GPU: cuda:0 | Step:  564 | Updates: 91693 | Time/step: 1.0638 | Tok/sec=  3850.29 | Loss: 2.5590 / log-ppl: 12.9226 | Grad-Norm 1.6940 | ClipCoef 0.5903 | Peak-Mem 115.38GiB
GPU: cuda:0 | Step:  568 | Updates: 91694 | Time/step: 0.9972 | Tok/sec=  4107.48 | Loss: 2.9155 / log-ppl: 18.4579 | Grad-Norm 1.5154 | ClipCoef 0.6599 | Peak-Mem 115.38GiB
GPU: cuda:0 | Step:  572 | Updates: 91695 | Time/step: 0.9344 | Tok/sec=  4383.72 | Loss: 3.0540 / log-ppl: 21.1997 | Grad-Norm 1.6880 | ClipCoef 0.5924 | Peak-Mem 115.38GiB
GPU: cuda:0 | Step:  576 | Updates: 91696 | Time/step: 1.1234 | Tok/sec=  3646.12 | Loss: 2.7819 / log-ppl: 16.1494 | Grad-Norm 1.5394 | ClipCoef 0.6496 | Peak-Mem 115.38GiB
GPU: cuda:0 | Step:  580 | Updates: 91697 | Time/step: 0.9634 | Tok/sec=  4251.75 | Loss: 2.5870 / log-ppl: 13.2899 | Grad-Norm 1.6314 | ClipCoef 0.6130 | Peak-Mem 115.39GiB
GPU: cuda:0 | Step:  584 | Updates: 91698 | Time/step: 1.1517 | Tok/sec=  3556.53 | Loss: 3.1437 / log-ppl: 23.1897 | Grad-Norm 1.6257 | ClipCoef 0.6151 | Peak-Mem 115.38GiB
GPU: cuda:0 | Step:  588 | Updates: 91699 | Time/step: 0.9298 | Tok/sec=  4405.42 | Loss: 3.1729 / log-ppl: 23.8773 | Grad-Norm 1.7763 | ClipCoef 0.5630 | Peak-Mem 115.38GiB
GPU: cuda:0 | Step:  592 | Updates: 91700 | Time/step: 1.1610 | Tok/sec=  3528.11 | Loss: 3.4214 / log-ppl: 30.6133 | Grad-Norm 1.8198 | ClipCoef 0.5495 | Peak-Mem 115.38GiB
GPU: cuda:0 | Step:  596 | Updates: 91701 | Time/step: 1.1208 | Tok/sec=  3654.47 | Loss: 2.9767 / log-ppl: 19.6238 | Grad-Norm 1.6658 | ClipCoef 0.6003 | Peak-Mem 115.38GiB
GPU: cuda:0 | Step:  600 | Updates: 91702 | Time/step: 0.9340 | Tok/sec=  4385.47 | Loss: 3.1557 / log-ppl: 23.4698 | Grad-Norm 2.1221 | ClipCoef 0.4712 | Peak-Mem 115.38GiB
GPU: cuda:0 | Step:  604 | Updates: 91703 | Time/step: 0.9190 | Tok/sec=  4457.04 | Loss: 3.5316 / log-ppl: 34.1781 | Grad-Norm 1.5042 | ClipCoef 0.6648 | Peak-Mem 115.38GiB
GPU: cuda:0 | Step:  608 | Updates: 91704 | Time/step: 0.8319 | Tok/sec=  4923.84 | Loss: 2.7935 / log-ppl: 16.3383 | Grad-Norm 3.4379 | ClipCoef 0.2909 | Peak-Mem 115.38GiB
GPU: cuda:0 | Step:  612 | Updates: 91705 | Time/step: 0.9906 | Tok/sec=  4134.85 | Loss: 2.9408 / log-ppl: 18.9315 | Grad-Norm 1.7654 | ClipCoef 0.5665 | Peak-Mem 115.38GiB
GPU: cuda:0 | Step:  616 | Updates: 91706 | Time/step: 1.2619 | Tok/sec=  3246.01 | Loss: 3.2144 / log-ppl: 24.8892 | Grad-Norm 1.6302 | ClipCoef 0.6134 | Peak-Mem 115.38GiB
GPU: cuda:0 | Step:  620 | Updates: 91707 | Time/step: 0.9420 | Tok/sec=  4348.39 | Loss: 3.6998 / log-ppl: 40.4382 | Grad-Norm 2.2938 | ClipCoef 0.4360 | Peak-Mem 115.38GiB
GPU: cuda:0 | Step:  624 | Updates: 91708 | Time/step: 0.8895 | Tok/sec=  4604.94 | Loss: 3.3712 / log-ppl: 29.1141 | Grad-Norm 1.6948 | ClipCoef 0.5901 | Peak-Mem 110.20GiB
GPU: cuda:0 | Step:  628 | Updates: 91709 | Time/step: 0.8541 | Tok/sec=  4795.57 | Loss: 3.1089 / log-ppl: 22.3967 | Grad-Norm 1.7257 | ClipCoef 0.5795 | Peak-Mem 115.38GiB
GPU: cuda:0 | Step:  632 | Updates: 91710 | Time/step: 0.8476 | Tok/sec=  4832.70 | Loss: 3.4988 / log-ppl: 33.0744 | Grad-Norm 1.8617 | ClipCoef 0.5371 | Peak-Mem 115.38GiB
GPU: cuda:0 | Step:  636 | Updates: 91711 | Time/step: 0.9065 | Tok/sec=  4518.64 | Loss: 3.2919 / log-ppl: 26.8939 | Grad-Norm 1.5542 | ClipCoef 0.6434 | Peak-Mem 115.38GiB
GPU: cuda:0 | Step:  640 | Updates: 91712 | Time/step: 0.8213 | Tok/sec=  4986.97 | Loss: 3.7031 / log-ppl: 40.5734 | Grad-Norm 3.1570 | ClipCoef 0.3168 | Peak-Mem 110.20GiB
GPU: cuda:0 | Step:  644 | Updates: 91713 | Time/step: 0.8936 | Tok/sec=  4583.53 | Loss: 2.9794 / log-ppl: 19.6759 | Grad-Norm 1.6815 | ClipCoef 0.5947 | Peak-Mem 110.20GiB
GPU: cuda:0 | Step:  648 | Updates: 91714 | Time/step: 1.0009 | Tok/sec=  4092.27 | Loss: 3.4752 / log-ppl: 32.3053 | Grad-Norm 1.6437 | ClipCoef 0.6084 | Peak-Mem 115.38GiB
GPU: cuda:0 | Step:  652 | Updates: 91715 | Time/step: 1.2274 | Tok/sec=  3337.10 | Loss: 2.7613 / log-ppl: 15.8204 | Grad-Norm 1.4809 | ClipCoef 0.6753 | Peak-Mem 115.39GiB
GPU: cuda:0 | Step:  656 | Updates: 91716 | Time/step: 0.9672 | Tok/sec=  4234.80 | Loss: 3.3458 / log-ppl: 28.3832 | Grad-Norm 1.8330 | ClipCoef 0.5456 | Peak-Mem 115.38GiB
GPU: cuda:0 | Step:  660 | Updates: 91717 | Time/step: 0.9797 | Tok/sec=  4181.00 | Loss: 3.6792 / log-ppl: 39.6153 | Grad-Norm 1.9344 | ClipCoef 0.5170 | Peak-Mem 115.38GiB
GPU: cuda:0 | Step:  664 | Updates: 91718 | Time/step: 0.8584 | Tok/sec=  4771.51 | Loss: 2.6648 / log-ppl: 14.3646 | Grad-Norm 1.4447 | ClipCoef 0.6922 | Peak-Mem 115.39GiB
GPU: cuda:0 | Step:  668 | Updates: 91719 | Time/step: 1.0106 | Tok/sec=  4053.03 | Loss: 3.4376 / log-ppl: 31.1113 | Grad-Norm 1.8139 | ClipCoef 0.5513 | Peak-Mem 115.38GiB
GPU: cuda:0 | Step:  672 | Updates: 91720 | Time/step: 1.2639 | Tok/sec=  3240.73 | Loss: 3.7908 / log-ppl: 44.2930 | Grad-Norm 2.0210 | ClipCoef 0.4948 | Peak-Mem 115.39GiB
GPU: cuda:0 | Step:  676 | Updates: 91721 | Time/step: 1.1764 | Tok/sec=  3481.85 | Loss: 3.4933 / log-ppl: 32.8953 | Grad-Norm 2.0867 | ClipCoef 0.4792 | Peak-Mem 115.39GiB
GPU: cuda:0 | Step:  680 | Updates: 91722 | Time/step: 0.9561 | Tok/sec=  4284.18 | Loss: 2.8131 / log-ppl: 16.6609 | Grad-Norm 1.6107 | ClipCoef 0.6208 | Peak-Mem 115.39GiB
GPU: cuda:0 | Step:  684 | Updates: 91723 | Time/step: 0.9824 | Tok/sec=  4169.35 | Loss: 3.2809 / log-ppl: 26.5985 | Grad-Norm 1.6779 | ClipCoef 0.5960 | Peak-Mem 115.39GiB
GPU: cuda:0 | Step:  688 | Updates: 91724 | Time/step: 1.0583 | Tok/sec=  3870.53 | Loss: 2.8390 / log-ppl: 17.0987 | Grad-Norm 1.6552 | ClipCoef 0.6042 | Peak-Mem 110.20GiB
GPU: cuda:0 | Step:  692 | Updates: 91725 | Time/step: 0.9213 | Tok/sec=  4445.94 | Loss: 2.9027 / log-ppl: 18.2239 | Grad-Norm 1.4537 | ClipCoef 0.6879 | Peak-Mem 115.38GiB
GPU: cuda:0 | Step:  696 | Updates: 91726 | Time/step: 1.1030 | Tok/sec=  3713.56 | Loss: 2.7828 / log-ppl: 16.1640 | Grad-Norm 3.1113 | ClipCoef 0.3214 | Peak-Mem 115.38GiB
GPU: cuda:0 | Step:  700 | Updates: 91727 | Time/step: 0.8572 | Tok/sec=  4778.26 | Loss: 3.0077 / log-ppl: 20.2410 | Grad-Norm 4.1175 | ClipCoef 0.2429 | Peak-Mem 115.39GiB
GPU: cuda:0 | Step:  704 | Updates: 91728 | Time/step: 1.1906 | Tok/sec=  3440.27 | Loss: 3.1474 / log-ppl: 23.2765 | Grad-Norm 1.7585 | ClipCoef 0.5687 | Peak-Mem 115.39GiB
GPU: cuda:0 | Step:  708 | Updates: 91729 | Time/step: 0.7610 | Tok/sec=  5382.67 | Loss: 3.6046 / log-ppl: 36.7654 | Grad-Norm 1.8493 | ClipCoef 0.5407 | Peak-Mem 100.26GiB
GPU: cuda:0 | Step:  712 | Updates: 91730 | Time/step: 1.1330 | Tok/sec=  3615.16 | Loss: 2.9684 / log-ppl: 19.4610 | Grad-Norm 1.4569 | ClipCoef 0.6864 | Peak-Mem 115.39GiB
GPU: cuda:0 | Step:  716 | Updates: 91731 | Time/step: 0.9678 | Tok/sec=  4232.47 | Loss: 2.7760 / log-ppl: 16.0549 | Grad-Norm 3.0810 | ClipCoef 0.3246 | Peak-Mem 115.38GiB
GPU: cuda:0 | Step:  720 | Updates: 91732 | Time/step: 1.2226 | Tok/sec=  3350.37 | Loss: 3.1313 / log-ppl: 22.9046 | Grad-Norm 1.7238 | ClipCoef 0.5801 | Peak-Mem 115.38GiB
GPU: cuda:0 | Step:  724 | Updates: 91733 | Time/step: 0.8915 | Tok/sec=  4594.66 | Loss: 2.9278 / log-ppl: 18.6858 | Grad-Norm 2.2843 | ClipCoef 0.4378 | Peak-Mem 115.26GiB
GPU: cuda:0 | Step:  728 | Updates: 91734 | Time/step: 1.1228 | Tok/sec=  3647.94 | Loss: 3.5161 / log-ppl: 33.6545 | Grad-Norm 1.5232 | ClipCoef 0.6565 | Peak-Mem 115.39GiB
GPU: cuda:0 | Step:  732 | Updates: 91735 | Time/step: 1.1935 | Tok/sec=  3431.98 | Loss: 3.8800 / log-ppl: 48.4252 | Grad-Norm 2.0214 | ClipCoef 0.4947 | Peak-Mem 115.38GiB
GPU: cuda:0 | Step:  736 | Updates: 91736 | Time/step: 1.3825 | Tok/sec=  2962.78 | Loss: 3.0838 / log-ppl: 21.8409 | Grad-Norm 1.6552 | ClipCoef 0.6042 | Peak-Mem 115.38GiB
GPU: cuda:0 | Step:  740 | Updates: 91737 | Time/step: 1.0258 | Tok/sec=  3992.93 | Loss: 3.1272 / log-ppl: 22.8090 | Grad-Norm 2.8786 | ClipCoef 0.3474 | Peak-Mem 110.20GiB
GPU: cuda:0 | Step:  744 | Updates: 91738 | Time/step: 1.1913 | Tok/sec=  3438.34 | Loss: 3.0556 / log-ppl: 21.2350 | Grad-Norm 1.4863 | ClipCoef 0.6728 | Peak-Mem 115.38GiB
GPU: cuda:0 | Step:  748 | Updates: 91739 | Time/step: 0.8722 | Tok/sec=  4695.91 | Loss: 3.2102 / log-ppl: 24.7839 | Grad-Norm 1.6770 | ClipCoef 0.5963 | Peak-Mem 110.20GiB
GPU: cuda:0 | Step:  752 | Updates: 91740 | Time/step: 0.9684 | Tok/sec=  4229.68 | Loss: 3.0422 / log-ppl: 20.9517 | Grad-Norm 1.5422 | ClipCoef 0.6484 | Peak-Mem 115.39GiB
GPU: cuda:0 | Step:  756 | Updates: 91741 | Time/step: 0.9876 | Tok/sec=  4147.36 | Loss: 2.8872 / log-ppl: 17.9422 | Grad-Norm 1.6497 | ClipCoef 0.6062 | Peak-Mem 115.38GiB
GPU: cuda:0 | Step:  760 | Updates: 91742 | Time/step: 1.0307 | Tok/sec=  3974.02 | Loss: 3.6285 / log-ppl: 37.6568 | Grad-Norm 1.9793 | ClipCoef 0.5052 | Peak-Mem 115.38GiB
GPU: cuda:0 | Step:  764 | Updates: 91743 | Time/step: 0.6391 | Tok/sec=  6409.37 | Loss: 3.7330 / log-ppl: 41.8060 | Grad-Norm 1.9937 | ClipCoef 0.5016 | Peak-Mem 110.20GiB
GPU: cuda:0 | Step:  768 | Updates: 91744 | Time/step: 1.0465 | Tok/sec=  3913.98 | Loss: 3.0534 / log-ppl: 21.1874 | Grad-Norm 1.9796 | ClipCoef 0.5051 | Peak-Mem 115.38GiB
GPU: cuda:0 | Step:  772 | Updates: 91745 | Time/step: 1.0657 | Tok/sec=  3843.33 | Loss: 3.1582 / log-ppl: 23.5293 | Grad-Norm 1.4999 | ClipCoef 0.6667 | Peak-Mem 115.38GiB
GPU: cuda:0 | Step:  776 | Updates: 91746 | Time/step: 0.9222 | Tok/sec=  4441.39 | Loss: 3.6714 / log-ppl: 39.3086 | Grad-Norm 1.7532 | ClipCoef 0.5704 | Peak-Mem 115.38GiB
GPU: cuda:0 | Step:  780 | Updates: 91747 | Time/step: 0.8378 | Tok/sec=  4889.13 | Loss: 3.1747 / log-ppl: 23.9199 | Grad-Norm 2.1724 | ClipCoef 0.4603 | Peak-Mem 115.38GiB
GPU: cuda:0 | Step:  784 | Updates: 91748 | Time/step: 0.9779 | Tok/sec=  4188.37 | Loss: 2.8631 / log-ppl: 17.5153 | Grad-Norm 1.5032 | ClipCoef 0.6652 | Peak-Mem 115.38GiB
GPU: cuda:0 | Step:  788 | Updates: 91749 | Time/step: 1.0161 | Tok/sec=  4031.10 | Loss: 3.2965 / log-ppl: 27.0183 | Grad-Norm 1.7971 | ClipCoef 0.5565 | Peak-Mem 115.38GiB
GPU: cuda:0 | Step:  792 | Updates: 91750 | Time/step: 1.0782 | Tok/sec=  3798.98 | Loss: 3.0459 / log-ppl: 21.0293 | Grad-Norm 1.6677 | ClipCoef 0.5996 | Peak-Mem 115.38GiB
GPU: cuda:0 | Step:  796 | Updates: 91751 | Time/step: 0.8972 | Tok/sec=  4565.47 | Loss: 3.1374 / log-ppl: 23.0433 | Grad-Norm 4.3484 | ClipCoef 0.2300 | Peak-Mem 115.38GiB
GPU: cuda:0 | Step:  800 | Updates: 91752 | Time/step: 0.9266 | Tok/sec=  4420.35 | Loss: 2.8096 / log-ppl: 16.6033 | Grad-Norm 1.5415 | ClipCoef 0.6487 | Peak-Mem 110.20GiB
GPU: cuda:0 | Step:  804 | Updates: 91753 | Time/step: 0.9270 | Tok/sec=  4418.76 | Loss: 2.7932 / log-ppl: 16.3333 | Grad-Norm 1.4969 | ClipCoef 0.6681 | Peak-Mem 115.38GiB
GPU: cuda:0 | Step:  808 | Updates: 91754 | Time/step: 1.0282 | Tok/sec=  3983.49 | Loss: 3.1697 / log-ppl: 23.8011 | Grad-Norm 1.4827 | ClipCoef 0.6744 | Peak-Mem 115.38GiB
GPU: cuda:0 | Step:  812 | Updates: 91755 | Time/step: 0.9200 | Tok/sec=  4452.29 | Loss: 3.5251 / log-ppl: 33.9588 | Grad-Norm 1.6593 | ClipCoef 0.6027 | Peak-Mem 115.38GiB
GPU: cuda:0 | Step:  816 | Updates: 91756 | Time/step: 0.8413 | Tok/sec=  4868.74 | Loss: 2.7386 / log-ppl: 15.4659 | Grad-Norm 1.4314 | ClipCoef 0.6986 | Peak-Mem 115.38GiB
GPU: cuda:0 | Step:  820 | Updates: 91757 | Time/step: 1.0278 | Tok/sec=  3985.10 | Loss: 3.3990 / log-ppl: 29.9346 | Grad-Norm 1.6405 | ClipCoef 0.6096 | Peak-Mem 115.38GiB
GPU: cuda:0 | Step:  824 | Updates: 91758 | Time/step: 0.7880 | Tok/sec=  5197.93 | Loss: 3.1741 / log-ppl: 23.9063 | Grad-Norm 1.5067 | ClipCoef 0.6637 | Peak-Mem 115.38GiB
GPU: cuda:0 | Step:  828 | Updates: 91759 | Time/step: 0.8992 | Tok/sec=  4554.91 | Loss: 3.0652 / log-ppl: 21.4380 | Grad-Norm 1.6519 | ClipCoef 0.6054 | Peak-Mem 110.20GiB
GPU: cuda:0 | Step:  832 | Updates: 91760 | Time/step: 1.2686 | Tok/sec=  3228.80 | Loss: 2.7866 / log-ppl: 16.2260 | Grad-Norm 1.6031 | ClipCoef 0.6238 | Peak-Mem 115.39GiB
GPU: cuda:0 | Step:  836 | Updates: 91761 | Time/step: 0.6236 | Tok/sec=  6568.72 | Loss: 3.1802 / log-ppl: 24.0511 | Grad-Norm 3.2729 | ClipCoef 0.3055 | Peak-Mem 95.52GiB
GPU: cuda:0 | Step:  840 | Updates: 91762 | Time/step: 1.0825 | Tok/sec=  3783.67 | Loss: 3.3079 / log-ppl: 27.3272 | Grad-Norm 1.6071 | ClipCoef 0.6222 | Peak-Mem 115.38GiB
GPU: cuda:0 | Step:  844 | Updates: 91763 | Time/step: 1.1157 | Tok/sec=  3671.19 | Loss: 2.7888 / log-ppl: 16.2608 | Grad-Norm 3.4145 | ClipCoef 0.2929 | Peak-Mem 115.39GiB
GPU: cuda:0 | Step:  848 | Updates: 91764 | Time/step: 0.9719 | Tok/sec=  4214.29 | Loss: 3.1998 / log-ppl: 24.5279 | Grad-Norm 1.6847 | ClipCoef 0.5936 | Peak-Mem 110.20GiB
GPU: cuda:0 | Step:  852 | Updates: 91765 | Time/step: 1.2498 | Tok/sec=  3277.29 | Loss: 3.2359 / log-ppl: 25.4303 | Grad-Norm 2.1794 | ClipCoef 0.4588 | Peak-Mem 115.38GiB
GPU: cuda:0 | Step:  856 | Updates: 91766 | Time/step: 1.0329 | Tok/sec=  3965.64 | Loss: 2.7434 / log-ppl: 15.5400 | Grad-Norm 1.5306 | ClipCoef 0.6533 | Peak-Mem 115.38GiB
GPU: cuda:0 | Step:  860 | Updates: 91767 | Time/step: 1.0547 | Tok/sec=  3883.58 | Loss: 2.9228 / log-ppl: 18.5940 | Grad-Norm 1.6107 | ClipCoef 0.6208 | Peak-Mem 115.38GiB
GPU: cuda:0 | Step:  864 | Updates: 91768 | Time/step: 0.9504 | Tok/sec=  4309.71 | Loss: 3.0717 / log-ppl: 21.5790 | Grad-Norm 1.5030 | ClipCoef 0.6653 | Peak-Mem 115.38GiB
GPU: cuda:0 | Step:  868 | Updates: 91769 | Time/step: 1.0148 | Tok/sec=  4036.33 | Loss: 3.2041 / log-ppl: 24.6325 | Grad-Norm 2.7496 | ClipCoef 0.3637 | Peak-Mem 115.38GiB
GPU: cuda:0 | Step:  872 | Updates: 91770 | Time/step: 0.8957 | Tok/sec=  4572.76 | Loss: 2.8636 / log-ppl: 17.5237 | Grad-Norm 1.7027 | ClipCoef 0.5873 | Peak-Mem 115.38GiB
GPU: cuda:0 | Step:  876 | Updates: 91771 | Time/step: 1.0520 | Tok/sec=  3893.71 | Loss: 3.0759 / log-ppl: 21.6694 | Grad-Norm 2.4804 | ClipCoef 0.4032 | Peak-Mem 115.38GiB
GPU: cuda:0 | Step:  880 | Updates: 91772 | Time/step: 1.1079 | Tok/sec=  3697.20 | Loss: 2.5448 / log-ppl: 12.7411 | Grad-Norm 1.7719 | ClipCoef 0.5644 | Peak-Mem 115.38GiB
GPU: cuda:0 | Step:  884 | Updates: 91773 | Time/step: 1.0416 | Tok/sec=  3932.22 | Loss: 2.7762 / log-ppl: 16.0579 | Grad-Norm 2.5022 | ClipCoef 0.3996 | Peak-Mem 115.38GiB
GPU: cuda:0 | Step:  888 | Updates: 91774 | Time/step: 1.1529 | Tok/sec=  3552.84 | Loss: 2.7720 / log-ppl: 15.9904 | Grad-Norm 1.5755 | ClipCoef 0.6347 | Peak-Mem 115.38GiB
GPU: cuda:0 | Step:  892 | Updates: 91775 | Time/step: 0.9412 | Tok/sec=  4351.92 | Loss: 2.7338 / log-ppl: 15.3912 | Grad-Norm 2.6250 | ClipCoef 0.3810 | Peak-Mem 115.38GiB
GPU: cuda:0 | Step:  896 | Updates: 91776 | Time/step: 1.2256 | Tok/sec=  3342.00 | Loss: 2.2451 / log-ppl: 9.4411 | Grad-Norm 1.5159 | ClipCoef 0.6597 | Peak-Mem 115.39GiB
GPU: cuda:0 | Step:  900 | Updates: 91777 | Time/step: 1.0385 | Tok/sec=  3943.97 | Loss: 3.1882 / log-ppl: 24.2448 | Grad-Norm 2.3653 | ClipCoef 0.4228 | Peak-Mem 115.39GiB
GPU: cuda:0 | Step:  904 | Updates: 91778 | Time/step: 0.9723 | Tok/sec=  4212.81 | Loss: 3.2762 / log-ppl: 26.4757 | Grad-Norm 1.9098 | ClipCoef 0.5236 | Peak-Mem 110.20GiB
GPU: cuda:0 | Step:  908 | Updates: 91779 | Time/step: 1.1672 | Tok/sec=  3509.28 | Loss: 3.1617 / log-ppl: 23.6098 | Grad-Norm 1.6341 | ClipCoef 0.6120 | Peak-Mem 115.39GiB
GPU: cuda:0 | Step:  912 | Updates: 91780 | Time/step: 1.0729 | Tok/sec=  3817.85 | Loss: 2.9623 / log-ppl: 19.3422 | Grad-Norm 2.4930 | ClipCoef 0.4011 | Peak-Mem 115.38GiB
GPU: cuda:0 | Step:  916 | Updates: 91781 | Time/step: 0.7384 | Tok/sec=  5546.99 | Loss: 3.0148 / log-ppl: 20.3844 | Grad-Norm 2.8148 | ClipCoef 0.3553 | Peak-Mem 115.38GiB
GPU: cuda:0 | Step:  920 | Updates: 91782 | Time/step: 1.2276 | Tok/sec=  3336.54 | Loss: 3.1315 / log-ppl: 22.9081 | Grad-Norm 1.6067 | ClipCoef 0.6224 | Peak-Mem 115.38GiB
GPU: cuda:0 | Step:  924 | Updates: 91783 | Time/step: 0.9449 | Tok/sec=  4334.95 | Loss: 3.7220 / log-ppl: 41.3470 | Grad-Norm 1.7070 | ClipCoef 0.5858 | Peak-Mem 115.38GiB
GPU: cuda:0 | Step:  928 | Updates: 91784 | Time/step: 1.0951 | Tok/sec=  3740.31 | Loss: 2.3212 / log-ppl: 10.1875 | Grad-Norm 1.6114 | ClipCoef 0.6206 | Peak-Mem 115.38GiB
GPU: cuda:0 | Step:  932 | Updates: 91785 | Time/step: 1.1771 | Tok/sec=  3479.66 | Loss: 2.9974 / log-ppl: 20.0335 | Grad-Norm 1.7320 | ClipCoef 0.5774 | Peak-Mem 115.38GiB
GPU: cuda:0 | Step:  936 | Updates: 91786 | Time/step: 0.9064 | Tok/sec=  4518.85 | Loss: 3.2145 / log-ppl: 24.8902 | Grad-Norm 1.6308 | ClipCoef 0.6132 | Peak-Mem 115.38GiB
GPU: cuda:0 | Step:  940 | Updates: 91787 | Time/step: 0.9641 | Tok/sec=  4248.72 | Loss: 2.9863 / log-ppl: 19.8121 | Grad-Norm 3.6798 | ClipCoef 0.2718 | Peak-Mem 115.38GiB
GPU: cuda:0 | Step:  944 | Updates: 91788 | Time/step: 1.0461 | Tok/sec=  3915.44 | Loss: 2.8114 / log-ppl: 16.6325 | Grad-Norm 1.6744 | ClipCoef 0.5972 | Peak-Mem 115.38GiB
GPU: cuda:0 | Step:  948 | Updates: 91789 | Time/step: 1.0182 | Tok/sec=  4022.84 | Loss: 3.2778 / log-ppl: 26.5169 | Grad-Norm 1.9728 | ClipCoef 0.5069 | Peak-Mem 115.38GiB
GPU: cuda:0 | Step:  952 | Updates: 91790 | Time/step: 1.2391 | Tok/sec=  3305.61 | Loss: 4.1874 / log-ppl: 65.8543 | Grad-Norm 3.0187 | ClipCoef 0.3313 | Peak-Mem 115.38GiB
GPU: cuda:0 | Step:  956 | Updates: 91791 | Time/step: 0.8263 | Tok/sec=  4957.18 | Loss: 2.7851 / log-ppl: 16.2012 | Grad-Norm 2.0212 | ClipCoef 0.4948 | Peak-Mem 115.38GiB
GPU: cuda:0 | Step:  960 | Updates: 91792 | Time/step: 1.0125 | Tok/sec=  4045.38 | Loss: 3.5893 / log-ppl: 36.2100 | Grad-Norm 2.0999 | ClipCoef 0.4762 | Peak-Mem 115.38GiB
GPU: cuda:0 | Step:  964 | Updates: 91793 | Time/step: 1.1512 | Tok/sec=  3558.07 | Loss: 3.3304 / log-ppl: 27.9488 | Grad-Norm 1.6938 | ClipCoef 0.5904 | Peak-Mem 115.38GiB
GPU: cuda:0 | Step:  968 | Updates: 91794 | Time/step: 1.0557 | Tok/sec=  3879.89 | Loss: 3.5211 / log-ppl: 33.8226 | Grad-Norm 1.5609 | ClipCoef 0.6406 | Peak-Mem 115.38GiB
GPU: cuda:0 | Step:  972 | Updates: 91795 | Time/step: 0.8846 | Tok/sec=  4630.12 | Loss: 3.7645 / log-ppl: 43.1429 | Grad-Norm 2.3177 | ClipCoef 0.4315 | Peak-Mem 115.38GiB
GPU: cuda:0 | Step:  976 | Updates: 91796 | Time/step: 0.9611 | Tok/sec=  4261.91 | Loss: 3.3856 / log-ppl: 29.5358 | Grad-Norm 1.5931 | ClipCoef 0.6277 | Peak-Mem 115.38GiB
GPU: cuda:0 | Step:  980 | Updates: 91797 | Time/step: 0.9229 | Tok/sec=  4438.33 | Loss: 3.9098 / log-ppl: 49.8914 | Grad-Norm 2.0030 | ClipCoef 0.4992 | Peak-Mem 115.38GiB
GPU: cuda:0 | Step:  984 | Updates: 91798 | Time/step: 1.0536 | Tok/sec=  3887.61 | Loss: 3.9315 / log-ppl: 50.9812 | Grad-Norm 2.3342 | ClipCoef 0.4284 | Peak-Mem 115.38GiB
GPU: cuda:0 | Step:  988 | Updates: 91799 | Time/step: 0.9660 | Tok/sec=  4240.22 | Loss: 3.4292 / log-ppl: 30.8513 | Grad-Norm 1.4636 | ClipCoef 0.6833 | Peak-Mem 115.38GiB
GPU: cuda:0 | Step:  992 | Updates: 91800 | Time/step: 0.8133 | Tok/sec=  5035.97 | Loss: 3.0285 / log-ppl: 20.6654 | Grad-Norm 1.4586 | ClipCoef 0.6856 | Peak-Mem 115.38GiB
GPU: cuda:0 | Step:  996 | Updates: 91801 | Time/step: 1.0048 | Tok/sec=  4076.54 | Loss: 3.4599 / log-ppl: 31.8128 | Grad-Norm 1.6797 | ClipCoef 0.5953 | Peak-Mem 115.38GiB
GPU: cuda:0 | Step: 1000 | Updates: 91802 | Time/step: 0.9766 | Tok/sec=  4194.10 | Loss: 3.1560 / log-ppl: 23.4757 | Grad-Norm 1.7168 | ClipCoef 0.5825 | Peak-Mem 115.38GiB
GPU: cuda:0 | Step: 1004 | Updates: 91803 | Time/step: 0.9893 | Tok/sec=  4140.10 | Loss: 3.3786 / log-ppl: 29.3289 | Grad-Norm 2.1972 | ClipCoef 0.4551 | Peak-Mem 115.38GiB
GPU: cuda:0 | Step: 1008 | Updates: 91804 | Time/step: 1.1742 | Tok/sec=  3488.18 | Loss: 2.3523 / log-ppl: 10.5095 | Grad-Norm 1.4632 | ClipCoef 0.6834 | Peak-Mem 115.38GiB
GPU: cuda:0 | Step: 1012 | Updates: 91805 | Time/step: 0.8857 | Tok/sec=  4624.34 | Loss: 3.4673 / log-ppl: 32.0515 | Grad-Norm 1.9010 | ClipCoef 0.5260 | Peak-Mem 115.38GiB
GPU: cuda:0 | Step: 1016 | Updates: 91806 | Time/step: 1.2385 | Tok/sec=  3307.20 | Loss: 3.5905 / log-ppl: 36.2524 | Grad-Norm 2.0548 | ClipCoef 0.4867 | Peak-Mem 115.38GiB
GPU: cuda:0 | Step: 1020 | Updates: 91807 | Time/step: 0.8145 | Tok/sec=  5028.92 | Loss: 3.0988 / log-ppl: 22.1718 | Grad-Norm 1.6397 | ClipCoef 0.6099 | Peak-Mem 115.38GiB
GPU: cuda:0 | Step: 1024 | Updates: 91808 | Time/step: 0.8096 | Tok/sec=  5059.15 | Loss: 3.2168 / log-ppl: 24.9487 | Grad-Norm 2.1161 | ClipCoef 0.4726 | Peak-Mem 110.20GiB
GPU: cuda:0 | Step: 1028 | Updates: 91809 | Time/step: 0.8951 | Tok/sec=  4575.83 | Loss: 2.8254 / log-ppl: 16.8681 | Grad-Norm 1.4240 | ClipCoef 0.7023 | Peak-Mem 115.38GiB
GPU: cuda:0 | Step: 1032 | Updates: 91810 | Time/step: 0.9877 | Tok/sec=  4147.20 | Loss: 2.7424 / log-ppl: 15.5242 | Grad-Norm 1.6132 | ClipCoef 0.6199 | Peak-Mem 115.38GiB
GPU: cuda:0 | Step: 1036 | Updates: 91811 | Time/step: 0.9023 | Tok/sec=  4539.44 | Loss: 2.9226 / log-ppl: 18.5905 | Grad-Norm 2.1403 | ClipCoef 0.4672 | Peak-Mem 115.38GiB
GPU: cuda:0 | Step: 1040 | Updates: 91812 | Time/step: 1.1012 | Tok/sec=  3719.56 | Loss: 2.7693 / log-ppl: 15.9467 | Grad-Norm 1.6207 | ClipCoef 0.6170 | Peak-Mem 115.39GiB
GPU: cuda:0 | Step: 1044 | Updates: 91813 | Time/step: 1.0150 | Tok/sec=  4035.36 | Loss: 2.3637 / log-ppl: 10.6302 | Grad-Norm 1.4945 | ClipCoef 0.6691 | Peak-Mem 115.38GiB
GPU: cuda:0 | Step: 1048 | Updates: 91814 | Time/step: 0.9236 | Tok/sec=  4434.65 | Loss: 2.6121 / log-ppl: 13.6272 | Grad-Norm 1.7226 | ClipCoef 0.5805 | Peak-Mem 115.38GiB
GPU: cuda:0 | Step: 1052 | Updates: 91815 | Time/step: 1.0279 | Tok/sec=  3984.93 | Loss: 3.0508 / log-ppl: 21.1314 | Grad-Norm 1.7888 | ClipCoef 0.5590 | Peak-Mem 115.38GiB
GPU: cuda:0 | Step: 1056 | Updates: 91816 | Time/step: 1.3452 | Tok/sec=  3044.79 | Loss: 3.7487 / log-ppl: 42.4657 | Grad-Norm 1.7686 | ClipCoef 0.5654 | Peak-Mem 115.38GiB
GPU: cuda:0 | Step: 1060 | Updates: 91817 | Time/step: 1.1780 | Tok/sec=  3477.05 | Loss: 3.6926 / log-ppl: 40.1506 | Grad-Norm 3.1444 | ClipCoef 0.3180 | Peak-Mem 115.38GiB
GPU: cuda:0 | Step: 1064 | Updates: 91818 | Time/step: 0.8698 | Tok/sec=  4709.17 | Loss: 2.5792 / log-ppl: 13.1868 | Grad-Norm 1.4629 | ClipCoef 0.6836 | Peak-Mem 115.38GiB
GPU: cuda:0 | Step: 1068 | Updates: 91819 | Time/step: 0.8159 | Tok/sec=  5020.35 | Loss: 2.8951 / log-ppl: 18.0853 | Grad-Norm 1.6996 | ClipCoef 0.5884 | Peak-Mem 110.20GiB
GPU: cuda:0 | Step: 1072 | Updates: 91820 | Time/step: 0.8261 | Tok/sec=  4958.47 | Loss: 3.0860 / log-ppl: 21.8886 | Grad-Norm 1.6495 | ClipCoef 0.6062 | Peak-Mem 115.38GiB
GPU: cuda:0 | Step: 1076 | Updates: 91821 | Time/step: 1.3356 | Tok/sec=  3066.88 | Loss: 3.7751 / log-ppl: 43.6009 | Grad-Norm 3.7516 | ClipCoef 0.2665 | Peak-Mem 115.39GiB
GPU: cuda:0 | Step: 1080 | Updates: 91822 | Time/step: 1.0299 | Tok/sec=  3977.07 | Loss: 2.3266 / log-ppl: 10.2429 | Grad-Norm 1.7447 | ClipCoef 0.5732 | Peak-Mem 115.38GiB
GPU: cuda:0 | Step: 1084 | Updates: 91823 | Time/step: 1.0557 | Tok/sec=  3880.03 | Loss: 3.0001 / log-ppl: 20.0874 | Grad-Norm 1.8329 | ClipCoef 0.5456 | Peak-Mem 115.38GiB
GPU: cuda:0 | Step: 1088 | Updates: 91824 | Time/step: 1.0085 | Tok/sec=  4061.49 | Loss: 2.9224 / log-ppl: 18.5853 | Grad-Norm 1.4824 | ClipCoef 0.6746 | Peak-Mem 115.38GiB
GPU: cuda:0 | Step: 1092 | Updates: 91825 | Time/step: 0.8359 | Tok/sec=  4900.16 | Loss: 3.2005 / log-ppl: 24.5459 | Grad-Norm 1.6770 | ClipCoef 0.5963 | Peak-Mem 110.20GiB
GPU: cuda:0 | Step: 1096 | Updates: 91826 | Time/step: 0.9564 | Tok/sec=  4282.56 | Loss: 3.3744 / log-ppl: 29.2065 | Grad-Norm 1.5815 | ClipCoef 0.6323 | Peak-Mem 110.20GiB
GPU: cuda:0 | Step: 1100 | Updates: 91827 | Time/step: 0.9728 | Tok/sec=  4210.36 | Loss: 2.7540 / log-ppl: 15.7049 | Grad-Norm 1.7285 | ClipCoef 0.5785 | Peak-Mem 115.38GiB
GPU: cuda:0 | Step: 1104 | Updates: 91828 | Time/step: 0.7115 | Tok/sec=  5756.91 | Loss: 3.0274 / log-ppl: 20.6427 | Grad-Norm 1.5010 | ClipCoef 0.6662 | Peak-Mem 110.20GiB
GPU: cuda:0 | Step: 1108 | Updates: 91829 | Time/step: 1.0965 | Tok/sec=  3735.51 | Loss: 3.0032 / log-ppl: 20.1495 | Grad-Norm 1.5771 | ClipCoef 0.6341 | Peak-Mem 115.39GiB
GPU: cuda:0 | Step: 1112 | Updates: 91830 | Time/step: 1.1529 | Tok/sec=  3552.83 | Loss: 3.9498 / log-ppl: 51.9266 | Grad-Norm 1.7038 | ClipCoef 0.5869 | Peak-Mem 115.38GiB
GPU: cuda:0 | Step: 1116 | Updates: 91831 | Time/step: 1.2157 | Tok/sec=  3369.28 | Loss: 3.1976 / log-ppl: 24.4725 | Grad-Norm 1.5057 | ClipCoef 0.6641 | Peak-Mem 115.39GiB
GPU: cuda:0 | Step: 1120 | Updates: 91832 | Time/step: 0.8767 | Tok/sec=  4672.05 | Loss: 2.7074 / log-ppl: 14.9904 | Grad-Norm 1.6844 | ClipCoef 0.5937 | Peak-Mem 115.38GiBwandb: updating run metadata
wandb: uploading output.log; uploading wandb-summary.json; uploading config.yaml
wandb: 
wandb: Run history:
wandb:           cortex/channels ▁▁▁▁▁▁▁▁▁▁▁▁▁▁▁▁▁▁▁▁▁▁▁▁▁▁▁▁▁▁▁▁▁▁▁▁▁▁▁▁
wandb:   cortex/e_centred_cosine ▁▁▂▂▂▂▃▂▂▃▂▂▂▃▃▃▃▄▄▅▃▄▂▃▄▄▃▅▅▄▆▅▅█▆▇█▅▅▅
wandb: cortex/e_eff_rank_entropy █▇▅▄▇█▅▇▆▄▇▇▆▃▃▄▃▅▆▅▅▂▄▅▆▆▅▃▅▄▄▂▃▃▃▄▃▄▃▁
wandb:      cortex/e_eff_rank_pr █▆▃▃▅▆▃▅▃▂▅▅▅▂▂▂▃▃▂▁▃▁▃▃▃▃▂▁▂▂▂▁▁▁▂▂▂▃▂▂
wandb:         cortex/e_row_norm █▅▄▄▂▂▃▂▂▃▁▁▁▂▅▃▃▃▅▄▃▅▄▃▃▃▃▃▅▂▃▃▂▃▃▄▅▃▂▃
wandb:         cortex/fg_at_bias ▁▂▂▂▂▂▂▂▂▂▂▂▂▂▃▃▃▃▄▄▄▄▄▅▅▅▅▅▅▆▆▇▇████▇▅▄
wandb:       cortex/fg_z_at_bias ████▇▇▆▆▆▅▅▅▅▄▄▄▃▄▄▄▃▃▃▃▃▃▃▂▂▂▂▂▂▂▂▂▂▁▁▁
wandb:     cortex/gate_in_w_norm ▁▃▄▅▅▅▅▅▅▅▅▅▅▆▆▆▆▆▆▆▆▆▆▆▆▆▆▆▆▆▇▇▇▇▇▇▇███
wandb:   cortex/gate_in_z_w_norm ▁▂▂▃▃▃▄▄▄▄▄▄▄▅▅▅▅▅▅▅▆▆▆▆▆▆▇▇▇▇▇▇▇▇▇█████
wandb:     cortex/gate_left_init ▁▁▁▁▁▁▁▁▁▁▁▁▁▁▁▁▁▁▁▁▁▁▁▁▁▁▁▁▁▁▁▁▁▁▁▁▁▁▁▁
wandb:                       +48 ...
wandb: 
wandb: Run summary:
wandb:           cortex/channels 2
wandb:   cortex/e_centred_cosine -0.00092
wandb: cortex/e_eff_rank_entropy 46.28075
wandb:      cortex/e_eff_rank_pr 10.92917
wandb:         cortex/e_row_norm 137.39192
wandb:         cortex/fg_at_bias 0.73281
wandb:       cortex/fg_z_at_bias 0.72527
wandb:     cortex/gate_in_w_norm 12.81439
wandb:   cortex/gate_in_z_w_norm 12.96911
wandb:     cortex/gate_left_init 1
wandb:                       +48 ...
wandb: 
wandb: 🚀 View run probe-p1-a3z-gated-w16k64-cc8-z at: https://wandb.ai/henryyjiang42-georgia-institute-of-technology/cortex-retrofit/runs/1xqtiqu9
wandb: ⭐️ View project at: https://wandb.ai/henryyjiang42-georgia-institute-of-technology/cortex-retrofit
wandb: Synced 5 W&B file(s), 0 media file(s), 0 artifact file(s) and 0 other file(s)
wandb: Find logs at: cortex-retrofit/wandb/run-20260916_224203-1xqtiqu9/logs

GPU: cuda:0 | Step: 1124 | Updates: 91833 | Time/step: 0.9759 | Tok/sec=  4197.06 | Loss: 3.1489 / log-ppl: 23.3093 | Grad-Norm 1.6666 | ClipCoef 0.6000 | Peak-Mem 110.20GiB
GPU: cuda:0 | Step: 1128 | Updates: 91834 | Time/step: 0.9608 | Tok/sec=  4263.06 | Loss: 2.8309 / log-ppl: 16.9607 | Grad-Norm 3.1866 | ClipCoef 0.3138 | Peak-Mem 115.39GiB
GPU: cuda:0 | Step: 1132 | Updates: 91835 | Time/step: 1.1688 | Tok/sec=  3504.49 | Loss: 2.3844 / log-ppl: 10.8527 | Grad-Norm 2.0453 | ClipCoef 0.4889 | Peak-Mem 115.38GiB
GPU: cuda:0 | Step: 1136 | Updates: 91836 | Time/step: 0.6867 | Tok/sec=  5965.03 | Loss: 3.5578 / log-ppl: 35.0876 | Grad-Norm 1.5723 | ClipCoef 0.6360 | Peak-Mem 90.33GiB
GPU: cuda:0 | Step: 1140 | Updates: 91837 | Time/step: 0.8878 | Tok/sec=  4613.52 | Loss: 3.6620 / log-ppl: 38.9396 | Grad-Norm 1.4825 | ClipCoef 0.6745 | Peak-Mem 115.38GiB
GPU: cuda:0 | Step: 1144 | Updates: 91838 | Time/step: 0.8434 | Tok/sec=  4856.60 | Loss: 3.7760 / log-ppl: 43.6393 | Grad-Norm 1.8722 | ClipCoef 0.5341 | Peak-Mem 115.38GiB
GPU: cuda:0 | Step: 1148 | Updates: 91839 | Time/step: 1.1353 | Tok/sec=  3607.88 | Loss: 3.0658 / log-ppl: 21.4523 | Grad-Norm 2.2129 | ClipCoef 0.4519 | Peak-Mem 115.38GiB
GPU: cuda:0 | Step: 1152 | Updates: 91840 | Time/step: 1.0344 | Tok/sec=  3959.82 | Loss: 2.9157 / log-ppl: 18.4609 | Grad-Norm 1.6600 | ClipCoef 0.6024 | Peak-Mem 115.38GiB
GPU: cuda:0 | Step: 1156 | Updates: 91841 | Time/step: 0.8919 | Tok/sec=  4592.52 | Loss: 2.8030 / log-ppl: 16.4939 | Grad-Norm 1.6434 | ClipCoef 0.6085 | Peak-Mem 115.38GiB
GPU: cuda:0 | Step: 1160 | Updates: 91842 | Time/step: 1.0590 | Tok/sec=  3867.79 | Loss: 2.7688 / log-ppl: 15.9394 | Grad-Norm 1.7247 | ClipCoef 0.5798 | Peak-Mem 115.38GiB
GPU: cuda:0 | Step: 1164 | Updates: 91843 | Time/step: 1.1981 | Tok/sec=  3418.71 | Loss: 2.8339 / log-ppl: 17.0125 | Grad-Norm 1.6146 | ClipCoef 0.6193 | Peak-Mem 115.39GiB
GPU: cuda:0 | Step: 1168 | Updates: 91844 | Time/step: 1.0686 | Tok/sec=  3833.02 | Loss: 3.4230 / log-ppl: 30.6614 | Grad-Norm 1.6706 | ClipCoef 0.5986 | Peak-Mem 115.39GiB
GPU: cuda:0 | Step: 1172 | Updates: 91845 | Time/step: 1.0300 | Tok/sec=  3976.55 | Loss: 2.8056 / log-ppl: 16.5364 | Grad-Norm 1.5209 | ClipCoef 0.6575 | Peak-Mem 115.38GiB
GPU: cuda:0 | Step: 1176 | Updates: 91846 | Time/step: 1.0702 | Tok/sec=  3827.24 | Loss: 3.0705 / log-ppl: 21.5522 | Grad-Norm 1.6681 | ClipCoef 0.5995 | Peak-Mem 115.39GiB
GPU: cuda:0 | Step: 1180 | Updates: 91847 | Time/step: 0.8042 | Tok/sec=  5092.95 | Loss: 3.3703 / log-ppl: 29.0879 | Grad-Norm 2.6695 | ClipCoef 0.3746 | Peak-Mem 115.38GiB
GPU: cuda:0 | Step: 1184 | Updates: 91848 | Time/step: 1.1690 | Tok/sec=  3503.92 | Loss: 2.8107 / log-ppl: 16.6223 | Grad-Norm 1.6791 | ClipCoef 0.5956 | Peak-Mem 115.38GiB
GPU: cuda:0 | Step: 1188 | Updates: 91849 | Time/step: 0.6790 | Tok/sec=  6032.83 | Loss: 3.4909 / log-ppl: 32.8167 | Grad-Norm 2.4523 | ClipCoef 0.4078 | Peak-Mem 85.59GiB
GPU: cuda:0 | Step: 1192 | Updates: 91850 | Time/step: 1.1165 | Tok/sec=  3668.51 | Loss: 3.4154 / log-ppl: 30.4298 | Grad-Norm 1.7562 | ClipCoef 0.5694 | Peak-Mem 115.38GiB
GPU: cuda:0 | Step: 1196 | Updates: 91851 | Time/step: 0.8827 | Tok/sec=  4640.05 | Loss: 3.1716 / log-ppl: 23.8450 | Grad-Norm 1.8515 | ClipCoef 0.5401 | Peak-Mem 115.38GiB
GPU: cuda:0 | Step: 1200 | Updates: 91852 | Time/step: 1.1641 | Tok/sec=  3518.51 | Loss: 3.1911 / log-ppl: 24.3155 | Grad-Norm 2.1911 | ClipCoef 0.4564 | Peak-Mem 115.38GiB
GPU: cuda:0 | Step: 1204 | Updates: 91853 | Time/step: 1.2107 | Tok/sec=  3383.11 | Loss: 2.6132 / log-ppl: 13.6428 | Grad-Norm 1.6180 | ClipCoef 0.6180 | Peak-Mem 115.38GiB
GPU: cuda:0 | Step: 1208 | Updates: 91854 | Time/step: 1.1786 | Tok/sec=  3475.20 | Loss: 3.4751 / log-ppl: 32.2999 | Grad-Norm 1.4893 | ClipCoef 0.6715 | Peak-Mem 115.38GiB
GPU: cuda:0 | Step: 1212 | Updates: 91855 | Time/step: 0.9395 | Tok/sec=  4359.65 | Loss: 3.2201 / log-ppl: 25.0300 | Grad-Norm 1.5675 | ClipCoef 0.6380 | Peak-Mem 115.39GiB
GPU: cuda:0 | Step: 1216 | Updates: 91856 | Time/step: 0.7164 | Tok/sec=  5717.52 | Loss: 3.0238 / log-ppl: 20.5683 | Grad-Norm 2.0123 | ClipCoef 0.4969 | Peak-Mem 115.38GiB
GPU: cuda:0 | Step: 1220 | Updates: 91857 | Time/step: 1.0999 | Tok/sec=  3723.82 | Loss: 3.1129 / log-ppl: 22.4867 | Grad-Norm 1.6061 | ClipCoef 0.6226 | Peak-Mem 115.38GiB
GPU: cuda:0 | Step: 1224 | Updates: 91858 | Time/step: 1.0576 | Tok/sec=  3873.02 | Loss: 3.2552 / log-ppl: 25.9253 | Grad-Norm 1.6020 | ClipCoef 0.6242 | Peak-Mem 115.38GiB
GPU: cuda:0 | Step: 1228 | Updates: 91859 | Time/step: 1.1029 | Tok/sec=  3713.99 | Loss: 3.0893 / log-ppl: 21.9610 | Grad-Norm 1.5944 | ClipCoef 0.6272 | Peak-Mem 115.38GiB
GPU: cuda:0 | Step: 1232 | Updates: 91860 | Time/step: 1.1013 | Tok/sec=  3719.27 | Loss: 2.3160 / log-ppl: 10.1346 | Grad-Norm 1.6915 | ClipCoef 0.5912 | Peak-Mem 115.38GiB
GPU: cuda:0 | Step: 1236 | Updates: 91861 | Time/step: 0.8854 | Tok/sec=  4625.95 | Loss: 2.6530 / log-ppl: 14.1959 | Grad-Norm 1.5529 | ClipCoef 0.6440 | Peak-Mem 115.38GiB
GPU: cuda:0 | Step: 1240 | Updates: 91862 | Time/step: 1.3795 | Tok/sec=  2969.21 | Loss: 3.2165 / log-ppl: 24.9395 | Grad-Norm 1.5759 | ClipCoef 0.6346 | Peak-Mem 115.39GiB
GPU: cuda:0 | Step: 1244 | Updates: 91863 | Time/step: 1.1032 | Tok/sec=  3712.93 | Loss: 2.7801 / log-ppl: 16.1199 | Grad-Norm 1.5831 | ClipCoef 0.6317 | Peak-Mem 115.38GiB
GPU: cuda:0 | Step: 1248 | Updates: 91864 | Time/step: 0.7445 | Tok/sec=  5501.51 | Loss: 3.5815 / log-ppl: 35.9259 | Grad-Norm 1.6391 | ClipCoef 0.6101 | Peak-Mem 115.38GiB
GPU: cuda:0 | Step: 1252 | Updates: 91865 | Time/step: 0.9587 | Tok/sec=  4272.35 | Loss: 2.6688 / log-ppl: 14.4233 | Grad-Norm 1.6013 | ClipCoef 0.6245 | Peak-Mem 115.38GiB
GPU: cuda:0 | Step: 1256 | Updates: 91866 | Time/step: 1.2457 | Tok/sec=  3288.07 | Loss: 3.0611 / log-ppl: 21.3510 | Grad-Norm 7.0330 | ClipCoef 0.1422 | Peak-Mem 115.38GiB
GPU: cuda:0 | Step: 1260 | Updates: 91867 | Time/step: 1.0643 | Tok/sec=  3848.70 | Loss: 2.4782 / log-ppl: 11.9198 | Grad-Norm 1.6807 | ClipCoef 0.5950 | Peak-Mem 115.38GiB
GPU: cuda:0 | Step: 1264 | Updates: 91868 | Time/step: 0.9046 | Tok/sec=  4528.11 | Loss: 2.7302 / log-ppl: 15.3360 | Grad-Norm 1.4887 | ClipCoef 0.6717 | Peak-Mem 115.38GiB
GPU: cuda:0 | Step: 1268 | Updates: 91869 | Time/step: 0.9105 | Tok/sec=  4498.78 | Loss: 2.6598 / log-ppl: 14.2939 | Grad-Norm 1.5363 | ClipCoef 0.6509 | Peak-Mem 115.38GiB
GPU: cuda:0 | Step: 1272 | Updates: 91870 | Time/step: 1.0840 | Tok/sec=  3778.43 | Loss: 3.1519 / log-ppl: 23.3807 | Grad-Norm 1.5881 | ClipCoef 0.6297 | Peak-Mem 115.38GiB
GPU: cuda:0 | Step: 1276 | Updates: 91871 | Time/step: 0.9749 | Tok/sec=  4201.55 | Loss: 2.7434 / log-ppl: 15.5396 | Grad-Norm 1.3886 | ClipCoef 0.7201 | Peak-Mem 115.38GiB
GPU: cuda:0 | Step: 1280 | Updates: 91872 | Time/step: 0.7853 | Tok/sec=  5215.53 | Loss: 3.0924 / log-ppl: 22.0295 | Grad-Norm 1.7517 | ClipCoef 0.5709 | Peak-Mem 115.38GiB
GPU: cuda:0 | Step: 1284 | Updates: 91873 | Time/step: 1.1167 | Tok/sec=  3667.97 | Loss: 2.9526 / log-ppl: 19.1548 | Grad-Norm 1.4846 | ClipCoef 0.6736 | Peak-Mem 115.38GiB
GPU: cuda:0 | Step: 1288 | Updates: 91874 | Time/step: 0.9734 | Tok/sec=  4208.01 | Loss: 2.4733 / log-ppl: 11.8619 | Grad-Norm 1.6230 | ClipCoef 0.6162 | Peak-Mem 115.38GiB
GPU: cuda:0 | Step: 1292 | Updates: 91875 | Time/step: 0.8110 | Tok/sec=  5050.72 | Loss: 2.8091 / log-ppl: 16.5948 | Grad-Norm 1.9852 | ClipCoef 0.5037 | Peak-Mem 115.38GiB
GPU: cuda:0 | Step: 1296 | Updates: 91876 | Time/step: 0.8573 | Tok/sec=  4777.77 | Loss: 2.4895 / log-ppl: 12.0558 | Grad-Norm 1.9815 | ClipCoef 0.5047 | Peak-Mem 115.38GiB
GPU: cuda:0 | Step: 1300 | Updates: 91877 | Time/step: 1.0535 | Tok/sec=  3887.90 | Loss: 3.8465 / log-ppl: 46.8290 | Grad-Norm 1.4876 | ClipCoef 0.6722 | Peak-Mem 115.38GiB
GPU: cuda:0 | Step: 1304 | Updates: 91878 | Time/step: 1.1158 | Tok/sec=  3671.05 | Loss: 3.5773 / log-ppl: 35.7769 | Grad-Norm 1.4881 | ClipCoef 0.6720 | Peak-Mem 115.38GiB
GPU: cuda:0 | Step: 1308 | Updates: 91879 | Time/step: 1.3440 | Tok/sec=  3047.53 | Loss: 2.9921 / log-ppl: 19.9267 | Grad-Norm 2.4261 | ClipCoef 0.4122 | Peak-Mem 115.38GiB
GPU: cuda:0 | Step: 1312 | Updates: 91880 | Time/step: 0.9543 | Tok/sec=  4291.95 | Loss: 3.2066 / log-ppl: 24.6947 | Grad-Norm 1.6173 | ClipCoef 0.6183 | Peak-Mem 115.38GiB
GPU: cuda:0 | Step: 1316 | Updates: 91881 | Time/step: 0.8724 | Tok/sec=  4695.08 | Loss: 3.2192 / log-ppl: 25.0085 | Grad-Norm 1.7360 | ClipCoef 0.5760 | Peak-Mem 110.20GiB
GPU: cuda:0 | Step: 1320 | Updates: 91882 | Time/step: 1.1140 | Tok/sec=  3676.83 | Loss: 2.8932 / log-ppl: 18.0502 | Grad-Norm 1.7297 | ClipCoef 0.5781 | Peak-Mem 115.38GiB
GPU: cuda:0 | Step: 1324 | Updates: 91883 | Time/step: 1.2111 | Tok/sec=  3382.06 | Loss: 2.8968 / log-ppl: 18.1162 | Grad-Norm 1.6511 | ClipCoef 0.6057 | Peak-Mem 115.38GiB
GPU: cuda:0 | Step: 1328 | Updates: 91884 | Time/step: 0.9576 | Tok/sec=  4277.27 | Loss: 2.7282 / log-ppl: 15.3051 | Grad-Norm 1.6175 | ClipCoef 0.6183 | Peak-Mem 115.38GiB
GPU: cuda:0 | Step: 1332 | Updates: 91885 | Time/step: 0.9134 | Tok/sec=  4484.26 | Loss: 3.1023 / log-ppl: 22.2490 | Grad-Norm 1.6827 | ClipCoef 0.5943 | Peak-Mem 115.38GiB
GPU: cuda:0 | Step: 1336 | Updates: 91886 | Time/step: 0.9297 | Tok/sec=  4405.69 | Loss: 3.1401 / log-ppl: 23.1060 | Grad-Norm 4.0071 | ClipCoef 0.2496 | Peak-Mem 115.38GiB
GPU: cuda:0 | Step: 1340 | Updates: 91887 | Time/step: 1.1538 | Tok/sec=  3549.95 | Loss: 3.2667 / log-ppl: 26.2246 | Grad-Norm 1.9043 | ClipCoef 0.5251 | Peak-Mem 115.38GiB
GPU: cuda:0 | Step: 1344 | Updates: 91888 | Time/step: 0.8430 | Tok/sec=  4858.85 | Loss: 2.9813 / log-ppl: 19.7142 | Grad-Norm 10.1572 | ClipCoef 0.0985 | Peak-Mem 115.38GiB
GPU: cuda:0 | Step: 1348 | Updates: 91889 | Time/step: 0.7866 | Tok/sec=  5206.94 | Loss: 3.1444 / log-ppl: 23.2053 | Grad-Norm 1.9041 | ClipCoef 0.5252 | Peak-Mem 115.38GiB
GPU: cuda:0 | Step: 1352 | Updates: 91890 | Time/step: 0.9607 | Tok/sec=  4263.42 | Loss: 2.7358 / log-ppl: 15.4220 | Grad-Norm 1.6283 | ClipCoef 0.6141 | Peak-Mem 115.38GiB
GPU: cuda:0 | Step: 1356 | Updates: 91891 | Time/step: 1.1502 | Tok/sec=  3561.19 | Loss: 3.0879 / log-ppl: 21.9301 | Grad-Norm 1.5920 | ClipCoef 0.6282 | Peak-Mem 115.38GiB
GPU: cuda:0 | Step: 1360 | Updates: 91892 | Time/step: 0.8843 | Tok/sec=  4632.05 | Loss: 3.4354 / log-ppl: 31.0426 | Grad-Norm 1.6724 | ClipCoef 0.5979 | Peak-Mem 115.38GiB
GPU: cuda:0 | Step: 1364 | Updates: 91893 | Time/step: 1.1467 | Tok/sec=  3572.09 | Loss: 2.9262 / log-ppl: 18.6572 | Grad-Norm 1.7546 | ClipCoef 0.5699 | Peak-Mem 115.38GiB
GPU: cuda:0 | Step: 1368 | Updates: 91894 | Time/step: 1.1980 | Tok/sec=  3419.17 | Loss: 2.9664 / log-ppl: 19.4211 | Grad-Norm 1.4664 | ClipCoef 0.6820 | Peak-Mem 115.39GiB
GPU: cuda:0 | Step: 1372 | Updates: 91895 | Time/step: 1.0523 | Tok/sec=  3892.35 | Loss: 2.6475 / log-ppl: 14.1188 | Grad-Norm 2.5823 | ClipCoef 0.3872 | Peak-Mem 115.38GiB
GPU: cuda:0 | Step: 1376 | Updates: 91896 | Time/step: 1.2497 | Tok/sec=  3277.66 | Loss: 3.6105 / log-ppl: 36.9855 | Grad-Norm 1.5012 | ClipCoef 0.6661 | Peak-Mem 115.39GiB
GPU: cuda:0 | Step: 1380 | Updates: 91897 | Time/step: 1.2133 | Tok/sec=  3375.78 | Loss: 3.2594 / log-ppl: 26.0351 | Grad-Norm 1.8011 | ClipCoef 0.5552 | Peak-Mem 115.38GiB
GPU: cuda:0 | Step: 1384 | Updates: 91898 | Time/step: 1.1538 | Tok/sec=  3549.90 | Loss: 2.7410 / log-ppl: 15.5029 | Grad-Norm 1.5955 | ClipCoef 0.6268 | Peak-Mem 115.39GiB
GPU: cuda:0 | Step: 1388 | Updates: 91899 | Time/step: 1.0752 | Tok/sec=  3809.40 | Loss: 2.9062 / log-ppl: 18.2866 | Grad-Norm 1.8285 | ClipCoef 0.5469 | Peak-Mem 115.39GiB
GPU: cuda:0 | Step: 1392 | Updates: 91900 | Time/step: 1.2886 | Tok/sec=  3178.75 | Loss: 3.2447 / log-ppl: 25.6537 | Grad-Norm 1.5665 | ClipCoef 0.6384 | Peak-Mem 115.38GiB
GPU: cuda:0 | Step: 1396 | Updates: 91901 | Time/step: 1.1227 | Tok/sec=  3648.35 | Loss: 3.2686 / log-ppl: 26.2758 | Grad-Norm 1.6355 | ClipCoef 0.6114 | Peak-Mem 115.38GiB
GPU: cuda:0 | Step: 1400 | Updates: 91902 | Time/step: 1.1138 | Tok/sec=  3677.61 | Loss: 3.5062 / log-ppl: 33.3212 | Grad-Norm 2.3703 | ClipCoef 0.4219 | Peak-Mem 115.38GiB
GPU: cuda:0 | Step: 1404 | Updates: 91903 | Time/step: 1.2081 | Tok/sec=  3390.55 | Loss: 3.0810 / log-ppl: 21.7796 | Grad-Norm 1.6167 | ClipCoef 0.6186 | Peak-Mem 115.38GiB
GPU: cuda:0 | Step: 1408 | Updates: 91904 | Time/step: 1.0304 | Tok/sec=  3975.25 | Loss: 3.5704 / log-ppl: 35.5306 | Grad-Norm 1.6384 | ClipCoef 0.6103 | Peak-Mem 115.38GiB
GPU: cuda:0 | Step: 1412 | Updates: 91905 | Time/step: 0.8981 | Tok/sec=  4560.54 | Loss: 2.3801 / log-ppl: 10.8057 | Grad-Norm 1.6376 | ClipCoef 0.6106 | Peak-Mem 115.38GiB
GPU: cuda:0 | Step: 1416 | Updates: 91906 | Time/step: 0.8935 | Tok/sec=  4584.36 | Loss: 2.8073 / log-ppl: 16.5646 | Grad-Norm 1.5343 | ClipCoef 0.6518 | Peak-Mem 115.38GiB
GPU: cuda:0 | Step: 1420 | Updates: 91907 | Time/step: 1.1046 | Tok/sec=  3708.04 | Loss: 3.1911 / log-ppl: 24.3146 | Grad-Norm 1.6549 | ClipCoef 0.6042 | Peak-Mem 115.38GiB
GPU: cuda:0 | Step: 1424 | Updates: 91908 | Time/step: 1.0324 | Tok/sec=  3967.35 | Loss: 2.6483 / log-ppl: 14.1306 | Grad-Norm 1.5607 | ClipCoef 0.6407 | Peak-Mem 115.38GiB
GPU: cuda:0 | Step: 1428 | Updates: 91909 | Time/step: 0.8387 | Tok/sec=  4883.76 | Loss: 2.8760 / log-ppl: 17.7427 | Grad-Norm 1.4704 | ClipCoef 0.6801 | Peak-Mem 110.20GiB
GPU: cuda:0 | Step: 1432 | Updates: 91910 | Time/step: 1.0666 | Tok/sec=  3840.32 | Loss: 2.8485 / log-ppl: 17.2626 | Grad-Norm 1.6329 | ClipCoef 0.6124 | Peak-Mem 115.38GiB
GPU: cuda:0 | Step: 1436 | Updates: 91911 | Time/step: 0.9750 | Tok/sec=  4200.97 | Loss: 2.7412 / log-ppl: 15.5061 | Grad-Norm 2.4099 | ClipCoef 0.4150 | Peak-Mem 115.38GiB
GPU: cuda:0 | Step: 1440 | Updates: 91912 | Time/step: 1.0770 | Tok/sec=  3803.29 | Loss: 2.5872 / log-ppl: 13.2928 | Grad-Norm 1.7778 | ClipCoef 0.5625 | Peak-Mem 115.38GiB
GPU: cuda:0 | Step: 1444 | Updates: 91913 | Time/step: 1.0253 | Tok/sec=  3994.86 | Loss: 3.0232 / log-ppl: 20.5573 | Grad-Norm 1.5758 | ClipCoef 0.6346 | Peak-Mem 115.38GiB
GPU: cuda:0 | Step: 1448 | Updates: 91914 | Time/step: 0.8775 | Tok/sec=  4667.71 | Loss: 3.2636 / log-ppl: 26.1429 | Grad-Norm 1.8670 | ClipCoef 0.5356 | Peak-Mem 115.38GiB
GPU: cuda:0 | Step: 1452 | Updates: 91915 | Time/step: 1.0343 | Tok/sec=  3960.17 | Loss: 3.1982 / log-ppl: 24.4872 | Grad-Norm 1.5226 | ClipCoef 0.6568 | Peak-Mem 115.38GiB
GPU: cuda:0 | Step: 1456 | Updates: 91916 | Time/step: 1.0993 | Tok/sec=  3725.91 | Loss: 2.6701 / log-ppl: 14.4415 | Grad-Norm 1.4643 | ClipCoef 0.6829 | Peak-Mem 115.38GiB
GPU: cuda:0 | Step: 1460 | Updates: 91917 | Time/step: 1.0323 | Tok/sec=  3967.88 | Loss: 2.9205 / log-ppl: 18.5511 | Grad-Norm 2.0828 | ClipCoef 0.4801 | Peak-Mem 115.38GiB
GPU: cuda:0 | Step: 1464 | Updates: 91918 | Time/step: 1.0783 | Tok/sec=  3798.45 | Loss: 2.2222 / log-ppl: 9.2278 | Grad-Norm 1.7604 | ClipCoef 0.5681 | Peak-Mem 115.38GiB
GPU: cuda:0 | Step: 1468 | Updates: 91919 | Time/step: 0.9294 | Tok/sec=  4407.37 | Loss: 2.2501 / log-ppl: 9.4886 | Grad-Norm 2.1198 | ClipCoef 0.4717 | Peak-Mem 115.38GiB
GPU: cuda:0 | Step: 1472 | Updates: 91920 | Time/step: 0.9952 | Tok/sec=  4115.82 | Loss: 2.8731 / log-ppl: 17.6919 | Grad-Norm 1.5372 | ClipCoef 0.6505 | Peak-Mem 115.38GiB
GPU: cuda:0 | Step: 1476 | Updates: 91921 | Time/step: 1.0558 | Tok/sec=  3879.51 | Loss: 3.1268 / log-ppl: 22.8016 | Grad-Norm 4.0122 | ClipCoef 0.2492 | Peak-Mem 115.38GiB
GPU: cuda:0 | Step: 1480 | Updates: 91922 | Time/step: 1.1078 | Tok/sec=  3697.38 | Loss: 3.3136 / log-ppl: 27.4840 | Grad-Norm 1.6207 | ClipCoef 0.6170 | Peak-Mem 115.38GiB
GPU: cuda:0 | Step: 1484 | Updates: 91923 | Time/step: 1.3248 | Tok/sec=  3091.82 | Loss: 3.0431 / log-ppl: 20.9698 | Grad-Norm 1.7461 | ClipCoef 0.5727 | Peak-Mem 115.39GiB
GPU: cuda:0 | Step: 1488 | Updates: 91924 | Time/step: 0.7380 | Tok/sec=  5550.27 | Loss: 2.9284 / log-ppl: 18.6970 | Grad-Norm 1.7791 | ClipCoef 0.5621 | Peak-Mem 95.52GiB
GPU: cuda:0 | Step: 1492 | Updates: 91925 | Time/step: 0.9800 | Tok/sec=  4179.68 | Loss: 3.2296 / log-ppl: 25.2707 | Grad-Norm 3.1705 | ClipCoef 0.3154 | Peak-Mem 115.38GiB
GPU: cuda:0 | Step: 1496 | Updates: 91926 | Time/step: 1.2591 | Tok/sec=  3253.22 | Loss: 3.4084 / log-ppl: 30.2175 | Grad-Norm 1.6355 | ClipCoef 0.6114 | Peak-Mem 115.39GiB
GPU: cuda:0 | Step: 1500 | Updates: 91927 | Time/step: 1.0445 | Tok/sec=  3921.39 | Loss: 2.9598 / log-ppl: 19.2934 | Grad-Norm 1.6586 | ClipCoef 0.6029 | Peak-Mem 115.38GiB
GPU: cuda:0 | Step: 1504 | Updates: 91928 | Time/step: 1.2043 | Tok/sec=  3401.18 | Loss: 3.3718 / log-ppl: 29.1303 | Grad-Norm 1.6077 | ClipCoef 0.6220 | Peak-Mem 115.38GiB
GPU: cuda:0 | Step: 1508 | Updates: 91929 | Time/step: 1.0179 | Tok/sec=  4023.99 | Loss: 3.4316 / log-ppl: 30.9247 | Grad-Norm 2.1593 | ClipCoef 0.4631 | Peak-Mem 115.38GiB
GPU: cuda:0 | Step: 1512 | Updates: 91930 | Time/step: 0.9479 | Tok/sec=  4321.11 | Loss: 3.1033 / log-ppl: 22.2718 | Grad-Norm 1.6600 | ClipCoef 0.6024 | Peak-Mem 115.38GiB
GPU: cuda:0 | Step: 1516 | Updates: 91931 | Time/step: 0.8183 | Tok/sec=  5005.33 | Loss: 2.9837 / log-ppl: 19.7617 | Grad-Norm 1.8203 | ClipCoef 0.5494 | Peak-Mem 105.45GiB
GPU: cuda:0 | Step: 1520 | Updates: 91932 | Time/step: 1.0804 | Tok/sec=  3791.12 | Loss: 2.8951 / log-ppl: 18.0846 | Grad-Norm 1.7559 | ClipCoef 0.5695 | Peak-Mem 115.39GiB
GPU: cuda:0 | Step: 1524 | Updates: 91933 | Time/step: 0.9210 | Tok/sec=  4447.16 | Loss: 2.5664 / log-ppl: 13.0194 | Grad-Norm 2.1484 | ClipCoef 0.4655 | Peak-Mem 115.38GiB
GPU: cuda:0 | Step: 1528 | Updates: 91934 | Time/step: 1.1998 | Tok/sec=  3414.03 | Loss: 3.2472 / log-ppl: 25.7182 | Grad-Norm 1.8962 | ClipCoef 0.5274 | Peak-Mem 115.39GiB
GPU: cuda:0 | Step: 1532 | Updates: 91935 | Time/step: 0.9487 | Tok/sec=  4317.41 | Loss: 2.9491 / log-ppl: 19.0884 | Grad-Norm 1.5467 | ClipCoef 0.6466 | Peak-Mem 115.38GiB
GPU: cuda:0 | Step: 1536 | Updates: 91936 | Time/step: 0.8645 | Tok/sec=  4738.23 | Loss: 2.9032 / log-ppl: 18.2332 | Grad-Norm 2.1021 | ClipCoef 0.4757 | Peak-Mem 115.38GiB
GPU: cuda:0 | Step: 1540 | Updates: 91937 | Time/step: 1.1483 | Tok/sec=  3566.95 | Loss: 3.4280 / log-ppl: 30.8138 | Grad-Norm 1.8989 | ClipCoef 0.5266 | Peak-Mem 115.38GiB
GPU: cuda:0 | Step: 1544 | Updates: 91938 | Time/step: 1.0442 | Tok/sec=  3922.55 | Loss: 3.0015 / log-ppl: 20.1154 | Grad-Norm 1.5642 | ClipCoef 0.6393 | Peak-Mem 115.38GiB
GPU: cuda:0 | Step: 1548 | Updates: 91939 | Time/step: 0.9609 | Tok/sec=  4262.70 | Loss: 3.0437 / log-ppl: 20.9823 | Grad-Norm 1.7878 | ClipCoef 0.5594 | Peak-Mem 115.38GiB
GPU: cuda:0 | Step: 1552 | Updates: 91940 | Time/step: 1.1334 | Tok/sec=  3613.95 | Loss: 3.3036 / log-ppl: 27.2103 | Grad-Norm 1.6577 | ClipCoef 0.6033 | Peak-Mem 115.39GiB
GPU: cuda:0 | Step: 1556 | Updates: 91941 | Time/step: 0.9237 | Tok/sec=  4434.49 | Loss: 3.3541 / log-ppl: 28.6191 | Grad-Norm 1.5224 | ClipCoef 0.6569 | Peak-Mem 115.38GiB
GPU: cuda:0 | Step: 1560 | Updates: 91942 | Time/step: 1.0830 | Tok/sec=  3782.25 | Loss: 2.4718 / log-ppl: 11.8439 | Grad-Norm 1.9035 | ClipCoef 0.5254 | Peak-Mem 115.38GiB
GPU: cuda:0 | Step: 1564 | Updates: 91943 | Time/step: 1.0745 | Tok/sec=  3812.09 | Loss: 4.5299 / log-ppl: 92.7518 | Grad-Norm 1.9008 | ClipCoef 0.5261 | Peak-Mem 115.39GiB
GPU: cuda:0 | Step: 1568 | Updates: 91944 | Time/step: 0.9500 | Tok/sec=  4311.42 | Loss: 2.8564 / log-ppl: 17.3993 | Grad-Norm 2.4630 | ClipCoef 0.4060 | Peak-Mem 115.38GiB
GPU: cuda:0 | Step: 1572 | Updates: 91945 | Time/step: 0.9644 | Tok/sec=  4247.17 | Loss: 2.9049 / log-ppl: 18.2642 | Grad-Norm 1.7667 | ClipCoef 0.5660 | Peak-Mem 115.38GiB
GPU: cuda:0 | Step: 1576 | Updates: 91946 | Time/step: 1.2567 | Tok/sec=  3259.21 | Loss: 3.1632 / log-ppl: 23.6470 | Grad-Norm 2.3153 | ClipCoef 0.4319 | Peak-Mem 115.38GiB
GPU: cuda:0 | Step: 1580 | Updates: 91947 | Time/step: 0.9144 | Tok/sec=  4479.27 | Loss: 3.4711 / log-ppl: 32.1724 | Grad-Norm 1.6562 | ClipCoef 0.6038 | Peak-Mem 115.38GiB
GPU: cuda:0 | Step: 1584 | Updates: 91948 | Time/step: 0.7557 | Tok/sec=  5419.99 | Loss: 3.3125 / log-ppl: 27.4524 | Grad-Norm 1.9697 | ClipCoef 0.5077 | Peak-Mem 115.38GiB
GPU: cuda:0 | Step: 1588 | Updates: 91949 | Time/step: 0.9904 | Tok/sec=  4135.72 | Loss: 3.4777 / log-ppl: 32.3843 | Grad-Norm 3.4182 | ClipCoef 0.2926 | Peak-Mem 115.38GiB
GPU: cuda:0 | Step: 1592 | Updates: 91950 | Time/step: 1.0575 | Tok/sec=  3873.12 | Loss: 2.7972 / log-ppl: 16.3979 | Grad-Norm 1.9854 | ClipCoef 0.5037 | Peak-Mem 115.39GiB
GPU: cuda:0 | Step: 1596 | Updates: 91951 | Time/step: 1.0222 | Tok/sec=  4007.10 | Loss: 2.9709 / log-ppl: 19.5100 | Grad-Norm 3.8471 | ClipCoef 0.2599 | Peak-Mem 115.38GiB
GPU: cuda:0 | Step: 1600 | Updates: 91952 | Time/step: 1.1345 | Tok/sec=  3610.52 | Loss: 2.4906 / log-ppl: 12.0682 | Grad-Norm 1.6888 | ClipCoef 0.5921 | Peak-Mem 115.38GiB
[stop_at_step] reached 91952 — ending this phase (schedule horizon max_steps=305176 unchanged)
[rank 0] Saved checkpoint @ step 91,952
--------------------------------------------------------------------
Training time: 0:27:31.012639 
Max. Mem allocated: 12.103 GB. Max. Mem reserved: 116.684 GB.
--------------------------------------------------------------------
--------------------------------------------------------------------
Run None finished without error.
---------Total time: 0:27:43.160758 ---------
-----------------Shutdown complete.--------------------------

######## architecture probe: did it actually train? ########

=== Z probe | cortex-retrofit/probe-p1-a3z-gated-w16k64-cc8-z/checkpoint_91952 ===
    optimizer_step 91,952  |  buffer: gated, E+Z
    parent step 91,552 -> +400 steps
  [PASS] the probe advanced past its parent  400 steps

-- is every block attached to the loss? --
  [PASS] gate_proj_in_z left its zero init  |W|_1 = 2.9617e+04
  [PASS] gate_proj_mem_z left its zero init  |W|_1 = 2.7693e+04
    forget_bias_z = +0.97044  (init +1.0)
    input_bias_z = +0.04892  (init 0.0)
  [PASS] summary_emb moved  rel change 4.496e-02
  [PASS] every parameter is finite
  [PASS] latent_carry in the config matches the parameters found  config True, parameters True
  [PASS] summary_emb width matches accum_vecs  16 vs 16

========================================================================
PROBE PASSED — the architecture is LIVE: every block that should
be attached to the loss is attached to it.

THIS IS NOT A RESULT ABOUT Z.  A few hundred steps cannot say whether
the channel helps; that is what the full cell, evals/eval_carry_2x2.py
and evals/eval_influence_horizon.py are for.  Do not quote this run.
========================================================================
[cortex] OVERRIDE config.use_memory: '<absent>' -> True  (NOT what this checkpoint trained with unless they match)
[cortex] OVERRIDE config.memory_slots: '<absent>' -> 0  (NOT what this checkpoint trained with unless they match)
[cortex] OVERRIDE config.prefix_memory: '<absent>' -> 'gated'  (NOT what this checkpoint trained with unless they match)
[cortex] OVERRIDE config.accum_vecs: '<absent>' -> 16  (NOT what this checkpoint trained with unless they match)
[cortex] OVERRIDE config.gate_slots: '<absent>' -> 64  (NOT what this checkpoint trained with unless they match)
[cortex] OVERRIDE config.gate_route: '<absent>' -> 'ring'  (NOT what this checkpoint trained with unless they match)
[cortex] OVERRIDE config.gate_norm: '<absent>' -> 'tanh'  (NOT what this checkpoint trained with unless they match)
[cortex] OVERRIDE config.gate_init: '<absent>' -> 'zero'  (NOT what this checkpoint trained with unless they match)
[cortex] OVERRIDE config.gate_fill: '<absent>' -> 'grow'  (NOT what this checkpoint trained with unless they match)
[cortex] OVERRIDE config.latent_carry: '<absent>' -> True  (NOT what this checkpoint trained with unless they match)
[cortex] OVERRIDE config.latent_depth_rule: '<absent>' -> 'absolute'  (NOT what this checkpoint trained with unless they match)
[cortex] OVERRIDE config.latent_depth_lo: '<absent>' -> 2  (NOT what this checkpoint trained with unless they match)
[cortex] OVERRIDE config.latent_depth_hi: '<absent>' -> 9  (NOT what this checkpoint trained with unless they match)
[cortex] OVERRIDE config.latent_renorm: '<absent>' -> 'none'  (NOT what this checkpoint trained with unless they match)
Random Initialization not implemented.
Random Initialization not implemented.
Random Initialization not implemented.
Random Initialization not implemented.
Random Initialization not implemented.
Random Initialization not implemented.
Random Initialization not implemented.
Loading checkpoint shards:   0%|          | 0/2 [00:00<?, ?it/s]Loading checkpoint shards: 100%|██████████| 2/2 [00:00<00:00, 193.82it/s]
Some weights of RavenForCausalLM were not initialized from the model checkpoint at ckpts/olmo-retrofit-cortex and are newly initialized: ['cortex.prefix.forget_bias', 'cortex.prefix.forget_bias_z', 'cortex.prefix.gate_proj_in.bias', 'cortex.prefix.gate_proj_in.weight', 'cortex.prefix.gate_proj_in_z.bias', 'cortex.prefix.gate_proj_in_z.weight', 'cortex.prefix.gate_proj_mem.bias', 'cortex.prefix.gate_proj_mem.weight', 'cortex.prefix.gate_proj_mem_z.bias', 'cortex.prefix.gate_proj_mem_z.weight', 'cortex.prefix.input_bias', 'cortex.prefix.input_bias_z', 'cortex.prefix.summary_emb', 'cortex.prefix.summary_seeded']
You should probably TRAIN this model on a down-stream task to be able to use it for predictions and inference.
[cortex] reset 4 cortex submodules to nn defaults + re-applied designed inits ['prefix.[summary_emb~N(reseeded from wte on first forward),forget_bias=1,input_bias=0,gate_init=zero,forget_bias_z=1,input_bias_z=0,gate_init_z=zero]'] (undo post_init clobber)
[load] overlaid cortex-retrofit/probe-p1-a3z-gated-w16k64-cc8-z/checkpoint_91952/chkpt.pt: 0 missing / 0 unexpected keys

====================================================================================================
DUAL-CHANNEL WALK  PrefixGatedBuffer  W=16 K=64 route=ring  Z=on  8 chunks x 256 tokens
====================================================================================================
ch      rows  width   touched  as ring?   |E|/s0   |Z|/s0  tape  wgrad  read  z-read err     loss
 0     0->16     2D        16         -   287.31     9.02     8   1.00   yes           -  11.8671
 1    16->32     2D        16         -   288.29    10.94     8   1.00   yes    0.00e+00  11.3288
 2    32->48     2D        16         -   288.88    10.79     8   1.00   yes    0.00e+00  11.4156
 3    48->64     2D        16         -   289.97    10.84     8   1.00   yes    0.00e+00  11.7019
 4    64->64     2D        16       yes   290.52     9.73     8   1.00   yes    0.00e+00  11.6631
 5    64->64     2D        16       yes   292.57    11.12     8   1.00   yes    0.00e+00  11.6751
 6    64->64     2D        16       yes   296.94    10.26     8   1.00   yes    0.00e+00  11.8379
 7    64->64     2D        16       yes   295.07     9.79     8   1.00   yes    0.00e+00  11.5789

-- final carry ------------------------------------------------------
   rows 64  channels 2
   E: row_norm 136.970  centred_cos 0.0001  eff_rank_pr 10.74  entropy 48.06
   Z: row_norm 4.037  centred_cos 0.0322  eff_rank_pr 9.78  entropy 47.80
   Z/E norm ratio 0.0295  unwritten Z rows 0

-- gate parameters --------------------------------------------------
   E  fg(bias) 0.7327  ig(bias) 0.5052  |W_in| 1.285e+01  |W_mem| 1.216e+01  left init: True
   Z  fg(bias) 0.7252  ig(bias) 0.5122  |W_in| 1.300e+01  |W_mem| 1.215e+01  left init: True

-- gradient norms (one backward over the summed chain loss) ---------
   prefix.forget_bias                   1.456522e-04
   prefix.forget_bias_z                 1.334440e-04
   prefix.gate_proj_in.weight           7.653525e-01
   prefix.gate_proj_in_z.weight         3.275998e-04
   prefix.gate_proj_mem.weight          2.099736e-01
   prefix.gate_proj_mem_z.weight        3.183749e-04
   prefix.input_bias                    7.407251e-04
   prefix.input_bias_z                  1.931298e-04
   prefix.summary_emb                   4.559121e-01

   Z read grad frac over this walk: 1.00 (measured=True)  write grad frac 1.00
   read_grad_frac is a property of the SAMPLER, not of the walk: one
   no-grad step cuts Z's read gradient to exactly zero, and E's is
   unaffected because E re-enters through input_embeds every step.

This table is evidence about the MACHINERY, not about whether Z helps.
That needs the full cell, the 2x2 and the influence horizon.

wrote eval_results/probe-probe-p1-a3z-gated-w16k64-cc8-z/walk.json
[cortex] OVERRIDE config.use_memory: '<absent>' -> True  (NOT what this checkpoint trained with unless they match)
[cortex] OVERRIDE config.memory_slots: '<absent>' -> 0  (NOT what this checkpoint trained with unless they match)
[cortex] OVERRIDE config.prefix_memory: '<absent>' -> 'gated'  (NOT what this checkpoint trained with unless they match)
[cortex] OVERRIDE config.accum_vecs: '<absent>' -> 16  (NOT what this checkpoint trained with unless they match)
[cortex] OVERRIDE config.gate_slots: '<absent>' -> 64  (NOT what this checkpoint trained with unless they match)
[cortex] OVERRIDE config.gate_route: '<absent>' -> 'ring'  (NOT what this checkpoint trained with unless they match)
[cortex] OVERRIDE config.gate_norm: '<absent>' -> 'tanh'  (NOT what this checkpoint trained with unless they match)
[cortex] OVERRIDE config.gate_init: '<absent>' -> 'zero'  (NOT what this checkpoint trained with unless they match)
[cortex] OVERRIDE config.gate_fill: '<absent>' -> 'grow'  (NOT what this checkpoint trained with unless they match)
[cortex] OVERRIDE config.latent_carry: '<absent>' -> True  (NOT what this checkpoint trained with unless they match)
[cortex] OVERRIDE config.latent_depth_rule: '<absent>' -> 'absolute'  (NOT what this checkpoint trained with unless they match)
[cortex] OVERRIDE config.latent_depth_lo: '<absent>' -> 2  (NOT what this checkpoint trained with unless they match)
[cortex] OVERRIDE config.latent_depth_hi: '<absent>' -> 9  (NOT what this checkpoint trained with unless they match)
[cortex] OVERRIDE config.latent_renorm: '<absent>' -> 'none'  (NOT what this checkpoint trained with unless they match)
Random Initialization not implemented.
Random Initialization not implemented.
Random Initialization not implemented.
Random Initialization not implemented.
Random Initialization not implemented.
Random Initialization not implemented.
Random Initialization not implemented.
Loading checkpoint shards:   0%|          | 0/2 [00:00<?, ?it/s]Loading checkpoint shards: 100%|██████████| 2/2 [00:00<00:00, 179.65it/s]
Some weights of RavenForCausalLM were not initialized from the model checkpoint at ckpts/olmo-retrofit-cortex and are newly initialized: ['cortex.prefix.forget_bias', 'cortex.prefix.forget_bias_z', 'cortex.prefix.gate_proj_in.bias', 'cortex.prefix.gate_proj_in.weight', 'cortex.prefix.gate_proj_in_z.bias', 'cortex.prefix.gate_proj_in_z.weight', 'cortex.prefix.gate_proj_mem.bias', 'cortex.prefix.gate_proj_mem.weight', 'cortex.prefix.gate_proj_mem_z.bias', 'cortex.prefix.gate_proj_mem_z.weight', 'cortex.prefix.input_bias', 'cortex.prefix.input_bias_z', 'cortex.prefix.summary_emb', 'cortex.prefix.summary_seeded']
You should probably TRAIN this model on a down-stream task to be able to use it for predictions and inference.
[cortex] reset 4 cortex submodules to nn defaults + re-applied designed inits ['prefix.[summary_emb~N(reseeded from wte on first forward),forget_bias=1,input_bias=0,gate_init=zero,forget_bias_z=1,input_bias_z=0,gate_init_z=zero]'] (undo post_init clobber)
[load] overlaid cortex-retrofit/probe-p1-a3z-gated-w16k64-cc8-z/checkpoint_91952/chkpt.pt: 0 missing / 0 unexpected keys
[gate 3] WARNING: --trained_depth not given, so the sweep is anchored on config.mean_recurrence, which is INHERITED from the base recipe and is not what the arm trains at.  The sweep rows below are still correct per mr; read the one for YOUR arm, not the 'at_run_config' row.

==============================================================================
CORTEX-FINAL PRE-LAUNCH GATES
==============================================================================
[PASS] z_off_equivalence
       max |loss(Z suppressed) - loss(E only)| = 0.000e+00  (bar 1e-05)
       max |E carry difference|             = 0.000e+00
[PASS] checkpoint_roundtrip
       strict load: clean
       raw saved config is NOT loadable as-is (expected): run tools/prepare_eval_checkpoint.py on every dir the evals read.
       geometry survived: True  both channels: True  carry width [4096, 4096]
       max |loss before - after| = 0.000e+00
[PASS] read_live_fraction
       at mr=32 depth=8: read_live_frac = 0.019 (4000 samples)
         mr=  8  live 0.546  no_grad mean 2.39  total steps 8.88
         mr= 16  live 0.148  no_grad mean 9.21  total steps 16.97
         mr= 32  live 0.019  no_grad mean 25.63  total steps 33.59
       MEASURED, not derived.  Write it into the Z pre-registration.
[PASS] donor_control
       real=11.5789  none=11.4044  donor_both=11.5249  donor_e=11.5248  donor_z=11.5790
       content delta (donor-real, both) = -0.0540
       content delta E = -0.0541   content delta Z = +0.0001
       column  delta (none -real)       = -0.1745   <- confounded, for contrast only

These gates say the MACHINERY is live and the checkpoint survives a
round trip.  None of them says whether Z helps or whether the gate beats
accum -- that needs the full cells, the 2x2 and the influence horizon.

wrote eval_results/probe-probe-p1-a3z-gated-w16k64-cc8-z/prelaunch.json

When every arm's probe has run, compare them against A1 -- the arm
carrying B2's buffer, and the only valid stand-in for 'vs B2' at
matched parent, corpus, step window and seed:
  bash pace/submit_p1_probes.sh --compare
---------------------------------------
Begin Slurm Epilog: Sep-16-2026 23:10:59
Job ID:        13272608
User ID:       hjiang420
Account:       gts-aivanova7-lab
Job name:      p1_arms.sbatch
Resources:     cpu=8,gres/gpu:h200=1,mem=64G,node=1
Rsrc Used:     cput=03:55:28,vmem=0,walltime=00:29:26,mem=56718240K,energy_used=0
Partition:     gpu-h200
QOS:           inferno
Nodes:         atl1-1-03-018-14-0
---------------------------------------
