---------------------------------------
Begin Slurm Prolog: Aug-07-2026 23:00:26
Job ID:    11740954
User ID:   hjiang420
Account:   gts-aivanova7-lab
Job name:  eval_context_ceiling.sbatch
Partition: gpu-a100
QOS:       inferno
---------------------------------------

CondaError: Run 'conda init' before 'conda deactivate'

[ok]  cortex-retro-ft/rung1-pfxaccum32-cc8-tb4-rs-pg19-ep3/final_checkpoint
      already prepared
      flags: {'use_memory': True, 'memory_slots': 0, 'memory_slots_iter': 0, 'memory_heads': 4, 'prefix_memory': 'accum', 'accum_vecs': 32, 'accum_max': 256, 'h_T_proj': True, 'lora_rank': 0, 'lora_alpha': 32.0, 'mean_recurrence': 8, 'mean_backprop_depth': 8}
=== context ceiling: cortex-retro-ft/rung1-pfxaccum32-cc8-tb4-rs-pg19-ep3/final_checkpoint -> eval_results/context_ceiling_rung1-20260807/rung1-pfxaccum32-cc8-tb4-rs-pg19-ep3 ===
Loading: cortex-retro-ft/rung1-pfxaccum32-cc8-tb4-rs-pg19-ep3/final_checkpoint  (overlay: None)
Loading checkpoint shards:   0%|          | 0/2 [00:00<?, ?it/s]Loading checkpoint shards:  50%|█████     | 1/2 [00:58<00:58, 58.47s/it]Loading checkpoint shards: 100%|██████████| 2/2 [01:03<00:00, 26.77s/it]Loading checkpoint shards: 100%|██████████| 2/2 [01:03<00:00, 31.52s/it]
T=8  n_chunks=8  carry condition: on
context lens: 0 + [64, 128, 256, 512]
carry_plus:   carry + [128, 256] real tokens
position bands: 4 per chunk
data/pg19_olmo_val_len4096: 50 rows, evaluating 50
  sample 1 took 6.2s -> ETA 5 min
  10/50 samples  [1 min]
  20/50 samples  [2 min]
  30/50 samples  [3 min]
  40/50 samples  [4 min]
  50/50 samples  [5 min]

  Chunk      N       k=0      k=64     k=128     k=256     k=512     carry
  ------------------------------------------------------------------------
  2         50    2.8141    2.7422    2.7208    2.6961    2.6707    2.8141
  3         50    2.8660    2.7954    2.7764    2.7539    2.7380    2.8660
  4         50    2.8973    2.8274    2.8094    2.7844    2.7617    2.8973
  5         50    2.9436    2.8715    2.8535    2.8258    2.8063    2.9436
  6         50    2.8848    2.8166    2.7980    2.7727    2.7524    2.8848
  7         50    2.9912    2.9252    2.9039    2.8830    2.8545    2.9912
  8         50    2.9700    2.9058    2.8922    2.8633    2.8417    2.9700

  chunks 2+ pooled (n=350), delta vs k=0 (positive = that context HELPS):
       64 real tokens : +0.06900  (SE 0.00184)
      128 real tokens : +0.08756  (SE 0.00221)
      256 real tokens : +0.11255  (SE 0.00269)
      512 real tokens : +0.13454  (SE 0.00302)
    carry             : +0.00000  (SE 0.00000)

  => the carry is worth LESS than no context at all; no equivalent exists
  => it recovers 0.0% of the best oracle (+0.13454 at k=512 real tokens)

  carry + real context (n=350).  residual = what the carry adds
  ON TOP of context that is free at inference:
    carry+128   : total +0.08756 (SE 0.00221)   residual +0.00000 (SE 0.00000)  (standalone carry delta <= 0)
    carry+256   : total +0.11255 (SE 0.00269)   residual +0.00000 (SE 0.00000)  (standalone carry delta <= 0)
  A residual near zero means the carry is a LOCAL-CONTEXT
  SURROGATE: it re-supplies what the last k tokens already give,
  so the headroom worth chasing is (best ceiling - ceiling(k)),
  not the whole ceiling.

  position bands inside the chunk (n=350 chunk-instances), delta vs k=0 in the SAME band:
  condition            0-25%      25-50%      50-75%     75-100%
  k64               +0.22964    +0.02765    +0.01192    +0.00679
  k128              +0.27125    +0.04245    +0.02334    +0.01320
  k256              +0.31690    +0.06989    +0.03944    +0.02398
  k512              +0.35075    +0.09175    +0.05841    +0.03725
  carry             +0.00000    +0.00000    +0.00000    +0.00000
  carry+128         +0.27125    +0.04245    +0.02334    +0.01320
  carry+256         +0.31690    +0.06989    +0.03944    +0.02398
  Compare the carry's PROFILE to the oracle's, not to flat.  A
  front-loaded oracle is the boundary effect; a carry that tracks
  it is stitching the seam, a carry that stays flat across bands
  is supplying something that is not the previous chunk's text.

Results saved -> eval_results/context_ceiling_rung1-20260807/rung1-pfxaccum32-cc8-tb4-rs-pg19-ep3
---------------------------------------
Begin Slurm Epilog: Aug-07-2026 23:06:46
Job ID:        11740954
User ID:       hjiang420
Account:       gts-aivanova7-lab
Job name:      eval_context_ceiling.sbatch
Resources:     cpu=8,gres/gpu:a100=1,mem=64G,node=1
Rsrc Used:     cput=00:50:56,vmem=0,walltime=00:06:22,mem=6922156K,energy_used=0
Partition:     gpu-a100
QOS:           inferno
Nodes:         atl1-1-02-018-35-0
---------------------------------------
