---------------------------------------
Begin Slurm Prolog: Sep-01-2026 11:52:19
Job ID:    12684715
User ID:   hjiang420
Account:   gts-aivanova7-lab
Job name:  eval_carry_ablation.sbatch
Partition: gpu-a100
QOS:       inferno
---------------------------------------
[ok]  cortex-retrofit/retro-b2-acc32-cc8-mr8/final_checkpoint
      already prepared
      flags: {'use_memory': True, 'memory_slots': 0, 'memory_slots_iter': 0, 'memory_heads': 4, 'prefix_memory': 'accum', 'accum_vecs': 32, 'accum_max': 256, 'h_T_proj': True, 'lora_rank': 0, 'lora_alpha': 32.0, 'mean_recurrence': 32, 'mean_backprop_depth': 8}
=== carry ablation: retro-b2-acc32-cc8-mr8 -> eval_results/carry_ablation_b2-Tsweep-T16/retro-b2-acc32-cc8-mr8 ===
Loading: cortex-retrofit/retro-b2-acc32-cc8-mr8/final_checkpoint  (overlay: None)
Loading checkpoint shards:   0%|          | 0/2 [00:00<?, ?it/s]Loading checkpoint shards:  50%|█████     | 1/2 [01:15<01:15, 75.10s/it]Loading checkpoint shards: 100%|██████████| 2/2 [01:27<00:00, 38.34s/it]Loading checkpoint shards: 100%|██████████| 2/2 [01:27<00:00, 43.85s/it]
T=16  n_chunks=8
data/pg19_olmo_val_len4096: 50 rows, evaluating 50
  25/50 samples...
  50/50 samples...

  Chunk       N    carried     zeroed    d(zeroed)   (delta>0 => that carry content helps)
  ------------------------------------------------
  1          50     4.1127     4.1127      0.00000
  2          50     3.5598     3.7196      0.15980
  3          50     3.5326     3.7238      0.19122
  4          50     3.5054     3.7047      0.19932
  5          50     3.5427     3.7521      0.20942
  6          50     3.4646     3.6785      0.21388
  7          50     3.4977     3.7122      0.21448
  8          50     3.5051     3.7180      0.21293

  chunks 2+ [ zeroed]: delta = 0.20015 (SE 0.00361)  [chunk 1 is the identical-by-construction control]

Results saved -> eval_results/carry_ablation_b2-Tsweep-T16/retro-b2-acc32-cc8-mr8
---------------------------------------
Begin Slurm Epilog: Sep-01-2026 11:55:16
Job ID:        12684715
User ID:       hjiang420
Account:       gts-aivanova7-lab
Job name:      eval_carry_ablation.sbatch
Resources:     cpu=8,gres/gpu:a100=1,mem=64G,node=1
Rsrc Used:     cput=00:24:00,vmem=0,walltime=00:03:00,mem=6346024K,energy_used=0
Partition:     gpu-a100
QOS:           inferno
Nodes:         atl1-1-01-002-20-0
---------------------------------------
