---------------------------------------
Begin Slurm Prolog: Sep-30-2026 16:41:42
Job ID:    13764691
User ID:   hjiang420
Account:   gts-aivanova7-lab
Job name:  unit_suite
Partition: cpu-small
QOS:       inferno
---------------------------------------
=== unit suite | atl1-1-02-008-9-1.pace.gatech.edu ===
    tests: tests/
    args:  -q
    torch 2.5.1+cu121, python 3.11.15

........................................................................ [  4%]
........................................................................ [  8%]
........................................................................ [ 13%]
........................................................................ [ 17%]
........................................................................ [ 22%]
........................................................................ [ 26%]
........................s............................................... [ 31%]
........................................................................ [ 35%]
........................................................................ [ 40%]
........................................................................ [ 44%]
........................................................................ [ 49%]
........................................................................ [ 53%]
........................................................................ [ 57%]
........................................................................ [ 62%]
........................................................................ [ 66%]
........................................................................ [ 71%]
........................................................................ [ 75%]
........................................................................ [ 80%]
........................................................................ [ 84%]
........................................................................ [ 89%]
........................................................................ [ 93%]
........................................................................ [ 98%]
................................                                         [100%]
1615 passed, 1 skipped in 156.64s (0:02:36)

==============================================================
SUITE GREEN in 159s
==============================================================
---------------------------------------
Begin Slurm Epilog: Sep-30-2026 16:44:35
Job ID:        13764691
User ID:       hjiang420
Account:       gts-aivanova7-lab
Job name:      unit_suite
Resources:     cpu=8,mem=32G,node=1
Rsrc Used:     cput=00:23:20,vmem=0,walltime=00:02:55,mem=1437624K,energy_used=0
Partition:     cpu-small
QOS:           inferno
Nodes:         atl1-1-02-008-9-1
---------------------------------------
