---------------------------------------
Begin Slurm Prolog: Sep-26-2026 13:06:27
Job ID:    13609379
User ID:   hjiang420
Account:   gts-aivanova7-lab
Job name:  z3_registers
Partition: gpu-h200
QOS:       inferno
---------------------------------------
=== z3 register probe | task 2 = j1-a3z-tokens-noread ===
    checkpoint: cortex-retrofit/j1-a3z-tokens-noread/checkpoint_93552
    data:       data/carry_task_r16_len4096_val (first 300 rows)
    out:        eval_results/z3_registers/j1-a3z-tokens-noread
NVIDIA H200, 143771 MiB
  File "/storage/home/hcoda1/3/hjiang420/cortex-finetune/evals/diag_z_registers.py", line 758
    f"margin): {'YES' if inc['pca_retains_E'] else 'NO -- the '
    ^
SyntaxError: unterminated string literal (detected at line 758)

z3 j1-a3z-tokens-noread FAILED rc=1
---------------------------------------
Begin Slurm Epilog: Sep-26-2026 13:06:33
Job ID:        13609379
Array Job ID:  13609300_2
User ID:       hjiang420
Account:       gts-aivanova7-lab
Job name:      z3_registers
Resources:     cpu=8,gres/gpu:h200=1,mem=64G,node=1
Rsrc Used:     cput=00:01:20,vmem=0,walltime=00:00:10,mem=39288K,energy_used=0
Partition:     gpu-h200
QOS:           inferno
Nodes:         atl1-1-02-014-2-0
---------------------------------------
