---------------------------------------
Begin Slurm Prolog: Sep-27-2026 13:24:53
Job ID:    13642036
User ID:   hjiang420
Account:   gts-aivanova7-lab
Job name:  j6_arms
Partition: gpu-h100
QOS:       inferno
---------------------------------------
  ok   same dir (ckpts/olmo-retrofit-cortex) -- nothing to compare
=== J6 | limb=delta | run=j6-a3z-delta ===
    base:      ckpts/olmo-retrofit-cortex
    branch:    cortex-retrofit/retro-b2-heal/checkpoint_91552_w16  (step 91552 -> stop 93552, horizon 305176)
    data:      data/j1_pg19fw50_carry20_len4096   (READ THIS LINE -- the only proof the pack arrived)
    geometry:  gated W=16 K=64 cc=8 grad_chunks=4 wb=1
    encoding:  delta   znorm rms -> 136.0
    arm args:  --cortex.latent_read_scramble false --cortex.e_carry_read true --cortex.latent_carry_read true
    NOTE the echo above is NOT proof a flag took effect -- e_carry_read
         printed correctly for two runs while doing nothing.  The smoke
         gate reads cortex_diag; that is the proof.
[W927 13:25:06.314785438 CUDAAllocatorConfig.h:28] Warning: expandable_segments not supported on this platform (function operator())
Sun Sep 27 13:25:04: Time to load libraries: 8.45 seconds.
--------------------------------------------------------------------
------------------ Launching run j6-a3z-delta------------------
--------------------------------------------------------------------
--------------------------------------------------------------------
Platform: linux, Python: 3.11.15, PyTorch: 2.5.1+cu121
CPU threads: 8, GPUs: 1 on atl1-1-03-008-32-0.pace.gatech.edu.
GPU : NVIDIA H100 80GB HBM3. CUDA: 12.1.
[cortex] memory ON: K=0 K_iter=0 ccot_direct=False accum_ccot=False (vecs=16/max=128) gated_accum=False prefix_memory=gated gate(K=64,route=ring,norm=tanh,init=zero,fill=grow) latent(Z on, rule=absolute,band=2..9,renorm=none,read=embeds,EMBEDS(J4: Z as its own input_embeds columns),enc=delta,znorm=136.0) prefix_pos=tail prefix_eos_reset=False cross_chunks=8 carry_grad_chunks=4 random_segments=False lora_rank=0
[cortex] Z channel ON.  latent_depth_rule='absolute' is P0.7's question (evals/diag_depth_band.py): P0.1 measured the band at a SINGLE T and cannot say whether 'informative' tracks the absolute step or the fraction of the loop.  If P0.7 has not reported, this run is asserting an answer it does not have -- record which, in this run's sbatch header.
Random Initialization not implemented.
Random Initialization not implemented.
Random Initialization not implemented.
Random Initialization not implemented.
Random Initialization not implemented.
Random Initialization not implemented.
Random Initialization not implemented.
Random Initialization not implemented.
Random Initialization not implemented.
Loading checkpoint shards:   0%|          | 0/2 [00:00<?, ?it/s]Loading checkpoint shards:  50%|█████     | 1/2 [00:30<00:30, 30.88s/it]Loading checkpoint shards: 100%|██████████| 2/2 [00:32<00:00, 13.88s/it]Loading checkpoint shards: 100%|██████████| 2/2 [00:32<00:00, 16.43s/it]
Some weights of RavenForCausalLM were not initialized from the model checkpoint at ckpts/olmo-retrofit-cortex and are newly initialized: ['cortex.latent_embed.proj.weight', 'cortex.prefix.forget_bias', 'cortex.prefix.forget_bias_z', 'cortex.prefix.gate_proj_in.bias', 'cortex.prefix.gate_proj_in.weight', 'cortex.prefix.gate_proj_in_z.bias', 'cortex.prefix.gate_proj_in_z.weight', 'cortex.prefix.gate_proj_mem.bias', 'cortex.prefix.gate_proj_mem.weight', 'cortex.prefix.gate_proj_mem_z.bias', 'cortex.prefix.gate_proj_mem_z.weight', 'cortex.prefix.input_bias', 'cortex.prefix.input_bias_z', 'cortex.prefix.summary_emb', 'cortex.prefix.summary_seeded']
You should probably TRAIN this model on a down-stream task to be able to use it for predictions and inference.
wandb: [wandb.login()] Loaded credentials for https://api.wandb.ai from /storage/home/hcoda1/3/hjiang420/.netrc.
wandb: Currently logged in as: henryyjiang42 (henryyjiang42-georgia-institute-of-technology) to https://api.wandb.ai. Use `wandb login --relogin` to force relogin
wandb: Tracking run with wandb version 0.28.0
wandb: Run data is saved locally in cortex-retrofit/wandb/run-20260927_132543-l5kit3ks
wandb: Run `wandb offline` to turn off syncing.
wandb: Syncing run j6-a3z-delta
wandb: ⭐️ View project at https://wandb.ai/henryyjiang42-georgia-institute-of-technology/cortex-retrofit
wandb: 🚀 View run at https://wandb.ai/henryyjiang42-georgia-institute-of-technology/cortex-retrofit/runs/l5kit3ks
/storage/home/hcoda1/3/hjiang420/cortex-finetune/train.py:889: FutureWarning: You are using `torch.load` with `weights_only=False` (the current default value), which uses the default pickle module implicitly. It is possible to construct malicious pickle data which will execute arbitrary code during unpickling (See https://github.com/pytorch/pytorch/blob/main/SECURITY.md#untrusted-models for more details). In a future release, the default value for `weights_only` will be flipped to `True`. This limits the functions that could be executed during unpickling. Arbitrary objects will no longer be allowed to be loaded via this mode unless they are explicitly allowlisted by the user via `torch.serialization.add_safe_globals`. We recommend you start setting `weights_only=True` for any use case where you don't have full control of the loaded file. Please open an issue on GitHub for any issues related to this experimental feature.
  ckpt = torch.load(f"{path}/chkpt.pt", map_location=device)
[cortex] reset 5 cortex submodules to nn defaults + re-applied designed inits ['prefix.[summary_emb~N(reseeded from wte on first forward),forget_bias=1,input_bias=0,gate_init=zero,forget_bias_z=1,input_bias_z=0,gate_init_z=zero]', 'latent_embed.[proj=I, bias=none]'] (undo post_init clobber)
[branch] summary_emb was SLICED 32 -> 16 rows (first W_new rows (tail layout: slot j attends slots < j)), 2026-09-16T16:56:20, from cortex-retrofit/retro-b2-heal/checkpoint_91552
[branch]   effective rank 10.90 of the parent's 20.02; kept-row centred cos -0.0652
[branch] loaded weights from cortex-retrofit/retro-b2-heal/checkpoint_91552_w16; 13 new memory params start fresh: ['cortex.prefix.forget_bias', 'cortex.prefix.input_bias', 'cortex.prefix.forget_bias_z', 'cortex.prefix.input_bias_z', 'cortex.prefix.gate_proj_in.weight', 'cortex.prefix.gate_proj_in.bias', 'cortex.prefix.gate_proj_mem.weight', 'cortex.prefix.gate_proj_mem.bias', 'cortex.prefix.gate_proj_in_z.weight', 'cortex.prefix.gate_proj_in_z.bias', 'cortex.prefix.gate_proj_mem_z.weight', 'cortex.prefix.gate_proj_mem_z.bias', 'cortex.latent_embed.proj.weight']
[branch] optimizer state NOT restored (param set changed); LR schedule, recurrence ramp and step counter continue
Branched from cortex-retrofit/retro-b2-heal/checkpoint_91552_w16
[cortex] window_backward: one backward per 4-chunk carry window (2 per row), so the peak holds 4 of 8 chunks' activations.  Same gradient as one backward per row, to fp summation order.
--------------------------------------------------------------------
Run finished with errors.
---------Total time: 0:06:03.513328 ---------
-----------------Shutdown complete.--------------------------
Traceback (most recent call last):
  File "/storage/home/hcoda1/3/hjiang420/cortex-finetune/train.py", line 2631, in <module>
    guarded_main()
  File "/storage/home/hcoda1/3/hjiang420/cortex-finetune/train.py", line 2619, in guarded_main
    run_name = main()
               ^^^^^^
  File "/storage/home/hcoda1/3/hjiang420/cortex-finetune/train.py", line 2593, in main
    state = train(state, device, cfg, data_start_step, optimizer_step, total_tokens, total_tokens_with_loss, elapsed_time)
            ^^^^^^^^^^^^^^^^^^^^^^^^^^^^^^^^^^^^^^^^^^^^^^^^^^^^^^^^^^^^^^^^^^^^^^^^^^^^^^^^^^^^^^^^^^^^^^^^^^^^^^^^^^^^^^
  File "/storage/home/hcoda1/3/hjiang420/cortex-finetune/train.py", line 2342, in train
    loss, log_ppl, num_steps_no_grad, num_steps_with_grad = fwd_bwd_func(model, input_ids, labels)
                                                            ^^^^^^^^^^^^^^^^^^^^^^^^^^^^^^^^^^^^^^
  File "/storage/home/hcoda1/3/hjiang420/cortex-finetune/train.py", line 2273, in cortex_fwd_bwd
    out = model(xc, labels=yc, num_steps=num_steps,
          ^^^^^^^^^^^^^^^^^^^^^^^^^^^^^^^^^^^^^^^^^
  File "/storage/home/hcoda1/3/hjiang420/.conda/envs/cortex-retro/lib/python3.11/site-packages/torch/nn/modules/module.py", line 1736, in _wrapped_call_impl
    return self._call_impl(*args, **kwargs)
           ^^^^^^^^^^^^^^^^^^^^^^^^^^^^^^^^
  File "/storage/home/hcoda1/3/hjiang420/.conda/envs/cortex-retro/lib/python3.11/site-packages/torch/nn/modules/module.py", line 1747, in _call_impl
    return forward_call(*args, **kwargs)
           ^^^^^^^^^^^^^^^^^^^^^^^^^^^^^
  File "/storage/home/hcoda1/3/hjiang420/scratch/hf_cache/modules/transformers_modules/olmo-retrofit-cortex/raven_modeling_minimal_cortex.py", line 744, in forward
    x, num_steps_no_grad, num_steps_with_grad, xk, block_idx = self.iterate_forward(
                                                               ^^^^^^^^^^^^^^^^^^^^^
  File "/storage/home/hcoda1/3/hjiang420/scratch/hf_cache/modules/transformers_modules/olmo-retrofit-cortex/raven_modeling_minimal_cortex.py", line 868, in iterate_forward
    x, block_idx = self.core_block_forward(
                   ^^^^^^^^^^^^^^^^^^^^^^^^
  File "/storage/home/hcoda1/3/hjiang420/scratch/hf_cache/modules/transformers_modules/olmo-retrofit-cortex/raven_modeling_minimal_cortex.py", line 891, in core_block_forward
    x = block(x, freqs_cis, block_idx, mask, past_key_values)
        ^^^^^^^^^^^^^^^^^^^^^^^^^^^^^^^^^^^^^^^^^^^^^^^^^^^^^
  File "/storage/home/hcoda1/3/hjiang420/.conda/envs/cortex-retro/lib/python3.11/site-packages/torch/nn/modules/module.py", line 1736, in _wrapped_call_impl
    return self._call_impl(*args, **kwargs)
           ^^^^^^^^^^^^^^^^^^^^^^^^^^^^^^^^
  File "/storage/home/hcoda1/3/hjiang420/.conda/envs/cortex-retro/lib/python3.11/site-packages/torch/nn/modules/module.py", line 1747, in _call_impl
    return forward_call(*args, **kwargs)
           ^^^^^^^^^^^^^^^^^^^^^^^^^^^^^
  File "/storage/home/hcoda1/3/hjiang420/scratch/hf_cache/modules/transformers_modules/olmo-retrofit-cortex/raven_modeling_minimal_cortex.py", line 492, in forward
    attn_out = self.norm_1(self.attn(x, freqs_cis, step_idx, mask, past_key_values))
                           ^^^^^^^^^^^^^^^^^^^^^^^^^^^^^^^^^^^^^^^^^^^^^^^^^^^^^^^^
  File "/storage/home/hcoda1/3/hjiang420/.conda/envs/cortex-retro/lib/python3.11/site-packages/torch/nn/modules/module.py", line 1736, in _wrapped_call_impl
    return self._call_impl(*args, **kwargs)
           ^^^^^^^^^^^^^^^^^^^^^^^^^^^^^^^^
  File "/storage/home/hcoda1/3/hjiang420/.conda/envs/cortex-retro/lib/python3.11/site-packages/torch/nn/modules/module.py", line 1747, in _call_impl
    return forward_call(*args, **kwargs)
           ^^^^^^^^^^^^^^^^^^^^^^^^^^^^^
  File "/storage/home/hcoda1/3/hjiang420/scratch/hf_cache/modules/transformers_modules/olmo-retrofit-cortex/raven_modeling_minimal_cortex.py", line 437, in forward
    q, k = apply_rotary_pos_emb(q, k, cos, sin)
           ^^^^^^^^^^^^^^^^^^^^^^^^^^^^^^^^^^^^
  File "/storage/home/hcoda1/3/hjiang420/.conda/envs/cortex-retro/lib/python3.11/site-packages/transformers/models/olmo2/modeling_olmo2.py", line 94, in apply_rotary_pos_emb
    q_embed = (q * cos) + (rotate_half(q) * sin)
                           ~~~~~~~~~~~~~~~^~~~~
torch.OutOfMemoryError: CUDA out of memory. Tried to allocate 12.00 MiB. GPU 0 has a total capacity of 79.18 GiB of which 10.19 MiB is free. Including non-PyTorch memory, this process has 79.16 GiB memory in use. Of the allocated memory 77.96 GiB is allocated by PyTorch, and 68.85 MiB is reserved by PyTorch but unallocated. If reserved but unallocated memory is large try setting PYTORCH_CUDA_ALLOC_CONF=expandable_segments:True to avoid fragmentation.  See documentation for Memory Management  (https://pytorch.org/docs/stable/notes/cuda.html#environment-variables)
[rank0]: Traceback (most recent call last):
[rank0]:   File "/storage/home/hcoda1/3/hjiang420/cortex-finetune/train.py", line 2631, in <module>
[rank0]:     guarded_main()
[rank0]:   File "/storage/home/hcoda1/3/hjiang420/cortex-finetune/train.py", line 2619, in guarded_main
[rank0]:     run_name = main()
[rank0]:                ^^^^^^
[rank0]:   File "/storage/home/hcoda1/3/hjiang420/cortex-finetune/train.py", line 2593, in main
[rank0]:     state = train(state, device, cfg, data_start_step, optimizer_step, total_tokens, total_tokens_with_loss, elapsed_time)
[rank0]:             ^^^^^^^^^^^^^^^^^^^^^^^^^^^^^^^^^^^^^^^^^^^^^^^^^^^^^^^^^^^^^^^^^^^^^^^^^^^^^^^^^^^^^^^^^^^^^^^^^^^^^^^^^^^^^^
[rank0]:   File "/storage/home/hcoda1/3/hjiang420/cortex-finetune/train.py", line 2342, in train
[rank0]:     loss, log_ppl, num_steps_no_grad, num_steps_with_grad = fwd_bwd_func(model, input_ids, labels)
[rank0]:                                                             ^^^^^^^^^^^^^^^^^^^^^^^^^^^^^^^^^^^^^^
[rank0]:   File "/storage/home/hcoda1/3/hjiang420/cortex-finetune/train.py", line 2273, in cortex_fwd_bwd
[rank0]:     out = model(xc, labels=yc, num_steps=num_steps,
[rank0]:           ^^^^^^^^^^^^^^^^^^^^^^^^^^^^^^^^^^^^^^^^^
[rank0]:   File "/storage/home/hcoda1/3/hjiang420/.conda/envs/cortex-retro/lib/python3.11/site-packages/torch/nn/modules/module.py", line 1736, in _wrapped_call_impl
[rank0]:     return self._call_impl(*args, **kwargs)
[rank0]:            ^^^^^^^^^^^^^^^^^^^^^^^^^^^^^^^^
[rank0]:   File "/storage/home/hcoda1/3/hjiang420/.conda/envs/cortex-retro/lib/python3.11/site-packages/torch/nn/modules/module.py", line 1747, in _call_impl
[rank0]:     return forward_call(*args, **kwargs)
[rank0]:            ^^^^^^^^^^^^^^^^^^^^^^^^^^^^^
[rank0]:   File "/storage/home/hcoda1/3/hjiang420/scratch/hf_cache/modules/transformers_modules/olmo-retrofit-cortex/raven_modeling_minimal_cortex.py", line 744, in forward
[rank0]:     x, num_steps_no_grad, num_steps_with_grad, xk, block_idx = self.iterate_forward(
[rank0]:                                                                ^^^^^^^^^^^^^^^^^^^^^
[rank0]:   File "/storage/home/hcoda1/3/hjiang420/scratch/hf_cache/modules/transformers_modules/olmo-retrofit-cortex/raven_modeling_minimal_cortex.py", line 868, in iterate_forward
[rank0]:     x, block_idx = self.core_block_forward(
[rank0]:                    ^^^^^^^^^^^^^^^^^^^^^^^^
[rank0]:   File "/storage/home/hcoda1/3/hjiang420/scratch/hf_cache/modules/transformers_modules/olmo-retrofit-cortex/raven_modeling_minimal_cortex.py", line 891, in core_block_forward
[rank0]:     x = block(x, freqs_cis, block_idx, mask, past_key_values)
[rank0]:         ^^^^^^^^^^^^^^^^^^^^^^^^^^^^^^^^^^^^^^^^^^^^^^^^^^^^^
[rank0]:   File "/storage/home/hcoda1/3/hjiang420/.conda/envs/cortex-retro/lib/python3.11/site-packages/torch/nn/modules/module.py", line 1736, in _wrapped_call_impl
[rank0]:     return self._call_impl(*args, **kwargs)
[rank0]:            ^^^^^^^^^^^^^^^^^^^^^^^^^^^^^^^^
[rank0]:   File "/storage/home/hcoda1/3/hjiang420/.conda/envs/cortex-retro/lib/python3.11/site-packages/torch/nn/modules/module.py", line 1747, in _call_impl
[rank0]:     return forward_call(*args, **kwargs)
[rank0]:            ^^^^^^^^^^^^^^^^^^^^^^^^^^^^^
[rank0]:   File "/storage/home/hcoda1/3/hjiang420/scratch/hf_cache/modules/transformers_modules/olmo-retrofit-cortex/raven_modeling_minimal_cortex.py", line 492, in forward
[rank0]:     attn_out = self.norm_1(self.attn(x, freqs_cis, step_idx, mask, past_key_values))
[rank0]:                            ^^^^^^^^^^^^^^^^^^^^^^^^^^^^^^^^^^^^^^^^^^^^^^^^^^^^^^^^
[rank0]:   File "/storage/home/hcoda1/3/hjiang420/.conda/envs/cortex-retro/lib/python3.11/site-packages/torch/nn/modules/module.py", line 1736, in _wrapped_call_impl
[rank0]:     return self._call_impl(*args, **kwargs)
[rank0]:            ^^^^^^^^^^^^^^^^^^^^^^^^^^^^^^^^
[rank0]:   File "/storage/home/hcoda1/3/hjiang420/.conda/envs/cortex-retro/lib/python3.11/site-packages/torch/nn/modules/module.py", line 1747, in _call_impl
[rank0]:     return forward_call(*args, **kwargs)
[rank0]:            ^^^^^^^^^^^^^^^^^^^^^^^^^^^^^
[rank0]:   File "/storage/home/hcoda1/3/hjiang420/scratch/hf_cache/modules/transformers_modules/olmo-retrofit-cortex/raven_modeling_minimal_cortex.py", line 437, in forward
[rank0]:     q, k = apply_rotary_pos_emb(q, k, cos, sin)
[rank0]:            ^^^^^^^^^^^^^^^^^^^^^^^^^^^^^^^^^^^^
[rank0]:   File "/storage/home/hcoda1/3/hjiang420/.conda/envs/cortex-retro/lib/python3.11/site-packages/transformers/models/olmo2/modeling_olmo2.py", line 94, in apply_rotary_pos_emb
[rank0]:     q_embed = (q * cos) + (rotate_half(q) * sin)
[rank0]:                            ~~~~~~~~~~~~~~~^~~~~
[rank0]: torch.OutOfMemoryError: CUDA out of memory. Tried to allocate 12.00 MiB. GPU 0 has a total capacity of 79.18 GiB of which 10.19 MiB is free. Including non-PyTorch memory, this process has 79.16 GiB memory in use. Of the allocated memory 77.96 GiB is allocated by PyTorch, and 68.85 MiB is reserved by PyTorch but unallocated. If reserved but unallocated memory is large try setting PYTORCH_CUDA_ALLOC_CONF=expandable_segments:True to avoid fragmentation.  See documentation for Memory Management  (https://pytorch.org/docs/stable/notes/cuda.html#environment-variables)
[1;34mwandb[0m: 
[1;34mwandb[0m: 🚀 View run [33mj6-a3z-delta[0m at: [34mhttps://wandb.ai/henryyjiang42-georgia-institute-of-technology/cortex-retrofit/runs/l5kit3ks[0m

Next (job 2 of 2):
  sbatch --dependency=afterany:$SLURM_ARRAY_JOB_ID pace/j6_readout.sbatch
---------------------------------------
Begin Slurm Epilog: Sep-27-2026 13:31:01
Job ID:        13642036
Array Job ID:  13641622_2
User ID:       hjiang420
Account:       gts-aivanova7-lab
Job name:      j6_arms
Resources:     cpu=8,gres/gpu:h100=1,mem=96G,node=1
Rsrc Used:     cput=00:49:12,vmem=0,walltime=00:06:09,mem=5020424K,energy_used=0
Partition:     gpu-h100
QOS:           inferno
Nodes:         atl1-1-03-008-32-0
---------------------------------------
