---------------------------------------
Begin Slurm Prolog: Sep-27-2026 04:27:05
Job ID:    13629090
User ID:   hjiang420
Account:   gts-aivanova7-lab
Job name:  j5_readout
Partition: gpu-h200
QOS:       inferno
---------------------------------------

CondaError: Run 'conda init' before 'conda deactivate'

=== J5 read-out | step 2000 | task 3 = zonly_pg19_off ===
    run:        j5-a3z-endpoint-zonly
    checkpoint: cortex-retrofit/j5-a3z-endpoint-zonly/checkpoint_2000
    data:       data/pg19_olmo_validation_len4096_strided   (score all, z_null off, n 400, cells E0Z1,E0Z0)
    out:        eval_results/j5_readout/step2000/j5-a3z-endpoint-zonly/pg19-all-off
NVIDIA H200, 143771 MiB
    znorm_target 116.0 matches the run's diag rows
    limb zonly: e_carry_read 0, latent_carry_read 1, confirmed against 160 diag rows
[cortex] OVERRIDE config.use_memory: '<absent>' -> True  (NOT what this checkpoint trained with unless they match)
[cortex] OVERRIDE config.memory_slots: '<absent>' -> 0  (NOT what this checkpoint trained with unless they match)
[cortex] OVERRIDE config.prefix_memory: '<absent>' -> 'gated'  (NOT what this checkpoint trained with unless they match)
[cortex] OVERRIDE config.accum_vecs: '<absent>' -> 16  (NOT what this checkpoint trained with unless they match)
[cortex] OVERRIDE config.gate_slots: '<absent>' -> 64  (NOT what this checkpoint trained with unless they match)
[cortex] OVERRIDE config.gate_route: '<absent>' -> 'ring'  (NOT what this checkpoint trained with unless they match)
[cortex] OVERRIDE config.gate_norm: '<absent>' -> 'tanh'  (NOT what this checkpoint trained with unless they match)
[cortex] OVERRIDE config.gate_init: '<absent>' -> 'zero'  (NOT what this checkpoint trained with unless they match)
[cortex] OVERRIDE config.gate_fill: '<absent>' -> 'grow'  (NOT what this checkpoint trained with unless they match)
[cortex] OVERRIDE config.latent_carry: '<absent>' -> True  (NOT what this checkpoint trained with unless they match)
[cortex] OVERRIDE config.latent_depth_rule: '<absent>' -> 'absolute'  (NOT what this checkpoint trained with unless they match)
[cortex] OVERRIDE config.latent_depth_lo: '<absent>' -> 2  (NOT what this checkpoint trained with unless they match)
[cortex] OVERRIDE config.latent_depth_hi: '<absent>' -> 9  (NOT what this checkpoint trained with unless they match)
[cortex] OVERRIDE config.latent_renorm: '<absent>' -> 'none'  (NOT what this checkpoint trained with unless they match)
[cortex] OVERRIDE config.latent_encoding: '<absent>' -> 'endpoint'  (NOT what this checkpoint trained with unless they match)
[cortex] OVERRIDE config.latent_tok_pool: '<absent>' -> 4  (NOT what this checkpoint trained with unless they match)
[cortex] OVERRIDE config.latent_s0_read: '<absent>' -> False  (NOT what this checkpoint trained with unless they match)
[cortex] OVERRIDE config.latent_read: '<absent>' -> 'embeds'  (NOT what this checkpoint trained with unless they match)
[cortex] OVERRIDE config.latent_read_znorm: '<absent>' -> 'rms'  (NOT what this checkpoint trained with unless they match)
[cortex] OVERRIDE config.latent_read_znorm_target: '<absent>' -> '116.0'  (NOT what this checkpoint trained with unless they match)
Random Initialization not implemented.
Random Initialization not implemented.
Random Initialization not implemented.
Random Initialization not implemented.
Random Initialization not implemented.
Random Initialization not implemented.
Random Initialization not implemented.
Random Initialization not implemented.
Random Initialization not implemented.
Loading checkpoint shards:   0%|          | 0/2 [00:00<?, ?it/s]Loading checkpoint shards:  50%|█████     | 1/2 [00:03<00:03,  3.00s/it]Loading checkpoint shards: 100%|██████████| 2/2 [00:03<00:00,  1.54s/it]
Some weights of RavenForCausalLM were not initialized from the model checkpoint at ckpts/olmo8-cortex and are newly initialized: ['cortex.latent_embed.proj.weight', 'cortex.prefix.forget_bias', 'cortex.prefix.forget_bias_z', 'cortex.prefix.gate_proj_in.bias', 'cortex.prefix.gate_proj_in.weight', 'cortex.prefix.gate_proj_in_z.bias', 'cortex.prefix.gate_proj_in_z.weight', 'cortex.prefix.gate_proj_mem.bias', 'cortex.prefix.gate_proj_mem.weight', 'cortex.prefix.gate_proj_mem_z.bias', 'cortex.prefix.gate_proj_mem_z.weight', 'cortex.prefix.input_bias', 'cortex.prefix.input_bias_z', 'cortex.prefix.summary_emb', 'cortex.prefix.summary_seeded']
You should probably TRAIN this model on a down-stream task to be able to use it for predictions and inference.
[cortex] reset 5 cortex submodules to nn defaults + re-applied designed inits ['prefix.[summary_emb~N(reseeded from wte on first forward),forget_bias=1,input_bias=0,gate_init=zero,forget_bias_z=1,input_bias_z=0,gate_init_z=zero]', 'latent_embed.[proj=I, bias=none]'] (undo post_init clobber)
[load] overlaid cortex-retrofit/j5-a3z-endpoint-zonly/checkpoint_2000/chkpt.pt: 0 missing / 0 unexpected keys
[2x2] Z null at s0's MEASURED per-element rms 0.00858592 (row norm 0.3885, sqrt(D) apart -- do not swap them)
  10 samples
  20 samples
  30 samples
  40 samples
  50 samples
  60 samples
  70 samples
  80 samples
  90 samples
  100 samples
  110 samples
  120 samples
  130 samples
  140 samples
  150 samples
  160 samples
  170 samples
  180 samples
  190 samples
  200 samples
  210 samples
  220 samples
  230 samples
  240 samples
  250 samples
  260 samples
  270 samples
  280 samples
  290 samples
  300 samples
  310 samples
  320 samples
  330 samples
  340 samples
  350 samples
  360 samples
  370 samples
  380 samples
  390 samples
  400 samples

==============================================================================
2x2 carry ablation -- mean NLL over chunks 2..8, n=400 paired samples, scoring ALL tokens
column count is IDENTICAL in every cell; only the contents change
==============================================================================
  E0Z1  E=off  Z=on    NLL 3.86625
  E0Z0  E=off  Z=off   NLL 3.73657

  chunk-1 sanity: max spread across cells 0.00e+00 (should be ~0 -- no cell has an incoming carry there)
  health: mean NLL 3.8014, 7.72 nats below chance

------------------------------------------------------------------------------
  Z_alone       -0.12968  [ -0.24392,  -0.02737]  *
               NLL without Z minus with Z, E held OFF.  Positive = Z helps on its own.  The rung a non-recurrent baseline cannot compete on by construction.

wrote eval_results/j5_readout/step2000/j5-a3z-endpoint-zonly/pg19-all-off/results.json

J5 read-out zonly_pg19_off (j5-a3z-endpoint-zonly, step 2000) DONE -> eval_results/j5_readout/step2000/j5-a3z-endpoint-zonly/pg19-all-off/results.json
  Numbers are READ ONLY through evals/score_j5.py (pace/j5_verdict.sbatch).
---------------------------------------
Begin Slurm Epilog: Sep-27-2026 04:49:15
Job ID:        13629090
Array Job ID:  13619079_3
User ID:       hjiang420
Account:       gts-aivanova7-lab
Job name:      j5_readout
Resources:     cpu=8,gres/gpu:h200=1,mem=64G,node=1
Rsrc Used:     cput=02:57:28,vmem=0,walltime=00:22:11,mem=13709900K,energy_used=0
Partition:     gpu-h200
QOS:           inferno
Nodes:         atl1-1-03-019-14-0
---------------------------------------
