---------------------------------------
Begin Slurm Prolog: Sep-01-2026 04:44:37
Job ID:    12651765
User ID:   hjiang420
Account:   gts-aivanova7-lab
Job name:  eval_longcontext.sbatch
Partition: gpu-a100
QOS:       inferno
---------------------------------------

CondaError: Run 'conda init' before 'conda deactivate'

[ok]  cortex-retrofit/retro-b2-acc32-cc8-mr8/final_checkpoint
      already prepared
      flags: {'use_memory': True, 'memory_slots': 0, 'memory_slots_iter': 0, 'memory_heads': 4, 'prefix_memory': 'accum', 'accum_vecs': 32, 'accum_max': 256, 'h_T_proj': True, 'lora_rank': 0, 'lora_alpha': 32.0, 'mean_recurrence': 32, 'mean_backprop_depth': 8}
=== long-context eval: retro-b2-acc32-cc8-mr8-T8-nc8-sl512  (cortex-retrofit/retro-b2-acc32-cc8-mr8/final_checkpoint) -> eval_results/longcontext_b2-final/retro-b2-acc32-cc8-mr8-T8-nc8-sl512 ===
Loading checkpoint: None
Loading checkpoint shards:   0%|          | 0/2 [00:00<?, ?it/s]Loading checkpoint shards:  50%|█████     | 1/2 [01:20<01:20, 80.38s/it]Loading checkpoint shards: 100%|██████████| 2/2 [01:35<00:00, 41.82s/it]Loading checkpoint shards: 100%|██████████| 2/2 [01:35<00:00, 47.60s/it]
T=8  tasks=['qa1', 'qa2', 'qa3']  num_chunks=8  passes_per_chunk=1  ccot_passes=0

--- qa1 ---
  [qa1/1k] 50 examples processed...
  [qa1/1k] 100 examples processed...
  [qa1/2k] 50 examples processed...
  [qa1/2k] 100 examples processed...
  [qa1/4k] 50 examples processed...
  [qa1/4k] 100 examples processed...
  [qa1/8k] 50 examples processed...
  [qa1/8k] 100 examples processed...
  [qa1/16k] 50 examples processed...
  [qa1/16k] 100 examples processed...
  [qa1/32k] 50 examples processed...
  [qa1/32k] 100 examples processed...
  Bucket        Correct    Total      Acc
  ----------------------------------------
  1k                 21      100    0.210
  2k                 19      100    0.190
  4k                 21      100    0.210
  8k                 16      100    0.160
  16k                19      100    0.190
  32k                17      100    0.170

--- qa2 ---
  [qa2/1k] 50 examples processed...
  [qa2/1k] 100 examples processed...
  [qa2/2k] 50 examples processed...
  [qa2/2k] 100 examples processed...
  [qa2/4k] 50 examples processed...
  [qa2/4k] 100 examples processed...
  [qa2/8k] 50 examples processed...
  [qa2/8k] 100 examples processed...
  [qa2/16k] 50 examples processed...
  [qa2/16k] 100 examples processed...
  [qa2/32k] 50 examples processed...
  [qa2/32k] 100 examples processed...
  Bucket        Correct    Total      Acc
  ----------------------------------------
  1k                 17      100    0.170
  2k                 13      100    0.130
  4k                 10      100    0.100
  8k                 11      100    0.110
  16k                10      100    0.100
  32k                12      100    0.120

--- qa3 ---
  [qa3/1k] 50 examples processed...
  [qa3/1k] 100 examples processed...
  [qa3/2k] 50 examples processed...
  [qa3/2k] 100 examples processed...
  [qa3/4k] 50 examples processed...
  [qa3/4k] 100 examples processed...
  [qa3/8k] 50 examples processed...
  [qa3/8k] 100 examples processed...
  [qa3/16k] 50 examples processed...
  [qa3/16k] 100 examples processed...
  [qa3/32k] 50 examples processed...
  [qa3/32k] 100 examples processed...
  Bucket        Correct    Total      Acc
  ----------------------------------------
  1k                  8      100    0.080
  2k                 12      100    0.120
  4k                  6      100    0.060
  8k                  6      100    0.060
  16k                 3      100    0.030
  32k                 3      100    0.030

Results saved → eval_results/longcontext_b2-final/retro-b2-acc32-cc8-mr8-T8-nc8-sl512/babilong
Loading checkpoint: None
Loading checkpoint shards:   0%|          | 0/2 [00:00<?, ?it/s]Loading checkpoint shards:  50%|█████     | 1/2 [01:19<01:19, 79.78s/it]Loading checkpoint shards: 100%|██████████| 2/2 [01:34<00:00, 41.37s/it]Loading checkpoint shards: 100%|██████████| 2/2 [01:34<00:00, 47.14s/it]
T=8
  50 examples processed...
  100 examples processed...
  150 examples processed...
  200 examples processed...
  250 examples processed...
  300 examples processed...
  350 examples processed...
  400 examples processed...

  Bucket            Correct    Total      Acc
  --------------------------------------------
  ≤50sess                 9      200    0.045
  >50sess                 9      200    0.045

Results saved → eval_results/longcontext_b2-final/retro-b2-acc32-cc8-mr8-T8-nc8-sl512/longmemeval
---------------------------------------
Begin Slurm Epilog: Sep-01-2026 07:13:50
Job ID:        12651765
User ID:       hjiang420
Account:       gts-aivanova7-lab
Job name:      eval_longcontext.sbatch
Resources:     cpu=8,gres/gpu:a100=1,mem=64G,node=1
Rsrc Used:     cput=19:54:00,vmem=0,walltime=02:29:15,mem=6351924K,energy_used=0
Partition:     gpu-a100
QOS:           inferno
Nodes:         atl1-1-01-002-20-0
---------------------------------------
