---------------------------------------
Begin Slurm Prolog: Sep-14-2026 17:23:34
Job ID:    13202515
User ID:   hjiang420
Account:   gts-aivanova7-lab
Job name:  smoke_geometry_oom.sbatch
Partition: gpu-h200
QOS:       inferno
---------------------------------------

CondaError: Run 'conda init' before 'conda deactivate'

=== geometry OOM gate | model=ckpts/olmo-retrofit-cortex | mean_rec=8 ===
    geometries: 4096:16:32:128 8192:16:16:128
    json: logs/oom_smoke_13202515.jsonl
NVIDIA H200, 143771 MiB
prefix_pack occurrences in the checkpoint's modeling file:
6

######## 4096 x cc16 (bs 32, accum_max 128) ########
=== geometry gate: 4096 tok x cc16 (256-tok chunks) | memory=True | optimizer=True ===
  device: NVIDIA H200, 139.80 GiB total
Random Initialization not implemented.
Random Initialization not implemented.
Random Initialization not implemented.
Loading checkpoint shards:   0%|          | 0/2 [00:00<?, ?it/s]Loading checkpoint shards:  50%|█████     | 1/2 [00:02<00:02,  2.00s/it]Loading checkpoint shards: 100%|██████████| 2/2 [00:02<00:00,  1.04s/it]
Some weights of RavenForCausalLM were not initialized from the model checkpoint at ckpts/olmo-retrofit-cortex and are newly initialized: ['cortex.prefix.summary_emb', 'cortex.prefix.summary_seeded']
You should probably TRAIN this model on a down-stream task to be able to use it for predictions and inference.
[W914 17:24:41.019867236 CUDAAllocatorConfig.h:28] Warning: expandable_segments not supported on this platform (function operator())
  loaded fp32 in 53.5s (1.36B params)
  recurrence: mean 8, backprop depth 8 (from the checkpoint config) -> worst-case num_steps [0 no-grad, 8 with-grad]
  buffer: accum_vecs 32, accum_max 128, carry_grad_chunks 8 of 16
  max packed sequence: 256 + 128 carry rows = 384 (max_position_embeddings=4096)
  note: the FIFO trim FIRES from chunk 4 on — eviction is in-distribution, which it never was in B2, and this is the SMALLER of the two footprints.
  optimizer: MuonWithAuxAdam, 3 groups (57m, 59a, 1a)
  OOM: CUDA out of memory. Tried to allocate 64.00 MiB. GPU 0 has a total capacity of 139.80 GiB of which 19.12 MiB is free. Including non-PyTorch memory, this process has 139.78 GiB memory in use. Of the allocated memory 138.66 GiB is allocated by PyTorch, and 55.64 MiB is reserved by PyTorch but unallocated. If reserved but unallocated memory is large try setting PYTORCH_CUDA_ALLOC_CONF=expandable_segments:True to avoid fragmentation.  See documentation for Memory Management  (https://pytorch.org/docs/stable/notes/cuda.html#environment-variables)

-- result --
  peak reserved before OOM: 138.71 GiB of 139.80 GiB

RESULT OOM max_length=4096 cross_chunks=16 chunk_len=256 memory=True optimizer=True peak_alloc_gib=0.00 peak_res_gib=138.71 step_s=0.0
[rank0]:[W914 17:24:46.225709167 ProcessGroupNCCL.cpp:1250] Warning: WARNING: process group has NOT been destroyed before we destruct ProcessGroupNCCL. On normal program exit, the application should call destroy_process_group to ensure that any pending NCCL operations have finished in this process. In rare cases this process can exit before this point and block the progress of another member of the process group. This constraint has always been present,  but this warning has only been added since PyTorch 2.4 (function operator())

######## 8192 x cc16 (bs 16, accum_max 128) ########
=== geometry gate: 8192 tok x cc16 (512-tok chunks) | memory=True | optimizer=True ===
  device: NVIDIA H200, 139.80 GiB total
Random Initialization not implemented.
Random Initialization not implemented.
Random Initialization not implemented.
Loading checkpoint shards:   0%|          | 0/2 [00:00<?, ?it/s]Loading checkpoint shards: 100%|██████████| 2/2 [00:00<00:00, 83.46it/s]
Some weights of RavenForCausalLM were not initialized from the model checkpoint at ckpts/olmo-retrofit-cortex and are newly initialized: ['cortex.prefix.summary_emb', 'cortex.prefix.summary_seeded']
You should probably TRAIN this model on a down-stream task to be able to use it for predictions and inference.
[W914 17:25:12.185503612 CUDAAllocatorConfig.h:28] Warning: expandable_segments not supported on this platform (function operator())
  loaded fp32 in 17.0s (1.36B params)
  recurrence: mean 8, backprop depth 8 (from the checkpoint config) -> worst-case num_steps [0 no-grad, 8 with-grad]
  buffer: accum_vecs 32, accum_max 128, carry_grad_chunks 8 of 16
  max packed sequence: 512 + 128 carry rows = 640 (max_position_embeddings=4096)
  note: the FIFO trim FIRES from chunk 4 on — eviction is in-distribution, which it never was in B2, and this is the SMALLER of the two footprints.
  optimizer: MuonWithAuxAdam, 3 groups (57m, 59a, 1a)
  OOM: CUDA out of memory. Tried to allocate 12.00 MiB. GPU 0 has a total capacity of 139.80 GiB of which 21.12 MiB is free. Including non-PyTorch memory, this process has 139.77 GiB memory in use. Of the allocated memory 138.66 GiB is allocated by PyTorch, and 54.28 MiB is reserved by PyTorch but unallocated. If reserved but unallocated memory is large try setting PYTORCH_CUDA_ALLOC_CONF=expandable_segments:True to avoid fragmentation.  See documentation for Memory Management  (https://pytorch.org/docs/stable/notes/cuda.html#environment-variables)

-- result --
  peak reserved before OOM: 138.71 GiB of 139.80 GiB

RESULT OOM max_length=8192 cross_chunks=16 chunk_len=512 memory=True optimizer=True peak_alloc_gib=0.00 peak_res_gib=138.71 step_s=0.0
[rank0]:[W914 17:25:14.123195524 ProcessGroupNCCL.cpp:1250] Warning: WARNING: process group has NOT been destroyed before we destruct ProcessGroupNCCL. On normal program exit, the application should call destroy_process_group to ensure that any pending NCCL operations have finished in this process. In rare cases this process can exit before this point and block the progress of another member of the process group. This constraint has always been present,  but this warning has only been added since PyTorch 2.4 (function operator())

=== summary ===
    row  cc  chunk   mem  amax status    alloc  reserved  %dev  s/step
   4096  16    256  True   128    OOM     0.00    138.71    99     0.0
   8192  16    512  True   128    OOM     0.00    138.71    99     0.0

(no 8192 x cc16 memory row in the json — the decision row did not run)
---------------------------------------
Begin Slurm Epilog: Sep-14-2026 17:25:15
Job ID:        13202515
User ID:       hjiang420
Account:       gts-aivanova7-lab
Job name:      smoke_geometry_oom.sbatch
Resources:     cpu=8,gres/gpu:h200=1,mem=96G,node=1
Rsrc Used:     cput=00:13:36,vmem=0,walltime=00:01:42,mem=3650004K,energy_used=0
Partition:     gpu-h200
QOS:           inferno
Nodes:         atl1-1-03-018-14-0
---------------------------------------
