---------------------------------------
Begin Slurm Prolog: Sep-26-2026 13:15:35
Job ID:    13609562
User ID:   hjiang420
Account:   gts-aivanova7-lab
Job name:  z3_registers
Partition: gpu-h200
QOS:       inferno
---------------------------------------
=== z3 register probe | task 1 = j1-a3z-tokens-real ===
    checkpoint: cortex-retrofit/j1-a3z-tokens-real/checkpoint_93552
    data:       data/carry_task_r16_len4096_val (first 300 rows)
    out:        eval_results/z3_registers/j1-a3z-tokens-real
NVIDIA H200, 143771 MiB
[cortex] OVERRIDE config.use_memory: '<absent>' -> True  (NOT what this checkpoint trained with unless they match)
[cortex] OVERRIDE config.memory_slots: '<absent>' -> 0  (NOT what this checkpoint trained with unless they match)
[cortex] OVERRIDE config.prefix_memory: '<absent>' -> 'gated'  (NOT what this checkpoint trained with unless they match)
[cortex] OVERRIDE config.accum_vecs: '<absent>' -> 16  (NOT what this checkpoint trained with unless they match)
[cortex] OVERRIDE config.gate_slots: '<absent>' -> 64  (NOT what this checkpoint trained with unless they match)
[cortex] OVERRIDE config.gate_route: '<absent>' -> 'ring'  (NOT what this checkpoint trained with unless they match)
[cortex] OVERRIDE config.gate_norm: '<absent>' -> 'tanh'  (NOT what this checkpoint trained with unless they match)
[cortex] OVERRIDE config.gate_init: '<absent>' -> 'zero'  (NOT what this checkpoint trained with unless they match)
[cortex] OVERRIDE config.gate_fill: '<absent>' -> 'grow'  (NOT what this checkpoint trained with unless they match)
[cortex] OVERRIDE config.latent_carry: '<absent>' -> True  (NOT what this checkpoint trained with unless they match)
[cortex] OVERRIDE config.latent_depth_rule: '<absent>' -> 'absolute'  (NOT what this checkpoint trained with unless they match)
[cortex] OVERRIDE config.latent_depth_lo: '<absent>' -> 2  (NOT what this checkpoint trained with unless they match)
[cortex] OVERRIDE config.latent_depth_hi: '<absent>' -> 9  (NOT what this checkpoint trained with unless they match)
[cortex] OVERRIDE config.latent_renorm: '<absent>' -> 'none'  (NOT what this checkpoint trained with unless they match)
[cortex] OVERRIDE config.latent_encoding: '<absent>' -> 'tokens'  (NOT what this checkpoint trained with unless they match)
[cortex] OVERRIDE config.latent_tok_pool: '<absent>' -> 4  (NOT what this checkpoint trained with unless they match)
[cortex] OVERRIDE config.latent_s0_read: '<absent>' -> False  (NOT what this checkpoint trained with unless they match)
[cortex] OVERRIDE config.latent_read: '<absent>' -> 'xattn'  (NOT what this checkpoint trained with unless they match)
[cortex] OVERRIDE config.latent_read_heads: '<absent>' -> 8  (NOT what this checkpoint trained with unless they match)
[cortex] OVERRIDE config.latent_read_znorm: '<absent>' -> 'rms'  (NOT what this checkpoint trained with unless they match)
[cortex] OVERRIDE config.latent_read_znorm_target: '<absent>' -> '3.0'  (NOT what this checkpoint trained with unless they match)
Random Initialization not implemented.
Random Initialization not implemented.
Random Initialization not implemented.
Random Initialization not implemented.
Random Initialization not implemented.
Random Initialization not implemented.
Random Initialization not implemented.
Random Initialization not implemented.
Random Initialization not implemented.
Random Initialization not implemented.
Random Initialization not implemented.
Random Initialization not implemented.
Loading checkpoint shards:   0%|          | 0/2 [00:00<?, ?it/s]Loading checkpoint shards:  50%|█████     | 1/2 [00:01<00:01,  1.67s/it]Loading checkpoint shards: 100%|██████████| 2/2 [00:01<00:00,  1.14it/s]
Some weights of RavenForCausalLM were not initialized from the model checkpoint at ckpts/olmo-retrofit-cortex and are newly initialized: ['cortex.latent_reader.gate', 'cortex.latent_reader.k_proj.weight', 'cortex.latent_reader.out_proj.weight', 'cortex.latent_reader.q_proj.weight', 'cortex.latent_reader.v_proj.weight', 'cortex.prefix.forget_bias', 'cortex.prefix.forget_bias_z', 'cortex.prefix.gate_proj_in.bias', 'cortex.prefix.gate_proj_in.weight', 'cortex.prefix.gate_proj_in_z.bias', 'cortex.prefix.gate_proj_in_z.weight', 'cortex.prefix.gate_proj_mem.bias', 'cortex.prefix.gate_proj_mem.weight', 'cortex.prefix.gate_proj_mem_z.bias', 'cortex.prefix.gate_proj_mem_z.weight', 'cortex.prefix.input_bias', 'cortex.prefix.input_bias_z', 'cortex.prefix.summary_emb', 'cortex.prefix.summary_seeded']
You should probably TRAIN this model on a down-stream task to be able to use it for predictions and inference.
[cortex] reset 8 cortex submodules to nn defaults + re-applied designed inits ['prefix.[summary_emb~N(reseeded from wte on first forward),forget_bias=1,input_bias=0,gate_init=zero,forget_bias_z=1,input_bias_z=0,gate_init_z=zero]', 'latent_reader.[qkv,out~N(0,0.02) NOT zero -- see LatentRead]', 'latent_reader.gate=0.1'] (undo post_init clobber)
[load] overlaid cortex-retrofit/j1-a3z-tokens-real/checkpoint_93552/chkpt.pt: 0 missing / 0 unexpected keys
[z3] data/carry_task_r16_len4096_val: 300 rows, answer_dep checked | encoding tokens | T=8
  25/300 rows
  50/300 rows
  75/300 rows
  100/300 rows
  125/300 rows
  150/300 rows
  175/300 rows
  200/300 rows
  225/300 rows
  250/300 rows
  275/300 rows
  300/300 rows
  probed E: acc 0.714 vs baseline 0.097
  probed Z_write: acc 0.100 vs baseline 0.097
  probed Z_tok: acc 0.100 vs baseline 0.097
  probed Z_end: acc 0.297 vs baseline 0.097
  probed E_ring: acc 0.317 vs baseline 0.103
  probed Z_ring: acc 0.102 vs baseline 0.103
  probe (b): the redundancy probe (j4_prereg.md S4.6)
  probed E: acc 0.714 vs baseline 0.097
  probed E_plus_Z_end: acc 0.719 vs baseline 0.097
  probed E_pca: acc 0.711 vs baseline 0.097
  probed Z_end_resid_E: acc 0.139 vs baseline 0.097
==============================================================================
D3 REGISTER PROBE -- cortex-retrofit/j1-a3z-tokens-real/checkpoint_93552
  encoding tokens | 300 rows, 2400 (row, chunk) samples | cells by last update: recent 19110, chunk 19126, older 146, never 18
==============================================================================
  WRITE (all registers | recent | chunk)
    E        control  all    0.714 (base 0.097) margin +0.617 [+0.614,+0.621]
                      recent 0.720 (base 0.094) margin +0.626 [+0.620,+0.633]
                      chunk  0.714 (base 0.100) margin +0.613 [+0.606,+0.620]
    Z_write  NONE     all    0.100 (base 0.097) margin +0.003 [-0.000,+0.007]
                      recent 0.100 (base 0.094) margin +0.006 [+0.002,+0.012]
                      chunk  0.100 (base 0.100) margin +0.000 [-0.005,+0.005]
    Z_tok    NONE     all    0.100 (base 0.097) margin +0.003 [-0.000,+0.007]
                      recent 0.100 (base 0.094) margin +0.006 [+0.002,+0.012]
                      chunk  0.100 (base 0.100) margin +0.000 [-0.005,+0.005]
    Z_end    PARTIAL  all    0.297 (base 0.097) margin +0.200 [+0.195,+0.205]
                      recent 0.315 (base 0.094) margin +0.221 [+0.215,+0.228]
                      chunk  0.280 (base 0.100) margin +0.180 [+0.172,+0.187]
  RING (all registers | recent | chunk)
    E_ring   control  all    0.317 (base 0.103) margin +0.214 [+0.208,+0.220]
                      recent 0.325 (base 0.100) margin +0.226 [+0.217,+0.235]
                      chunk  0.310 (base 0.105) margin +0.204 [+0.195,+0.214]
    Z_ring   NONE     all    0.102 (base 0.103) margin -0.001 [-0.005,+0.002]
                      recent 0.099 (base 0.100) margin -0.001 [-0.006,+0.004]
                      chunk  0.104 (base 0.105) margin -0.001 [-0.007,+0.004]
------------------------------------------------------------------------------
  PROBE (b) REDUNDANCY -- is Z_end's content ADDITIONAL to E's?
    E              all    0.714 (base 0.097) margin +0.617 [+0.614,+0.621]
    E_plus_Z_end   all    0.719 (base 0.097) margin +0.622 [+0.619,+0.626]
    E_pca          all    0.711 (base 0.097) margin +0.614 [+0.610,+0.617]
    Z_end_resid_E  all    0.139 (base 0.097) margin +0.042 [+0.038,+0.046]
    INCREMENT      [E,Z_end] - E  +0.005 [+0.003,+0.007] (paired)  = +0.8% of E's margin
                   recent         +0.007 [+0.005,+0.010]
                   chunk          +0.003 [+0.000,+0.005]
    RESIDUAL diagnostic: E PROJECTED out inside the top-128 PCA subspace, fit on training rows only (lam_rel 1e-06)
      Z_end variance surviving the projection, out of fold: 2.70e-01
      the reduction keeps E's signal (0.5 x E's margin): YES
------------------------------------------------------------------------------
  PROBE HEALTH (E margin >= 0.15, CI_lo > 0): OK
  READING: NO_LATENT_HOLDS -- the loop state at the chunk end does not hold the register file -> the WRITE must change before J4
  PROBE (b): ADDITIONAL -- Z_end holds register information E does not -- a J4 PASS reads as a real second channel (j4_prereg.md S4.6)

wrote eval_results/z3_registers/j1-a3z-tokens-real/results.json

z3 j1-a3z-tokens-real DONE -> eval_results/z3_registers/j1-a3z-tokens-real/results.json
---------------------------------------
Begin Slurm Epilog: Sep-26-2026 13:45:35
Job ID:        13609562
Array Job ID:  13609414_1
User ID:       hjiang420
Account:       gts-aivanova7-lab
Job name:      z3_registers
Resources:     cpu=8,gres/gpu:h200=1,mem=64G,node=1
Rsrc Used:     cput=04:00:24,vmem=0,walltime=00:30:03,mem=14932532K,energy_used=0
Partition:     gpu-h200
QOS:           inferno
Nodes:         atl1-1-02-014-9-0
---------------------------------------
