---------------------------------------
Begin Slurm Prolog: Sep-26-2026 00:33:53
Job ID:    13594449
User ID:   hjiang420
Account:   gts-aivanova7-lab
Job name:  j4_joint
Partition: gpu-h200
QOS:       inferno
---------------------------------------
=== J4 embeds run | limb=real | run=j4-a3z-endpoint-real-smoke ===
    branch:    cortex-retrofit/retro-b2-heal/checkpoint_91552_w16  (step 91552 -> stop 91562, horizon 305176)
    data:      data/j1_pg19fw50_carry20_len4096   (READ THIS LINE -- the only proof the pack arrived)
    geometry:  gated W=16 K=64 cc=8 grad_chunks=4 mr=8 window_backward=1
    packed:    64 E + 64 Z + 512 tokens + 16 summary = 656 columns (was 592)
    read:      --cortex.latent_read embeds --cortex.latent_read_znorm rms --cortex.latent_read_znorm_target 136.0 --cortex.latent_read_scramble false --cortex.latent_carry_read true
    e_dropout: 0.0   micro=2 batch=4   diag every 1
NVIDIA H200, 143771 MiB

[W926 00:34:07.092083691 CUDAAllocatorConfig.h:28] Warning: expandable_segments not supported on this platform (function operator())
Sat Sep 26 00:34:04: Time to load libraries: 8.78 seconds.
--------------------------------------------------------------------
------------------ Launching run j4-a3z-endpoint-real-smoke------------------
--------------------------------------------------------------------
--------------------------------------------------------------------
Platform: linux, Python: 3.11.15, PyTorch: 2.5.1+cu121
CPU threads: 8, GPUs: 1 on atl1-1-02-012-2-0.pace.gatech.edu.
GPU : NVIDIA H200. CUDA: 12.1.
[cortex] memory ON: K=0 K_iter=0 ccot_direct=False accum_ccot=False (vecs=16/max=128) gated_accum=False prefix_memory=gated gate(K=64,route=ring,norm=tanh,init=zero,fill=grow) latent(Z on, rule=absolute,band=2..9,renorm=none,read=embeds,EMBEDS(J4: Z as its own input_embeds columns),enc=endpoint,znorm=136.0) prefix_pos=tail prefix_eos_reset=False cross_chunks=8 carry_grad_chunks=4 random_segments=False lora_rank=0
[cortex] Z channel ON.  latent_depth_rule='absolute' is P0.7's question (evals/diag_depth_band.py): P0.1 measured the band at a SINGLE T and cannot say whether 'informative' tracks the absolute step or the fraction of the loop.  If P0.7 has not reported, this run is asserting an answer it does not have -- record which, in this run's sbatch header.
Random Initialization not implemented.
Random Initialization not implemented.
Random Initialization not implemented.
Random Initialization not implemented.
Random Initialization not implemented.
Random Initialization not implemented.
Random Initialization not implemented.
Random Initialization not implemented.
Random Initialization not implemented.
Loading checkpoint shards:   0%|          | 0/2 [00:00<?, ?it/s]Loading checkpoint shards:  50%|█████     | 1/2 [00:11<00:11, 11.96s/it]Loading checkpoint shards: 100%|██████████| 2/2 [00:13<00:00,  6.02s/it]Loading checkpoint shards: 100%|██████████| 2/2 [00:13<00:00,  6.91s/it]
Some weights of RavenForCausalLM were not initialized from the model checkpoint at ckpts/olmo-retrofit-cortex and are newly initialized: ['cortex.latent_embed.proj.weight', 'cortex.prefix.forget_bias', 'cortex.prefix.forget_bias_z', 'cortex.prefix.gate_proj_in.bias', 'cortex.prefix.gate_proj_in.weight', 'cortex.prefix.gate_proj_in_z.bias', 'cortex.prefix.gate_proj_in_z.weight', 'cortex.prefix.gate_proj_mem.bias', 'cortex.prefix.gate_proj_mem.weight', 'cortex.prefix.gate_proj_mem_z.bias', 'cortex.prefix.gate_proj_mem_z.weight', 'cortex.prefix.input_bias', 'cortex.prefix.input_bias_z', 'cortex.prefix.summary_emb', 'cortex.prefix.summary_seeded']
You should probably TRAIN this model on a down-stream task to be able to use it for predictions and inference.
wandb: [wandb.login()] Loaded credentials for https://api.wandb.ai from /storage/home/hcoda1/3/hjiang420/.netrc.
wandb: Currently logged in as: henryyjiang42 (henryyjiang42-georgia-institute-of-technology) to https://api.wandb.ai. Use `wandb login --relogin` to force relogin
wandb: Tracking run with wandb version 0.28.0
wandb: Run data is saved locally in cortex-retrofit/wandb/run-20260926_003423-7wr4tdiu
wandb: Run `wandb offline` to turn off syncing.
wandb: Syncing run j4-a3z-endpoint-real-smoke
wandb: ⭐️ View project at https://wandb.ai/henryyjiang42-georgia-institute-of-technology/cortex-retrofit
wandb: 🚀 View run at https://wandb.ai/henryyjiang42-georgia-institute-of-technology/cortex-retrofit/runs/7wr4tdiu
/storage/home/hcoda1/3/hjiang420/cortex-finetune/train.py:840: FutureWarning: You are using `torch.load` with `weights_only=False` (the current default value), which uses the default pickle module implicitly. It is possible to construct malicious pickle data which will execute arbitrary code during unpickling (See https://github.com/pytorch/pytorch/blob/main/SECURITY.md#untrusted-models for more details). In a future release, the default value for `weights_only` will be flipped to `True`. This limits the functions that could be executed during unpickling. Arbitrary objects will no longer be allowed to be loaded via this mode unless they are explicitly allowlisted by the user via `torch.serialization.add_safe_globals`. We recommend you start setting `weights_only=True` for any use case where you don't have full control of the loaded file. Please open an issue on GitHub for any issues related to this experimental feature.
  ckpt = torch.load(f"{path}/chkpt.pt", map_location=device)
wandb: updating run metadata
wandb: uploading history steps 9-9, summary, console lines 20-24
wandb: 
wandb: Run history:
wandb:              cortex/channels ▁▁▁▁▁▁▁▁▁▁
wandb:      cortex/e_centred_cosine ▆▂▃▆▄█▄▆▁▅
wandb:    cortex/e_eff_rank_entropy ▄▆▇▄▇▆▆▁█▆
wandb: cortex/e_eff_rank_entropy_sq ▃▅▆▃▆▄▅▁█▄
wandb:         cortex/e_eff_rank_pr ▃▄▅▃▅▄▄▁█▃
wandb:            cortex/e_row_norm ▅▅▁▃▆▇██▇▇
wandb:          cortex/e_top1_share ▅▄▄▅▃▄▅█▁▇
wandb:            cortex/fg_at_bias ▁▂▃▄▅▆▆▇██
wandb:          cortex/fg_z_at_bias ▁▂▃▄▅▆▇▇██
wandb:        cortex/gate_in_w_norm ▁▃▃▄▅▆▆▇▇█
wandb:                          +63 ...
wandb: 
wandb: Run summary:
wandb:              cortex/channels 2
wandb:      cortex/e_centred_cosine -0.01226
wandb:    cortex/e_eff_rank_entropy 49.3005
wandb: cortex/e_eff_rank_entropy_sq 23.44467
wandb:         cortex/e_eff_rank_pr 12.00101
wandb:            cortex/e_row_norm 158.18854
wandb:          cortex/e_top1_share 0.22361
wandb:            cortex/fg_at_bias 0.73155
wandb:          cortex/fg_z_at_bias 0.7316
wandb:        cortex/gate_in_w_norm 4.81097
wandb:                          +63 ...
wandb: 
wandb: 🚀 View run j4-a3z-endpoint-real-smoke at: https://wandb.ai/henryyjiang42-georgia-institute-of-technology/cortex-retrofit/runs/7wr4tdiu
wandb: ⭐️ View project at: https://wandb.ai/henryyjiang42-georgia-institute-of-technology/cortex-retrofit
wandb: Synced 5 W&B file(s), 0 media file(s), 0 artifact file(s) and 0 other file(s)
wandb: Find logs at: cortex-retrofit/wandb/run-20260926_003423-7wr4tdiu/logs
[cortex] reset 5 cortex submodules to nn defaults + re-applied designed inits ['prefix.[summary_emb~N(reseeded from wte on first forward),forget_bias=1,input_bias=0,gate_init=zero,forget_bias_z=1,input_bias_z=0,gate_init_z=zero]', 'latent_embed.[proj=I, bias=none]'] (undo post_init clobber)
[branch] summary_emb was SLICED 32 -> 16 rows (first W_new rows (tail layout: slot j attends slots < j)), 2026-09-16T16:56:20, from cortex-retrofit/retro-b2-heal/checkpoint_91552
[branch]   effective rank 10.90 of the parent's 20.02; kept-row centred cos -0.0652
[branch] loaded weights from cortex-retrofit/retro-b2-heal/checkpoint_91552_w16; 13 new memory params start fresh: ['cortex.prefix.forget_bias', 'cortex.prefix.input_bias', 'cortex.prefix.forget_bias_z', 'cortex.prefix.input_bias_z', 'cortex.prefix.gate_proj_in.weight', 'cortex.prefix.gate_proj_in.bias', 'cortex.prefix.gate_proj_mem.weight', 'cortex.prefix.gate_proj_mem.bias', 'cortex.prefix.gate_proj_in_z.weight', 'cortex.prefix.gate_proj_in_z.bias', 'cortex.prefix.gate_proj_mem_z.weight', 'cortex.prefix.gate_proj_mem_z.bias', 'cortex.latent_embed.proj.weight']
[branch] optimizer state NOT restored (param set changed); LR schedule, recurrence ramp and step counter continue
Branched from cortex-retrofit/retro-b2-heal/checkpoint_91552_w16
[cortex] window_backward: one backward per 4-chunk carry window (2 per row), so the peak holds 4 of 8 chunks' activations.  Same gradient as one backward per row, to fp summation order.
GPU: cuda:0 | Step:    2 | Updates: 91553 | Time/step: 2.0361 | Tok/sec=  4023.39 | Loss: 3.2383 / log-ppl: 25.4908 | Grad-Norm 20.2380 | ClipCoef 0.0494 | Peak-Mem 83.88GiB
[timeout-save] walltime deadline resolved: 2597s from now
GPU: cuda:0 | Step:    4 | Updates: 91554 | Time/step: 1.8895 | Tok/sec=  4335.47 | Loss: 3.6134 / log-ppl: 37.0929 | Grad-Norm 7.0047 | ClipCoef 0.1428 | Peak-Mem 90.75GiB
GPU: cuda:0 | Step:    6 | Updates: 91555 | Time/step: 1.4886 | Tok/sec=  5503.23 | Loss: 3.4942 / log-ppl: 32.9232 | Grad-Norm 9.9912 | ClipCoef 0.1001 | Peak-Mem 90.63GiB
GPU: cuda:0 | Step:    8 | Updates: 91556 | Time/step: 1.8893 | Tok/sec=  4335.95 | Loss: 2.3296 / log-ppl: 10.2742 | Grad-Norm 3.1887 | ClipCoef 0.3136 | Peak-Mem 90.75GiB
GPU: cuda:0 | Step:   10 | Updates: 91557 | Time/step: 1.0634 | Tok/sec=  7703.59 | Loss: 3.4237 / log-ppl: 30.6836 | Grad-Norm 3.5994 | ClipCoef 0.2778 | Peak-Mem 60.91GiB
GPU: cuda:0 | Step:   12 | Updates: 91558 | Time/step: 1.3990 | Tok/sec=  5855.55 | Loss: 3.3102 / log-ppl: 27.3896 | Grad-Norm 3.0535 | ClipCoef 0.3275 | Peak-Mem 90.63GiB
GPU: cuda:0 | Step:   14 | Updates: 91559 | Time/step: 1.3076 | Tok/sec=  6265.11 | Loss: 3.8779 / log-ppl: 48.3235 | Grad-Norm 2.5390 | ClipCoef 0.3939 | Peak-Mem 75.89GiB
GPU: cuda:0 | Step:   16 | Updates: 91560 | Time/step: 1.7962 | Tok/sec=  4560.68 | Loss: 1.3283 / log-ppl: 3.7748 | Grad-Norm 2.5723 | ClipCoef 0.3887 | Peak-Mem 90.75GiB
GPU: cuda:0 | Step:   18 | Updates: 91561 | Time/step: 1.0906 | Tok/sec=  7511.55 | Loss: 2.6275 / log-ppl: 13.8398 | Grad-Norm 4.0036 | ClipCoef 0.2498 | Peak-Mem 68.46GiB
GPU: cuda:0 | Step:   20 | Updates: 91562 | Time/step: 1.5361 | Tok/sec=  5332.86 | Loss: 3.5953 / log-ppl: 36.4264 | Grad-Norm 2.4422 | ClipCoef 0.4095 | Peak-Mem 90.75GiB
[stop_at_step] reached 91562 — ending this phase (schedule horizon max_steps=305176 unchanged)
[rank 0] Saved checkpoint @ step 91,562
--------------------------------------------------------------------
Training time: 0:02:13.535998 
Max. Mem allocated: 12.162 GB. Max. Mem reserved: 91.145 GB.
--------------------------------------------------------------------
--------------------------------------------------------------------
Run None finished without error.
---------Total time: 0:02:25.889775 ---------
-----------------Shutdown complete.--------------------------

=== SMOKE GATE | j4-a3z-endpoint-real-smoke | limb=real ===
  ok   10 diag rows, steps 91553..91562
  ok   z_znorm_target 136.0 on every row
  ok   z_n_zpre max 64 of 64
  ok   z_e_carried_norm mean 137.86 vs target 136.00 (101%)
  ok   z_embed_ratio 1.0377 -> 1.5142
  ok   z_read_grad_frac 1.0 (live on every batch, as E is)
  ok   z_write_grad_frac max 1.000
  ok   loss 3.2383 -> 3.5953, all finite

SMOKE GATE PASSED -- the real limbs may launch.
  diag kept at logs/j4_smoke/j4-a3z-endpoint-real-smoke-13594410.jsonl
  checkpoints removed; DELETE THE RUN DIR before any re-smoke
5.1G	cortex-retrofit/j4-a3z-endpoint-real-smoke

J4 real DONE -> cortex-retrofit/j4-a3z-endpoint-real-smoke
  In-flight record: cortex-retrofit/j4-a3z-endpoint-real-smoke/cortex_diag.jsonl
  READ THESE FIRST: z_n_zpre (64 = the columns are spliced),
  z_embed_ratio (||Z col||/||E col||, ~1.0 at step 0 -- J4's ONLY
  read-strength number, and a collapse is an AUDIT beside a positive),
  z_e_carried_norm (confirms ZNORM_TARGET was the right number),
  z_write_grad_frac, z_read_grad_frac (1.0 by construction here),
  e_dropped, E rank.
  Read-out: EXPERIMENT=j4 pace/j1_readout.sbatch, then EXPERIMENT=j4
  pace/j1_verdict.sbatch -- and only under J4's pre-registration.
---------------------------------------
Begin Slurm Epilog: Sep-26-2026 00:36:24
Job ID:        13594449
Array Job ID:  13594410_0
User ID:       hjiang420
Account:       gts-aivanova7-lab
Job name:      j4_joint
Resources:     cpu=8,gres/gpu:h200=1,mem=128G,node=1
Rsrc Used:     cput=00:20:40,vmem=0,walltime=00:02:35,mem=19374776K,energy_used=0
Partition:     gpu-h200
QOS:           inferno
Nodes:         atl1-1-02-012-2-0
---------------------------------------
