---------------------------------------
Begin Slurm Prolog: Sep-17-2026 11:32:57
Job ID:    13292850
User ID:   hjiang420
Account:   gts-aivanova7-lab
Job name:  p21_subst
Partition: gpu-h200
QOS:       inferno
---------------------------------------

CondaError: Run 'conda init' before 'conda deactivate'

=== P2.1 substitution sweep | 2 cells | index 4 ===
    [0] a1 donor both
    [1] parent donor both
no cell at index 4 (the array is wider than the cell list, which is
what an ARMS/DAMAGES override does).  Nothing to do.
---------------------------------------
Begin Slurm Epilog: Sep-17-2026 11:33:01
Job ID:        13292850
Array Job ID:  13292623_4
User ID:       hjiang420
Account:       gts-aivanova7-lab
Job name:      p21_subst
Resources:     cpu=8,gres/gpu:h200=1,mem=64G,node=1
Rsrc Used:     cput=00:00:56,vmem=0,walltime=00:00:07,mem=39156K,energy_used=0
Partition:     gpu-h200
QOS:           inferno
Nodes:         atl1-1-03-020-11-0
---------------------------------------
