---------------------------------------
Begin Slurm Prolog: Sep-28-2026 09:22:46
Job ID:    13673654
User ID:   hjiang420
Account:   gts-aivanova7-lab
Job name:  unit_suite
Partition: cpu-small
QOS:       inferno
---------------------------------------
=== unit suite | atl1-1-02-006-24-2.pace.gatech.edu ===
    tests: tests/test_staggered_state.py
    args:  -q
    torch 2.5.1+cu121, python 3.11.15

.........................s.                                              [100%]
26 passed, 1 skipped in 23.29s

==============================================================
SUITE GREEN in 27s
==============================================================
---------------------------------------
Begin Slurm Epilog: Sep-28-2026 09:23:24
Job ID:        13673654
User ID:       hjiang420
Account:       gts-aivanova7-lab
Job name:      unit_suite
Resources:     cpu=8,mem=32G,node=1
Rsrc Used:     cput=00:05:12,vmem=0,walltime=00:00:39,mem=1166564K,energy_used=0
Partition:     cpu-small
QOS:           inferno
Nodes:         atl1-1-02-006-24-2
---------------------------------------
