---------------------------------------
Begin Slurm Prolog: Sep-28-2026 11:52:03
Job ID:    13679799
User ID:   hjiang420
Account:   gts-aivanova7-lab
Job name:  span_stag
Partition: gpu-h200
QOS:       inferno
---------------------------------------
[cortex] OVERRIDE config.use_memory: '<absent>' -> True  (NOT what this checkpoint trained with unless they match)
[cortex] OVERRIDE config.memory_slots: '<absent>' -> 0  (NOT what this checkpoint trained with unless they match)
[cortex] OVERRIDE config.prefix_memory: '<absent>' -> 'gated'  (NOT what this checkpoint trained with unless they match)
[cortex] OVERRIDE config.accum_vecs: '<absent>' -> 16  (NOT what this checkpoint trained with unless they match)
[cortex] OVERRIDE config.gate_slots: '<absent>' -> 64  (NOT what this checkpoint trained with unless they match)
[cortex] OVERRIDE config.gate_route: '<absent>' -> 'ring'  (NOT what this checkpoint trained with unless they match)
[cortex] OVERRIDE config.gate_norm: '<absent>' -> 'tanh'  (NOT what this checkpoint trained with unless they match)
[cortex] OVERRIDE config.gate_init: '<absent>' -> 'zero'  (NOT what this checkpoint trained with unless they match)
[cortex] OVERRIDE config.gate_fill: '<absent>' -> 'grow'  (NOT what this checkpoint trained with unless they match)
[cortex] OVERRIDE config.latent_carry: '<absent>' -> True  (NOT what this checkpoint trained with unless they match)
[cortex] OVERRIDE config.latent_depth_rule: '<absent>' -> 'absolute'  (NOT what this checkpoint trained with unless they match)
[cortex] OVERRIDE config.latent_depth_lo: '<absent>' -> 2  (NOT what this checkpoint trained with unless they match)
[cortex] OVERRIDE config.latent_depth_hi: '<absent>' -> 9  (NOT what this checkpoint trained with unless they match)
[cortex] OVERRIDE config.latent_renorm: '<absent>' -> 'none'  (NOT what this checkpoint trained with unless they match)
[cortex] OVERRIDE config.latent_tok_pool: '<absent>' -> 4  (NOT what this checkpoint trained with unless they match)
[cortex] OVERRIDE config.latent_s0_read: '<absent>' -> False  (NOT what this checkpoint trained with unless they match)
[cortex] OVERRIDE config.latent_read: '<absent>' -> 'embeds'  (NOT what this checkpoint trained with unless they match)
[cortex] OVERRIDE config.latent_read_znorm: '<absent>' -> 'rms'  (NOT what this checkpoint trained with unless they match)
[cortex] OVERRIDE config.latent_read_znorm_target: '<absent>' -> '136.0'  (NOT what this checkpoint trained with unless they match)
[cortex] OVERRIDE config.latent_encoding: '<absent>' -> 'staggered_state'  (NOT what this checkpoint trained with unless they match)
[cortex] OVERRIDE config.latent_embed_frozen: '<absent>' -> True  (NOT what this checkpoint trained with unless they match)
Random Initialization not implemented.
Random Initialization not implemented.
Random Initialization not implemented.
Random Initialization not implemented.
Random Initialization not implemented.
Random Initialization not implemented.
Random Initialization not implemented.
Random Initialization not implemented.
Random Initialization not implemented.
Loading checkpoint shards:   0%|          | 0/2 [00:00<?, ?it/s]Loading checkpoint shards:  50%|█████     | 1/2 [00:00<00:00,  2.15it/s]Loading checkpoint shards: 100%|██████████| 2/2 [00:00<00:00,  4.29it/s]
Some weights of RavenForCausalLM were not initialized from the model checkpoint at ckpts/olmo-retrofit-cortex and are newly initialized: ['cortex.latent_embed.proj.weight', 'cortex.prefix.forget_bias', 'cortex.prefix.forget_bias_z', 'cortex.prefix.gate_proj_in.bias', 'cortex.prefix.gate_proj_in.weight', 'cortex.prefix.gate_proj_in_z.bias', 'cortex.prefix.gate_proj_in_z.weight', 'cortex.prefix.gate_proj_mem.bias', 'cortex.prefix.gate_proj_mem.weight', 'cortex.prefix.gate_proj_mem_z.bias', 'cortex.prefix.gate_proj_mem_z.weight', 'cortex.prefix.input_bias', 'cortex.prefix.input_bias_z', 'cortex.prefix.summary_emb', 'cortex.prefix.summary_seeded']
You should probably TRAIN this model on a down-stream task to be able to use it for predictions and inference.
[cortex] reset 5 cortex submodules to nn defaults + re-applied designed inits ['prefix.[summary_emb~N(reseeded from wte on first forward),forget_bias=1,input_bias=0,gate_init=zero,forget_bias_z=1,input_bias_z=0,gate_init_z=zero]', 'latent_embed.[proj=I, bias=none]', 'latent_embed.[FROZEN at identity]'] (undo post_init clobber)
[load] overlaid cortex-retrofit/j6-a3z-stag/checkpoint_93552/chkpt.pt: 0 missing / 0 unexpected keys
[z3] data/carry_task_r16_len4096_val: 300 rows, answer_dep checked | encoding staggered_state | T=8
  25/300 rows
  50/300 rows
  75/300 rows
  100/300 rows
  125/300 rows
  150/300 rows
  175/300 rows
  200/300 rows
  225/300 rows
  250/300 rows
  275/300 rows
  300/300 rows
  probed E: acc 0.719 vs baseline 0.097
  probed Z_write: acc 0.266 vs baseline 0.097
  probed Z_tok: acc 0.100 vs baseline 0.097
  probed Z_end: acc 0.289 vs baseline 0.097
  probed E_ring: acc 0.313 vs baseline 0.103
  probed Z_ring: acc 0.103 vs baseline 0.103
==============================================================================
D3 REGISTER PROBE -- cortex-retrofit/j6-a3z-stag/checkpoint_93552
  encoding staggered_state | 300 rows, 2400 (row, chunk) samples | cells by last update: recent 19110, chunk 19126, older 146, never 18
==============================================================================
  WRITE (all registers | recent | chunk)
    E        control  all    0.719 (base 0.097) margin +0.622 [+0.619,+0.626]
                      recent 0.732 (base 0.094) margin +0.638 [+0.632,+0.645]
                      chunk  0.711 (base 0.100) margin +0.611 [+0.604,+0.618]
    Z_write  PARTIAL  all    0.266 (base 0.097) margin +0.168 [+0.164,+0.174]
                      recent 0.262 (base 0.094) margin +0.168 [+0.161,+0.176]
                      chunk  0.270 (base 0.100) margin +0.170 [+0.163,+0.178]
    Z_tok    NONE     all    0.100 (base 0.097) margin +0.003 [-0.001,+0.006]
                      recent 0.102 (base 0.094) margin +0.008 [+0.003,+0.013]
                      chunk  0.098 (base 0.100) margin -0.002 [-0.007,+0.003]
    Z_end    PARTIAL  all    0.289 (base 0.097) margin +0.192 [+0.187,+0.197]
                      recent 0.278 (base 0.094) margin +0.185 [+0.177,+0.192]
                      chunk  0.301 (base 0.100) margin +0.201 [+0.193,+0.208]
  RING (all registers | recent | chunk)
    E_ring   control  all    0.313 (base 0.103) margin +0.211 [+0.205,+0.216]
                      recent 0.322 (base 0.100) margin +0.222 [+0.213,+0.231]
                      chunk  0.305 (base 0.105) margin +0.200 [+0.190,+0.210]
    Z_ring   NONE     all    0.103 (base 0.103) margin -0.000 [-0.005,+0.004]
                      recent 0.100 (base 0.100) margin +0.001 [-0.005,+0.007]
                      chunk  0.105 (base 0.105) margin -0.001 [-0.007,+0.006]
------------------------------------------------------------------------------
  SPAN TEST (J7) -- did latent_embed rotate Z onto E's span?
    share of Z's row energy OUTSIDE E's span, out of fold (1500 samples, 300 rows, E span rank 85 at 99% energy):
      Z as carried      (no rescale)       0.510014   reported, not contrasted
      Z rescaled        (pre-rotation)     0.531520   <- the contrast is these two,
      Z as READ         (post-rotation)    0.531520      so it is rotation-only
      by E-span rank    r16: 0.639->0.639  r64: 0.551->0.551  r85: 0.532->0.532  r256: 0.406->0.406
      ratio post/pre                       1.0000
    => NOT laundered at this cut: the projection is not why those nulls
       read empty.  On a FROZEN arm the two fractions must be EQUAL
       (identity gives ratio 1.0000 exactly) -- a gap there indicts
       this probe, not the map.
------------------------------------------------------------------------------
  PROBE HEALTH (E margin >= 0.15, CI_lo > 0): OK
  READING: NO_LATENT_HOLDS -- the loop state at the chunk end does not hold the register file -> the WRITE must change before J4

wrote eval_results/span_stag/results.json
---------------------------------------
Begin Slurm Epilog: Sep-28-2026 12:01:05
Job ID:        13679799
User ID:       hjiang420
Account:       gts-aivanova7-lab
Job name:      span_stag
Resources:     cpu=8,gres/gpu:h200=1,mem=64G,node=1
Rsrc Used:     cput=01:12:24,vmem=0,walltime=00:09:03,mem=18232900K,energy_used=0
Partition:     gpu-h200
QOS:           inferno
Nodes:         atl1-1-03-018-14-0
---------------------------------------
