---------------------------------------
Begin Slurm Prolog: Sep-19-2026 21:39:13
Job ID:    13360885
User ID:   hjiang420
Account:   gts-aivanova7-lab
Job name:  eval_write_capacity.sbatch
Partition: gpu-a100
QOS:       inferno
---------------------------------------
    load: BASE ckpts/olmo-retrofit-cortex + overlay cortex-retrofit/p1-a3-gated-w16k64-cc8/checkpoint_115966
    sets: --set use_memory=true --set memory_slots=0 --set prefix_memory=gated --set accum_vecs=16 --set gate_slots=64 --set gate_route=ring --set gate_norm=tanh --set gate_init=zero --set gate_fill=grow
    The [cortex] OVERRIDE lines below are the proof it arrived.
=== write capacity: p1-a3-gated-w16k64-cc8 -> eval_results/write_capacity_cells-20260919/p1-a3-gated-w16k64-cc8 ===
Loading: ckpts/olmo-retrofit-cortex  (overlay: cortex-retrofit/p1-a3-gated-w16k64-cc8/checkpoint_115966)
[cortex] OVERRIDE config.use_memory: '<absent>' -> True  (NOT what this checkpoint trained with unless they match)
[cortex] OVERRIDE config.memory_slots: '<absent>' -> 0  (NOT what this checkpoint trained with unless they match)
[cortex] OVERRIDE config.prefix_memory: '<absent>' -> 'gated'  (NOT what this checkpoint trained with unless they match)
[cortex] OVERRIDE config.accum_vecs: '<absent>' -> 16  (NOT what this checkpoint trained with unless they match)
[cortex] OVERRIDE config.gate_slots: '<absent>' -> 64  (NOT what this checkpoint trained with unless they match)
[cortex] OVERRIDE config.gate_route: '<absent>' -> 'ring'  (NOT what this checkpoint trained with unless they match)
[cortex] OVERRIDE config.gate_norm: '<absent>' -> 'tanh'  (NOT what this checkpoint trained with unless they match)
[cortex] OVERRIDE config.gate_init: '<absent>' -> 'zero'  (NOT what this checkpoint trained with unless they match)
[cortex] OVERRIDE config.gate_fill: '<absent>' -> 'grow'  (NOT what this checkpoint trained with unless they match)
Random Initialization not implemented.
Random Initialization not implemented.
Random Initialization not implemented.
Random Initialization not implemented.
Random Initialization not implemented.
Loading checkpoint shards:   0%|          | 0/2 [00:00<?, ?it/s]Loading checkpoint shards:  50%|█████     | 1/2 [00:19<00:19, 19.96s/it]Loading checkpoint shards: 100%|██████████| 2/2 [00:23<00:00, 10.37s/it]Loading checkpoint shards: 100%|██████████| 2/2 [00:23<00:00, 11.81s/it]
Some weights of RavenForCausalLM were not initialized from the model checkpoint at ckpts/olmo-retrofit-cortex and are newly initialized: ['cortex.prefix.forget_bias', 'cortex.prefix.gate_proj_in.bias', 'cortex.prefix.gate_proj_in.weight', 'cortex.prefix.gate_proj_mem.bias', 'cortex.prefix.gate_proj_mem.weight', 'cortex.prefix.input_bias', 'cortex.prefix.summary_emb', 'cortex.prefix.summary_seeded']
You should probably TRAIN this model on a down-stream task to be able to use it for predictions and inference.
[cortex] reset 2 cortex submodules to nn defaults + re-applied designed inits ['prefix.[summary_emb~N(reseeded from wte on first forward),forget_bias=1,input_bias=0,gate_init=zero]'] (undo post_init clobber)
[load] overlaid cortex-retrofit/p1-a3-gated-w16k64-cc8/checkpoint_115966/chkpt.pt: 0 missing / 0 unexpected keys
mechanism: prefix splice  device=cuda  dtype=bfloat16
T=8  n_chunks=8
data/pg19_olmo_validation_len4096_strided: 1059 rows, evaluating 200
  sample 1 took 2.6s -> ETA 9 min for 200 samples (5 forwards x 8 chunks each at T=8)
  10/200 samples  [0 min elapsed]
  20/200 samples  [1 min elapsed]
  30/200 samples  [1 min elapsed]
  40/200 samples  [1 min elapsed]
  50/200 samples  [2 min elapsed]
  60/200 samples  [2 min elapsed]
  70/200 samples  [2 min elapsed]
  80/200 samples  [3 min elapsed]
  90/200 samples  [3 min elapsed]
  100/200 samples  [3 min elapsed]
  110/200 samples  [4 min elapsed]
  120/200 samples  [4 min elapsed]
  130/200 samples  [4 min elapsed]
  140/200 samples  [5 min elapsed]
  150/200 samples  [5 min elapsed]
  160/200 samples  [5 min elapsed]
  170/200 samples  [6 min elapsed]
  180/200 samples  [6 min elapsed]
  190/200 samples  [6 min elapsed]
  200/200 samples  [7 min elapsed]

  Chunk       N      self      prev      none      shuf     d(recon)      d(info)
  ----------------------------------------------------------------------------------
  1         200    3.4560    3.6298    3.6298    3.5996      0.17382      0.14355
  2         200    3.4002    3.4643    3.5937    3.5627      0.06410      0.16248
  3         197    3.4537    3.5081    3.6556    3.6155      0.05439      0.16180
  4         197    3.4336    3.4888    3.6418    3.5992      0.05520      0.16561
  5         197    3.4499    3.4764    3.6358    3.5975      0.02653      0.14766
  6         196    3.4489    3.4913    3.6370    3.6051      0.04242      0.15622
  7         196    3.4605    3.5051    3.6530    3.6200      0.04462      0.15956
  8         196    3.4310    3.4790    3.6240    3.5860      0.04807      0.15505

  chunks 2+ reconstruction (prev - self): +0.04795 (SE 0.00112)

  chunks 2+ information   (shuf - self): +0.15835 (SE 0.00179)

  Large positive reconstruction delta => the write encodes its own
  chunk, so a flat carry-ablation delta is a READ failure.
  Reconstruction large but information ~0 => the gain is the extra
  prefix columns acting as registers, not the content.

Results saved -> eval_results/write_capacity_cells-20260919/p1-a3-gated-w16k64-cc8
---------------------------------------
Begin Slurm Epilog: Sep-19-2026 21:46:50
Job ID:        13360885
User ID:       hjiang420
Account:       gts-aivanova7-lab
Job name:      eval_write_capacity.sbatch
Resources:     cpu=8,gres/gpu:a100=1,mem=64G,node=1
Rsrc Used:     cput=01:01:04,vmem=0,walltime=00:07:38,mem=27764480K,energy_used=0
Partition:     gpu-a100
QOS:           inferno
Nodes:         atl1-1-01-002-16-0
---------------------------------------
