---------------------------------------
Begin Slurm Prolog: Sep-23-2026 12:55:35
Job ID:    13487422
User ID:   hjiang420
Account:   gts-aivanova7-lab
Job name:  j3_joint
Partition: gpu-h200
QOS:       inferno
---------------------------------------
=== J3 scratchpad run | limb=noread | run=j3-a3z-scratch-noread-smoke ===
    branch:    cortex-retrofit/retro-b2-heal/checkpoint_91552_w16  (step 91552 -> stop 91562, horizon 305176)
    data:      data/j1_pg19fw50_carry20_len4096   (READ THIS LINE -- the only proof the pack arrived)
    geometry:  gated W=16 K=64 cc=8 grad_chunks=4 mr=8 window_backward=1
    read:      --cortex.latent_read scratch --cortex.latent_read_heads 8 --cortex.latent_read_znorm rms --cortex.latent_read_znorm_target 3.0 --cortex.latent_read_gate_lr_mult 0.1 --cortex.latent_scratch_forget_bias 1.0 --cortex.latent_read_scramble false --cortex.latent_carry_read false
    e_dropout: 0.0   micro=2 batch=4   diag every 25
NVIDIA H200, 143771 MiB

[W923 12:55:55.437128129 CUDAAllocatorConfig.h:28] Warning: expandable_segments not supported on this platform (function operator())
Wed Sep 23 12:55:52: Time to load libraries: 12.75 seconds.
--------------------------------------------------------------------
------------------ Launching run j3-a3z-scratch-noread-smoke------------------
--------------------------------------------------------------------
--------------------------------------------------------------------
Platform: linux, Python: 3.11.15, PyTorch: 2.5.1+cu121
CPU threads: 8, GPUs: 1 on atl1-1-02-014-2-0.pace.gatech.edu.
GPU : NVIDIA H200. CUDA: 12.1.
[cortex] memory ON: K=0 K_iter=0 ccot_direct=False accum_ccot=False (vecs=16/max=128) gated_accum=False prefix_memory=gated gate(K=64,route=ring,norm=tanh,init=zero,fill=grow) latent(Z on, rule=absolute,band=2..9,renorm=none,read=scratch,CARRY-UNREAD(J3 no-read limb),gate_lr_mult=0.1,scratch_fb=1.0,enc=scratch,znorm=3.0) prefix_pos=tail prefix_eos_reset=False cross_chunks=8 carry_grad_chunks=4 random_segments=False lora_rank=0
[cortex] Z channel ON.  latent_depth_rule='absolute' is P0.7's question (evals/diag_depth_band.py): P0.1 measured the band at a SINGLE T and cannot say whether 'informative' tracks the absolute step or the fraction of the loop.  If P0.7 has not reported, this run is asserting an answer it does not have -- record which, in this run's sbatch header.
Random Initialization not implemented.
Random Initialization not implemented.
Random Initialization not implemented.
Random Initialization not implemented.
Random Initialization not implemented.
Random Initialization not implemented.
Random Initialization not implemented.
Random Initialization not implemented.
Random Initialization not implemented.
Random Initialization not implemented.
Random Initialization not implemented.
Random Initialization not implemented.
Random Initialization not implemented.
Random Initialization not implemented.
Random Initialization not implemented.
Loading checkpoint shards:   0%|          | 0/2 [00:00<?, ?it/s]Loading checkpoint shards:  50%|█████     | 1/2 [00:20<00:20, 20.13s/it]Loading checkpoint shards: 100%|██████████| 2/2 [00:23<00:00, 10.07s/it]Loading checkpoint shards: 100%|██████████| 2/2 [00:23<00:00, 11.58s/it]
Some weights of RavenForCausalLM were not initialized from the model checkpoint at ckpts/olmo-retrofit-cortex and are newly initialized: ['cortex.latent_reader.gate', 'cortex.latent_reader.k_proj.weight', 'cortex.latent_reader.out_proj.weight', 'cortex.latent_reader.q_proj.weight', 'cortex.latent_reader.v_proj.weight', 'cortex.latent_scratch.forget_bias', 'cortex.latent_scratch.gate_proj_in.bias', 'cortex.latent_scratch.gate_proj_in.weight', 'cortex.latent_scratch.gate_proj_mem.bias', 'cortex.latent_scratch.gate_proj_mem.weight', 'cortex.latent_scratch.input_bias', 'cortex.prefix.forget_bias', 'cortex.prefix.forget_bias_z', 'cortex.prefix.gate_proj_in.bias', 'cortex.prefix.gate_proj_in.weight', 'cortex.prefix.gate_proj_in_z.bias', 'cortex.prefix.gate_proj_in_z.weight', 'cortex.prefix.gate_proj_mem.bias', 'cortex.prefix.gate_proj_mem.weight', 'cortex.prefix.gate_proj_mem_z.bias', 'cortex.prefix.gate_proj_mem_z.weight', 'cortex.prefix.input_bias', 'cortex.prefix.input_bias_z', 'cortex.prefix.summary_emb', 'cortex.prefix.summary_seeded']
You should probably TRAIN this model on a down-stream task to be able to use it for predictions and inference.
wandb: [wandb.login()] Loaded credentials for https://api.wandb.ai from /storage/home/hcoda1/3/hjiang420/.netrc.
wandb: Currently logged in as: henryyjiang42 (henryyjiang42-georgia-institute-of-technology) to https://api.wandb.ai. Use `wandb login --relogin` to force relogin
wandb: Tracking run with wandb version 0.28.0
wandb: Run data is saved locally in cortex-retrofit/wandb/run-20260923_125622-kwx311i6
wandb: Run `wandb offline` to turn off syncing.
wandb: Syncing run j3-a3z-scratch-noread-smoke
wandb: ⭐️ View project at https://wandb.ai/henryyjiang42-georgia-institute-of-technology/cortex-retrofit
wandb: 🚀 View run at https://wandb.ai/henryyjiang42-georgia-institute-of-technology/cortex-retrofit/runs/kwx311i6
/storage/home/hcoda1/3/hjiang420/cortex-finetune/train.py:829: FutureWarning: You are using `torch.load` with `weights_only=False` (the current default value), which uses the default pickle module implicitly. It is possible to construct malicious pickle data which will execute arbitrary code during unpickling (See https://github.com/pytorch/pytorch/blob/main/SECURITY.md#untrusted-models for more details). In a future release, the default value for `weights_only` will be flipped to `True`. This limits the functions that could be executed during unpickling. Arbitrary objects will no longer be allowed to be loaded via this mode unless they are explicitly allowlisted by the user via `torch.serialization.add_safe_globals`. We recommend you start setting `weights_only=True` for any use case where you don't have full control of the loaded file. Please open an issue on GitHub for any issues related to this experimental feature.
  ckpt = torch.load(f"{path}/chkpt.pt", map_location=device)
wandb: updating run metadata
wandb: uploading output.log; uploading wandb-summary.json; uploading config.yaml
wandb: uploading history steps 9-9, summary, console lines 20-24
wandb: 
wandb: Run history:
wandb:       train/elapsed_time ▁▂▃▄▄▅▆▇▇█
wandb:              train/epoch ▁▁▁▁▁▁▁▁▁▁
wandb:     train/grad_clip_coef ▁█▃▇▂▆▆▆▄▇
wandb: train/grad_clip_max_norm ▁▁▁▁▁▁▁▁▁▁
wandb:            train/log_ppl ▂▃▇▃▂▅█▁▄▇
wandb:               train/loss ▄▅█▄▃▇█▁▅█
wandb:                 train/lr ▁▁▁▁▁▁▁▁▁▁
wandb:          train/lr_group0 ▁█████████
wandb:          train/lr_group1 ▁█████████
wandb:          train/lr_group2 ▁█████████
wandb:                      +13 ...
wandb: 
wandb: Run summary:
wandb:       train/elapsed_time 231015.18903
wandb:              train/epoch 0
wandb:     train/grad_clip_coef 0.43427
wandb: train/grad_clip_max_norm 1
wandb:            train/log_ppl 32.07692
wandb:               train/loss 3.46375
wandb:                 train/lr 0.001
wandb:          train/lr_group0 0.001
wandb:          train/lr_group1 5e-05
wandb:          train/lr_group2 0.0005
wandb:                      +13 ...
wandb: 
wandb: 🚀 View run j3-a3z-scratch-noread-smoke at: https://wandb.ai/henryyjiang42-georgia-institute-of-technology/cortex-retrofit/runs/kwx311i6
wandb: ⭐️ View project at: https://wandb.ai/henryyjiang42-georgia-institute-of-technology/cortex-retrofit
wandb: Synced 5 W&B file(s), 0 media file(s), 0 artifact file(s) and 0 other file(s)
wandb: Find logs at: cortex-retrofit/wandb/run-20260923_125622-kwx311i6/logs
[cortex] reset 10 cortex submodules to nn defaults + re-applied designed inits ['prefix.[summary_emb~N(reseeded from wte on first forward),forget_bias=1,input_bias=0,gate_init=zero,forget_bias_z=1,input_bias_z=0,gate_init_z=zero]', 'latent_reader.[qkv,out~N(0,0.02) NOT zero -- see LatentRead]', 'latent_reader.gate=0.1', 'latent_reader.gate_lr_mult=0.1', 'latent_scratch.[gates=0 (EMA fg=0.731 ig=0.500), forget_bias=1.0]'] (undo post_init clobber)
[branch] summary_emb was SLICED 32 -> 16 rows (first W_new rows (tail layout: slot j attends slots < j)), 2026-09-16T16:56:20, from cortex-retrofit/retro-b2-heal/checkpoint_91552
[branch]   effective rank 10.90 of the parent's 20.02; kept-row centred cos -0.0652
[branch] loaded weights from cortex-retrofit/retro-b2-heal/checkpoint_91552_w16; 23 new memory params start fresh: ['cortex.prefix.forget_bias', 'cortex.prefix.input_bias', 'cortex.prefix.forget_bias_z', 'cortex.prefix.input_bias_z', 'cortex.prefix.gate_proj_in.weight', 'cortex.prefix.gate_proj_in.bias', 'cortex.prefix.gate_proj_mem.weight', 'cortex.prefix.gate_proj_mem.bias', 'cortex.prefix.gate_proj_in_z.weight', 'cortex.prefix.gate_proj_in_z.bias', 'cortex.prefix.gate_proj_mem_z.weight', 'cortex.prefix.gate_proj_mem_z.bias', 'cortex.latent_reader.gate', 'cortex.latent_reader.q_proj.weight', 'cortex.latent_reader.k_proj.weight', 'cortex.latent_reader.v_proj.weight', 'cortex.latent_reader.out_proj.weight', 'cortex.latent_scratch.forget_bias', 'cortex.latent_scratch.input_bias', 'cortex.latent_scratch.gate_proj_in.weight', 'cortex.latent_scratch.gate_proj_in.bias', 'cortex.latent_scratch.gate_proj_mem.weight', 'cortex.latent_scratch.gate_proj_mem.bias']
[branch] optimizer state NOT restored (param set changed); LR schedule, recurrence ramp and step counter continue
Branched from cortex-retrofit/retro-b2-heal/checkpoint_91552_w16
[cortex] window_backward: one backward per 4-chunk carry window (2 per row), so the peak holds 4 of 8 chunks' activations.  Same gradient as one backward per row, to fp summation order.
GPU: cuda:0 | Step:    2 | Updates: 91553 | Time/step: 2.2592 | Tok/sec=  3626.03 | Loss: 2.9210 / log-ppl: 18.5605 | Grad-Norm 14.9120 | ClipCoef 0.0671 | Peak-Mem 84.30GiB
[timeout-save] walltime deadline resolved: 2520s from now
GPU: cuda:0 | Step:    4 | Updates: 91554 | Time/step: 2.0240 | Tok/sec=  4047.37 | Loss: 3.2440 / log-ppl: 25.6352 | Grad-Norm 2.0286 | ClipCoef 0.4930 | Peak-Mem 91.52GiB
GPU: cuda:0 | Step:    6 | Updates: 91555 | Time/step: 1.6628 | Tok/sec=  4926.52 | Loss: 3.3312 / log-ppl: 27.9729 | Grad-Norm 5.7504 | ClipCoef 0.1739 | Peak-Mem 91.39GiB
GPU: cuda:0 | Step:    8 | Updates: 91556 | Time/step: 2.0785 | Tok/sec=  3941.23 | Loss: 2.2556 / log-ppl: 9.5412 | Grad-Norm 2.3570 | ClipCoef 0.4243 | Peak-Mem 91.52GiB
GPU: cuda:0 | Step:   10 | Updates: 91557 | Time/step: 1.1792 | Tok/sec=  6946.79 | Loss: 3.3025 / log-ppl: 27.1807 | Grad-Norm 7.8621 | ClipCoef 0.1272 | Peak-Mem 60.96GiB
GPU: cuda:0 | Step:   12 | Updates: 91558 | Time/step: 1.5837 | Tok/sec=  5172.69 | Loss: 3.2659 / log-ppl: 26.2036 | Grad-Norm 2.5615 | ClipCoef 0.3904 | Peak-Mem 91.39GiB
GPU: cuda:0 | Step:   14 | Updates: 91559 | Time/step: 1.4156 | Tok/sec=  5787.02 | Loss: 3.8766 / log-ppl: 48.2610 | Grad-Norm 2.7687 | ClipCoef 0.3612 | Peak-Mem 76.20GiB
GPU: cuda:0 | Step:   16 | Updates: 91560 | Time/step: 1.8790 | Tok/sec=  4359.78 | Loss: 1.3147 / log-ppl: 3.7237 | Grad-Norm 2.6991 | ClipCoef 0.3705 | Peak-Mem 91.52GiB
GPU: cuda:0 | Step:   18 | Updates: 91561 | Time/step: 1.1786 | Tok/sec=  6950.75 | Loss: 2.6168 / log-ppl: 13.6920 | Grad-Norm 4.3923 | ClipCoef 0.2277 | Peak-Mem 68.64GiB
GPU: cuda:0 | Step:   20 | Updates: 91562 | Time/step: 1.6792 | Tok/sec=  4878.66 | Loss: 3.5575 / log-ppl: 35.0749 | Grad-Norm 2.3027 | ClipCoef 0.4343 | Peak-Mem 91.52GiB
[stop_at_step] reached 91562 — ending this phase (schedule horizon max_steps=305176 unchanged)
[rank 0] Saved checkpoint @ step 91,562
--------------------------------------------------------------------
Training time: 0:03:40.584075 
Max. Mem allocated: 12.563 GB. Max. Mem reserved: 92.020 GB.
--------------------------------------------------------------------
--------------------------------------------------------------------
Run None finished without error.
---------Total time: 0:03:58.251494 ---------
-----------------Shutdown complete.--------------------------

J3 noread DONE -> cortex-retrofit/j3-a3z-scratch-noread-smoke
  In-flight record: cortex-retrofit/j3-a3z-scratch-noread-smoke/cortex_diag.jsonl
  (read_gate, read_ratio = the read's effective strength, own_share,
   scratch_row_norm, write_grad_frac, e_dropped, E rank).
  Read-out: EXPERIMENT=j3 pace/j1_readout.sbatch, then EXPERIMENT=j3
  pace/j1_verdict.sbatch -- and only under J3's pre-registration.
---------------------------------------
Begin Slurm Epilog: Sep-23-2026 12:59:47
Job ID:        13487422
Array Job ID:  13487422_2
User ID:       hjiang420
Account:       gts-aivanova7-lab
Job name:      j3_joint
Resources:     cpu=8,gres/gpu:h200=1,mem=128G,node=1
Rsrc Used:     cput=00:31:36,vmem=0,walltime=00:03:57,mem=14132244K,energy_used=0
Partition:     gpu-h200
QOS:           inferno
Nodes:         atl1-1-02-012-9-0
---------------------------------------
