---------------------------------------
Begin Slurm Prolog: Sep-16-2026 22:37:29
Job ID:    13272606
User ID:   hjiang420
Account:   gts-aivanova7-lab
Job name:  p1_arms.sbatch
Partition: gpu-h200
QOS:       inferno
---------------------------------------

CondaError: Run 'conda init' before 'conda deactivate'

MASTER_PORT=52419
[preflight] summary_emb [16, 2048] OK; sliced 32 -> 16 on 2026-09-16T16:56:20 (eff. rank 10.90 of 20.02)
Branching probe-p1-a2-accum-w16-cc8-z from cortex-retrofit/retro-b2-heal/checkpoint_91552_w16
=== P1 probe-p1-a2-accum-w16-cc8-z | arm=a2 | prefix=accum | data=data/pg19_fw50_olmo_len4096 ===
    geometry: cross_chunks=8 (512-tok chunks)  W=16 carry_grad_chunks=4
    Z channel ON: carry widens to 2D, rows and read cost UNCHANGED.
      depth rule=absolute band=2..9 renorm=none
      the rule is P0.7's question (pace/diag_depth_band.sbatch).
      mr=8 with mean_backprop_depth 8: the trainable region
      is the LAST 8 loop steps, so at mr8 the whole write band trains.
    buffer: accum_max=128 (no trim: 8 x 16)
    steps: parent 91552 -> stop 91952 (400 steps, 6553600 tokens); schedule horizon 305176
NVIDIA H200, 143771 MiB
[W916 22:37:49.897447840 CUDAAllocatorConfig.h:28] Warning: expandable_segments not supported on this platform (function operator())
Wed Sep 16 22:37:48: Time to load libraries: 6.19 seconds.
--------------------------------------------------------------------
------------------ Launching run probe-p1-a2-accum-w16-cc8-z------------------
--------------------------------------------------------------------
--------------------------------------------------------------------
Platform: linux, Python: 3.11.15, PyTorch: 2.5.1+cu121
CPU threads: 8, GPUs: 1 on atl1-1-03-018-14-0.pace.gatech.edu.
GPU : NVIDIA H200. CUDA: 12.1.
[cortex] memory ON: K=0 K_iter=0 ccot_direct=False accum_ccot=False (vecs=16/max=128) gated_accum=False prefix_memory=accum latent(Z on, rule=absolute,band=2..9,renorm=none) prefix_pos=tail prefix_eos_reset=False cross_chunks=8 carry_grad_chunks=4 random_segments=False lora_rank=0
[cortex] Z channel ON.  latent_depth_rule='absolute' is P0.7's question (evals/diag_depth_band.py): P0.1 measured the band at a SINGLE T and cannot say whether 'informative' tracks the absolute step or the fraction of the loop.  If P0.7 has not reported, this run is asserting an answer it does not have -- record which, in this run's sbatch header.
Random Initialization not implemented.
Random Initialization not implemented.
Random Initialization not implemented.
Loading checkpoint shards:   0%|          | 0/2 [00:00<?, ?it/s]Loading checkpoint shards:  50%|█████     | 1/2 [00:15<00:15, 15.46s/it]Loading checkpoint shards: 100%|██████████| 2/2 [00:16<00:00,  6.97s/it]Loading checkpoint shards: 100%|██████████| 2/2 [00:16<00:00,  8.25s/it]
Some weights of RavenForCausalLM were not initialized from the model checkpoint at ckpts/olmo-retrofit-cortex and are newly initialized: ['cortex.prefix.summary_emb', 'cortex.prefix.summary_seeded']
You should probably TRAIN this model on a down-stream task to be able to use it for predictions and inference.
wandb: [wandb.login()] Loaded credentials for https://api.wandb.ai from /storage/home/hcoda1/3/hjiang420/.netrc.
wandb: Currently logged in as: henryyjiang42 (henryyjiang42-georgia-institute-of-technology) to https://api.wandb.ai. Use `wandb login --relogin` to force relogin
wandb: Tracking run with wandb version 0.28.0
wandb: Run data is saved locally in cortex-retrofit/wandb/run-20260916_223810-jos6ozrq
wandb: Run `wandb offline` to turn off syncing.
wandb: Syncing run probe-p1-a2-accum-w16-cc8-z
wandb: ⭐️ View project at https://wandb.ai/henryyjiang42-georgia-institute-of-technology/cortex-retrofit
wandb: 🚀 View run at https://wandb.ai/henryyjiang42-georgia-institute-of-technology/cortex-retrofit/runs/jos6ozrq
/storage/home/hcoda1/3/hjiang420/cortex-finetune/train.py:738: FutureWarning: You are using `torch.load` with `weights_only=False` (the current default value), which uses the default pickle module implicitly. It is possible to construct malicious pickle data which will execute arbitrary code during unpickling (See https://github.com/pytorch/pytorch/blob/main/SECURITY.md#untrusted-models for more details). In a future release, the default value for `weights_only` will be flipped to `True`. This limits the functions that could be executed during unpickling. Arbitrary objects will no longer be allowed to be loaded via this mode unless they are explicitly allowlisted by the user via `torch.serialization.add_safe_globals`. We recommend you start setting `weights_only=True` for any use case where you don't have full control of the loaded file. Please open an issue on GitHub for any issues related to this experimental feature.
  ckpt = torch.load(f"{path}/chkpt.pt", map_location=device)
[cortex] reset 0 cortex submodules to nn defaults + re-applied designed inits ['prefix.[summary_emb~N(reseeded from wte on first forward)]'] (undo post_init clobber)
[branch] summary_emb was SLICED 32 -> 16 rows (first W_new rows (tail layout: slot j attends slots < j)), 2026-09-16T16:56:20, from cortex-retrofit/retro-b2-heal/checkpoint_91552
[branch]   effective rank 10.90 of the parent's 20.02; kept-row centred cos -0.0652
[branch] loaded weights from cortex-retrofit/retro-b2-heal/checkpoint_91552_w16; 0 new memory params start fresh: []
[branch] optimizer state NOT restored (param set changed); LR schedule, recurrence ramp and step counter continue
Branched from cortex-retrofit/retro-b2-heal/checkpoint_91552_w16
GPU: cuda:0 | Step:    4 | Updates: 91553 | Time/step: 1.4100 | Tok/sec=  2904.94 | Loss: 2.7531 / log-ppl: 15.6909 | Grad-Norm 2.8324 | ClipCoef 0.3531 | Peak-Mem 108.74GiB
[timeout-save] walltime deadline resolved: 172742s from now
GPU: cuda:0 | Step:    8 | Updates: 91554 | Time/step: 1.2324 | Tok/sec=  3323.55 | Loss: 2.8802 / log-ppl: 17.8180 | Grad-Norm 7.6656 | ClipCoef 0.1305 | Peak-Mem 115.34GiB
GPU: cuda:0 | Step:   12 | Updates: 91555 | Time/step: 0.7779 | Tok/sec=  5265.28 | Loss: 3.6582 / log-ppl: 38.7907 | Grad-Norm 4.5207 | ClipCoef 0.2212 | Peak-Mem 115.34GiB
GPU: cuda:0 | Step:   16 | Updates: 91556 | Time/step: 1.0387 | Tok/sec=  3943.41 | Loss: 3.2706 / log-ppl: 26.3267 | Grad-Norm 2.2071 | ClipCoef 0.4531 | Peak-Mem 115.34GiB
GPU: cuda:0 | Step:   20 | Updates: 91557 | Time/step: 0.9181 | Tok/sec=  4461.29 | Loss: 3.7566 / log-ppl: 42.8014 | Grad-Norm 1.7264 | ClipCoef 0.5793 | Peak-Mem 115.34GiB
GPU: cuda:0 | Step:   24 | Updates: 91558 | Time/step: 0.9680 | Tok/sec=  4231.28 | Loss: 2.4723 / log-ppl: 11.8493 | Grad-Norm 1.9118 | ClipCoef 0.5231 | Peak-Mem 115.34GiB
GPU: cuda:0 | Step:   28 | Updates: 91559 | Time/step: 0.9932 | Tok/sec=  4123.94 | Loss: 2.1622 / log-ppl: 8.6906 | Grad-Norm 1.7132 | ClipCoef 0.5837 | Peak-Mem 115.34GiB
GPU: cuda:0 | Step:   32 | Updates: 91560 | Time/step: 1.0159 | Tok/sec=  4031.83 | Loss: 2.7747 / log-ppl: 16.0331 | Grad-Norm 1.9592 | ClipCoef 0.5104 | Peak-Mem 110.28GiB
GPU: cuda:0 | Step:   36 | Updates: 91561 | Time/step: 1.1362 | Tok/sec=  3605.13 | Loss: 2.6962 / log-ppl: 14.8237 | Grad-Norm 2.0713 | ClipCoef 0.4828 | Peak-Mem 115.34GiB
GPU: cuda:0 | Step:   40 | Updates: 91562 | Time/step: 0.8930 | Tok/sec=  4586.75 | Loss: 3.9825 / log-ppl: 53.6532 | Grad-Norm 1.7569 | ClipCoef 0.5692 | Peak-Mem 110.28GiB
GPU: cuda:0 | Step:   44 | Updates: 91563 | Time/step: 0.9683 | Tok/sec=  4230.04 | Loss: 3.6116 / log-ppl: 37.0271 | Grad-Norm 2.1882 | ClipCoef 0.4570 | Peak-Mem 115.34GiB
GPU: cuda:0 | Step:   48 | Updates: 91564 | Time/step: 0.8213 | Tok/sec=  4987.30 | Loss: 3.3608 / log-ppl: 28.8121 | Grad-Norm 1.8708 | ClipCoef 0.5345 | Peak-Mem 115.34GiB
GPU: cuda:0 | Step:   52 | Updates: 91565 | Time/step: 0.9928 | Tok/sec=  4125.69 | Loss: 3.8070 / log-ppl: 45.0134 | Grad-Norm 4.6705 | ClipCoef 0.2141 | Peak-Mem 115.34GiB
GPU: cuda:0 | Step:   56 | Updates: 91566 | Time/step: 0.9380 | Tok/sec=  4366.80 | Loss: 2.6138 / log-ppl: 13.6507 | Grad-Norm 1.7210 | ClipCoef 0.5811 | Peak-Mem 115.34GiB
GPU: cuda:0 | Step:   60 | Updates: 91567 | Time/step: 1.1124 | Tok/sec=  3682.20 | Loss: 3.1730 / log-ppl: 23.8783 | Grad-Norm 2.7496 | ClipCoef 0.3637 | Peak-Mem 115.34GiB
GPU: cuda:0 | Step:   64 | Updates: 91568 | Time/step: 0.8992 | Tok/sec=  4555.22 | Loss: 3.6093 / log-ppl: 36.9403 | Grad-Norm 3.3675 | ClipCoef 0.2970 | Peak-Mem 115.34GiB
GPU: cuda:0 | Step:   68 | Updates: 91569 | Time/step: 1.2951 | Tok/sec=  3162.74 | Loss: 3.7583 / log-ppl: 42.8755 | Grad-Norm 1.8309 | ClipCoef 0.5462 | Peak-Mem 115.34GiB
GPU: cuda:0 | Step:   72 | Updates: 91570 | Time/step: 1.3146 | Tok/sec=  3115.84 | Loss: 2.7136 / log-ppl: 15.0834 | Grad-Norm 1.9247 | ClipCoef 0.5196 | Peak-Mem 115.34GiB
GPU: cuda:0 | Step:   76 | Updates: 91571 | Time/step: 0.9400 | Tok/sec=  4357.63 | Loss: 3.3661 / log-ppl: 28.9659 | Grad-Norm 3.7599 | ClipCoef 0.2660 | Peak-Mem 115.34GiB
GPU: cuda:0 | Step:   80 | Updates: 91572 | Time/step: 0.9549 | Tok/sec=  4289.46 | Loss: 3.3610 / log-ppl: 28.8173 | Grad-Norm 1.7942 | ClipCoef 0.5573 | Peak-Mem 115.34GiB
GPU: cuda:0 | Step:   84 | Updates: 91573 | Time/step: 0.9005 | Tok/sec=  4548.68 | Loss: 4.1096 / log-ppl: 60.9234 | Grad-Norm 2.9641 | ClipCoef 0.3374 | Peak-Mem 115.34GiB
GPU: cuda:0 | Step:   88 | Updates: 91574 | Time/step: 0.9298 | Tok/sec=  4405.09 | Loss: 2.7380 / log-ppl: 15.4565 | Grad-Norm 2.7195 | ClipCoef 0.3677 | Peak-Mem 115.34GiB
GPU: cuda:0 | Step:   92 | Updates: 91575 | Time/step: 1.0178 | Tok/sec=  4024.41 | Loss: 3.1705 / log-ppl: 23.8197 | Grad-Norm 1.6842 | ClipCoef 0.5938 | Peak-Mem 115.34GiB
GPU: cuda:0 | Step:   96 | Updates: 91576 | Time/step: 1.4033 | Tok/sec=  2918.78 | Loss: 3.0836 / log-ppl: 21.8373 | Grad-Norm 6.2539 | ClipCoef 0.1599 | Peak-Mem 115.34GiB
GPU: cuda:0 | Step:  100 | Updates: 91577 | Time/step: 0.9761 | Tok/sec=  4196.43 | Loss: 4.3248 / log-ppl: 75.5525 | Grad-Norm 2.2879 | ClipCoef 0.4371 | Peak-Mem 110.28GiB
GPU: cuda:0 | Step:  104 | Updates: 91578 | Time/step: 1.1665 | Tok/sec=  3511.36 | Loss: 3.6128 / log-ppl: 37.0687 | Grad-Norm 2.0936 | ClipCoef 0.4777 | Peak-Mem 115.34GiB
GPU: cuda:0 | Step:  108 | Updates: 91579 | Time/step: 1.0392 | Tok/sec=  3941.65 | Loss: 3.1810 / log-ppl: 24.0707 | Grad-Norm 6.6089 | ClipCoef 0.1513 | Peak-Mem 115.34GiB
GPU: cuda:0 | Step:  112 | Updates: 91580 | Time/step: 0.9901 | Tok/sec=  4137.00 | Loss: 3.9144 / log-ppl: 50.1203 | Grad-Norm 3.2505 | ClipCoef 0.3076 | Peak-Mem 115.34GiB
GPU: cuda:0 | Step:  116 | Updates: 91581 | Time/step: 1.2594 | Tok/sec=  3252.30 | Loss: 3.9120 / log-ppl: 49.9988 | Grad-Norm 2.0492 | ClipCoef 0.4880 | Peak-Mem 115.34GiB
GPU: cuda:0 | Step:  120 | Updates: 91582 | Time/step: 1.1473 | Tok/sec=  3569.97 | Loss: 2.2251 / log-ppl: 9.2545 | Grad-Norm 1.6684 | ClipCoef 0.5994 | Peak-Mem 115.34GiB
GPU: cuda:0 | Step:  124 | Updates: 91583 | Time/step: 0.8651 | Tok/sec=  4734.70 | Loss: 2.7103 / log-ppl: 15.0345 | Grad-Norm 1.9292 | ClipCoef 0.5183 | Peak-Mem 115.34GiB
GPU: cuda:0 | Step:  128 | Updates: 91584 | Time/step: 1.2199 | Tok/sec=  3357.55 | Loss: 2.6691 / log-ppl: 14.4273 | Grad-Norm 1.8504 | ClipCoef 0.5404 | Peak-Mem 115.34GiB
GPU: cuda:0 | Step:  132 | Updates: 91585 | Time/step: 1.1872 | Tok/sec=  3450.12 | Loss: 3.4209 / log-ppl: 30.5981 | Grad-Norm 2.2672 | ClipCoef 0.4411 | Peak-Mem 115.34GiB
GPU: cuda:0 | Step:  136 | Updates: 91586 | Time/step: 1.0946 | Tok/sec=  3742.16 | Loss: 2.7848 / log-ppl: 16.1958 | Grad-Norm 1.5056 | ClipCoef 0.6642 | Peak-Mem 115.34GiB
GPU: cuda:0 | Step:  140 | Updates: 91587 | Time/step: 1.1227 | Tok/sec=  3648.50 | Loss: 3.2386 / log-ppl: 25.4979 | Grad-Norm 4.2287 | ClipCoef 0.2365 | Peak-Mem 115.34GiB
GPU: cuda:0 | Step:  144 | Updates: 91588 | Time/step: 0.9586 | Tok/sec=  4272.90 | Loss: 2.9250 / log-ppl: 18.6344 | Grad-Norm 1.6279 | ClipCoef 0.6143 | Peak-Mem 115.34GiB
GPU: cuda:0 | Step:  148 | Updates: 91589 | Time/step: 1.0969 | Tok/sec=  3734.29 | Loss: 3.9156 / log-ppl: 50.1789 | Grad-Norm 2.1727 | ClipCoef 0.4603 | Peak-Mem 115.34GiB
GPU: cuda:0 | Step:  152 | Updates: 91590 | Time/step: 1.1300 | Tok/sec=  3624.84 | Loss: 3.4631 / log-ppl: 31.9164 | Grad-Norm 2.4484 | ClipCoef 0.4084 | Peak-Mem 115.34GiB
GPU: cuda:0 | Step:  156 | Updates: 91591 | Time/step: 1.1190 | Tok/sec=  3660.43 | Loss: 3.3373 / log-ppl: 28.1428 | Grad-Norm 1.8278 | ClipCoef 0.5471 | Peak-Mem 115.34GiB
GPU: cuda:0 | Step:  160 | Updates: 91592 | Time/step: 0.7857 | Tok/sec=  5213.05 | Loss: 3.4456 / log-ppl: 31.3629 | Grad-Norm 2.5210 | ClipCoef 0.3967 | Peak-Mem 85.30GiB
GPU: cuda:0 | Step:  164 | Updates: 91593 | Time/step: 1.2972 | Tok/sec=  3157.69 | Loss: 2.5668 / log-ppl: 13.0245 | Grad-Norm 2.4158 | ClipCoef 0.4139 | Peak-Mem 115.34GiB
GPU: cuda:0 | Step:  168 | Updates: 91594 | Time/step: 1.2953 | Tok/sec=  3162.11 | Loss: 2.8186 / log-ppl: 16.7537 | Grad-Norm 1.5906 | ClipCoef 0.6287 | Peak-Mem 115.34GiB
GPU: cuda:0 | Step:  172 | Updates: 91595 | Time/step: 0.8652 | Tok/sec=  4734.01 | Loss: 2.8419 / log-ppl: 17.1484 | Grad-Norm 2.7688 | ClipCoef 0.3612 | Peak-Mem 115.34GiB
GPU: cuda:0 | Step:  176 | Updates: 91596 | Time/step: 0.7743 | Tok/sec=  5289.94 | Loss: 3.7278 / log-ppl: 41.5856 | Grad-Norm 2.7196 | ClipCoef 0.3677 | Peak-Mem 110.28GiB
GPU: cuda:0 | Step:  180 | Updates: 91597 | Time/step: 1.1300 | Tok/sec=  3624.68 | Loss: 2.9504 / log-ppl: 19.1137 | Grad-Norm 1.8122 | ClipCoef 0.5518 | Peak-Mem 115.34GiB
GPU: cuda:0 | Step:  184 | Updates: 91598 | Time/step: 1.2131 | Tok/sec=  3376.48 | Loss: 2.9445 / log-ppl: 19.0021 | Grad-Norm 1.7384 | ClipCoef 0.5752 | Peak-Mem 115.34GiB
GPU: cuda:0 | Step:  188 | Updates: 91599 | Time/step: 1.0179 | Tok/sec=  4024.15 | Loss: 2.6019 / log-ppl: 13.4900 | Grad-Norm 2.6148 | ClipCoef 0.3824 | Peak-Mem 115.34GiB
GPU: cuda:0 | Step:  192 | Updates: 91600 | Time/step: 0.8539 | Tok/sec=  4797.05 | Loss: 2.9502 / log-ppl: 19.1106 | Grad-Norm 2.0030 | ClipCoef 0.4993 | Peak-Mem 115.34GiB
GPU: cuda:0 | Step:  196 | Updates: 91601 | Time/step: 1.0972 | Tok/sec=  3733.10 | Loss: 2.9877 / log-ppl: 19.8394 | Grad-Norm 1.6746 | ClipCoef 0.5971 | Peak-Mem 115.34GiB
GPU: cuda:0 | Step:  200 | Updates: 91602 | Time/step: 1.0694 | Tok/sec=  3830.23 | Loss: 2.4757 / log-ppl: 11.8904 | Grad-Norm 2.0394 | ClipCoef 0.4903 | Peak-Mem 113.78GiB
GPU: cuda:0 | Step:  204 | Updates: 91603 | Time/step: 1.0959 | Tok/sec=  3737.45 | Loss: 3.5068 / log-ppl: 33.3409 | Grad-Norm 1.9648 | ClipCoef 0.5090 | Peak-Mem 115.34GiB
GPU: cuda:0 | Step:  208 | Updates: 91604 | Time/step: 0.8487 | Tok/sec=  4826.25 | Loss: 2.9129 / log-ppl: 18.4105 | Grad-Norm 1.7087 | ClipCoef 0.5853 | Peak-Mem 95.31GiB
GPU: cuda:0 | Step:  212 | Updates: 91605 | Time/step: 0.9770 | Tok/sec=  4192.59 | Loss: 3.0465 / log-ppl: 21.0421 | Grad-Norm 3.4086 | ClipCoef 0.2934 | Peak-Mem 115.34GiB
GPU: cuda:0 | Step:  216 | Updates: 91606 | Time/step: 1.0774 | Tok/sec=  3801.83 | Loss: 3.4957 / log-ppl: 32.9727 | Grad-Norm 3.5881 | ClipCoef 0.2787 | Peak-Mem 115.34GiB
GPU: cuda:0 | Step:  220 | Updates: 91607 | Time/step: 1.3492 | Tok/sec=  3035.98 | Loss: 2.8375 / log-ppl: 17.0723 | Grad-Norm 4.2482 | ClipCoef 0.2354 | Peak-Mem 115.34GiB
GPU: cuda:0 | Step:  224 | Updates: 91608 | Time/step: 1.0182 | Tok/sec=  4022.77 | Loss: 2.9296 / log-ppl: 18.7207 | Grad-Norm 1.7489 | ClipCoef 0.5718 | Peak-Mem 105.33GiB
GPU: cuda:0 | Step:  228 | Updates: 91609 | Time/step: 1.0577 | Tok/sec=  3872.49 | Loss: 2.5374 / log-ppl: 12.6468 | Grad-Norm 1.4748 | ClipCoef 0.6781 | Peak-Mem 115.34GiB
GPU: cuda:0 | Step:  232 | Updates: 91610 | Time/step: 0.9873 | Tok/sec=  4148.63 | Loss: 3.1457 / log-ppl: 23.2369 | Grad-Norm 4.0974 | ClipCoef 0.2441 | Peak-Mem 115.34GiB
GPU: cuda:0 | Step:  236 | Updates: 91611 | Time/step: 1.1542 | Tok/sec=  3548.87 | Loss: 2.5820 / log-ppl: 13.2236 | Grad-Norm 2.5029 | ClipCoef 0.3995 | Peak-Mem 115.34GiB
GPU: cuda:0 | Step:  240 | Updates: 91612 | Time/step: 1.3349 | Tok/sec=  3068.42 | Loss: 3.0309 / log-ppl: 20.7167 | Grad-Norm 4.3223 | ClipCoef 0.2314 | Peak-Mem 115.34GiB
GPU: cuda:0 | Step:  244 | Updates: 91613 | Time/step: 1.0917 | Tok/sec=  3751.88 | Loss: 2.8057 / log-ppl: 16.5394 | Grad-Norm 2.2354 | ClipCoef 0.4474 | Peak-Mem 115.34GiB
GPU: cuda:0 | Step:  248 | Updates: 91614 | Time/step: 0.8533 | Tok/sec=  4800.01 | Loss: 4.7474 / log-ppl: 115.2813 | Grad-Norm 5.2371 | ClipCoef 0.1909 | Peak-Mem 115.34GiB
GPU: cuda:0 | Step:  252 | Updates: 91615 | Time/step: 1.1824 | Tok/sec=  3464.09 | Loss: 2.6545 / log-ppl: 14.2182 | Grad-Norm 2.1102 | ClipCoef 0.4739 | Peak-Mem 115.34GiB
GPU: cuda:0 | Step:  256 | Updates: 91616 | Time/step: 0.9597 | Tok/sec=  4268.04 | Loss: 2.7763 / log-ppl: 16.0595 | Grad-Norm 1.8813 | ClipCoef 0.5316 | Peak-Mem 115.34GiB
GPU: cuda:0 | Step:  260 | Updates: 91617 | Time/step: 0.9176 | Tok/sec=  4463.80 | Loss: 2.2104 / log-ppl: 9.1193 | Grad-Norm 1.8750 | ClipCoef 0.5333 | Peak-Mem 115.34GiB
GPU: cuda:0 | Step:  264 | Updates: 91618 | Time/step: 0.9177 | Tok/sec=  4463.10 | Loss: 2.3119 / log-ppl: 10.0935 | Grad-Norm 2.3275 | ClipCoef 0.4297 | Peak-Mem 115.34GiB
GPU: cuda:0 | Step:  268 | Updates: 91619 | Time/step: 1.2898 | Tok/sec=  3175.62 | Loss: 3.0288 / log-ppl: 20.6724 | Grad-Norm 2.2911 | ClipCoef 0.4365 | Peak-Mem 115.34GiB
GPU: cuda:0 | Step:  272 | Updates: 91620 | Time/step: 1.1154 | Tok/sec=  3672.26 | Loss: 3.0498 / log-ppl: 21.1112 | Grad-Norm 1.8940 | ClipCoef 0.5280 | Peak-Mem 115.34GiB
GPU: cuda:0 | Step:  276 | Updates: 91621 | Time/step: 1.3226 | Tok/sec=  3096.89 | Loss: 4.4476 / log-ppl: 85.4201 | Grad-Norm 2.7173 | ClipCoef 0.3680 | Peak-Mem 115.34GiB
GPU: cuda:0 | Step:  280 | Updates: 91622 | Time/step: 1.0362 | Tok/sec=  3953.05 | Loss: 3.9542 / log-ppl: 52.1535 | Grad-Norm 10.1657 | ClipCoef 0.0984 | Peak-Mem 115.34GiB
GPU: cuda:0 | Step:  284 | Updates: 91623 | Time/step: 1.1290 | Tok/sec=  3627.87 | Loss: 3.4968 / log-ppl: 33.0083 | Grad-Norm 3.9526 | ClipCoef 0.2530 | Peak-Mem 115.34GiB
GPU: cuda:0 | Step:  288 | Updates: 91624 | Time/step: 1.0340 | Tok/sec=  3961.33 | Loss: 2.9860 / log-ppl: 19.8053 | Grad-Norm 2.0462 | ClipCoef 0.4887 | Peak-Mem 115.34GiB
GPU: cuda:0 | Step:  292 | Updates: 91625 | Time/step: 1.0156 | Tok/sec=  4032.90 | Loss: 2.8402 / log-ppl: 17.1190 | Grad-Norm 1.9096 | ClipCoef 0.5237 | Peak-Mem 115.34GiB
GPU: cuda:0 | Step:  296 | Updates: 91626 | Time/step: 1.1861 | Tok/sec=  3453.43 | Loss: 3.0535 / log-ppl: 21.1885 | Grad-Norm 1.8530 | ClipCoef 0.5397 | Peak-Mem 115.34GiB
GPU: cuda:0 | Step:  300 | Updates: 91627 | Time/step: 0.9891 | Tok/sec=  4141.20 | Loss: 2.5435 / log-ppl: 12.7246 | Grad-Norm 1.7715 | ClipCoef 0.5645 | Peak-Mem 115.34GiB
GPU: cuda:0 | Step:  304 | Updates: 91628 | Time/step: 0.9593 | Tok/sec=  4269.69 | Loss: 2.8510 / log-ppl: 17.3058 | Grad-Norm 1.7124 | ClipCoef 0.5840 | Peak-Mem 115.34GiB
GPU: cuda:0 | Step:  308 | Updates: 91629 | Time/step: 1.2514 | Tok/sec=  3273.20 | Loss: 3.4076 / log-ppl: 30.1937 | Grad-Norm 2.2785 | ClipCoef 0.4389 | Peak-Mem 115.34GiB
GPU: cuda:0 | Step:  312 | Updates: 91630 | Time/step: 1.0514 | Tok/sec=  3895.85 | Loss: 2.8056 / log-ppl: 16.5375 | Grad-Norm 2.2775 | ClipCoef 0.4391 | Peak-Mem 115.34GiB
GPU: cuda:0 | Step:  316 | Updates: 91631 | Time/step: 1.1611 | Tok/sec=  3527.81 | Loss: 2.1558 / log-ppl: 8.6346 | Grad-Norm 2.3588 | ClipCoef 0.4239 | Peak-Mem 115.34GiB
GPU: cuda:0 | Step:  320 | Updates: 91632 | Time/step: 1.2586 | Tok/sec=  3254.47 | Loss: 3.3739 / log-ppl: 29.1925 | Grad-Norm 2.1767 | ClipCoef 0.4594 | Peak-Mem 115.34GiB
GPU: cuda:0 | Step:  324 | Updates: 91633 | Time/step: 1.1116 | Tok/sec=  3684.62 | Loss: 4.2032 / log-ppl: 66.9015 | Grad-Norm 2.5315 | ClipCoef 0.3950 | Peak-Mem 115.34GiB
GPU: cuda:0 | Step:  328 | Updates: 91634 | Time/step: 0.9684 | Tok/sec=  4229.69 | Loss: 2.9613 / log-ppl: 19.3235 | Grad-Norm 1.8011 | ClipCoef 0.5552 | Peak-Mem 115.34GiB
GPU: cuda:0 | Step:  332 | Updates: 91635 | Time/step: 1.2578 | Tok/sec=  3256.57 | Loss: 2.8532 / log-ppl: 17.3441 | Grad-Norm 1.6141 | ClipCoef 0.6195 | Peak-Mem 115.34GiB
GPU: cuda:0 | Step:  336 | Updates: 91636 | Time/step: 1.1031 | Tok/sec=  3713.31 | Loss: 2.9144 / log-ppl: 18.4379 | Grad-Norm 1.8040 | ClipCoef 0.5543 | Peak-Mem 115.34GiB
GPU: cuda:0 | Step:  340 | Updates: 91637 | Time/step: 1.1097 | Tok/sec=  3691.24 | Loss: 2.8362 / log-ppl: 17.0502 | Grad-Norm 2.0462 | ClipCoef 0.4887 | Peak-Mem 115.34GiB
GPU: cuda:0 | Step:  344 | Updates: 91638 | Time/step: 1.2024 | Tok/sec=  3406.61 | Loss: 2.3680 / log-ppl: 10.6764 | Grad-Norm 1.9009 | ClipCoef 0.5261 | Peak-Mem 115.34GiB
GPU: cuda:0 | Step:  348 | Updates: 91639 | Time/step: 1.1578 | Tok/sec=  3537.86 | Loss: 3.1437 / log-ppl: 23.1903 | Grad-Norm 1.4925 | ClipCoef 0.6700 | Peak-Mem 115.34GiB
GPU: cuda:0 | Step:  352 | Updates: 91640 | Time/step: 1.1181 | Tok/sec=  3663.25 | Loss: 3.4850 / log-ppl: 32.6233 | Grad-Norm 1.7692 | ClipCoef 0.5652 | Peak-Mem 115.34GiB
GPU: cuda:0 | Step:  356 | Updates: 91641 | Time/step: 1.1040 | Tok/sec=  3710.11 | Loss: 3.6679 / log-ppl: 39.1711 | Grad-Norm 1.6347 | ClipCoef 0.6117 | Peak-Mem 115.34GiB
GPU: cuda:0 | Step:  360 | Updates: 91642 | Time/step: 1.0027 | Tok/sec=  4084.89 | Loss: 3.6138 / log-ppl: 37.1052 | Grad-Norm 2.5780 | ClipCoef 0.3879 | Peak-Mem 115.34GiB
GPU: cuda:0 | Step:  364 | Updates: 91643 | Time/step: 0.7422 | Tok/sec=  5518.49 | Loss: 2.9116 / log-ppl: 18.3855 | Grad-Norm 1.6311 | ClipCoef 0.6131 | Peak-Mem 95.31GiB
GPU: cuda:0 | Step:  368 | Updates: 91644 | Time/step: 0.9542 | Tok/sec=  4292.52 | Loss: 3.0149 / log-ppl: 20.3871 | Grad-Norm 1.4822 | ClipCoef 0.6747 | Peak-Mem 115.34GiB
GPU: cuda:0 | Step:  372 | Updates: 91645 | Time/step: 1.0069 | Tok/sec=  4068.08 | Loss: 3.3877 / log-ppl: 29.5975 | Grad-Norm 2.8609 | ClipCoef 0.3495 | Peak-Mem 115.34GiB
GPU: cuda:0 | Step:  376 | Updates: 91646 | Time/step: 1.0659 | Tok/sec=  3842.79 | Loss: 2.5152 / log-ppl: 12.3694 | Grad-Norm 1.6887 | ClipCoef 0.5922 | Peak-Mem 115.34GiB
GPU: cuda:0 | Step:  380 | Updates: 91647 | Time/step: 0.9710 | Tok/sec=  4218.16 | Loss: 2.4594 / log-ppl: 11.6976 | Grad-Norm 2.7536 | ClipCoef 0.3632 | Peak-Mem 115.34GiB
GPU: cuda:0 | Step:  384 | Updates: 91648 | Time/step: 0.9366 | Tok/sec=  4373.36 | Loss: 3.1888 / log-ppl: 24.2603 | Grad-Norm 1.6618 | ClipCoef 0.6017 | Peak-Mem 110.28GiB
GPU: cuda:0 | Step:  388 | Updates: 91649 | Time/step: 1.0513 | Tok/sec=  3896.09 | Loss: 3.0111 / log-ppl: 20.3088 | Grad-Norm 1.6440 | ClipCoef 0.6083 | Peak-Mem 115.34GiB
GPU: cuda:0 | Step:  392 | Updates: 91650 | Time/step: 1.1315 | Tok/sec=  3620.01 | Loss: 3.2734 / log-ppl: 26.4010 | Grad-Norm 2.2817 | ClipCoef 0.4383 | Peak-Mem 115.34GiB
GPU: cuda:0 | Step:  396 | Updates: 91651 | Time/step: 0.8395 | Tok/sec=  4879.26 | Loss: 2.9052 / log-ppl: 18.2683 | Grad-Norm 6.2809 | ClipCoef 0.1592 | Peak-Mem 105.33GiB
GPU: cuda:0 | Step:  400 | Updates: 91652 | Time/step: 0.8527 | Tok/sec=  4803.84 | Loss: 3.4145 / log-ppl: 30.4025 | Grad-Norm 1.5723 | ClipCoef 0.6360 | Peak-Mem 115.34GiB
GPU: cuda:0 | Step:  404 | Updates: 91653 | Time/step: 1.1384 | Tok/sec=  3597.96 | Loss: 2.4200 / log-ppl: 11.2454 | Grad-Norm 3.3719 | ClipCoef 0.2966 | Peak-Mem 115.34GiB
GPU: cuda:0 | Step:  408 | Updates: 91654 | Time/step: 0.9950 | Tok/sec=  4116.39 | Loss: 2.9416 / log-ppl: 18.9455 | Grad-Norm 1.8284 | ClipCoef 0.5469 | Peak-Mem 115.34GiB
GPU: cuda:0 | Step:  412 | Updates: 91655 | Time/step: 0.8360 | Tok/sec=  4899.51 | Loss: 2.7845 / log-ppl: 16.1920 | Grad-Norm 1.6100 | ClipCoef 0.6211 | Peak-Mem 115.34GiB
GPU: cuda:0 | Step:  416 | Updates: 91656 | Time/step: 1.1464 | Tok/sec=  3572.95 | Loss: 3.3235 / log-ppl: 27.7561 | Grad-Norm 2.1555 | ClipCoef 0.4639 | Peak-Mem 115.34GiB
GPU: cuda:0 | Step:  420 | Updates: 91657 | Time/step: 1.1437 | Tok/sec=  3581.25 | Loss: 2.8676 / log-ppl: 17.5951 | Grad-Norm 1.8934 | ClipCoef 0.5282 | Peak-Mem 115.34GiB
GPU: cuda:0 | Step:  424 | Updates: 91658 | Time/step: 0.7947 | Tok/sec=  5154.10 | Loss: 3.6585 / log-ppl: 38.8015 | Grad-Norm 2.9553 | ClipCoef 0.3384 | Peak-Mem 115.34GiB
GPU: cuda:0 | Step:  428 | Updates: 91659 | Time/step: 1.1840 | Tok/sec=  3459.33 | Loss: 2.6760 / log-ppl: 14.5266 | Grad-Norm 1.7106 | ClipCoef 0.5846 | Peak-Mem 115.34GiB
GPU: cuda:0 | Step:  432 | Updates: 91660 | Time/step: 1.0153 | Tok/sec=  4034.46 | Loss: 2.6570 / log-ppl: 14.2531 | Grad-Norm 3.1061 | ClipCoef 0.3220 | Peak-Mem 115.34GiB
GPU: cuda:0 | Step:  436 | Updates: 91661 | Time/step: 1.0221 | Tok/sec=  4007.36 | Loss: 3.4198 / log-ppl: 30.5647 | Grad-Norm 1.7592 | ClipCoef 0.5684 | Peak-Mem 115.34GiB
GPU: cuda:0 | Step:  440 | Updates: 91662 | Time/step: 1.3399 | Tok/sec=  3056.85 | Loss: 2.9544 / log-ppl: 19.1911 | Grad-Norm 1.8767 | ClipCoef 0.5329 | Peak-Mem 115.34GiB
GPU: cuda:0 | Step:  444 | Updates: 91663 | Time/step: 1.2586 | Tok/sec=  3254.33 | Loss: 3.0373 / log-ppl: 20.8481 | Grad-Norm 1.4494 | ClipCoef 0.6899 | Peak-Mem 115.34GiB
GPU: cuda:0 | Step:  448 | Updates: 91664 | Time/step: 1.1882 | Tok/sec=  3447.17 | Loss: 3.9033 / log-ppl: 49.5646 | Grad-Norm 2.3147 | ClipCoef 0.4320 | Peak-Mem 115.34GiB
GPU: cuda:0 | Step:  452 | Updates: 91665 | Time/step: 0.8750 | Tok/sec=  4681.33 | Loss: 2.7828 / log-ppl: 16.1636 | Grad-Norm 1.7061 | ClipCoef 0.5861 | Peak-Mem 115.34GiB
GPU: cuda:0 | Step:  456 | Updates: 91666 | Time/step: 0.7763 | Tok/sec=  5276.30 | Loss: 3.5458 / log-ppl: 34.6667 | Grad-Norm 1.7676 | ClipCoef 0.5657 | Peak-Mem 95.31GiB
GPU: cuda:0 | Step:  460 | Updates: 91667 | Time/step: 1.2417 | Tok/sec=  3298.63 | Loss: 3.1618 / log-ppl: 23.6124 | Grad-Norm 2.0170 | ClipCoef 0.4958 | Peak-Mem 115.34GiB
GPU: cuda:0 | Step:  464 | Updates: 91668 | Time/step: 0.9641 | Tok/sec=  4248.53 | Loss: 3.1053 / log-ppl: 22.3166 | Grad-Norm 1.7351 | ClipCoef 0.5763 | Peak-Mem 115.34GiB
GPU: cuda:0 | Step:  468 | Updates: 91669 | Time/step: 1.2439 | Tok/sec=  3292.85 | Loss: 3.2292 / log-ppl: 25.2594 | Grad-Norm 5.0347 | ClipCoef 0.1986 | Peak-Mem 115.34GiB
GPU: cuda:0 | Step:  472 | Updates: 91670 | Time/step: 0.9949 | Tok/sec=  4116.84 | Loss: 3.0364 / log-ppl: 20.8308 | Grad-Norm 2.3906 | ClipCoef 0.4183 | Peak-Mem 115.34GiB
GPU: cuda:0 | Step:  476 | Updates: 91671 | Time/step: 1.0906 | Tok/sec=  3755.83 | Loss: 2.9768 / log-ppl: 19.6256 | Grad-Norm 1.4659 | ClipCoef 0.6822 | Peak-Mem 115.34GiB
GPU: cuda:0 | Step:  480 | Updates: 91672 | Time/step: 1.1568 | Tok/sec=  3540.65 | Loss: 2.9614 / log-ppl: 19.3248 | Grad-Norm 2.5392 | ClipCoef 0.3938 | Peak-Mem 115.34GiB
GPU: cuda:0 | Step:  484 | Updates: 91673 | Time/step: 1.3495 | Tok/sec=  3035.24 | Loss: 2.6672 / log-ppl: 14.3998 | Grad-Norm 1.9395 | ClipCoef 0.5156 | Peak-Mem 115.34GiB
GPU: cuda:0 | Step:  488 | Updates: 91674 | Time/step: 1.1561 | Tok/sec=  3543.01 | Loss: 2.7664 / log-ppl: 15.9009 | Grad-Norm 2.1015 | ClipCoef 0.4759 | Peak-Mem 115.34GiB
GPU: cuda:0 | Step:  492 | Updates: 91675 | Time/step: 0.8810 | Tok/sec=  4649.16 | Loss: 3.4255 / log-ppl: 30.7380 | Grad-Norm 2.3321 | ClipCoef 0.4288 | Peak-Mem 115.34GiB
GPU: cuda:0 | Step:  496 | Updates: 91676 | Time/step: 1.2043 | Tok/sec=  3401.15 | Loss: 2.6897 / log-ppl: 14.7275 | Grad-Norm 1.8282 | ClipCoef 0.5470 | Peak-Mem 115.34GiB
GPU: cuda:0 | Step:  500 | Updates: 91677 | Time/step: 1.1959 | Tok/sec=  3425.02 | Loss: 2.7579 / log-ppl: 15.7659 | Grad-Norm 2.4635 | ClipCoef 0.4059 | Peak-Mem 115.34GiB
GPU: cuda:0 | Step:  504 | Updates: 91678 | Time/step: 0.8823 | Tok/sec=  4642.31 | Loss: 2.9591 / log-ppl: 19.2815 | Grad-Norm 1.5087 | ClipCoef 0.6628 | Peak-Mem 115.34GiB
GPU: cuda:0 | Step:  508 | Updates: 91679 | Time/step: 1.1050 | Tok/sec=  3706.75 | Loss: 3.2249 / log-ppl: 25.1498 | Grad-Norm 1.6441 | ClipCoef 0.6082 | Peak-Mem 115.34GiB
GPU: cuda:0 | Step:  512 | Updates: 91680 | Time/step: 1.0069 | Tok/sec=  4067.81 | Loss: 2.9833 / log-ppl: 19.7527 | Grad-Norm 1.7096 | ClipCoef 0.5849 | Peak-Mem 115.34GiB
GPU: cuda:0 | Step:  516 | Updates: 91681 | Time/step: 1.0795 | Tok/sec=  3794.43 | Loss: 3.3109 / log-ppl: 27.4087 | Grad-Norm 1.9969 | ClipCoef 0.5008 | Peak-Mem 115.34GiB
GPU: cuda:0 | Step:  520 | Updates: 91682 | Time/step: 1.0530 | Tok/sec=  3889.99 | Loss: 4.3004 / log-ppl: 73.7326 | Grad-Norm 1.8124 | ClipCoef 0.5517 | Peak-Mem 115.34GiB
GPU: cuda:0 | Step:  524 | Updates: 91683 | Time/step: 1.0294 | Tok/sec=  3978.98 | Loss: 3.1905 / log-ppl: 24.3001 | Grad-Norm 1.9682 | ClipCoef 0.5081 | Peak-Mem 115.34GiB
GPU: cuda:0 | Step:  528 | Updates: 91684 | Time/step: 1.0013 | Tok/sec=  4090.69 | Loss: 2.7464 / log-ppl: 15.5865 | Grad-Norm 1.7375 | ClipCoef 0.5755 | Peak-Mem 115.34GiB
GPU: cuda:0 | Step:  532 | Updates: 91685 | Time/step: 0.9649 | Tok/sec=  4244.92 | Loss: 3.1306 / log-ppl: 22.8875 | Grad-Norm 1.9715 | ClipCoef 0.5072 | Peak-Mem 115.34GiB
GPU: cuda:0 | Step:  536 | Updates: 91686 | Time/step: 0.7322 | Tok/sec=  5594.19 | Loss: 3.1224 / log-ppl: 22.7003 | Grad-Norm 1.7970 | ClipCoef 0.5565 | Peak-Mem 115.34GiB
GPU: cuda:0 | Step:  540 | Updates: 91687 | Time/step: 1.0474 | Tok/sec=  3910.51 | Loss: 3.3988 / log-ppl: 29.9286 | Grad-Norm 3.3842 | ClipCoef 0.2955 | Peak-Mem 115.34GiB
GPU: cuda:0 | Step:  544 | Updates: 91688 | Time/step: 0.8271 | Tok/sec=  4952.28 | Loss: 2.6682 / log-ppl: 14.4142 | Grad-Norm 1.7886 | ClipCoef 0.5591 | Peak-Mem 115.34GiB
GPU: cuda:0 | Step:  548 | Updates: 91689 | Time/step: 1.2740 | Tok/sec=  3215.01 | Loss: 2.7918 / log-ppl: 16.3103 | Grad-Norm 2.0626 | ClipCoef 0.4848 | Peak-Mem 115.34GiB
GPU: cuda:0 | Step:  552 | Updates: 91690 | Time/step: 1.0797 | Tok/sec=  3793.59 | Loss: 3.3032 / log-ppl: 27.1986 | Grad-Norm 1.9342 | ClipCoef 0.5170 | Peak-Mem 115.34GiB
GPU: cuda:0 | Step:  556 | Updates: 91691 | Time/step: 0.9568 | Tok/sec=  4280.73 | Loss: 3.0171 / log-ppl: 20.4320 | Grad-Norm 2.8946 | ClipCoef 0.3455 | Peak-Mem 115.34GiB
GPU: cuda:0 | Step:  560 | Updates: 91692 | Time/step: 1.2422 | Tok/sec=  3297.38 | Loss: 3.4889 / log-ppl: 32.7488 | Grad-Norm 1.7051 | ClipCoef 0.5865 | Peak-Mem 115.34GiB
GPU: cuda:0 | Step:  564 | Updates: 91693 | Time/step: 1.1544 | Tok/sec=  3548.27 | Loss: 2.5401 / log-ppl: 12.6811 | Grad-Norm 1.8429 | ClipCoef 0.5426 | Peak-Mem 115.34GiB
GPU: cuda:0 | Step:  568 | Updates: 91694 | Time/step: 1.0804 | Tok/sec=  3791.10 | Loss: 2.8756 / log-ppl: 17.7364 | Grad-Norm 1.7223 | ClipCoef 0.5806 | Peak-Mem 115.34GiB
GPU: cuda:0 | Step:  572 | Updates: 91695 | Time/step: 0.9901 | Tok/sec=  4137.11 | Loss: 3.0297 / log-ppl: 20.6902 | Grad-Norm 1.7477 | ClipCoef 0.5722 | Peak-Mem 115.34GiB
GPU: cuda:0 | Step:  576 | Updates: 91696 | Time/step: 1.2203 | Tok/sec=  3356.55 | Loss: 2.7463 / log-ppl: 15.5845 | Grad-Norm 1.4181 | ClipCoef 0.7052 | Peak-Mem 115.34GiB
GPU: cuda:0 | Step:  580 | Updates: 91697 | Time/step: 1.0404 | Tok/sec=  3936.87 | Loss: 2.5509 / log-ppl: 12.8182 | Grad-Norm 1.7336 | ClipCoef 0.5768 | Peak-Mem 115.34GiB
GPU: cuda:0 | Step:  584 | Updates: 91698 | Time/step: 1.2207 | Tok/sec=  3355.56 | Loss: 3.1202 / log-ppl: 22.6517 | Grad-Norm 1.7076 | ClipCoef 0.5856 | Peak-Mem 115.34GiB
GPU: cuda:0 | Step:  588 | Updates: 91699 | Time/step: 0.9582 | Tok/sec=  4274.74 | Loss: 3.1539 / log-ppl: 23.4276 | Grad-Norm 2.0260 | ClipCoef 0.4936 | Peak-Mem 115.34GiB
GPU: cuda:0 | Step:  592 | Updates: 91700 | Time/step: 1.2137 | Tok/sec=  3374.73 | Loss: 3.3896 / log-ppl: 29.6537 | Grad-Norm 1.8264 | ClipCoef 0.5475 | Peak-Mem 115.34GiB
GPU: cuda:0 | Step:  596 | Updates: 91701 | Time/step: 1.1919 | Tok/sec=  3436.51 | Loss: 2.9583 / log-ppl: 19.2659 | Grad-Norm 2.4999 | ClipCoef 0.4000 | Peak-Mem 115.34GiB
GPU: cuda:0 | Step:  600 | Updates: 91702 | Time/step: 0.9641 | Tok/sec=  4248.36 | Loss: 3.1417 / log-ppl: 23.1431 | Grad-Norm 2.1864 | ClipCoef 0.4574 | Peak-Mem 115.34GiB
GPU: cuda:0 | Step:  604 | Updates: 91703 | Time/step: 0.9584 | Tok/sec=  4273.73 | Loss: 3.5224 / log-ppl: 33.8648 | Grad-Norm 1.5695 | ClipCoef 0.6372 | Peak-Mem 115.34GiB
GPU: cuda:0 | Step:  608 | Updates: 91704 | Time/step: 0.8894 | Tok/sec=  4605.45 | Loss: 2.7702 / log-ppl: 15.9611 | Grad-Norm 3.7108 | ClipCoef 0.2695 | Peak-Mem 115.34GiB
GPU: cuda:0 | Step:  612 | Updates: 91705 | Time/step: 1.0022 | Tok/sec=  4087.17 | Loss: 2.9162 / log-ppl: 18.4710 | Grad-Norm 5.1583 | ClipCoef 0.1939 | Peak-Mem 115.34GiB
GPU: cuda:0 | Step:  616 | Updates: 91706 | Time/step: 1.3143 | Tok/sec=  3116.56 | Loss: 3.1995 / log-ppl: 24.5203 | Grad-Norm 1.7257 | ClipCoef 0.5795 | Peak-Mem 115.34GiB
GPU: cuda:0 | Step:  620 | Updates: 91707 | Time/step: 1.0132 | Tok/sec=  4042.54 | Loss: 3.6877 / log-ppl: 39.9522 | Grad-Norm 2.5852 | ClipCoef 0.3868 | Peak-Mem 115.34GiB
GPU: cuda:0 | Step:  624 | Updates: 91708 | Time/step: 0.9234 | Tok/sec=  4435.79 | Loss: 3.3585 / log-ppl: 28.7460 | Grad-Norm 1.7482 | ClipCoef 0.5720 | Peak-Mem 110.28GiB
GPU: cuda:0 | Step:  628 | Updates: 91709 | Time/step: 0.9132 | Tok/sec=  4485.36 | Loss: 3.1017 / log-ppl: 22.2348 | Grad-Norm 1.7723 | ClipCoef 0.5642 | Peak-Mem 115.34GiB
GPU: cuda:0 | Step:  632 | Updates: 91710 | Time/step: 0.8994 | Tok/sec=  4554.36 | Loss: 3.4909 / log-ppl: 32.8141 | Grad-Norm 3.7314 | ClipCoef 0.2680 | Peak-Mem 115.34GiB
GPU: cuda:0 | Step:  636 | Updates: 91711 | Time/step: 0.9415 | Tok/sec=  4350.32 | Loss: 3.2646 / log-ppl: 26.1695 | Grad-Norm 1.5798 | ClipCoef 0.6330 | Peak-Mem 115.34GiB
GPU: cuda:0 | Step:  640 | Updates: 91712 | Time/step: 0.8632 | Tok/sec=  4745.26 | Loss: 3.7168 / log-ppl: 41.1312 | Grad-Norm 4.1023 | ClipCoef 0.2438 | Peak-Mem 113.20GiB
GPU: cuda:0 | Step:  644 | Updates: 91713 | Time/step: 0.9543 | Tok/sec=  4292.10 | Loss: 2.9682 / log-ppl: 19.4566 | Grad-Norm 1.5002 | ClipCoef 0.6666 | Peak-Mem 110.28GiB
GPU: cuda:0 | Step:  648 | Updates: 91714 | Time/step: 1.0632 | Tok/sec=  3852.38 | Loss: 3.4623 / log-ppl: 31.8895 | Grad-Norm 2.6445 | ClipCoef 0.3781 | Peak-Mem 115.34GiB
GPU: cuda:0 | Step:  652 | Updates: 91715 | Time/step: 1.2627 | Tok/sec=  3243.92 | Loss: 2.7396 / log-ppl: 15.4808 | Grad-Norm 4.6334 | ClipCoef 0.2158 | Peak-Mem 115.34GiB
GPU: cuda:0 | Step:  656 | Updates: 91716 | Time/step: 1.0238 | Tok/sec=  4000.70 | Loss: 3.3360 / log-ppl: 28.1052 | Grad-Norm 2.0337 | ClipCoef 0.4917 | Peak-Mem 115.34GiB
GPU: cuda:0 | Step:  660 | Updates: 91717 | Time/step: 0.9976 | Tok/sec=  4105.82 | Loss: 3.6667 / log-ppl: 39.1245 | Grad-Norm 2.1329 | ClipCoef 0.4688 | Peak-Mem 115.34GiB
GPU: cuda:0 | Step:  664 | Updates: 91718 | Time/step: 0.9048 | Tok/sec=  4527.12 | Loss: 2.6582 / log-ppl: 14.2707 | Grad-Norm 1.5379 | ClipCoef 0.6502 | Peak-Mem 115.34GiB
GPU: cuda:0 | Step:  668 | Updates: 91719 | Time/step: 1.0586 | Tok/sec=  3869.12 | Loss: 3.3737 / log-ppl: 29.1870 | Grad-Norm 2.7676 | ClipCoef 0.3613 | Peak-Mem 115.34GiB
GPU: cuda:0 | Step:  672 | Updates: 91720 | Time/step: 1.3633 | Tok/sec=  3004.41 | Loss: 3.7555 / log-ppl: 42.7576 | Grad-Norm 2.1195 | ClipCoef 0.4718 | Peak-Mem 115.34GiB
GPU: cuda:0 | Step:  676 | Updates: 91721 | Time/step: 1.2093 | Tok/sec=  3387.17 | Loss: 3.4848 / log-ppl: 32.6156 | Grad-Norm 2.1575 | ClipCoef 0.4635 | Peak-Mem 115.34GiB
GPU: cuda:0 | Step:  680 | Updates: 91722 | Time/step: 1.0018 | Tok/sec=  4088.49 | Loss: 2.7660 / log-ppl: 15.8955 | Grad-Norm 1.7201 | ClipCoef 0.5814 | Peak-Mem 115.34GiB
GPU: cuda:0 | Step:  684 | Updates: 91723 | Time/step: 0.9753 | Tok/sec=  4199.57 | Loss: 3.2597 / log-ppl: 26.0419 | Grad-Norm 2.0585 | ClipCoef 0.4858 | Peak-Mem 115.34GiB
GPU: cuda:0 | Step:  688 | Updates: 91724 | Time/step: 1.1271 | Tok/sec=  3634.16 | Loss: 2.8122 / log-ppl: 16.6461 | Grad-Norm 1.8088 | ClipCoef 0.5528 | Peak-Mem 110.28GiB
GPU: cuda:0 | Step:  692 | Updates: 91725 | Time/step: 0.9921 | Tok/sec=  4128.75 | Loss: 2.8948 / log-ppl: 18.0803 | Grad-Norm 1.5112 | ClipCoef 0.6617 | Peak-Mem 115.34GiB
GPU: cuda:0 | Step:  696 | Updates: 91726 | Time/step: 1.1819 | Tok/sec=  3465.67 | Loss: 2.7567 / log-ppl: 15.7473 | Grad-Norm 8.0908 | ClipCoef 0.1236 | Peak-Mem 115.34GiB
GPU: cuda:0 | Step:  700 | Updates: 91727 | Time/step: 0.8773 | Tok/sec=  4668.79 | Loss: 2.9637 / log-ppl: 19.3696 | Grad-Norm 4.1889 | ClipCoef 0.2387 | Peak-Mem 115.34GiB
GPU: cuda:0 | Step:  704 | Updates: 91728 | Time/step: 1.2281 | Tok/sec=  3335.19 | Loss: 3.1093 / log-ppl: 22.4048 | Grad-Norm 1.8203 | ClipCoef 0.5493 | Peak-Mem 115.34GiB
GPU: cuda:0 | Step:  708 | Updates: 91729 | Time/step: 0.8083 | Tok/sec=  5067.48 | Loss: 3.5871 / log-ppl: 36.1290 | Grad-Norm 1.9323 | ClipCoef 0.5175 | Peak-Mem 100.26GiB
GPU: cuda:0 | Step:  712 | Updates: 91730 | Time/step: 1.1376 | Tok/sec=  3600.61 | Loss: 2.9393 / log-ppl: 18.9027 | Grad-Norm 1.5302 | ClipCoef 0.6535 | Peak-Mem 115.34GiB
GPU: cuda:0 | Step:  716 | Updates: 91731 | Time/step: 1.0239 | Tok/sec=  4000.53 | Loss: 2.7458 / log-ppl: 15.5776 | Grad-Norm 1.5702 | ClipCoef 0.6369 | Peak-Mem 115.34GiB
GPU: cuda:0 | Step:  720 | Updates: 91732 | Time/step: 1.2851 | Tok/sec=  3187.35 | Loss: 3.1111 / log-ppl: 22.4448 | Grad-Norm 2.0268 | ClipCoef 0.4934 | Peak-Mem 115.34GiB
GPU: cuda:0 | Step:  724 | Updates: 91733 | Time/step: 0.9425 | Tok/sec=  4345.71 | Loss: 2.8934 / log-ppl: 18.0544 | Grad-Norm 2.0480 | ClipCoef 0.4883 | Peak-Mem 115.34GiB
GPU: cuda:0 | Step:  728 | Updates: 91734 | Time/step: 1.1633 | Tok/sec=  3520.89 | Loss: 3.4943 / log-ppl: 32.9279 | Grad-Norm 1.4941 | ClipCoef 0.6693 | Peak-Mem 115.34GiB
GPU: cuda:0 | Step:  732 | Updates: 91735 | Time/step: 1.2311 | Tok/sec=  3327.03 | Loss: 3.8739 / log-ppl: 48.1283 | Grad-Norm 2.1663 | ClipCoef 0.4616 | Peak-Mem 115.34GiB
GPU: cuda:0 | Step:  736 | Updates: 91736 | Time/step: 1.2004 | Tok/sec=  3412.24 | Loss: 3.0523 / log-ppl: 21.1630 | Grad-Norm 1.7868 | ClipCoef 0.5597 | Peak-Mem 115.34GiB
GPU: cuda:0 | Step:  740 | Updates: 91737 | Time/step: 1.0328 | Tok/sec=  3965.73 | Loss: 3.1366 / log-ppl: 23.0246 | Grad-Norm 3.0320 | ClipCoef 0.3298 | Peak-Mem 110.28GiB
GPU: cuda:0 | Step:  744 | Updates: 91738 | Time/step: 1.2299 | Tok/sec=  3330.42 | Loss: 3.0269 / log-ppl: 20.6335 | Grad-Norm 1.4651 | ClipCoef 0.6826 | Peak-Mem 115.34GiB
GPU: cuda:0 | Step:  748 | Updates: 91739 | Time/step: 0.9433 | Tok/sec=  4342.02 | Loss: 3.2096 / log-ppl: 24.7680 | Grad-Norm 2.2004 | ClipCoef 0.4545 | Peak-Mem 110.28GiB
GPU: cuda:0 | Step:  752 | Updates: 91740 | Time/step: 0.9990 | Tok/sec=  4100.13 | Loss: 3.0177 / log-ppl: 20.4450 | Grad-Norm 2.2815 | ClipCoef 0.4383 | Peak-Mem 115.34GiB
GPU: cuda:0 | Step:  756 | Updates: 91741 | Time/step: 1.0320 | Tok/sec=  3969.14 | Loss: 2.8538 / log-ppl: 17.3533 | Grad-Norm 1.6549 | ClipCoef 0.6043 | Peak-Mem 115.34GiB
GPU: cuda:0 | Step:  760 | Updates: 91742 | Time/step: 1.0316 | Tok/sec=  3970.61 | Loss: 3.5986 / log-ppl: 36.5468 | Grad-Norm 3.5097 | ClipCoef 0.2849 | Peak-Mem 115.34GiB
GPU: cuda:0 | Step:  764 | Updates: 91743 | Time/step: 0.6717 | Tok/sec=  6097.93 | Loss: 3.7201 / log-ppl: 41.2697 | Grad-Norm 2.2081 | ClipCoef 0.4529 | Peak-Mem 110.28GiB
GPU: cuda:0 | Step:  768 | Updates: 91744 | Time/step: 1.0881 | Tok/sec=  3764.34 | Loss: 3.0562 / log-ppl: 21.2467 | Grad-Norm 8.3022 | ClipCoef 0.1205 | Peak-Mem 115.34GiB
GPU: cuda:0 | Step:  772 | Updates: 91745 | Time/step: 1.1016 | Tok/sec=  3718.31 | Loss: 3.1555 / log-ppl: 23.4640 | Grad-Norm 1.5233 | ClipCoef 0.6565 | Peak-Mem 115.34GiB
GPU: cuda:0 | Step:  776 | Updates: 91746 | Time/step: 0.9644 | Tok/sec=  4247.14 | Loss: 3.5786 / log-ppl: 35.8224 | Grad-Norm 2.1856 | ClipCoef 0.4575 | Peak-Mem 115.34GiB
GPU: cuda:0 | Step:  780 | Updates: 91747 | Time/step: 0.9621 | Tok/sec=  4257.44 | Loss: 3.1626 / log-ppl: 23.6312 | Grad-Norm 2.1677 | ClipCoef 0.4613 | Peak-Mem 115.34GiB
GPU: cuda:0 | Step:  784 | Updates: 91748 | Time/step: 1.0212 | Tok/sec=  4010.80 | Loss: 2.8574 / log-ppl: 17.4161 | Grad-Norm 1.5517 | ClipCoef 0.6445 | Peak-Mem 115.34GiB
GPU: cuda:0 | Step:  788 | Updates: 91749 | Time/step: 1.0156 | Tok/sec=  4033.15 | Loss: 3.2566 / log-ppl: 25.9604 | Grad-Norm 1.8049 | ClipCoef 0.5540 | Peak-Mem 115.34GiB
GPU: cuda:0 | Step:  792 | Updates: 91750 | Time/step: 1.1115 | Tok/sec=  3684.96 | Loss: 3.0019 / log-ppl: 20.1231 | Grad-Norm 1.6525 | ClipCoef 0.6052 | Peak-Mem 115.34GiB
GPU: cuda:0 | Step:  796 | Updates: 91751 | Time/step: 0.9424 | Tok/sec=  4346.41 | Loss: 3.1021 / log-ppl: 22.2443 | Grad-Norm 4.7889 | ClipCoef 0.2088 | Peak-Mem 115.34GiB
GPU: cuda:0 | Step:  800 | Updates: 91752 | Time/step: 0.9710 | Tok/sec=  4218.31 | Loss: 2.7798 / log-ppl: 16.1154 | Grad-Norm 1.6023 | ClipCoef 0.6241 | Peak-Mem 110.28GiB
GPU: cuda:0 | Step:  804 | Updates: 91753 | Time/step: 0.9837 | Tok/sec=  4163.69 | Loss: 2.7626 / log-ppl: 15.8404 | Grad-Norm 1.5509 | ClipCoef 0.6448 | Peak-Mem 115.34GiB
GPU: cuda:0 | Step:  808 | Updates: 91754 | Time/step: 1.0853 | Tok/sec=  3774.00 | Loss: 3.1616 / log-ppl: 23.6083 | Grad-Norm 1.5087 | ClipCoef 0.6628 | Peak-Mem 115.34GiB
GPU: cuda:0 | Step:  812 | Updates: 91755 | Time/step: 0.9292 | Tok/sec=  4408.32 | Loss: 3.5005 / log-ppl: 33.1310 | Grad-Norm 1.6401 | ClipCoef 0.6097 | Peak-Mem 115.34GiB
GPU: cuda:0 | Step:  816 | Updates: 91756 | Time/step: 0.8770 | Tok/sec=  4670.64 | Loss: 2.6966 / log-ppl: 14.8293 | Grad-Norm 1.4090 | ClipCoef 0.7097 | Peak-Mem 115.34GiB
GPU: cuda:0 | Step:  820 | Updates: 91757 | Time/step: 1.0815 | Tok/sec=  3787.23 | Loss: 3.3952 / log-ppl: 29.8211 | Grad-Norm 1.8138 | ClipCoef 0.5513 | Peak-Mem 115.34GiB
GPU: cuda:0 | Step:  824 | Updates: 91758 | Time/step: 0.8417 | Tok/sec=  4866.37 | Loss: 3.1452 / log-ppl: 23.2245 | Grad-Norm 1.4960 | ClipCoef 0.6685 | Peak-Mem 115.34GiB
GPU: cuda:0 | Step:  828 | Updates: 91759 | Time/step: 0.9317 | Tok/sec=  4396.50 | Loss: 3.0537 / log-ppl: 21.1946 | Grad-Norm 1.7238 | ClipCoef 0.5801 | Peak-Mem 110.28GiB
GPU: cuda:0 | Step:  832 | Updates: 91760 | Time/step: 1.3232 | Tok/sec=  3095.59 | Loss: 2.7667 / log-ppl: 15.9063 | Grad-Norm 1.6294 | ClipCoef 0.6137 | Peak-Mem 115.34GiB
GPU: cuda:0 | Step:  836 | Updates: 91761 | Time/step: 0.6835 | Tok/sec=  5992.46 | Loss: 3.1750 / log-ppl: 23.9275 | Grad-Norm 3.2394 | ClipCoef 0.3087 | Peak-Mem 102.61GiB
GPU: cuda:0 | Step:  840 | Updates: 91762 | Time/step: 1.1211 | Tok/sec=  3653.71 | Loss: 3.2732 / log-ppl: 26.3953 | Grad-Norm 1.6915 | ClipCoef 0.5912 | Peak-Mem 115.34GiB
GPU: cuda:0 | Step:  844 | Updates: 91763 | Time/step: 1.1469 | Tok/sec=  3571.45 | Loss: 2.7803 / log-ppl: 16.1238 | Grad-Norm 3.7263 | ClipCoef 0.2684 | Peak-Mem 115.34GiB
GPU: cuda:0 | Step:  848 | Updates: 91764 | Time/step: 1.0164 | Tok/sec=  4029.80 | Loss: 3.1723 / log-ppl: 23.8616 | Grad-Norm 1.6731 | ClipCoef 0.5977 | Peak-Mem 110.28GiB
GPU: cuda:0 | Step:  852 | Updates: 91765 | Time/step: 1.2800 | Tok/sec=  3200.00 | Loss: 3.2535 / log-ppl: 25.8805 | Grad-Norm 2.0434 | ClipCoef 0.4894 | Peak-Mem 115.34GiB
GPU: cuda:0 | Step:  856 | Updates: 91766 | Time/step: 1.0848 | Tok/sec=  3775.93 | Loss: 2.6880 / log-ppl: 14.7027 | Grad-Norm 1.6041 | ClipCoef 0.6234 | Peak-Mem 115.34GiB
GPU: cuda:0 | Step:  860 | Updates: 91767 | Time/step: 1.1159 | Tok/sec=  3670.50 | Loss: 2.8853 / log-ppl: 17.9098 | Grad-Norm 1.8165 | ClipCoef 0.5505 | Peak-Mem 115.34GiB
GPU: cuda:0 | Step:  864 | Updates: 91768 | Time/step: 0.9784 | Tok/sec=  4186.54 | Loss: 3.0340 / log-ppl: 20.7804 | Grad-Norm 1.5264 | ClipCoef 0.6551 | Peak-Mem 115.34GiB
GPU: cuda:0 | Step:  868 | Updates: 91769 | Time/step: 1.0228 | Tok/sec=  4004.62 | Loss: 3.1625 / log-ppl: 23.6293 | Grad-Norm 2.9045 | ClipCoef 0.3443 | Peak-Mem 115.34GiB
GPU: cuda:0 | Step:  872 | Updates: 91770 | Time/step: 0.9379 | Tok/sec=  4367.13 | Loss: 2.8525 / log-ppl: 17.3314 | Grad-Norm 1.7606 | ClipCoef 0.5680 | Peak-Mem 115.34GiB
GPU: cuda:0 | Step:  876 | Updates: 91771 | Time/step: 1.0926 | Tok/sec=  3748.88 | Loss: 3.0581 / log-ppl: 21.2877 | Grad-Norm 2.5495 | ClipCoef 0.3922 | Peak-Mem 115.34GiB
GPU: cuda:0 | Step:  880 | Updates: 91772 | Time/step: 1.1783 | Tok/sec=  3476.08 | Loss: 2.5140 / log-ppl: 12.3548 | Grad-Norm 1.8325 | ClipCoef 0.5457 | Peak-Mem 115.34GiB
GPU: cuda:0 | Step:  884 | Updates: 91773 | Time/step: 1.0965 | Tok/sec=  3735.60 | Loss: 2.7583 / log-ppl: 15.7731 | Grad-Norm 2.4743 | ClipCoef 0.4041 | Peak-Mem 115.34GiB
GPU: cuda:0 | Step:  888 | Updates: 91774 | Time/step: 1.1727 | Tok/sec=  3492.85 | Loss: 2.7385 / log-ppl: 15.4642 | Grad-Norm 1.5962 | ClipCoef 0.6265 | Peak-Mem 115.34GiB
GPU: cuda:0 | Step:  892 | Updates: 91775 | Time/step: 0.9802 | Tok/sec=  4178.89 | Loss: 2.7078 / log-ppl: 14.9968 | Grad-Norm 2.8807 | ClipCoef 0.3471 | Peak-Mem 115.34GiB
GPU: cuda:0 | Step:  896 | Updates: 91776 | Time/step: 1.2722 | Tok/sec=  3219.60 | Loss: 2.2253 / log-ppl: 9.2563 | Grad-Norm 1.4919 | ClipCoef 0.6703 | Peak-Mem 115.34GiB
GPU: cuda:0 | Step:  900 | Updates: 91777 | Time/step: 1.0780 | Tok/sec=  3799.45 | Loss: 3.1824 / log-ppl: 24.1053 | Grad-Norm 1.9908 | ClipCoef 0.5023 | Peak-Mem 115.34GiB
GPU: cuda:0 | Step:  904 | Updates: 91778 | Time/step: 1.0273 | Tok/sec=  3987.04 | Loss: 3.2351 / log-ppl: 25.4100 | Grad-Norm 1.9855 | ClipCoef 0.5037 | Peak-Mem 110.28GiB
GPU: cuda:0 | Step:  908 | Updates: 91779 | Time/step: 1.1749 | Tok/sec=  3486.37 | Loss: 3.1493 / log-ppl: 23.3204 | Grad-Norm 1.6750 | ClipCoef 0.5970 | Peak-Mem 115.34GiB
GPU: cuda:0 | Step:  912 | Updates: 91780 | Time/step: 1.3894 | Tok/sec=  2947.96 | Loss: 2.9225 / log-ppl: 18.5872 | Grad-Norm 2.9652 | ClipCoef 0.3372 | Peak-Mem 115.34GiB
GPU: cuda:0 | Step:  916 | Updates: 91781 | Time/step: 0.8014 | Tok/sec=  5110.85 | Loss: 2.9850 / log-ppl: 19.7868 | Grad-Norm 1.9520 | ClipCoef 0.5123 | Peak-Mem 115.34GiB
GPU: cuda:0 | Step:  920 | Updates: 91782 | Time/step: 1.2696 | Tok/sec=  3226.27 | Loss: 3.1090 / log-ppl: 22.3982 | Grad-Norm 1.6700 | ClipCoef 0.5988 | Peak-Mem 115.34GiB
GPU: cuda:0 | Step:  924 | Updates: 91783 | Time/step: 1.0234 | Tok/sec=  4002.32 | Loss: 3.7066 / log-ppl: 40.7143 | Grad-Norm 1.7305 | ClipCoef 0.5779 | Peak-Mem 115.34GiB
GPU: cuda:0 | Step:  928 | Updates: 91784 | Time/step: 1.0671 | Tok/sec=  3838.47 | Loss: 2.2900 / log-ppl: 9.8748 | Grad-Norm 2.2702 | ClipCoef 0.4405 | Peak-Mem 115.34GiB
GPU: cuda:0 | Step:  932 | Updates: 91785 | Time/step: 1.2885 | Tok/sec=  3178.94 | Loss: 2.9682 / log-ppl: 19.4575 | Grad-Norm 1.8547 | ClipCoef 0.5392 | Peak-Mem 115.34GiB
GPU: cuda:0 | Step:  936 | Updates: 91786 | Time/step: 0.9512 | Tok/sec=  4306.09 | Loss: 3.2104 / log-ppl: 24.7893 | Grad-Norm 1.6724 | ClipCoef 0.5979 | Peak-Mem 115.34GiB
GPU: cuda:0 | Step:  940 | Updates: 91787 | Time/step: 1.0056 | Tok/sec=  4073.08 | Loss: 2.9570 / log-ppl: 19.2403 | Grad-Norm 2.6151 | ClipCoef 0.3824 | Peak-Mem 115.34GiB
GPU: cuda:0 | Step:  944 | Updates: 91788 | Time/step: 1.0860 | Tok/sec=  3771.69 | Loss: 2.7737 / log-ppl: 16.0180 | Grad-Norm 1.8143 | ClipCoef 0.5512 | Peak-Mem 115.34GiB
GPU: cuda:0 | Step:  948 | Updates: 91789 | Time/step: 1.0986 | Tok/sec=  3728.23 | Loss: 3.2658 / log-ppl: 26.2003 | Grad-Norm 2.0549 | ClipCoef 0.4866 | Peak-Mem 115.34GiB
GPU: cuda:0 | Step:  952 | Updates: 91790 | Time/step: 1.2342 | Tok/sec=  3318.85 | Loss: 4.1585 / log-ppl: 63.9727 | Grad-Norm 5.4637 | ClipCoef 0.1830 | Peak-Mem 115.34GiB
GPU: cuda:0 | Step:  956 | Updates: 91791 | Time/step: 0.8941 | Tok/sec=  4581.36 | Loss: 2.7207 / log-ppl: 15.1916 | Grad-Norm 4.4708 | ClipCoef 0.2237 | Peak-Mem 115.34GiB
GPU: cuda:0 | Step:  960 | Updates: 91792 | Time/step: 1.0464 | Tok/sec=  3914.39 | Loss: 3.5700 / log-ppl: 35.5149 | Grad-Norm 2.3217 | ClipCoef 0.4307 | Peak-Mem 115.34GiB
GPU: cuda:0 | Step:  964 | Updates: 91793 | Time/step: 1.1990 | Tok/sec=  3416.29 | Loss: 3.3147 / log-ppl: 27.5139 | Grad-Norm 1.8934 | ClipCoef 0.5282 | Peak-Mem 115.34GiB
GPU: cuda:0 | Step:  968 | Updates: 91794 | Time/step: 1.0921 | Tok/sec=  3750.73 | Loss: 3.5008 / log-ppl: 33.1429 | Grad-Norm 1.7137 | ClipCoef 0.5835 | Peak-Mem 115.34GiB
GPU: cuda:0 | Step:  972 | Updates: 91795 | Time/step: 0.9283 | Tok/sec=  4412.31 | Loss: 3.7988 / log-ppl: 44.6477 | Grad-Norm 2.2815 | ClipCoef 0.4383 | Peak-Mem 115.34GiB
GPU: cuda:0 | Step:  976 | Updates: 91796 | Time/step: 0.9781 | Tok/sec=  4187.81 | Loss: 3.3668 / log-ppl: 28.9863 | Grad-Norm 1.6146 | ClipCoef 0.6194 | Peak-Mem 115.34GiB
GPU: cuda:0 | Step:  980 | Updates: 91797 | Time/step: 0.9678 | Tok/sec=  4232.24 | Loss: 3.8899 / log-ppl: 48.9070 | Grad-Norm 3.0104 | ClipCoef 0.3322 | Peak-Mem 115.34GiB
GPU: cuda:0 | Step:  984 | Updates: 91798 | Time/step: 1.1192 | Tok/sec=  3659.88 | Loss: 3.9332 / log-ppl: 51.0677 | Grad-Norm 3.9101 | ClipCoef 0.2557 | Peak-Mem 115.34GiB
GPU: cuda:0 | Step:  988 | Updates: 91799 | Time/step: 1.0068 | Tok/sec=  4068.25 | Loss: 3.4025 / log-ppl: 30.0379 | Grad-Norm 1.4921 | ClipCoef 0.6702 | Peak-Mem 115.34GiB
GPU: cuda:0 | Step:  992 | Updates: 91800 | Time/step: 0.8467 | Tok/sec=  4837.46 | Loss: 3.0020 / log-ppl: 20.1251 | Grad-Norm 1.4809 | ClipCoef 0.6753 | Peak-Mem 115.34GiB
GPU: cuda:0 | Step:  996 | Updates: 91801 | Time/step: 1.0361 | Tok/sec=  3953.27 | Loss: 3.3925 / log-ppl: 29.7405 | Grad-Norm 1.6767 | ClipCoef 0.5964 | Peak-Mem 115.34GiB
GPU: cuda:0 | Step: 1000 | Updates: 91802 | Time/step: 1.0583 | Tok/sec=  3870.39 | Loss: 3.1549 / log-ppl: 23.4500 | Grad-Norm 1.7198 | ClipCoef 0.5814 | Peak-Mem 115.34GiB
GPU: cuda:0 | Step: 1004 | Updates: 91803 | Time/step: 0.9871 | Tok/sec=  4149.59 | Loss: 3.3597 / log-ppl: 28.7805 | Grad-Norm 2.5727 | ClipCoef 0.3887 | Peak-Mem 115.34GiB
GPU: cuda:0 | Step: 1008 | Updates: 91804 | Time/step: 1.2369 | Tok/sec=  3311.46 | Loss: 2.3282 / log-ppl: 10.2596 | Grad-Norm 1.7915 | ClipCoef 0.5582 | Peak-Mem 115.34GiB
GPU: cuda:0 | Step: 1012 | Updates: 91805 | Time/step: 0.9133 | Tok/sec=  4484.63 | Loss: 3.4659 / log-ppl: 32.0042 | Grad-Norm 1.9204 | ClipCoef 0.5207 | Peak-Mem 115.34GiB
GPU: cuda:0 | Step: 1016 | Updates: 91806 | Time/step: 1.2749 | Tok/sec=  3212.92 | Loss: 3.5768 / log-ppl: 35.7587 | Grad-Norm 2.1210 | ClipCoef 0.4715 | Peak-Mem 115.34GiB
GPU: cuda:0 | Step: 1020 | Updates: 91807 | Time/step: 0.8635 | Tok/sec=  4743.38 | Loss: 3.0690 / log-ppl: 21.5196 | Grad-Norm 1.6745 | ClipCoef 0.5972 | Peak-Mem 115.34GiB
GPU: cuda:0 | Step: 1024 | Updates: 91808 | Time/step: 0.8550 | Tok/sec=  4790.58 | Loss: 3.1914 / log-ppl: 24.3231 | Grad-Norm 2.7134 | ClipCoef 0.3685 | Peak-Mem 110.28GiB
GPU: cuda:0 | Step: 1028 | Updates: 91809 | Time/step: 0.9553 | Tok/sec=  4287.56 | Loss: 2.8057 / log-ppl: 16.5387 | Grad-Norm 1.4378 | ClipCoef 0.6955 | Peak-Mem 115.34GiB
GPU: cuda:0 | Step: 1032 | Updates: 91810 | Time/step: 1.0626 | Tok/sec=  3854.82 | Loss: 2.7355 / log-ppl: 15.4171 | Grad-Norm 1.6818 | ClipCoef 0.5946 | Peak-Mem 115.34GiB
GPU: cuda:0 | Step: 1036 | Updates: 91811 | Time/step: 0.8762 | Tok/sec=  4674.79 | Loss: 2.9196 / log-ppl: 18.5339 | Grad-Norm 2.5039 | ClipCoef 0.3994 | Peak-Mem 115.34GiB
GPU: cuda:0 | Step: 1040 | Updates: 91812 | Time/step: 1.1871 | Tok/sec=  3450.54 | Loss: 2.7428 / log-ppl: 15.5307 | Grad-Norm 1.6680 | ClipCoef 0.5995 | Peak-Mem 115.34GiB
GPU: cuda:0 | Step: 1044 | Updates: 91813 | Time/step: 1.0647 | Tok/sec=  3847.14 | Loss: 2.3250 / log-ppl: 10.2263 | Grad-Norm 1.4536 | ClipCoef 0.6879 | Peak-Mem 115.34GiB
GPU: cuda:0 | Step: 1048 | Updates: 91814 | Time/step: 0.9556 | Tok/sec=  4286.25 | Loss: 2.5810 / log-ppl: 13.2098 | Grad-Norm 1.8510 | ClipCoef 0.5403 | Peak-Mem 115.34GiB
GPU: cuda:0 | Step: 1052 | Updates: 91815 | Time/step: 1.0736 | Tok/sec=  3815.36 | Loss: 3.0160 / log-ppl: 20.4097 | Grad-Norm 2.0662 | ClipCoef 0.4840 | Peak-Mem 115.34GiB
GPU: cuda:0 | Step: 1056 | Updates: 91816 | Time/step: 1.4221 | Tok/sec=  2880.16 | Loss: 3.7371 / log-ppl: 41.9744 | Grad-Norm 1.9268 | ClipCoef 0.5190 | Peak-Mem 115.34GiB
GPU: cuda:0 | Step: 1060 | Updates: 91817 | Time/step: 1.1578 | Tok/sec=  3537.62 | Loss: 3.6579 / log-ppl: 38.7784 | Grad-Norm 3.3244 | ClipCoef 0.3008 | Peak-Mem 115.34GiB
GPU: cuda:0 | Step: 1064 | Updates: 91818 | Time/step: 0.9205 | Tok/sec=  4449.52 | Loss: 2.5543 / log-ppl: 12.8618 | Grad-Norm 1.4902 | ClipCoef 0.6711 | Peak-Mem 115.34GiB
GPU: cuda:0 | Step: 1068 | Updates: 91819 | Time/step: 0.8569 | Tok/sec=  4779.98 | Loss: 2.8755 / log-ppl: 17.7351 | Grad-Norm 14.7670 | ClipCoef 0.0677 | Peak-Mem 110.28GiB
GPU: cuda:0 | Step: 1072 | Updates: 91820 | Time/step: 0.8737 | Tok/sec=  4687.85 | Loss: 3.0665 / log-ppl: 21.4671 | Grad-Norm 3.1246 | ClipCoef 0.3200 | Peak-Mem 115.34GiB
GPU: cuda:0 | Step: 1076 | Updates: 91821 | Time/step: 1.3798 | Tok/sec=  2968.56 | Loss: 3.7885 / log-ppl: 44.1896 | Grad-Norm 5.1432 | ClipCoef 0.1944 | Peak-Mem 115.34GiB
GPU: cuda:0 | Step: 1080 | Updates: 91822 | Time/step: 1.0881 | Tok/sec=  3764.52 | Loss: 2.2895 / log-ppl: 9.8705 | Grad-Norm 3.2556 | ClipCoef 0.3072 | Peak-Mem 115.34GiB
GPU: cuda:0 | Step: 1084 | Updates: 91823 | Time/step: 1.0748 | Tok/sec=  3811.09 | Loss: 2.9789 / log-ppl: 19.6661 | Grad-Norm 2.1869 | ClipCoef 0.4573 | Peak-Mem 115.34GiB
GPU: cuda:0 | Step: 1088 | Updates: 91824 | Time/step: 1.0857 | Tok/sec=  3772.69 | Loss: 2.8919 / log-ppl: 18.0280 | Grad-Norm 1.6574 | ClipCoef 0.6034 | Peak-Mem 115.34GiB
GPU: cuda:0 | Step: 1092 | Updates: 91825 | Time/step: 0.8698 | Tok/sec=  4708.91 | Loss: 3.1754 / log-ppl: 23.9373 | Grad-Norm 1.7338 | ClipCoef 0.5768 | Peak-Mem 110.28GiB
GPU: cuda:0 | Step: 1096 | Updates: 91826 | Time/step: 1.0058 | Tok/sec=  4072.30 | Loss: 3.3617 / log-ppl: 28.8371 | Grad-Norm 1.7244 | ClipCoef 0.5799 | Peak-Mem 110.28GiB
GPU: cuda:0 | Step: 1100 | Updates: 91827 | Time/step: 1.0169 | Tok/sec=  4028.04 | Loss: 2.7241 / log-ppl: 15.2425 | Grad-Norm 1.9369 | ClipCoef 0.5163 | Peak-Mem 115.34GiB
GPU: cuda:0 | Step: 1104 | Updates: 91828 | Time/step: 0.7529 | Tok/sec=  5440.33 | Loss: 3.0061 / log-ppl: 20.2085 | Grad-Norm 1.5305 | ClipCoef 0.6534 | Peak-Mem 110.28GiB
GPU: cuda:0 | Step: 1108 | Updates: 91829 | Time/step: 1.1134 | Tok/sec=  3678.74 | Loss: 2.9789 / log-ppl: 19.6659 | Grad-Norm 1.5422 | ClipCoef 0.6484 | Peak-Mem 115.34GiB
GPU: cuda:0 | Step: 1112 | Updates: 91830 | Time/step: 1.2020 | Tok/sec=  3407.58 | Loss: 3.9312 / log-ppl: 50.9698 | Grad-Norm 2.0893 | ClipCoef 0.4786 | Peak-Mem 115.34GiB
GPU: cuda:0 | Step: 1116 | Updates: 91831 | Time/step: 1.3033 | Tok/sec=  3142.86 | Loss: 3.1906 / log-ppl: 24.3031 | Grad-Norm 1.5852 | ClipCoef 0.6309 | Peak-Mem 115.34GiB
GPU: cuda:0 | Step: 1120 | Updates: 91832 | Time/step: 0.8961 | Tok/sec=  4571.07 | Loss: 2.6913 / log-ppl: 14.7506 | Grad-Norm 1.6208 | ClipCoef 0.6170 | Peak-Mem 115.34GiB
GPU: cuda:0 | Step: 1124 | Updates: 91833 | Time/step: 1.0271 | Tok/sec=  3987.77 | Loss: 3.1408 / log-ppl: 23.1230 | Grad-Norm 1.8910 | ClipCoef 0.5288 | Peak-Mem 110.28GiB
GPU: cuda:0 | Step: 1128 | Updates: 91834 | Time/step: 1.0092 | Tok/sec=  4058.62 | Loss: 2.8094 / log-ppl: 16.5993 | Grad-Norm 1.9398 | ClipCoef 0.5155 | Peak-Mem 115.34GiB
GPU: cuda:0 | Step: 1132 | Updates: 91835 | Time/step: 1.1981 | Tok/sec=  3418.73 | Loss: 2.3700 / log-ppl: 10.6975 | Grad-Norm 3.7287 | ClipCoef 0.2682 | Peak-Mem 115.34GiBwandb: updating run metadata
wandb: uploading output.log; uploading config.yaml
wandb: 
wandb: Run history:
wandb:            cortex/channels ▁▁▁▁▁▁▁▁▁▁▁▁▁▁▁▁▁▁▁▁▁▁▁▁▁▁▁▁▁▁▁▁▁▁▁▁▁▁▁▁
wandb:    cortex/e_centred_cosine ▂▂▄▃▃▂▅▃▃▅▂▂▃▄▂▂▅▅▁▃▃▃▄▂▁▆▃▃▅▃▃▂▂▃▄▂▃▄▂█
wandb:  cortex/e_eff_rank_entropy ▇▅▅▄▄█▄▅▃▃▅▇▇▂▃▄▃▄█▆▄▁▄▆█▇▅▃▅▁▅▂▂▅▄▇█▇▅▂
wandb:       cortex/e_eff_rank_pr ▇▅▄▄▆▇▃▅▄▃▆▇█▃▃▄▂▃▇▆▄▃▄▅█▅▄▃▅▃▆▄▃▅▄▇▇▆▅▁
wandb:          cortex/e_row_norm ▃▃▅▅▂▂▅▄▅▆▃▁▁▄▅▅▆▇▄▄▆▅▆▆▃▄▆▅▄▅▄▅▅▅▅▅▄▅▆█
wandb:           cortex/grad_norm ▂▂▄▂▂▅▂▂▁▂▃▂▁▂▁▄▂▁▂▁▁▁▃▇▁▁▃▂▁▂▁▂▂▁▁▁▂▁▁█
wandb:        cortex/latent_carry ▁▁▁▁▁▁▁▁▁▁▁▁▁▁▁▁▁▁▁▁▁▁▁▁▁▁▁▁▁▁▁▁▁▁▁▁▁▁▁▁
wandb:                cortex/loss ▃▃▇▅▃▄▄▃▅▅▂▄▄▅▅▆▆▃▄▄▃▃▃█▄▃▄▇▃▅▁▄▄▃▅▃▃▄▅▃
wandb:   cortex/num_steps_no_grad ▁▄▁▁▁▁▃▄▆▂▁▂▁▂▁▁██▁▂▁▁▃▁▁▃▁▁▂▁▁▁▁▃▄▂▁▂▁▆
wandb: cortex/num_steps_with_grad ▅█▅▅▄█████▂███▇▇██▄████▇▂████▄█▄▁█████▄█
wandb:                        +37 ...
wandb: 
wandb: Run summary:
wandb:            cortex/channels 2
wandb:    cortex/e_centred_cosine -0.00423
wandb:  cortex/e_eff_rank_entropy 97.82782
wandb:       cortex/e_eff_rank_pr 16.15116
wandb:          cortex/e_row_norm 113.00117
wandb:           cortex/grad_norm 6.32632
wandb:        cortex/latent_carry 1
wandb:                cortex/loss 2.79591
wandb:   cortex/num_steps_no_grad 16
wandb: cortex/num_steps_with_grad 8
wandb:                        +37 ...
wandb: 
wandb: 🚀 View run probe-p1-a2-accum-w16-cc8-z at: https://wandb.ai/henryyjiang42-georgia-institute-of-technology/cortex-retrofit/runs/jos6ozrq
wandb: ⭐️ View project at: https://wandb.ai/henryyjiang42-georgia-institute-of-technology/cortex-retrofit
wandb: Synced 5 W&B file(s), 0 media file(s), 0 artifact file(s) and 0 other file(s)
wandb: Find logs at: cortex-retrofit/wandb/run-20260916_223810-jos6ozrq/logs

GPU: cuda:0 | Step: 1136 | Updates: 91836 | Time/step: 0.7419 | Tok/sec=  5521.26 | Loss: 3.5469 / log-ppl: 34.7061 | Grad-Norm 1.7615 | ClipCoef 0.5677 | Peak-Mem 90.25GiB
GPU: cuda:0 | Step: 1140 | Updates: 91837 | Time/step: 0.9616 | Tok/sec=  4259.71 | Loss: 3.6248 / log-ppl: 37.5169 | Grad-Norm 1.5376 | ClipCoef 0.6503 | Peak-Mem 115.34GiB
GPU: cuda:0 | Step: 1144 | Updates: 91838 | Time/step: 0.8753 | Tok/sec=  4679.57 | Loss: 3.7787 / log-ppl: 43.7601 | Grad-Norm 2.0293 | ClipCoef 0.4928 | Peak-Mem 115.34GiB
GPU: cuda:0 | Step: 1148 | Updates: 91839 | Time/step: 1.1946 | Tok/sec=  3428.89 | Loss: 3.0456 / log-ppl: 21.0235 | Grad-Norm 2.5314 | ClipCoef 0.3950 | Peak-Mem 115.34GiB
GPU: cuda:0 | Step: 1152 | Updates: 91840 | Time/step: 1.0840 | Tok/sec=  3778.58 | Loss: 2.8843 / log-ppl: 17.8915 | Grad-Norm 1.8259 | ClipCoef 0.5477 | Peak-Mem 115.34GiB
GPU: cuda:0 | Step: 1156 | Updates: 91841 | Time/step: 0.9099 | Tok/sec=  4501.38 | Loss: 2.7772 / log-ppl: 16.0740 | Grad-Norm 1.7458 | ClipCoef 0.5728 | Peak-Mem 115.34GiB
GPU: cuda:0 | Step: 1160 | Updates: 91842 | Time/step: 1.1210 | Tok/sec=  3653.97 | Loss: 2.7587 / log-ppl: 15.7788 | Grad-Norm 1.8409 | ClipCoef 0.5432 | Peak-Mem 115.34GiB
GPU: cuda:0 | Step: 1164 | Updates: 91843 | Time/step: 1.2688 | Tok/sec=  3228.31 | Loss: 2.8308 / log-ppl: 16.9598 | Grad-Norm 1.8402 | ClipCoef 0.5434 | Peak-Mem 115.34GiB
GPU: cuda:0 | Step: 1168 | Updates: 91844 | Time/step: 1.1355 | Tok/sec=  3607.37 | Loss: 3.4038 / log-ppl: 30.0768 | Grad-Norm 7.7882 | ClipCoef 0.1284 | Peak-Mem 115.34GiB
GPU: cuda:0 | Step: 1172 | Updates: 91845 | Time/step: 1.0781 | Tok/sec=  3799.38 | Loss: 2.7822 / log-ppl: 16.1550 | Grad-Norm 2.3093 | ClipCoef 0.4330 | Peak-Mem 115.34GiB
GPU: cuda:0 | Step: 1176 | Updates: 91846 | Time/step: 1.1337 | Tok/sec=  3612.82 | Loss: 3.0242 / log-ppl: 20.5769 | Grad-Norm 1.6813 | ClipCoef 0.5948 | Peak-Mem 115.34GiB
GPU: cuda:0 | Step: 1180 | Updates: 91847 | Time/step: 0.8451 | Tok/sec=  4846.48 | Loss: 3.3419 / log-ppl: 28.2738 | Grad-Norm 2.5881 | ClipCoef 0.3864 | Peak-Mem 115.34GiB
GPU: cuda:0 | Step: 1184 | Updates: 91848 | Time/step: 1.2233 | Tok/sec=  3348.24 | Loss: 2.7954 / log-ppl: 16.3688 | Grad-Norm 1.7258 | ClipCoef 0.5794 | Peak-Mem 115.34GiB
GPU: cuda:0 | Step: 1188 | Updates: 91849 | Time/step: 0.7375 | Tok/sec=  5554.10 | Loss: 3.5443 / log-ppl: 34.6151 | Grad-Norm 2.3598 | ClipCoef 0.4238 | Peak-Mem 85.30GiB
GPU: cuda:0 | Step: 1192 | Updates: 91850 | Time/step: 1.1678 | Tok/sec=  3507.30 | Loss: 3.4018 / log-ppl: 30.0179 | Grad-Norm 2.1160 | ClipCoef 0.4726 | Peak-Mem 115.34GiB
GPU: cuda:0 | Step: 1196 | Updates: 91851 | Time/step: 0.9054 | Tok/sec=  4524.02 | Loss: 3.1558 / log-ppl: 23.4722 | Grad-Norm 1.8141 | ClipCoef 0.5513 | Peak-Mem 115.34GiB
GPU: cuda:0 | Step: 1200 | Updates: 91852 | Time/step: 0.9095 | Tok/sec=  4503.72 | Loss: 3.1706 / log-ppl: 23.8215 | Grad-Norm 2.4378 | ClipCoef 0.4102 | Peak-Mem 115.34GiB
GPU: cuda:0 | Step: 1204 | Updates: 91853 | Time/step: 1.2667 | Tok/sec=  3233.72 | Loss: 2.5974 / log-ppl: 13.4287 | Grad-Norm 1.6625 | ClipCoef 0.6015 | Peak-Mem 115.34GiB
GPU: cuda:0 | Step: 1208 | Updates: 91854 | Time/step: 1.1742 | Tok/sec=  3488.43 | Loss: 3.4293 / log-ppl: 30.8551 | Grad-Norm 1.6804 | ClipCoef 0.5951 | Peak-Mem 115.34GiB
GPU: cuda:0 | Step: 1212 | Updates: 91855 | Time/step: 1.0072 | Tok/sec=  4066.92 | Loss: 3.2172 / log-ppl: 24.9589 | Grad-Norm 1.5428 | ClipCoef 0.6482 | Peak-Mem 115.34GiB
GPU: cuda:0 | Step: 1216 | Updates: 91856 | Time/step: 0.7836 | Tok/sec=  5227.02 | Loss: 3.0035 / log-ppl: 20.1551 | Grad-Norm 1.9989 | ClipCoef 0.5003 | Peak-Mem 115.34GiB
GPU: cuda:0 | Step: 1220 | Updates: 91857 | Time/step: 1.1817 | Tok/sec=  3466.33 | Loss: 3.1130 / log-ppl: 22.4879 | Grad-Norm 1.7367 | ClipCoef 0.5758 | Peak-Mem 115.34GiB
GPU: cuda:0 | Step: 1224 | Updates: 91858 | Time/step: 1.1349 | Tok/sec=  3608.99 | Loss: 3.2456 / log-ppl: 25.6771 | Grad-Norm 1.6483 | ClipCoef 0.6067 | Peak-Mem 115.34GiB
GPU: cuda:0 | Step: 1228 | Updates: 91859 | Time/step: 1.2018 | Tok/sec=  3408.09 | Loss: 3.0565 / log-ppl: 21.2532 | Grad-Norm 1.6428 | ClipCoef 0.6087 | Peak-Mem 115.34GiB
GPU: cuda:0 | Step: 1232 | Updates: 91860 | Time/step: 1.0851 | Tok/sec=  3774.76 | Loss: 2.2840 / log-ppl: 9.8163 | Grad-Norm 1.7955 | ClipCoef 0.5570 | Peak-Mem 115.34GiB
GPU: cuda:0 | Step: 1236 | Updates: 91861 | Time/step: 0.9590 | Tok/sec=  4271.17 | Loss: 2.6311 / log-ppl: 13.8895 | Grad-Norm 1.8431 | ClipCoef 0.5426 | Peak-Mem 115.34GiB
GPU: cuda:0 | Step: 1240 | Updates: 91862 | Time/step: 1.4167 | Tok/sec=  2891.25 | Loss: 3.2150 / log-ppl: 24.9036 | Grad-Norm 3.8738 | ClipCoef 0.2581 | Peak-Mem 115.34GiB
GPU: cuda:0 | Step: 1244 | Updates: 91863 | Time/step: 1.1723 | Tok/sec=  3494.06 | Loss: 2.7612 / log-ppl: 15.8190 | Grad-Norm 1.7096 | ClipCoef 0.5849 | Peak-Mem 115.34GiB
GPU: cuda:0 | Step: 1248 | Updates: 91864 | Time/step: 0.8223 | Tok/sec=  4981.18 | Loss: 3.5850 / log-ppl: 36.0517 | Grad-Norm 1.7330 | ClipCoef 0.5770 | Peak-Mem 115.34GiB
GPU: cuda:0 | Step: 1252 | Updates: 91865 | Time/step: 0.9877 | Tok/sec=  4147.00 | Loss: 2.6321 / log-ppl: 13.9029 | Grad-Norm 1.7543 | ClipCoef 0.5700 | Peak-Mem 115.34GiB
GPU: cuda:0 | Step: 1256 | Updates: 91866 | Time/step: 1.3018 | Tok/sec=  3146.39 | Loss: 3.0472 / log-ppl: 21.0573 | Grad-Norm 2.8686 | ClipCoef 0.3486 | Peak-Mem 115.34GiB
GPU: cuda:0 | Step: 1260 | Updates: 91867 | Time/step: 1.1414 | Tok/sec=  3588.69 | Loss: 2.4604 / log-ppl: 11.7099 | Grad-Norm 2.2366 | ClipCoef 0.4471 | Peak-Mem 115.34GiB
GPU: cuda:0 | Step: 1264 | Updates: 91868 | Time/step: 0.9764 | Tok/sec=  4195.17 | Loss: 2.6773 / log-ppl: 14.5462 | Grad-Norm 1.5071 | ClipCoef 0.6635 | Peak-Mem 115.34GiB
GPU: cuda:0 | Step: 1268 | Updates: 91869 | Time/step: 0.9671 | Tok/sec=  4235.47 | Loss: 2.6437 / log-ppl: 14.0646 | Grad-Norm 15.3454 | ClipCoef 0.0652 | Peak-Mem 115.34GiB
GPU: cuda:0 | Step: 1272 | Updates: 91870 | Time/step: 1.1703 | Tok/sec=  3500.07 | Loss: 3.1632 / log-ppl: 23.6463 | Grad-Norm 1.8507 | ClipCoef 0.5403 | Peak-Mem 115.34GiB
GPU: cuda:0 | Step: 1276 | Updates: 91871 | Time/step: 1.0362 | Tok/sec=  3952.74 | Loss: 2.6988 / log-ppl: 14.8620 | Grad-Norm 1.4709 | ClipCoef 0.6799 | Peak-Mem 115.34GiB
GPU: cuda:0 | Step: 1280 | Updates: 91872 | Time/step: 0.8457 | Tok/sec=  4843.30 | Loss: 3.0884 / log-ppl: 21.9422 | Grad-Norm 1.7015 | ClipCoef 0.5877 | Peak-Mem 115.34GiB
GPU: cuda:0 | Step: 1284 | Updates: 91873 | Time/step: 1.1469 | Tok/sec=  3571.49 | Loss: 2.9205 / log-ppl: 18.5502 | Grad-Norm 1.5030 | ClipCoef 0.6653 | Peak-Mem 115.34GiB
GPU: cuda:0 | Step: 1288 | Updates: 91874 | Time/step: 1.0376 | Tok/sec=  3947.43 | Loss: 2.4433 / log-ppl: 11.5113 | Grad-Norm 1.6684 | ClipCoef 0.5994 | Peak-Mem 115.34GiB
GPU: cuda:0 | Step: 1292 | Updates: 91875 | Time/step: 0.8755 | Tok/sec=  4678.49 | Loss: 2.8756 / log-ppl: 17.7358 | Grad-Norm 2.6305 | ClipCoef 0.3802 | Peak-Mem 115.34GiB
GPU: cuda:0 | Step: 1296 | Updates: 91876 | Time/step: 0.9176 | Tok/sec=  4463.64 | Loss: 2.4567 / log-ppl: 11.6668 | Grad-Norm 2.0686 | ClipCoef 0.4834 | Peak-Mem 115.34GiB
GPU: cuda:0 | Step: 1300 | Updates: 91877 | Time/step: 1.1173 | Tok/sec=  3666.01 | Loss: 3.8364 / log-ppl: 46.3593 | Grad-Norm 1.5207 | ClipCoef 0.6576 | Peak-Mem 115.34GiB
GPU: cuda:0 | Step: 1304 | Updates: 91878 | Time/step: 1.1743 | Tok/sec=  3488.06 | Loss: 3.5744 / log-ppl: 35.6734 | Grad-Norm 1.5734 | ClipCoef 0.6356 | Peak-Mem 115.34GiB
GPU: cuda:0 | Step: 1308 | Updates: 91879 | Time/step: 1.4020 | Tok/sec=  2921.61 | Loss: 2.9562 / log-ppl: 19.2238 | Grad-Norm 2.3679 | ClipCoef 0.4223 | Peak-Mem 115.34GiB
GPU: cuda:0 | Step: 1312 | Updates: 91880 | Time/step: 1.0051 | Tok/sec=  4075.19 | Loss: 3.1973 / log-ppl: 24.4652 | Grad-Norm 1.8294 | ClipCoef 0.5466 | Peak-Mem 115.34GiB
GPU: cuda:0 | Step: 1316 | Updates: 91881 | Time/step: 0.9615 | Tok/sec=  4260.12 | Loss: 3.1863 / log-ppl: 24.1994 | Grad-Norm 1.7962 | ClipCoef 0.5567 | Peak-Mem 110.28GiB
GPU: cuda:0 | Step: 1320 | Updates: 91882 | Time/step: 1.1795 | Tok/sec=  3472.77 | Loss: 2.8718 / log-ppl: 17.6684 | Grad-Norm 1.6252 | ClipCoef 0.6153 | Peak-Mem 115.34GiB
GPU: cuda:0 | Step: 1324 | Updates: 91883 | Time/step: 1.2590 | Tok/sec=  3253.45 | Loss: 2.8846 / log-ppl: 17.8971 | Grad-Norm 7.7090 | ClipCoef 0.1297 | Peak-Mem 115.34GiB
GPU: cuda:0 | Step: 1328 | Updates: 91884 | Time/step: 1.0071 | Tok/sec=  4067.02 | Loss: 2.7090 / log-ppl: 15.0139 | Grad-Norm 1.6860 | ClipCoef 0.5931 | Peak-Mem 115.34GiB
GPU: cuda:0 | Step: 1332 | Updates: 91885 | Time/step: 0.9350 | Tok/sec=  4380.72 | Loss: 3.0785 / log-ppl: 21.7266 | Grad-Norm 2.0015 | ClipCoef 0.4996 | Peak-Mem 115.34GiB
GPU: cuda:0 | Step: 1336 | Updates: 91886 | Time/step: 0.9820 | Tok/sec=  4171.07 | Loss: 3.1312 / log-ppl: 22.9016 | Grad-Norm 4.2066 | ClipCoef 0.2377 | Peak-Mem 115.34GiB
GPU: cuda:0 | Step: 1340 | Updates: 91887 | Time/step: 1.1990 | Tok/sec=  3416.25 | Loss: 3.2654 / log-ppl: 26.1909 | Grad-Norm 2.1056 | ClipCoef 0.4749 | Peak-Mem 115.34GiB
GPU: cuda:0 | Step: 1344 | Updates: 91888 | Time/step: 0.8896 | Tok/sec=  4604.25 | Loss: 2.9887 / log-ppl: 19.8606 | Grad-Norm 5.8083 | ClipCoef 0.1722 | Peak-Mem 115.34GiB
GPU: cuda:0 | Step: 1348 | Updates: 91889 | Time/step: 0.8500 | Tok/sec=  4818.90 | Loss: 3.1341 / log-ppl: 22.9689 | Grad-Norm 1.6848 | ClipCoef 0.5935 | Peak-Mem 115.34GiB
GPU: cuda:0 | Step: 1352 | Updates: 91890 | Time/step: 1.0511 | Tok/sec=  3896.73 | Loss: 2.7209 / log-ppl: 15.1941 | Grad-Norm 1.7144 | ClipCoef 0.5833 | Peak-Mem 115.34GiB
GPU: cuda:0 | Step: 1356 | Updates: 91891 | Time/step: 1.4339 | Tok/sec=  2856.50 | Loss: 3.0610 / log-ppl: 21.3484 | Grad-Norm 1.6938 | ClipCoef 0.5904 | Peak-Mem 115.34GiB
GPU: cuda:0 | Step: 1360 | Updates: 91892 | Time/step: 0.9804 | Tok/sec=  4177.83 | Loss: 3.4190 / log-ppl: 30.5398 | Grad-Norm 2.1071 | ClipCoef 0.4746 | Peak-Mem 115.34GiB
GPU: cuda:0 | Step: 1364 | Updates: 91893 | Time/step: 1.1986 | Tok/sec=  3417.19 | Loss: 2.8891 / log-ppl: 17.9779 | Grad-Norm 1.8180 | ClipCoef 0.5501 | Peak-Mem 115.34GiB
GPU: cuda:0 | Step: 1368 | Updates: 91894 | Time/step: 1.2683 | Tok/sec=  3229.47 | Loss: 2.9457 / log-ppl: 19.0240 | Grad-Norm 2.2544 | ClipCoef 0.4436 | Peak-Mem 115.34GiB
GPU: cuda:0 | Step: 1372 | Updates: 91895 | Time/step: 1.1003 | Tok/sec=  3722.78 | Loss: 2.6347 / log-ppl: 13.9390 | Grad-Norm 2.5980 | ClipCoef 0.3849 | Peak-Mem 115.34GiB
GPU: cuda:0 | Step: 1376 | Updates: 91896 | Time/step: 1.2775 | Tok/sec=  3206.21 | Loss: 3.5837 / log-ppl: 36.0075 | Grad-Norm 2.2690 | ClipCoef 0.4407 | Peak-Mem 115.34GiB
GPU: cuda:0 | Step: 1380 | Updates: 91897 | Time/step: 1.2499 | Tok/sec=  3277.18 | Loss: 3.2417 / log-ppl: 25.5773 | Grad-Norm 1.6657 | ClipCoef 0.6003 | Peak-Mem 115.34GiB
GPU: cuda:0 | Step: 1384 | Updates: 91898 | Time/step: 1.2132 | Tok/sec=  3376.25 | Loss: 2.7095 / log-ppl: 15.0218 | Grad-Norm 1.6757 | ClipCoef 0.5968 | Peak-Mem 115.34GiB
GPU: cuda:0 | Step: 1388 | Updates: 91899 | Time/step: 1.1896 | Tok/sec=  3443.23 | Loss: 2.8948 / log-ppl: 18.0801 | Grad-Norm 3.3400 | ClipCoef 0.2994 | Peak-Mem 115.34GiB
GPU: cuda:0 | Step: 1392 | Updates: 91900 | Time/step: 1.2996 | Tok/sec=  3151.83 | Loss: 3.2308 / log-ppl: 25.3005 | Grad-Norm 1.5620 | ClipCoef 0.6402 | Peak-Mem 115.34GiB
GPU: cuda:0 | Step: 1396 | Updates: 91901 | Time/step: 1.1563 | Tok/sec=  3542.25 | Loss: 3.2463 / log-ppl: 25.6958 | Grad-Norm 1.7488 | ClipCoef 0.5718 | Peak-Mem 115.34GiB
GPU: cuda:0 | Step: 1400 | Updates: 91902 | Time/step: 1.1292 | Tok/sec=  3627.26 | Loss: 3.4952 / log-ppl: 32.9557 | Grad-Norm 2.5059 | ClipCoef 0.3991 | Peak-Mem 115.34GiB
GPU: cuda:0 | Step: 1404 | Updates: 91903 | Time/step: 1.2741 | Tok/sec=  3214.74 | Loss: 3.0666 / log-ppl: 21.4693 | Grad-Norm 1.7832 | ClipCoef 0.5608 | Peak-Mem 115.34GiB
GPU: cuda:0 | Step: 1408 | Updates: 91904 | Time/step: 1.1212 | Tok/sec=  3653.36 | Loss: 3.5301 / log-ppl: 34.1287 | Grad-Norm 2.0798 | ClipCoef 0.4808 | Peak-Mem 115.34GiB
GPU: cuda:0 | Step: 1412 | Updates: 91905 | Time/step: 0.8963 | Tok/sec=  4570.08 | Loss: 2.3406 / log-ppl: 10.3874 | Grad-Norm 1.7940 | ClipCoef 0.5574 | Peak-Mem 115.34GiB
GPU: cuda:0 | Step: 1416 | Updates: 91906 | Time/step: 0.9528 | Tok/sec=  4298.93 | Loss: 2.7828 / log-ppl: 16.1635 | Grad-Norm 1.5108 | ClipCoef 0.6619 | Peak-Mem 115.34GiB
GPU: cuda:0 | Step: 1420 | Updates: 91907 | Time/step: 1.1241 | Tok/sec=  3643.69 | Loss: 3.1665 / log-ppl: 23.7249 | Grad-Norm 1.6848 | ClipCoef 0.5935 | Peak-Mem 115.34GiB
GPU: cuda:0 | Step: 1424 | Updates: 91908 | Time/step: 1.0780 | Tok/sec=  3799.67 | Loss: 2.6106 / log-ppl: 13.6073 | Grad-Norm 1.6030 | ClipCoef 0.6238 | Peak-Mem 115.34GiB
GPU: cuda:0 | Step: 1428 | Updates: 91909 | Time/step: 0.9018 | Tok/sec=  4541.88 | Loss: 2.8629 / log-ppl: 17.5116 | Grad-Norm 1.6062 | ClipCoef 0.6226 | Peak-Mem 110.28GiB
GPU: cuda:0 | Step: 1432 | Updates: 91910 | Time/step: 1.1485 | Tok/sec=  3566.31 | Loss: 2.8208 / log-ppl: 16.7897 | Grad-Norm 1.6908 | ClipCoef 0.5914 | Peak-Mem 115.34GiB
GPU: cuda:0 | Step: 1436 | Updates: 91911 | Time/step: 1.0440 | Tok/sec=  3923.38 | Loss: 2.7123 / log-ppl: 15.0640 | Grad-Norm 2.4543 | ClipCoef 0.4074 | Peak-Mem 115.34GiB
GPU: cuda:0 | Step: 1440 | Updates: 91912 | Time/step: 1.1128 | Tok/sec=  3680.83 | Loss: 2.5386 / log-ppl: 12.6622 | Grad-Norm 2.0426 | ClipCoef 0.4896 | Peak-Mem 115.34GiB
GPU: cuda:0 | Step: 1444 | Updates: 91913 | Time/step: 1.0740 | Tok/sec=  3813.82 | Loss: 3.0093 / log-ppl: 20.2727 | Grad-Norm 1.7929 | ClipCoef 0.5577 | Peak-Mem 115.34GiB
GPU: cuda:0 | Step: 1448 | Updates: 91914 | Time/step: 0.9219 | Tok/sec=  4442.86 | Loss: 3.2554 / log-ppl: 25.9289 | Grad-Norm 1.8933 | ClipCoef 0.5282 | Peak-Mem 115.34GiB
GPU: cuda:0 | Step: 1452 | Updates: 91915 | Time/step: 1.0705 | Tok/sec=  3826.35 | Loss: 3.1851 / log-ppl: 24.1700 | Grad-Norm 1.7018 | ClipCoef 0.5876 | Peak-Mem 115.34GiB
GPU: cuda:0 | Step: 1456 | Updates: 91916 | Time/step: 1.1455 | Tok/sec=  3575.70 | Loss: 2.6168 / log-ppl: 13.6923 | Grad-Norm 2.0904 | ClipCoef 0.4784 | Peak-Mem 115.34GiB
GPU: cuda:0 | Step: 1460 | Updates: 91917 | Time/step: 1.0377 | Tok/sec=  3947.10 | Loss: 2.9226 / log-ppl: 18.5888 | Grad-Norm 4.6640 | ClipCoef 0.2144 | Peak-Mem 115.34GiB
GPU: cuda:0 | Step: 1464 | Updates: 91918 | Time/step: 1.1792 | Tok/sec=  3473.42 | Loss: 2.2007 / log-ppl: 9.0312 | Grad-Norm 2.3009 | ClipCoef 0.4346 | Peak-Mem 115.34GiB
GPU: cuda:0 | Step: 1468 | Updates: 91919 | Time/step: 0.9691 | Tok/sec=  4226.47 | Loss: 2.2196 / log-ppl: 9.2038 | Grad-Norm 1.6029 | ClipCoef 0.6239 | Peak-Mem 115.34GiB
GPU: cuda:0 | Step: 1472 | Updates: 91920 | Time/step: 1.0497 | Tok/sec=  3902.17 | Loss: 2.8404 / log-ppl: 17.1220 | Grad-Norm 1.9609 | ClipCoef 0.5100 | Peak-Mem 115.34GiB
GPU: cuda:0 | Step: 1476 | Updates: 91921 | Time/step: 1.1018 | Tok/sec=  3717.70 | Loss: 3.1053 / log-ppl: 22.3164 | Grad-Norm 1.9955 | ClipCoef 0.5011 | Peak-Mem 115.34GiB
GPU: cuda:0 | Step: 1480 | Updates: 91922 | Time/step: 1.1197 | Tok/sec=  3658.28 | Loss: 3.3050 / log-ppl: 27.2495 | Grad-Norm 1.8075 | ClipCoef 0.5533 | Peak-Mem 115.34GiB
GPU: cuda:0 | Step: 1484 | Updates: 91923 | Time/step: 1.3824 | Tok/sec=  2963.04 | Loss: 3.0418 / log-ppl: 20.9420 | Grad-Norm 1.6817 | ClipCoef 0.5946 | Peak-Mem 115.34GiB
GPU: cuda:0 | Step: 1488 | Updates: 91924 | Time/step: 0.8053 | Tok/sec=  5086.40 | Loss: 2.9073 / log-ppl: 18.3064 | Grad-Norm 1.9378 | ClipCoef 0.5161 | Peak-Mem 95.31GiB
GPU: cuda:0 | Step: 1492 | Updates: 91925 | Time/step: 1.0391 | Tok/sec=  3941.71 | Loss: 3.2137 / log-ppl: 24.8699 | Grad-Norm 3.6839 | ClipCoef 0.2715 | Peak-Mem 115.34GiB
GPU: cuda:0 | Step: 1496 | Updates: 91926 | Time/step: 1.3248 | Tok/sec=  3091.74 | Loss: 3.4039 / log-ppl: 30.0811 | Grad-Norm 4.0896 | ClipCoef 0.2445 | Peak-Mem 115.34GiB
GPU: cuda:0 | Step: 1500 | Updates: 91927 | Time/step: 1.1018 | Tok/sec=  3717.62 | Loss: 2.9302 / log-ppl: 18.7313 | Grad-Norm 1.9777 | ClipCoef 0.5057 | Peak-Mem 115.34GiB
GPU: cuda:0 | Step: 1504 | Updates: 91928 | Time/step: 1.2505 | Tok/sec=  3275.52 | Loss: 3.3595 / log-ppl: 28.7751 | Grad-Norm 6.0722 | ClipCoef 0.1647 | Peak-Mem 115.34GiB
GPU: cuda:0 | Step: 1508 | Updates: 91929 | Time/step: 1.0333 | Tok/sec=  3964.19 | Loss: 3.4439 / log-ppl: 31.3090 | Grad-Norm 1.6937 | ClipCoef 0.5904 | Peak-Mem 115.34GiB
GPU: cuda:0 | Step: 1512 | Updates: 91930 | Time/step: 0.9930 | Tok/sec=  4124.77 | Loss: 3.0671 / log-ppl: 21.4788 | Grad-Norm 1.5893 | ClipCoef 0.6292 | Peak-Mem 115.34GiB
GPU: cuda:0 | Step: 1516 | Updates: 91931 | Time/step: 0.9043 | Tok/sec=  4529.22 | Loss: 2.9680 / log-ppl: 19.4539 | Grad-Norm 1.8631 | ClipCoef 0.5368 | Peak-Mem 105.33GiB
GPU: cuda:0 | Step: 1520 | Updates: 91932 | Time/step: 1.1270 | Tok/sec=  3634.36 | Loss: 2.8818 / log-ppl: 17.8464 | Grad-Norm 1.7317 | ClipCoef 0.5775 | Peak-Mem 115.34GiB
GPU: cuda:0 | Step: 1524 | Updates: 91933 | Time/step: 0.9475 | Tok/sec=  4322.90 | Loss: 2.5755 / log-ppl: 13.1384 | Grad-Norm 2.8437 | ClipCoef 0.3517 | Peak-Mem 115.34GiB
GPU: cuda:0 | Step: 1528 | Updates: 91934 | Time/step: 1.2442 | Tok/sec=  3292.12 | Loss: 3.2439 / log-ppl: 25.6336 | Grad-Norm 2.9446 | ClipCoef 0.3396 | Peak-Mem 115.36GiB
GPU: cuda:0 | Step: 1532 | Updates: 91935 | Time/step: 0.9940 | Tok/sec=  4120.83 | Loss: 2.9306 / log-ppl: 18.7380 | Grad-Norm 1.7727 | ClipCoef 0.5641 | Peak-Mem 115.34GiB
GPU: cuda:0 | Step: 1536 | Updates: 91936 | Time/step: 0.9347 | Tok/sec=  4382.01 | Loss: 2.9282 / log-ppl: 18.6932 | Grad-Norm 2.7910 | ClipCoef 0.3583 | Peak-Mem 115.34GiB
GPU: cuda:0 | Step: 1540 | Updates: 91937 | Time/step: 1.1969 | Tok/sec=  3422.10 | Loss: 3.4310 / log-ppl: 30.9065 | Grad-Norm 1.7097 | ClipCoef 0.5849 | Peak-Mem 115.34GiB
GPU: cuda:0 | Step: 1544 | Updates: 91938 | Time/step: 1.0877 | Tok/sec=  3765.84 | Loss: 2.9772 / log-ppl: 19.6323 | Grad-Norm 1.5560 | ClipCoef 0.6427 | Peak-Mem 115.34GiB
GPU: cuda:0 | Step: 1548 | Updates: 91939 | Time/step: 1.0000 | Tok/sec=  4095.92 | Loss: 3.0170 / log-ppl: 20.4309 | Grad-Norm 2.1575 | ClipCoef 0.4635 | Peak-Mem 115.34GiB
GPU: cuda:0 | Step: 1552 | Updates: 91940 | Time/step: 1.1456 | Tok/sec=  3575.41 | Loss: 3.3052 / log-ppl: 27.2552 | Grad-Norm 1.8144 | ClipCoef 0.5511 | Peak-Mem 115.34GiB
GPU: cuda:0 | Step: 1556 | Updates: 91941 | Time/step: 0.9553 | Tok/sec=  4287.76 | Loss: 3.3561 / log-ppl: 28.6768 | Grad-Norm 1.5726 | ClipCoef 0.6359 | Peak-Mem 115.34GiB
GPU: cuda:0 | Step: 1560 | Updates: 91942 | Time/step: 1.1572 | Tok/sec=  3539.69 | Loss: 2.4773 / log-ppl: 11.9093 | Grad-Norm 2.5218 | ClipCoef 0.3965 | Peak-Mem 115.34GiB
GPU: cuda:0 | Step: 1564 | Updates: 91943 | Time/step: 1.1047 | Tok/sec=  3707.70 | Loss: 4.5283 / log-ppl: 92.5966 | Grad-Norm 1.8681 | ClipCoef 0.5353 | Peak-Mem 115.34GiB
GPU: cuda:0 | Step: 1568 | Updates: 91944 | Time/step: 0.9917 | Tok/sec=  4130.44 | Loss: 2.8475 / log-ppl: 17.2438 | Grad-Norm 1.7326 | ClipCoef 0.5772 | Peak-Mem 115.34GiB
GPU: cuda:0 | Step: 1572 | Updates: 91945 | Time/step: 1.0380 | Tok/sec=  3946.06 | Loss: 2.8853 / log-ppl: 17.9082 | Grad-Norm 1.6452 | ClipCoef 0.6078 | Peak-Mem 115.34GiB
GPU: cuda:0 | Step: 1576 | Updates: 91946 | Time/step: 1.2677 | Tok/sec=  3231.01 | Loss: 3.1413 / log-ppl: 23.1336 | Grad-Norm 3.5758 | ClipCoef 0.2797 | Peak-Mem 115.34GiB
GPU: cuda:0 | Step: 1580 | Updates: 91947 | Time/step: 1.0159 | Tok/sec=  4031.78 | Loss: 3.4594 / log-ppl: 31.7972 | Grad-Norm 3.5732 | ClipCoef 0.2799 | Peak-Mem 115.34GiB
GPU: cuda:0 | Step: 1584 | Updates: 91948 | Time/step: 0.7570 | Tok/sec=  5411.15 | Loss: 3.2884 / log-ppl: 26.8005 | Grad-Norm 2.1385 | ClipCoef 0.4676 | Peak-Mem 115.34GiB
GPU: cuda:0 | Step: 1588 | Updates: 91949 | Time/step: 1.0600 | Tok/sec=  3864.31 | Loss: 3.4604 / log-ppl: 31.8309 | Grad-Norm 5.1091 | ClipCoef 0.1957 | Peak-Mem 115.34GiB
GPU: cuda:0 | Step: 1592 | Updates: 91950 | Time/step: 1.0896 | Tok/sec=  3759.31 | Loss: 2.7959 / log-ppl: 16.3775 | Grad-Norm 6.3263 | ClipCoef 0.1581 | Peak-Mem 115.34GiB
GPU: cuda:0 | Step: 1596 | Updates: 91951 | Time/step: 1.0794 | Tok/sec=  3794.64 | Loss: 2.9387 / log-ppl: 18.8919 | Grad-Norm 2.2991 | ClipCoef 0.4349 | Peak-Mem 115.34GiB
GPU: cuda:0 | Step: 1600 | Updates: 91952 | Time/step: 1.1761 | Tok/sec=  3482.70 | Loss: 2.4650 / log-ppl: 11.7640 | Grad-Norm 2.1856 | ClipCoef 0.4575 | Peak-Mem 115.34GiB
[stop_at_step] reached 91952 — ending this phase (schedule horizon max_steps=305176 unchanged)
[rank 0] Saved checkpoint @ step 91,952
--------------------------------------------------------------------
Training time: 0:29:18.103797 
Max. Mem allocated: 11.730 GB. Max. Mem reserved: 116.771 GB.
--------------------------------------------------------------------
--------------------------------------------------------------------
Run None finished without error.
---------Total time: 0:29:27.334614 ---------
-----------------Shutdown complete.--------------------------

######## architecture probe: did it actually train? ########

=== Z probe | cortex-retrofit/probe-p1-a2-accum-w16-cc8-z/checkpoint_91952 ===
    optimizer_step 91,952  |  buffer: accum, E only
    parent step 91,552 -> +400 steps
  [PASS] the probe advanced past its parent  400 steps

-- is every block attached to the loss? --
  [SKIP] no Z parameters in this checkpoint.  Either the arm is E-only
         (a1/a3, in which case this tool is the wrong one) or --cortex.latent_carry
         never reached the graft -- check the run's [cortex] banner line.
  [PASS] summary_emb moved  rel change 4.490e-02
  [PASS] every parameter is finite
  [FAIL] latent_carry in the config matches the parameters found  config True, parameters False
  [PASS] summary_emb width matches accum_vecs  16 vs 16

========================================================================
PROBE FAILED — part of the architecture sat inert while the run
trained.  Do not launch the full cell on this configuration.

THIS IS NOT A RESULT ABOUT Z.  A few hundred steps cannot say whether
the channel helps; that is what the full cell, evals/eval_carry_2x2.py
and evals/eval_influence_horizon.py are for.  Do not quote this run.
========================================================================
[cortex] OVERRIDE config.use_memory: '<absent>' -> True  (NOT what this checkpoint trained with unless they match)
[cortex] OVERRIDE config.memory_slots: '<absent>' -> 0  (NOT what this checkpoint trained with unless they match)
[cortex] OVERRIDE config.prefix_memory: '<absent>' -> 'accum'  (NOT what this checkpoint trained with unless they match)
[cortex] OVERRIDE config.accum_vecs: '<absent>' -> 16  (NOT what this checkpoint trained with unless they match)
[cortex] OVERRIDE config.accum_max: '<absent>' -> 128  (NOT what this checkpoint trained with unless they match)
[cortex] OVERRIDE config.latent_carry: '<absent>' -> True  (NOT what this checkpoint trained with unless they match)
[cortex] OVERRIDE config.latent_depth_rule: '<absent>' -> 'absolute'  (NOT what this checkpoint trained with unless they match)
[cortex] OVERRIDE config.latent_depth_lo: '<absent>' -> 2  (NOT what this checkpoint trained with unless they match)
[cortex] OVERRIDE config.latent_depth_hi: '<absent>' -> 9  (NOT what this checkpoint trained with unless they match)
[cortex] OVERRIDE config.latent_renorm: '<absent>' -> 'none'  (NOT what this checkpoint trained with unless they match)
Random Initialization not implemented.
Random Initialization not implemented.
Random Initialization not implemented.
Loading checkpoint shards:   0%|          | 0/2 [00:00<?, ?it/s]Loading checkpoint shards:  50%|█████     | 1/2 [00:01<00:01,  1.03s/it]Loading checkpoint shards: 100%|██████████| 2/2 [00:01<00:00,  1.88it/s]
Some weights of RavenForCausalLM were not initialized from the model checkpoint at ckpts/olmo-retrofit-cortex and are newly initialized: ['cortex.prefix.summary_emb', 'cortex.prefix.summary_seeded']
You should probably TRAIN this model on a down-stream task to be able to use it for predictions and inference.
[cortex] reset 0 cortex submodules to nn defaults + re-applied designed inits ['prefix.[summary_emb~N(reseeded from wte on first forward)]'] (undo post_init clobber)
[load] overlaid cortex-retrofit/probe-p1-a2-accum-w16-cc8-z/checkpoint_91952/chkpt.pt: 0 missing / 0 unexpected keys
[cortex] carry buffer: n_vec=16 max_vecs=128 (config.json) -> holds the newest 8 chunks; older writes are dropped by the FIFO

====================================================================================================
DUAL-CHANNEL WALK  PrefixAccumBuffer  W=16 K=None route=accum  Z=on  8 chunks x 256 tokens
====================================================================================================
ch      rows  width   touched  as ring?   |E|/s0   |Z|/s0  tape  wgrad  read  z-read err     loss
 0     0->16     2D        16         -   289.68     9.17     8   1.00   yes           -  11.8771
 1    16->32     2D        16         -   289.46    13.06     8   1.00   yes    0.00e+00  11.3032
 2    32->48     2D        16         -   289.52    11.14     8   1.00   yes    0.00e+00  11.3401
 3    48->64     2D        16         -   288.90    11.20     8   1.00   yes    0.00e+00  11.6700
 4    64->80     2D        16         -   288.81    10.22     8   1.00   yes    0.00e+00  11.6275
 5    80->96     2D        16         -   289.21    11.28     8   1.00   yes    0.00e+00  11.6869
 6   96->112     2D        16         -   289.23    10.38     8   1.00   yes    0.00e+00  11.9476
 7  112->128     2D        16         -   289.14    10.28     8   1.00   yes    0.00e+00  11.6871

-- final carry ------------------------------------------------------
   rows 128  channels 2
   E: row_norm 112.416  centred_cos -0.0070  eff_rank_pr 29.28  entropy 100.99
   Z: row_norm 4.213  centred_cos 0.0247  eff_rank_pr 21.49  entropy 95.81
   Z/E norm ratio 0.0375  unwritten Z rows 0

-- gradient norms (one backward over the summed chain loss) ---------
   prefix.summary_emb                   1.000077e+00

   Z read grad frac over this walk: 1.00 (measured=True)  write grad frac 1.00
   read_grad_frac is a property of the SAMPLER, not of the walk: one
   no-grad step cuts Z's read gradient to exactly zero, and E's is
   unaffected because E re-enters through input_embeds every step.

This table is evidence about the MACHINERY, not about whether Z helps.
That needs the full cell, the 2x2 and the influence horizon.

wrote eval_results/probe-probe-p1-a2-accum-w16-cc8-z/walk.json
[cortex] OVERRIDE config.use_memory: '<absent>' -> True  (NOT what this checkpoint trained with unless they match)
[cortex] OVERRIDE config.memory_slots: '<absent>' -> 0  (NOT what this checkpoint trained with unless they match)
[cortex] OVERRIDE config.prefix_memory: '<absent>' -> 'accum'  (NOT what this checkpoint trained with unless they match)
[cortex] OVERRIDE config.accum_vecs: '<absent>' -> 16  (NOT what this checkpoint trained with unless they match)
[cortex] OVERRIDE config.accum_max: '<absent>' -> 128  (NOT what this checkpoint trained with unless they match)
[cortex] OVERRIDE config.latent_carry: '<absent>' -> True  (NOT what this checkpoint trained with unless they match)
[cortex] OVERRIDE config.latent_depth_rule: '<absent>' -> 'absolute'  (NOT what this checkpoint trained with unless they match)
[cortex] OVERRIDE config.latent_depth_lo: '<absent>' -> 2  (NOT what this checkpoint trained with unless they match)
[cortex] OVERRIDE config.latent_depth_hi: '<absent>' -> 9  (NOT what this checkpoint trained with unless they match)
[cortex] OVERRIDE config.latent_renorm: '<absent>' -> 'none'  (NOT what this checkpoint trained with unless they match)
Random Initialization not implemented.
Random Initialization not implemented.
Random Initialization not implemented.
Loading checkpoint shards:   0%|          | 0/2 [00:00<?, ?it/s]Loading checkpoint shards: 100%|██████████| 2/2 [00:00<00:00, 91.84it/s]
Some weights of RavenForCausalLM were not initialized from the model checkpoint at ckpts/olmo-retrofit-cortex and are newly initialized: ['cortex.prefix.summary_emb', 'cortex.prefix.summary_seeded']
You should probably TRAIN this model on a down-stream task to be able to use it for predictions and inference.
[cortex] reset 0 cortex submodules to nn defaults + re-applied designed inits ['prefix.[summary_emb~N(reseeded from wte on first forward)]'] (undo post_init clobber)
[load] overlaid cortex-retrofit/probe-p1-a2-accum-w16-cc8-z/checkpoint_91952/chkpt.pt: 0 missing / 0 unexpected keys
[cortex] carry buffer: n_vec=16 max_vecs=128 (config.json) -> holds the newest 8 chunks; older writes are dropped by the FIFO
[gate 3] WARNING: --trained_depth not given, so the sweep is anchored on config.mean_recurrence, which is INHERITED from the base recipe and is not what the arm trains at.  The sweep rows below are still correct per mr; read the one for YOUR arm, not the 'at_run_config' row.

==============================================================================
CORTEX-FINAL PRE-LAUNCH GATES
==============================================================================
[PASS] z_off_equivalence
       max |loss(Z suppressed) - loss(E only)| = 0.000e+00  (bar 1e-05)
       max |E carry difference|             = 0.000e+00
[PASS] checkpoint_roundtrip
       strict load: clean
       raw saved config is NOT loadable as-is (expected): run tools/prepare_eval_checkpoint.py on every dir the evals read.
       geometry survived: True  both channels: True  carry width [4096, 4096]
       max |loss before - after| = 0.000e+00
[PASS] read_live_fraction
       at mr=32 depth=8: read_live_frac = 0.019 (4000 samples)
         mr=  8  live 0.546  no_grad mean 2.39  total steps 8.88
         mr= 16  live 0.148  no_grad mean 9.21  total steps 16.97
         mr= 32  live 0.019  no_grad mean 25.63  total steps 33.59
       MEASURED, not derived.  Write it into the Z pre-registration.
[PASS] donor_control
       real=11.6879  none=11.4721  donor_both=11.5626  donor_e=11.5625  donor_z=11.6878
       content delta (donor-real, both) = -0.1253
       content delta E = -0.1254   content delta Z = -0.0001
       column  delta (none -real)       = -0.2158   <- confounded, for contrast only

These gates say the MACHINERY is live and the checkpoint survives a
round trip.  None of them says whether Z helps or whether the gate beats
accum -- that needs the full cells, the 2x2 and the influence horizon.

wrote eval_results/probe-probe-p1-a2-accum-w16-cc8-z/prelaunch.json

When every arm's probe has run, compare them against A1 -- the arm
carrying B2's buffer, and the only valid stand-in for 'vs B2' at
matched parent, corpus, step window and seed:
  bash pace/submit_p1_probes.sh --compare
---------------------------------------
Begin Slurm Epilog: Sep-16-2026 23:10:40
Job ID:        13272606
User ID:       hjiang420
Account:       gts-aivanova7-lab
Job name:      p1_arms.sbatch
Resources:     cpu=8,gres/gpu:h200=1,mem=64G,node=1
Rsrc Used:     cput=04:25:36,vmem=0,walltime=00:33:12,mem=33745368K,energy_used=0
Partition:     gpu-h200
QOS:           inferno
Nodes:         atl1-1-03-018-14-0
---------------------------------------
