---------------------------------------
Begin Slurm Prolog: Sep-10-2026 21:49:48
Job ID:    13059843
User ID:   hjiang420
Account:   gts-aivanova7-lab
Job name:  eval_longcontext.sbatch
Partition: gpu-a100
QOS:       inferno
---------------------------------------
[ok]  cortex-retrofit/retro-b2-acc32-cc8-mr8/final_checkpoint
      already prepared
      flags: {'use_memory': True, 'memory_slots': 0, 'memory_slots_iter': 0, 'memory_heads': 4, 'prefix_memory': 'accum', 'accum_vecs': 32, 'accum_max': 256, 'h_T_proj': True, 'lora_rank': 0, 'lora_alpha': 32.0, 'mean_recurrence': 32, 'mean_backprop_depth': 8}
=== long-context eval: retro-b2-acc32-cc8-mr8-T8-nc8-sl512  (cortex-retrofit/retro-b2-acc32-cc8-mr8/final_checkpoint) -> eval_results/longcontext_b2-power/retro-b2-acc32-cc8-mr8-T8-nc8-sl512 ===
Loading checkpoint: None
Loading checkpoint shards:   0%|          | 0/2 [00:00<?, ?it/s]Loading checkpoint shards:  50%|█████     | 1/2 [02:13<02:13, 133.78s/it]Loading checkpoint shards: 100%|██████████| 2/2 [02:22<00:00, 60.25s/it] Loading checkpoint shards: 100%|██████████| 2/2 [02:22<00:00, 71.28s/it]
[cortex] carry buffer: n_vec=32 max_vecs=256 (config.json) -> holds the newest 8 chunks; older writes are dropped by the FIFO
T=8  tasks=['qa1', 'qa2', 'qa3']  num_chunks=8  passes_per_chunk=1  ccot_passes=0  no_carry=False

--- qa1 ---
  [qa1/1k] 6 candidates (chance 16.7%): bathroom, bedroom, garden, hallway, kitchen, office
  [qa1/1k] 50 examples processed...
  [qa1/1k] 100 examples processed...
  [qa1/1k] 150 examples processed...
  [qa1/1k] 200 examples processed...
  [qa1/1k] 250 examples processed...
  [qa1/2k] 6 candidates (chance 16.7%): bathroom, bedroom, garden, hallway, kitchen, office
  [qa1/2k] 50 examples processed...
  [qa1/2k] 100 examples processed...
  [qa1/2k] 150 examples processed...
  [qa1/2k] 200 examples processed...
  [qa1/2k] 250 examples processed...
  [qa1/4k] 6 candidates (chance 16.7%): bathroom, bedroom, garden, hallway, kitchen, office
  [qa1/4k] 50 examples processed...
  [qa1/4k] 100 examples processed...
  [qa1/4k] 150 examples processed...
  [qa1/4k] 200 examples processed...
  [qa1/4k] 250 examples processed...
  [qa1/8k] 6 candidates (chance 16.7%): bathroom, bedroom, garden, hallway, kitchen, office
  [qa1/8k] 50 examples processed...
  [qa1/8k] 100 examples processed...
  [qa1/8k] 150 examples processed...
  [qa1/8k] 200 examples processed...
  [qa1/8k] 250 examples processed...
  [qa1/16k] 6 candidates (chance 16.7%): bathroom, bedroom, garden, hallway, kitchen, office
  [qa1/16k] 50 examples processed...
  [qa1/16k] 100 examples processed...
  [qa1/16k] 150 examples processed...
  [qa1/16k] 200 examples processed...
  [qa1/16k] 250 examples processed...
  [qa1/32k] 6 candidates (chance 16.7%): bathroom, bedroom, garden, hallway, kitchen, office
  [qa1/32k] 50 examples processed...
  [qa1/32k] 100 examples processed...
  [qa1/32k] 150 examples processed...
  [qa1/32k] 200 examples processed...
  [qa1/32k] 250 examples processed...
  Bucket        Correct    Total      Acc
  ----------------------------------------
  1k                 46      250    0.184
  2k                 44      250    0.176
  4k                 47      250    0.188
  8k                 45      250    0.180
  16k                38      250    0.152
  32k                38      250    0.152

--- qa2 ---
  [qa2/1k] 6 candidates (chance 16.7%): bathroom, bedroom, garden, hallway, kitchen, office
  [qa2/1k] 50 examples processed...
  [qa2/1k] 100 examples processed...
  [qa2/1k] 150 examples processed...
  [qa2/1k] 200 examples processed...
  [qa2/1k] 250 examples processed...
  [qa2/2k] 6 candidates (chance 16.7%): bathroom, bedroom, garden, hallway, kitchen, office
  [qa2/2k] 50 examples processed...
  [qa2/2k] 100 examples processed...
  [qa2/2k] 150 examples processed...
  [qa2/2k] 200 examples processed...
  [qa2/2k] 250 examples processed...
  [qa2/4k] 6 candidates (chance 16.7%): bathroom, bedroom, garden, hallway, kitchen, office
  [qa2/4k] 50 examples processed...
  [qa2/4k] 100 examples processed...
  [qa2/4k] 150 examples processed...
  [qa2/4k] 200 examples processed...
  [qa2/4k] 250 examples processed...
  [qa2/8k] 6 candidates (chance 16.7%): bathroom, bedroom, garden, hallway, kitchen, office
  [qa2/8k] 50 examples processed...
  [qa2/8k] 100 examples processed...
  [qa2/8k] 150 examples processed...
  [qa2/8k] 200 examples processed...
  [qa2/8k] 250 examples processed...
  [qa2/16k] 6 candidates (chance 16.7%): bathroom, bedroom, garden, hallway, kitchen, office
  [qa2/16k] 50 examples processed...
  [qa2/16k] 100 examples processed...
  [qa2/16k] 150 examples processed...
  [qa2/16k] 200 examples processed...
  [qa2/16k] 250 examples processed...
  [qa2/32k] 6 candidates (chance 16.7%): bathroom, bedroom, garden, hallway, kitchen, office
  [qa2/32k] 50 examples processed...
  [qa2/32k] 100 examples processed...
  [qa2/32k] 150 examples processed...
  [qa2/32k] 200 examples processed...
  [qa2/32k] 250 examples processed...
  Bucket        Correct    Total      Acc
  ----------------------------------------
  1k                 53      250    0.212
  2k                 56      250    0.224
  4k                 50      250    0.200
  8k                 52      250    0.208
  16k                48      250    0.192
  32k                52      250    0.208

--- qa3 ---
  [qa3/1k] 6 candidates (chance 16.7%): bathroom, bedroom, garden, hallway, kitchen, office
  [qa3/1k] 50 examples processed...
  [qa3/1k] 100 examples processed...
  [qa3/1k] 150 examples processed...
  [qa3/1k] 200 examples processed...
  [qa3/1k] 250 examples processed...
  [qa3/2k] 6 candidates (chance 16.7%): bathroom, bedroom, garden, hallway, kitchen, office
  [qa3/2k] 50 examples processed...
  [qa3/2k] 100 examples processed...
  [qa3/2k] 150 examples processed...
  [qa3/2k] 200 examples processed...
  [qa3/2k] 250 examples processed...
  [qa3/4k] 6 candidates (chance 16.7%): bathroom, bedroom, garden, hallway, kitchen, office
  [qa3/4k] 50 examples processed...
  [qa3/4k] 100 examples processed...
  [qa3/4k] 150 examples processed...
  [qa3/4k] 200 examples processed...
  [qa3/4k] 250 examples processed...
  [qa3/8k] 6 candidates (chance 16.7%): bathroom, bedroom, garden, hallway, kitchen, office
  [qa3/8k] 50 examples processed...
  [qa3/8k] 100 examples processed...
  [qa3/8k] 150 examples processed...
  [qa3/8k] 200 examples processed...
  [qa3/8k] 250 examples processed...
  [qa3/16k] 6 candidates (chance 16.7%): bathroom, bedroom, garden, hallway, kitchen, office
  [qa3/16k] 50 examples processed...
  [qa3/16k] 100 examples processed...
  [qa3/16k] 150 examples processed...
  [qa3/16k] 200 examples processed...
  [qa3/16k] 250 examples processed...
  [qa3/32k] 6 candidates (chance 16.7%): bathroom, bedroom, garden, hallway, kitchen, office
  [qa3/32k] 50 examples processed...
  [qa3/32k] 100 examples processed...
  [qa3/32k] 150 examples processed...
  [qa3/32k] 200 examples processed...
  [qa3/32k] 250 examples processed...
  Bucket        Correct    Total      Acc
  ----------------------------------------
  1k                 30      250    0.120
  2k                 39      250    0.156
  4k                 28      250    0.112
  8k                 24      250    0.096
  16k                 8      250    0.032
  32k                14      250    0.056

Per-example records → eval_results/longcontext_b2-power/retro-b2-acc32-cc8-mr8-T8-nc8-sl512/babilong/records.jsonl

Results saved → eval_results/longcontext_b2-power/retro-b2-acc32-cc8-mr8-T8-nc8-sl512/babilong
Loading checkpoint: None
Loading checkpoint shards:   0%|          | 0/2 [00:00<?, ?it/s]Loading checkpoint shards:  50%|█████     | 1/2 [02:24<02:24, 144.87s/it]Loading checkpoint shards: 100%|██████████| 2/2 [02:40<00:00, 68.96s/it] Loading checkpoint shards: 100%|██████████| 2/2 [02:40<00:00, 80.35s/it]
[cortex] carry buffer: n_vec=32 max_vecs=256 (config.json) -> holds the newest 8 chunks; older writes are dropped by the FIFO
T=8
  50 examples processed...
  100 examples processed...
  150 examples processed...
  200 examples processed...
  250 examples processed...
  300 examples processed...
  350 examples processed...
  400 examples processed...
  450 examples processed...
  500 examples processed...

Per-example records → eval_results/longcontext_b2-power/retro-b2-acc32-cc8-mr8-T8-nc8-sl512/longmemeval/records.jsonl

  Bucket            Correct    Total      Acc
  --------------------------------------------
  ≤50sess                11      272    0.040
  >50sess                12      228    0.053

Results saved → eval_results/longcontext_b2-power/retro-b2-acc32-cc8-mr8-T8-nc8-sl512/longmemeval
---------------------------------------
Begin Slurm Epilog: Sep-11-2026 02:46:01
Job ID:        13059843
User ID:       hjiang420
Account:       gts-aivanova7-lab
Job name:      eval_longcontext.sbatch
Resources:     cpu=8,gres/gpu:a100=1,mem=64G,node=1
Rsrc Used:     cput=1-15:29:52,vmem=0,walltime=04:56:14,mem=6488048K,energy_used=0
Partition:     gpu-a100
QOS:           inferno
Nodes:         atl1-1-01-002-18-0
---------------------------------------
