---------------------------------------
Begin Slurm Prolog: Jul-14-2026 15:12:40
Job ID:    11159171
User ID:   hjiang420
Account:   gts-aivanova7-lab
Job name:  eval_carry_ablation.sbatch
Partition: gpu-a100
QOS:       inferno
---------------------------------------
[ok]  cortex-retro-ft/rung1-k4-ri1e-3/final_checkpoint
      already prepared
      flags: {'use_memory': True, 'memory_slots': 4, 'memory_slots_iter': 0, 'memory_heads': 4, 'ccot_direct': False, 'h_T_proj': True, 'lora_rank': 0, 'lora_alpha': 32.0, 'mean_recurrence': 8, 'mean_backprop_depth': 8}
=== carry ablation: rung1-k4-ri1e-3 -> eval_results/carry_ablation_20260714/rung1-k4-ri1e-3 ===
Loading: cortex-retro-ft/rung1-k4-ri1e-3/final_checkpoint  (overlay: None)
Loading checkpoint shards:   0%|          | 0/2 [00:00<?, ?it/s]Loading checkpoint shards:  50%|█████     | 1/2 [12:45<12:45, 765.73s/it]Loading checkpoint shards: 100%|██████████| 2/2 [17:05<00:00, 468.15s/it]Loading checkpoint shards: 100%|██████████| 2/2 [17:05<00:00, 512.79s/it]
T=8  n_chunks=4
data/pg19_olmo_val_len4096: 50 rows, evaluating 50
  25/50 samples...
  50/50 samples...

  Chunk       N    carried     zeroed   delta(z-c)        SE  (delta>0 => carry helps)
  ------------------------------------------------------------
  1          50     2.4725     2.4725      0.00000   0.00000
  2          50     2.8159     2.8199      0.00403   0.00071
  3          50     2.8509     2.8554      0.00448   0.00082
  4          50     2.9172     2.9211      0.00385   0.00079

  chunks 2+ aggregate: delta = 0.00412 (SE 0.00044)  [chunk 1 is the identical-by-construction control]

Results saved -> eval_results/carry_ablation_20260714/rung1-k4-ri1e-3
---------------------------------------
Begin Slurm Epilog: Jul-14-2026 15:30:36
Job ID:        11159171
User ID:       hjiang420
Account:       gts-aivanova7-lab
Job name:      eval_carry_ablation.sbatch
Resources:     cpu=8,gres/gpu:a100=1,mem=64G,node=1
Rsrc Used:     cput=02:23:36,vmem=0,walltime=00:17:57,mem=6488188K,energy_used=0
Partition:     gpu-a100
QOS:           inferno
Nodes:         atl1-1-02-018-35-0
---------------------------------------
