---------------------------------------
Begin Slurm Prolog: Sep-03-2026 09:49:48
Job ID:    12756507
User ID:   hjiang420
Account:   gts-aivanova7-lab
Job name:  eval_longcontext.sbatch
Partition: gpu-a100
QOS:       inferno
---------------------------------------
[ok]  cortex-retrofit/retro-b2-acc32-cc8-mr8/final_checkpoint
      already prepared
      flags: {'use_memory': True, 'memory_slots': 0, 'memory_slots_iter': 0, 'memory_heads': 4, 'prefix_memory': 'accum', 'accum_vecs': 32, 'accum_max': 256, 'h_T_proj': True, 'lora_rank': 0, 'lora_alpha': 32.0, 'mean_recurrence': 32, 'mean_backprop_depth': 8}
=== long-context eval: retro-b2-acc32-cc8-mr8-T8-nc8-sl512-nocarry  (cortex-retrofit/retro-b2-acc32-cc8-mr8/final_checkpoint) -> eval_results/longcontext_b2-final/retro-b2-acc32-cc8-mr8-T8-nc8-sl512-nocarry ===
Loading checkpoint: None
Loading checkpoint shards:   0%|          | 0/2 [00:00<?, ?it/s]Loading checkpoint shards:  50%|█████     | 1/2 [01:43<01:43, 103.10s/it]Loading checkpoint shards: 100%|██████████| 2/2 [01:58<00:00, 51.61s/it] Loading checkpoint shards: 100%|██████████| 2/2 [01:58<00:00, 59.33s/it]
T=8  tasks=['qa1', 'qa2', 'qa3']  num_chunks=8  passes_per_chunk=1  ccot_passes=0  no_carry=True

--- qa1 ---
  [qa1/1k] 50 examples processed...
  [qa1/1k] 100 examples processed...
  [qa1/2k] 50 examples processed...
  [qa1/2k] 100 examples processed...
  [qa1/4k] 50 examples processed...
  [qa1/4k] 100 examples processed...
  [qa1/8k] 50 examples processed...
  [qa1/8k] 100 examples processed...
  [qa1/16k] 50 examples processed...
  [qa1/16k] 100 examples processed...
  [qa1/32k] 50 examples processed...
  [qa1/32k] 100 examples processed...
  Bucket        Correct    Total      Acc
  ----------------------------------------
  1k                 18      100    0.180
  2k                 20      100    0.200
  4k                 18      100    0.180
  8k                 17      100    0.170
  16k                23      100    0.230
  32k                19      100    0.190

--- qa2 ---
  [qa2/1k] 50 examples processed...
  [qa2/1k] 100 examples processed...
  [qa2/2k] 50 examples processed...
  [qa2/2k] 100 examples processed...
  [qa2/4k] 50 examples processed...
  [qa2/4k] 100 examples processed...
  [qa2/8k] 50 examples processed...
  [qa2/8k] 100 examples processed...
  [qa2/16k] 50 examples processed...
  [qa2/16k] 100 examples processed...
  [qa2/32k] 50 examples processed...
  [qa2/32k] 100 examples processed...
  Bucket        Correct    Total      Acc
  ----------------------------------------
  1k                 14      100    0.140
  2k                 11      100    0.110
  4k                 13      100    0.130
  8k                 10      100    0.100
  16k                10      100    0.100
  32k                11      100    0.110

--- qa3 ---
  [qa3/1k] 50 examples processed...
  [qa3/1k] 100 examples processed...
  [qa3/2k] 50 examples processed...
  [qa3/2k] 100 examples processed...
  [qa3/4k] 50 examples processed...
  [qa3/4k] 100 examples processed...
  [qa3/8k] 50 examples processed...
  [qa3/8k] 100 examples processed...
  [qa3/16k] 50 examples processed...
  [qa3/16k] 100 examples processed...
  [qa3/32k] 50 examples processed...
  [qa3/32k] 100 examples processed...
  Bucket        Correct    Total      Acc
  ----------------------------------------
  1k                  2      100    0.020
  2k                  9      100    0.090
  4k                  6      100    0.060
  8k                  5      100    0.050
  16k                 6      100    0.060
  32k                 5      100    0.050

Results saved → eval_results/longcontext_b2-final/retro-b2-acc32-cc8-mr8-T8-nc8-sl512-nocarry/babilong
Loading checkpoint: None
Loading checkpoint shards:   0%|          | 0/2 [00:00<?, ?it/s]Loading checkpoint shards:  50%|█████     | 1/2 [02:05<02:05, 125.03s/it]Loading checkpoint shards: 100%|██████████| 2/2 [02:21<00:00, 60.94s/it] Loading checkpoint shards: 100%|██████████| 2/2 [02:21<00:00, 70.55s/it]
T=8
  50 examples processed...
  100 examples processed...
  150 examples processed...
  200 examples processed...
  250 examples processed...
  300 examples processed...
  350 examples processed...
  400 examples processed...

  Bucket            Correct    Total      Acc
  --------------------------------------------
  ≤50sess                23      200    0.115
  >50sess                20      200    0.100

Results saved → eval_results/longcontext_b2-final/retro-b2-acc32-cc8-mr8-T8-nc8-sl512-nocarry/longmemeval
---------------------------------------
Begin Slurm Epilog: Sep-03-2026 10:17:54
Job ID:        12756507
User ID:       hjiang420
Account:       gts-aivanova7-lab
Job name:      eval_longcontext.sbatch
Resources:     cpu=8,gres/gpu:a100=1,mem=64G,node=1
Rsrc Used:     cput=03:44:56,vmem=0,walltime=00:28:07,mem=5234984K,energy_used=0
Partition:     gpu-a100
QOS:           inferno
Nodes:         atl1-1-01-002-18-0
---------------------------------------
