---------------------------------------
Begin Slurm Prolog: Jul-17-2026 21:25:33
Job ID:    11241579
User ID:   hjiang420
Account:   gts-aivanova7-lab
Job name:  b0_retrofit_parity.sbatch
Partition: gpu-a100
QOS:       inferno
---------------------------------------

CondaError: Run 'conda init' before 'conda deactivate'

[W717 21:25:49.687011667 CUDAAllocatorConfig.h:28] Warning: expandable_segments not supported on this platform (function operator())
Fri Jul 17 21:25:47: Time to load libraries: 10.46 seconds.
--------------------------------------------------------------------
------------------ Launching run retro-b0-acc4v-tb2-mr8------------------
--------------------------------------------------------------------
--------------------------------------------------------------------
Platform: linux, Python: 3.11.15, PyTorch: 2.5.1+cu121
CPU threads: 8, GPUs: 1 on atl1-1-01-006-11-0.pace.gatech.edu.
GPU : NVIDIA A100 80GB PCIe. CUDA: 12.1.
[cortex] memory ON: K=0 K_iter=0 ccot_direct=False accum_ccot=True (vecs=4/max=64) gated_accum=False cross_chunks=4 carry_grad_chunks=2 random_segments=False lora_rank=0
Random Initialization not implemented.
Random Initialization not implemented.
Random Initialization not implemented.
Random Initialization not implemented.
Random Initialization not implemented.
Random Initialization not implemented.
Random Initialization not implemented.
Random Initialization not implemented.
Random Initialization not implemented.
Random Initialization not implemented.
Random Initialization not implemented.
Loading checkpoint shards:   0%|          | 0/2 [00:00<?, ?it/s]Loading checkpoint shards:  50%|█████     | 1/2 [00:05<00:05,  5.64s/it]Loading checkpoint shards: 100%|██████████| 2/2 [00:07<00:00,  3.24s/it]Loading checkpoint shards: 100%|██████████| 2/2 [00:07<00:00,  3.60s/it]
Some weights of RavenForCausalLM were not initialized from the model checkpoint at ckpts/olmo-retrofit-cortex and are newly initialized: ['cortex.accum.k_proj.weight', 'cortex.accum.out_proj.weight', 'cortex.accum.q_proj.weight', 'cortex.accum.v_proj.weight', 'cortex.accum.vec_emb', 'cortex.accum.vec_ln.bias', 'cortex.accum.vec_ln.weight', 'cortex.accum.wk_proj.weight', 'cortex.accum.wq_proj.weight', 'cortex.accum.wv_proj.weight']
You should probably TRAIN this model on a down-stream task to be able to use it for predictions and inference.
wandb: [wandb.login()] Loaded credentials for https://api.wandb.ai from /storage/home/hcoda1/3/hjiang420/.netrc.
wandb: Currently logged in as: henryyjiang42 (henryyjiang42-georgia-institute-of-technology) to https://api.wandb.ai. Use `wandb login --relogin` to force relogin
wandb: WARNING git root cortex-retrofit does not exist
wandb: Tracking run with wandb version 0.28.0
wandb: Run data is saved locally in cortex-retrofit/wandb/run-20260717_212559-vdr0npgd
wandb: Run `wandb offline` to turn off syncing.
wandb: Syncing run retro-b0-acc4v-tb2-mr8
wandb: ⭐️ View project at https://wandb.ai/henryyjiang42-georgia-institute-of-technology/cortex-retrofit
wandb: 🚀 View run at https://wandb.ai/henryyjiang42-georgia-institute-of-technology/cortex-retrofit/runs/vdr0npgd
[cortex] reset 8 cortex submodules to nn defaults + re-applied designed inits ['accum.[vec_emb~N,out_proj=0]'] (undo post_init clobber)
GPU: cuda:0 | Step:    4 | Updates:    1 | Time/step: 0.6412 | Tok/sec=  6388.37 | Loss: 10.2629 / log-ppl: 28648.9961 | Grad-Norm 78.6501 | ClipCoef 0.0127 | Peak-Mem 30.08GiB
GPU: cuda:0 | Step:    8 | Updates:    2 | Time/step: 0.4658 | Tok/sec=  8793.23 | Loss: 10.6385 / log-ppl: 41711.0430 | Grad-Norm 80.2366 | ClipCoef 0.0125 | Peak-Mem 36.90GiB
GPU: cuda:0 | Step:   12 | Updates:    3 | Time/step: 0.4551 | Tok/sec=  8999.39 | Loss: 9.3955 / log-ppl: 12033.9131 | Grad-Norm 72.1667 | ClipCoef 0.0139 | Peak-Mem 36.90GiB
GPU: cuda:0 | Step:   16 | Updates:    4 | Time/step: 0.4648 | Tok/sec=  8811.88 | Loss: 9.9731 / log-ppl: 21441.5391 | Grad-Norm 52.9797 | ClipCoef 0.0189 | Peak-Mem 36.90GiB
GPU: cuda:0 | Step:   20 | Updates:    5 | Time/step: 0.4910 | Tok/sec=  8342.71 | Loss: 9.6330 / log-ppl: 15260.6914 | Grad-Norm 48.8419 | ClipCoef 0.0205 | Peak-Mem 36.90GiB
GPU: cuda:0 | Step:   24 | Updates:    6 | Time/step: 0.4874 | Tok/sec=  8403.18 | Loss: 8.5867 / log-ppl: 5359.8481 | Grad-Norm 43.6078 | ClipCoef 0.0229 | Peak-Mem 36.90GiB
GPU: cuda:0 | Step:   28 | Updates:    7 | Time/step: 0.4698 | Tok/sec=  8718.72 | Loss: 8.8504 / log-ppl: 6977.3721 | Grad-Norm 47.5057 | ClipCoef 0.0211 | Peak-Mem 36.90GiB
GPU: cuda:0 | Step:   32 | Updates:    8 | Time/step: 0.4619 | Tok/sec=  8868.22 | Loss: 8.0547 / log-ppl: 3148.4143 | Grad-Norm 39.7242 | ClipCoef 0.0252 | Peak-Mem 36.90GiB
GPU: cuda:0 | Step:   36 | Updates:    9 | Time/step: 0.4848 | Tok/sec=  8448.68 | Loss: 7.8857 / log-ppl: 2658.9583 | Grad-Norm 22.0761 | ClipCoef 0.0453 | Peak-Mem 36.90GiB
GPU: cuda:0 | Step:   40 | Updates:   10 | Time/step: 0.4549 | Tok/sec=  9005.09 | Loss: 7.5466 / log-ppl: 1894.3387 | Grad-Norm 17.6782 | ClipCoef 0.0566 | Peak-Mem 36.90GiB
GPU: cuda:0 | Step:   44 | Updates:   11 | Time/step: 0.4699 | Tok/sec=  8716.33 | Loss: 7.2163 / log-ppl: 1361.4197 | Grad-Norm 14.4351 | ClipCoef 0.0693 | Peak-Mem 36.90GiB
GPU: cuda:0 | Step:   48 | Updates:   12 | Time/step: 0.4668 | Tok/sec=  8775.31 | Loss: 7.2049 / log-ppl: 1345.9534 | Grad-Norm 13.3295 | ClipCoef 0.0750 | Peak-Mem 36.90GiB
GPU: cuda:0 | Step:   52 | Updates:   13 | Time/step: 0.4986 | Tok/sec=  8214.96 | Loss: 7.9661 / log-ppl: 2881.6831 | Grad-Norm 15.3001 | ClipCoef 0.0654 | Peak-Mem 36.90GiB
GPU: cuda:0 | Step:   56 | Updates:   14 | Time/step: 0.4778 | Tok/sec=  8572.69 | Loss: 6.8684 / log-ppl: 961.3784 | Grad-Norm 11.4051 | ClipCoef 0.0877 | Peak-Mem 36.90GiB
GPU: cuda:0 | Step:   60 | Updates:   15 | Time/step: 0.4875 | Tok/sec=  8401.59 | Loss: 7.2722 / log-ppl: 1439.6699 | Grad-Norm 9.6154 | ClipCoef 0.1040 | Peak-Mem 36.90GiB
GPU: cuda:0 | Step:   64 | Updates:   16 | Time/step: 0.4781 | Tok/sec=  8566.79 | Loss: 6.2456 / log-ppl: 515.7163 | Grad-Norm 17.4020 | ClipCoef 0.0575 | Peak-Mem 36.90GiB
GPU: cuda:0 | Step:   68 | Updates:   17 | Time/step: 0.5495 | Tok/sec=  7453.88 | Loss: 6.7185 / log-ppl: 827.6160 | Grad-Norm 18.0205 | ClipCoef 0.0555 | Peak-Mem 36.90GiB
GPU: cuda:0 | Step:   72 | Updates:   18 | Time/step: 0.5001 | Tok/sec=  8189.68 | Loss: 7.1528 / log-ppl: 1277.7365 | Grad-Norm 19.9697 | ClipCoef 0.0501 | Peak-Mem 36.90GiB
GPU: cuda:0 | Step:   76 | Updates:   19 | Time/step: 0.4998 | Tok/sec=  8194.98 | Loss: 6.8433 / log-ppl: 937.5882 | Grad-Norm 11.6438 | ClipCoef 0.0859 | Peak-Mem 36.90GiB
GPU: cuda:0 | Step:   80 | Updates:   20 | Time/step: 0.4578 | Tok/sec=  8946.39 | Loss: 6.5873 / log-ppl: 725.8007 | Grad-Norm 9.0649 | ClipCoef 0.1103 | Peak-Mem 36.90GiB
GPU: cuda:0 | Step:   84 | Updates:   21 | Time/step: 0.4914 | Tok/sec=  8335.30 | Loss: 6.7518 / log-ppl: 855.5673 | Grad-Norm 11.6632 | ClipCoef 0.0857 | Peak-Mem 36.90GiB
GPU: cuda:0 | Step:   88 | Updates:   22 | Time/step: 0.5112 | Tok/sec=  8012.21 | Loss: 6.3531 / log-ppl: 574.2955 | Grad-Norm 9.4538 | ClipCoef 0.1058 | Peak-Mem 36.90GiB
GPU: cuda:0 | Step:   92 | Updates:   23 | Time/step: 0.4695 | Tok/sec=  8723.64 | Loss: 7.2444 / log-ppl: 1400.2535 | Grad-Norm 9.0840 | ClipCoef 0.1101 | Peak-Mem 36.90GiB
GPU: cuda:0 | Step:   96 | Updates:   24 | Time/step: 0.5673 | Tok/sec=  7220.25 | Loss: 6.3224 / log-ppl: 556.9274 | Grad-Norm 13.9627 | ClipCoef 0.0716 | Peak-Mem 36.90GiB
GPU: cuda:0 | Step:  100 | Updates:   25 | Time/step: 0.4763 | Tok/sec=  8599.94 | Loss: 7.9861 / log-ppl: 2939.9417 | Grad-Norm 23.7100 | ClipCoef 0.0422 | Peak-Mem 36.90GiB
GPU: cuda:0 | Step:  104 | Updates:   26 | Time/step: 0.5252 | Tok/sec=  7799.49 | Loss: 6.1823 / log-ppl: 484.0947 | Grad-Norm 11.1234 | ClipCoef 0.0899 | Peak-Mem 36.90GiB
GPU: cuda:0 | Step:  108 | Updates:   27 | Time/step: 0.5128 | Tok/sec=  7987.17 | Loss: 5.4912 / log-ppl: 242.5565 | Grad-Norm 9.4705 | ClipCoef 0.1056 | Peak-Mem 36.90GiB
GPU: cuda:0 | Step:  112 | Updates:   28 | Time/step: 0.4816 | Tok/sec=  8504.13 | Loss: 6.0233 / log-ppl: 412.9474 | Grad-Norm 40.8269 | ClipCoef 0.0245 | Peak-Mem 36.90GiB
GPU: cuda:0 | Step:  116 | Updates:   29 | Time/step: 0.5033 | Tok/sec=  8138.02 | Loss: 5.3970 / log-ppl: 220.7478 | Grad-Norm 11.2000 | ClipCoef 0.0893 | Peak-Mem 36.90GiB
GPU: cuda:0 | Step:  120 | Updates:   30 | Time/step: 0.4613 | Tok/sec=  8879.16 | Loss: 5.8383 / log-ppl: 343.1888 | Grad-Norm 12.4164 | ClipCoef 0.0805 | Peak-Mem 36.90GiB
GPU: cuda:0 | Step:  124 | Updates:   31 | Time/step: 0.4549 | Tok/sec=  9004.68 | Loss: 4.9383 / log-ppl: 139.5267 | Grad-Norm 9.5588 | ClipCoef 0.1046 | Peak-Mem 36.90GiB
GPU: cuda:0 | Step:  128 | Updates:   32 | Time/step: 0.5480 | Tok/sec=  7474.08 | Loss: 6.2671 / log-ppl: 526.9276 | Grad-Norm 9.5593 | ClipCoef 0.1046 | Peak-Mem 36.90GiB
GPU: cuda:0 | Step:  132 | Updates:   33 | Time/step: 0.5413 | Tok/sec=  7567.38 | Loss: 5.3482 / log-ppl: 210.2250 | Grad-Norm 7.5773 | ClipCoef 0.1320 | Peak-Mem 36.90GiB
GPU: cuda:0 | Step:  136 | Updates:   34 | Time/step: 0.4736 | Tok/sec=  8648.17 | Loss: 4.6030 / log-ppl: 99.7811 | Grad-Norm 7.5406 | ClipCoef 0.1326 | Peak-Mem 36.90GiB
GPU: cuda:0 | Step:  140 | Updates:   35 | Time/step: 0.4784 | Tok/sec=  8562.37 | Loss: 4.4197 / log-ppl: 83.0690 | Grad-Norm 7.4211 | ClipCoef 0.1348 | Peak-Mem 36.90GiB
GPU: cuda:0 | Step:  144 | Updates:   36 | Time/step: 0.4785 | Tok/sec=  8559.25 | Loss: 4.9674 / log-ppl: 143.6600 | Grad-Norm 10.6276 | ClipCoef 0.0941 | Peak-Mem 36.90GiB
GPU: cuda:0 | Step:  148 | Updates:   37 | Time/step: 0.5154 | Tok/sec=  7947.04 | Loss: 5.1222 / log-ppl: 167.7001 | Grad-Norm 13.2499 | ClipCoef 0.0755 | Peak-Mem 36.90GiB
GPU: cuda:0 | Step:  152 | Updates:   38 | Time/step: 0.4740 | Tok/sec=  8640.65 | Loss: 4.4981 / log-ppl: 89.8503 | Grad-Norm 6.1282 | ClipCoef 0.1632 | Peak-Mem 36.90GiB
GPU: cuda:0 | Step:  156 | Updates:   39 | Time/step: 0.4736 | Tok/sec=  8647.77 | Loss: 4.9701 / log-ppl: 144.0343 | Grad-Norm 6.9359 | ClipCoef 0.1442 | Peak-Mem 36.90GiB
GPU: cuda:0 | Step:  160 | Updates:   40 | Time/step: 0.4626 | Tok/sec=  8853.40 | Loss: 7.7755 / log-ppl: 2381.6072 | Grad-Norm 12.3942 | ClipCoef 0.0807 | Peak-Mem 36.90GiB
GPU: cuda:0 | Step:  164 | Updates:   41 | Time/step: 0.4854 | Tok/sec=  8438.16 | Loss: 4.5046 / log-ppl: 90.4329 | Grad-Norm 10.8489 | ClipCoef 0.0922 | Peak-Mem 36.90GiB
GPU: cuda:0 | Step:  168 | Updates:   42 | Time/step: 0.5663 | Tok/sec=  7232.80 | Loss: 4.2216 / log-ppl: 68.1392 | Grad-Norm 22.0010 | ClipCoef 0.0455 | Peak-Mem 36.90GiB
GPU: cuda:0 | Step:  172 | Updates:   43 | Time/step: 0.5063 | Tok/sec=  8089.62 | Loss: 3.9899 / log-ppl: 54.0496 | Grad-Norm 7.0745 | ClipCoef 0.1414 | Peak-Mem 36.90GiB
GPU: cuda:0 | Step:  176 | Updates:   44 | Time/step: 0.4814 | Tok/sec=  8507.76 | Loss: 4.4176 / log-ppl: 82.8947 | Grad-Norm 22.4313 | ClipCoef 0.0446 | Peak-Mem 36.90GiB
GPU: cuda:0 | Step:  180 | Updates:   45 | Time/step: 0.5073 | Tok/sec=  8074.11 | Loss: 5.1474 / log-ppl: 171.9855 | Grad-Norm 8.0506 | ClipCoef 0.1242 | Peak-Mem 36.90GiB
GPU: cuda:0 | Step:  184 | Updates:   46 | Time/step: 0.5021 | Tok/sec=  8158.08 | Loss: 4.7312 / log-ppl: 113.4289 | Grad-Norm 6.8968 | ClipCoef 0.1450 | Peak-Mem 36.90GiB
GPU: cuda:0 | Step:  188 | Updates:   47 | Time/step: 0.4777 | Tok/sec=  8575.31 | Loss: 5.8692 / log-ppl: 353.9609 | Grad-Norm 7.1178 | ClipCoef 0.1405 | Peak-Mem 36.90GiB
GPU: cuda:0 | Step:  192 | Updates:   48 | Time/step: 0.4977 | Tok/sec=  8229.11 | Loss: 6.2562 / log-ppl: 521.2535 | Grad-Norm 20.2523 | ClipCoef 0.0494 | Peak-Mem 36.90GiB
GPU: cuda:0 | Step:  196 | Updates:   49 | Time/step: 0.4958 | Tok/sec=  8261.80 | Loss: 4.9937 / log-ppl: 147.4850 | Grad-Norm 14.1859 | ClipCoef 0.0705 | Peak-Mem 36.90GiB
GPU: cuda:0 | Step:  200 | Updates:   50 | Time/step: 0.5000 | Tok/sec=  8192.45 | Loss: 3.7241 / log-ppl: 41.4331 | Grad-Norm 9.3067 | ClipCoef 0.1074 | Peak-Mem 36.90GiB
GPU: cuda:0 | Step:  204 | Updates:   51 | Time/step: 0.4950 | Tok/sec=  8274.06 | Loss: 4.7958 / log-ppl: 121.0022 | Grad-Norm 7.9858 | ClipCoef 0.1252 | Peak-Mem 36.90GiB
GPU: cuda:0 | Step:  208 | Updates:   52 | Time/step: 0.4675 | Tok/sec=  8761.89 | Loss: 4.5895 / log-ppl: 98.4438 | Grad-Norm 7.8503 | ClipCoef 0.1274 | Peak-Mem 36.90GiB
GPU: cuda:0 | Step:  212 | Updates:   53 | Time/step: 0.4966 | Tok/sec=  8248.55 | Loss: 4.1571 / log-ppl: 63.8883 | Grad-Norm 7.4926 | ClipCoef 0.1335 | Peak-Mem 36.90GiB
GPU: cuda:0 | Step:  216 | Updates:   54 | Time/step: 0.4886 | Tok/sec=  8382.62 | Loss: 4.1558 / log-ppl: 63.8053 | Grad-Norm 6.4824 | ClipCoef 0.1543 | Peak-Mem 36.90GiB
GPU: cuda:0 | Step:  220 | Updates:   55 | Time/step: 0.5504 | Tok/sec=  7441.85 | Loss: 3.7123 / log-ppl: 40.9485 | Grad-Norm 8.6562 | ClipCoef 0.1155 | Peak-Mem 36.90GiB
GPU: cuda:0 | Step:  224 | Updates:   56 | Time/step: 0.5084 | Tok/sec=  8057.09 | Loss: 3.9567 / log-ppl: 52.2829 | Grad-Norm 11.6503 | ClipCoef 0.0858 | Peak-Mem 36.90GiB
GPU: cuda:0 | Step:  228 | Updates:   57 | Time/step: 0.4735 | Tok/sec=  8650.68 | Loss: 4.0778 / log-ppl: 59.0176 | Grad-Norm 11.8779 | ClipCoef 0.0842 | Peak-Mem 36.90GiB
GPU: cuda:0 | Step:  232 | Updates:   58 | Time/step: 0.4969 | Tok/sec=  8242.94 | Loss: 3.4894 / log-ppl: 32.7654 | Grad-Norm 5.1446 | ClipCoef 0.1944 | Peak-Mem 36.90GiB
GPU: cuda:0 | Step:  236 | Updates:   59 | Time/step: 0.4991 | Tok/sec=  8206.29 | Loss: 3.4091 / log-ppl: 30.2382 | Grad-Norm 9.8862 | ClipCoef 0.1012 | Peak-Mem 36.90GiB
GPU: cuda:0 | Step:  240 | Updates:   60 | Time/step: 0.5273 | Tok/sec=  7767.89 | Loss: 3.7526 / log-ppl: 42.6301 | Grad-Norm 4.9668 | ClipCoef 0.2013 | Peak-Mem 36.90GiB
GPU: cuda:0 | Step:  244 | Updates:   61 | Time/step: 0.5171 | Tok/sec=  7920.40 | Loss: 4.8597 / log-ppl: 128.9909 | Grad-Norm 12.2105 | ClipCoef 0.0819 | Peak-Mem 36.90GiB
GPU: cuda:0 | Step:  248 | Updates:   62 | Time/step: 0.4886 | Tok/sec=  8383.19 | Loss: 6.3441 / log-ppl: 569.1309 | Grad-Norm 99.0092 | ClipCoef 0.0101 | Peak-Mem 36.90GiB
GPU: cuda:0 | Step:  252 | Updates:   63 | Time/step: 0.4787 | Tok/sec=  8557.14 | Loss: 3.9081 / log-ppl: 49.8050 | Grad-Norm 11.0218 | ClipCoef 0.0907 | Peak-Mem 36.90GiB
GPU: cuda:0 | Step:  256 | Updates:   64 | Time/step: 0.4858 | Tok/sec=  8431.91 | Loss: 4.5658 / log-ppl: 96.1423 | Grad-Norm 7.2166 | ClipCoef 0.1386 | Peak-Mem 36.90GiB
GPU: cuda:0 | Step:  260 | Updates:   65 | Time/step: 0.4769 | Tok/sec=  8588.58 | Loss: 3.8429 / log-ppl: 46.6597 | Grad-Norm 11.2818 | ClipCoef 0.0886 | Peak-Mem 36.90GiB
GPU: cuda:0 | Step:  264 | Updates:   66 | Time/step: 0.4745 | Tok/sec=  8632.95 | Loss: 4.6017 / log-ppl: 99.6535 | Grad-Norm 5.9095 | ClipCoef 0.1692 | Peak-Mem 36.90GiB
GPU: cuda:0 | Step:  268 | Updates:   67 | Time/step: 0.5145 | Tok/sec=  7960.53 | Loss: 4.5550 / log-ppl: 95.1091 | Grad-Norm 5.3889 | ClipCoef 0.1856 | Peak-Mem 36.90GiB
GPU: cuda:0 | Step:  272 | Updates:   68 | Time/step: 0.4683 | Tok/sec=  8746.06 | Loss: 3.7620 / log-ppl: 43.0341 | Grad-Norm 4.7972 | ClipCoef 0.2085 | Peak-Mem 36.90GiB
GPU: cuda:0 | Step:  276 | Updates:   69 | Time/step: 0.5190 | Tok/sec=  7891.71 | Loss: 3.3934 / log-ppl: 29.7670 | Grad-Norm 5.4140 | ClipCoef 0.1847 | Peak-Mem 36.90GiB
GPU: cuda:0 | Step:  280 | Updates:   70 | Time/step: 0.4839 | Tok/sec=  8464.05 | Loss: 3.7145 / log-ppl: 41.0376 | Grad-Norm 6.3007 | ClipCoef 0.1587 | Peak-Mem 36.90GiB
GPU: cuda:0 | Step:  284 | Updates:   71 | Time/step: 0.4945 | Tok/sec=  8282.34 | Loss: 3.4986 / log-ppl: 33.0689 | Grad-Norm 4.0911 | ClipCoef 0.2444 | Peak-Mem 36.90GiB
GPU: cuda:0 | Step:  288 | Updates:   72 | Time/step: 0.4940 | Tok/sec=  8290.77 | Loss: 4.0601 / log-ppl: 57.9775 | Grad-Norm 8.3544 | ClipCoef 0.1197 | Peak-Mem 36.90GiB
GPU: cuda:0 | Step:  292 | Updates:   73 | Time/step: 0.5151 | Tok/sec=  7951.18 | Loss: 4.2688 / log-ppl: 71.4328 | Grad-Norm 4.3956 | ClipCoef 0.2275 | Peak-Mem 36.90GiB
GPU: cuda:0 | Step:  296 | Updates:   74 | Time/step: 0.5257 | Tok/sec=  7792.15 | Loss: 3.2090 / log-ppl: 24.7538 | Grad-Norm 5.1358 | ClipCoef 0.1947 | Peak-Mem 36.90GiB
GPU: cuda:0 | Step:  300 | Updates:   75 | Time/step: 0.4869 | Tok/sec=  8412.77 | Loss: 3.5500 / log-ppl: 34.8137 | Grad-Norm 3.4011 | ClipCoef 0.2940 | Peak-Mem 36.90GiB
GPU: cuda:0 | Step:  304 | Updates:   76 | Time/step: 0.4895 | Tok/sec=  8368.22 | Loss: 2.9903 / log-ppl: 19.8908 | Grad-Norm 4.6580 | ClipCoef 0.2147 | Peak-Mem 36.90GiB
GPU: cuda:0 | Step:  308 | Updates:   77 | Time/step: 0.4712 | Tok/sec=  8691.98 | Loss: 3.9842 / log-ppl: 53.7443 | Grad-Norm 5.6791 | ClipCoef 0.1761 | Peak-Mem 36.90GiB
GPU: cuda:0 | Step:  312 | Updates:   78 | Time/step: 0.4800 | Tok/sec=  8533.61 | Loss: 2.9641 / log-ppl: 19.3767 | Grad-Norm 11.6289 | ClipCoef 0.0860 | Peak-Mem 36.90GiB
GPU: cuda:0 | Step:  316 | Updates:   79 | Time/step: 0.4941 | Tok/sec=  8290.53 | Loss: 3.6321 / log-ppl: 37.7930 | Grad-Norm 4.0096 | ClipCoef 0.2494 | Peak-Mem 36.90GiB
GPU: cuda:0 | Step:  320 | Updates:   80 | Time/step: 0.5043 | Tok/sec=  8122.19 | Loss: 4.0757 / log-ppl: 58.8929 | Grad-Norm 8.8846 | ClipCoef 0.1126 | Peak-Mem 36.90GiB
GPU: cuda:0 | Step:  324 | Updates:   81 | Time/step: 0.4828 | Tok/sec=  8483.69 | Loss: 2.8209 / log-ppl: 16.7911 | Grad-Norm 5.6023 | ClipCoef 0.1785 | Peak-Mem 36.90GiB
GPU: cuda:0 | Step:  328 | Updates:   82 | Time/step: 0.4732 | Tok/sec=  8655.99 | Loss: 2.9932 / log-ppl: 19.9485 | Grad-Norm 4.3193 | ClipCoef 0.2315 | Peak-Mem 36.90GiB
GPU: cuda:0 | Step:  332 | Updates:   83 | Time/step: 0.5083 | Tok/sec=  8058.14 | Loss: 3.2749 / log-ppl: 26.4411 | Grad-Norm 7.0587 | ClipCoef 0.1417 | Peak-Mem 36.90GiB
GPU: cuda:0 | Step:  336 | Updates:   84 | Time/step: 0.4998 | Tok/sec=  8195.29 | Loss: 3.4167 / log-ppl: 30.4694 | Grad-Norm 3.2566 | ClipCoef 0.3071 | Peak-Mem 36.90GiB
GPU: cuda:0 | Step:  340 | Updates:   85 | Time/step: 0.5043 | Tok/sec=  8122.34 | Loss: 2.9814 / log-ppl: 19.7163 | Grad-Norm 4.5346 | ClipCoef 0.2205 | Peak-Mem 36.90GiB
GPU: cuda:0 | Step:  344 | Updates:   86 | Time/step: 0.5079 | Tok/sec=  8064.32 | Loss: 3.0532 / log-ppl: 21.1827 | Grad-Norm 3.1421 | ClipCoef 0.3183 | Peak-Mem 36.90GiB
GPU: cuda:0 | Step:  348 | Updates:   87 | Time/step: 0.5524 | Tok/sec=  7415.15 | Loss: 3.0508 / log-ppl: 21.1315 | Grad-Norm 5.5764 | ClipCoef 0.1793 | Peak-Mem 36.90GiB
GPU: cuda:0 | Step:  352 | Updates:   88 | Time/step: 0.4938 | Tok/sec=  8295.57 | Loss: 2.8017 / log-ppl: 16.4720 | Grad-Norm 3.9124 | ClipCoef 0.2556 | Peak-Mem 36.90GiB
GPU: cuda:0 | Step:  356 | Updates:   89 | Time/step: 0.5103 | Tok/sec=  8027.22 | Loss: 2.6072 / log-ppl: 13.5613 | Grad-Norm 5.6894 | ClipCoef 0.1758 | Peak-Mem 36.90GiB
GPU: cuda:0 | Step:  360 | Updates:   90 | Time/step: 0.4828 | Tok/sec=  8483.16 | Loss: 2.8895 / log-ppl: 17.9846 | Grad-Norm 3.7489 | ClipCoef 0.2667 | Peak-Mem 36.90GiB
GPU: cuda:0 | Step:  364 | Updates:   91 | Time/step: 0.4741 | Tok/sec=  8638.63 | Loss: 4.0107 / log-ppl: 55.1866 | Grad-Norm 3.5125 | ClipCoef 0.2847 | Peak-Mem 36.90GiB
GPU: cuda:0 | Step:  368 | Updates:   92 | Time/step: 0.4770 | Tok/sec=  8586.96 | Loss: 3.2845 / log-ppl: 26.6966 | Grad-Norm 4.8165 | ClipCoef 0.2076 | Peak-Mem 36.90GiB
GPU: cuda:0 | Step:  372 | Updates:   93 | Time/step: 0.4687 | Tok/sec=  8739.67 | Loss: 2.7175 / log-ppl: 15.1426 | Grad-Norm 5.2413 | ClipCoef 0.1908 | Peak-Mem 36.90GiB
GPU: cuda:0 | Step:  376 | Updates:   94 | Time/step: 0.4857 | Tok/sec=  8433.81 | Loss: 2.6233 / log-ppl: 13.7814 | Grad-Norm 3.4821 | ClipCoef 0.2872 | Peak-Mem 36.90GiB
GPU: cuda:0 | Step:  380 | Updates:   95 | Time/step: 0.5068 | Tok/sec=  8081.62 | Loss: 3.2039 / log-ppl: 24.6293 | Grad-Norm 3.4865 | ClipCoef 0.2868 | Peak-Mem 36.90GiB
GPU: cuda:0 | Step:  384 | Updates:   96 | Time/step: 0.4933 | Tok/sec=  8302.53 | Loss: 2.8143 / log-ppl: 16.6807 | Grad-Norm 2.9289 | ClipCoef 0.3414 | Peak-Mem 36.90GiB
GPU: cuda:0 | Step:  388 | Updates:   97 | Time/step: 0.4731 | Tok/sec=  8658.52 | Loss: 2.8221 / log-ppl: 16.8120 | Grad-Norm 4.5412 | ClipCoef 0.2202 | Peak-Mem 36.90GiB
GPU: cuda:0 | Step:  392 | Updates:   98 | Time/step: 0.4830 | Tok/sec=  8479.69 | Loss: 2.7398 / log-ppl: 15.4842 | Grad-Norm 3.8767 | ClipCoef 0.2580 | Peak-Mem 36.90GiB
GPU: cuda:0 | Step:  396 | Updates:   99 | Time/step: 0.4635 | Tok/sec=  8836.95 | Loss: 2.8072 / log-ppl: 16.5627 | Grad-Norm 4.8653 | ClipCoef 0.2055 | Peak-Mem 36.90GiB
GPU: cuda:0 | Step:  400 | Updates:  100 | Time/step: 0.4623 | Tok/sec=  8860.85 | Loss: 3.3909 / log-ppl: 29.6925 | Grad-Norm 4.8985 | ClipCoef 0.2041 | Peak-Mem 36.90GiB
GPU: cuda:0 | Step:  404 | Updates:  101 | Time/step: 0.5037 | Tok/sec=  8131.43 | Loss: 2.8283 / log-ppl: 16.9174 | Grad-Norm 6.4754 | ClipCoef 0.1544 | Peak-Mem 36.90GiB
GPU: cuda:0 | Step:  408 | Updates:  102 | Time/step: 0.4957 | Tok/sec=  8262.42 | Loss: 2.4266 / log-ppl: 11.3205 | Grad-Norm 4.8245 | ClipCoef 0.2073 | Peak-Mem 36.90GiB
GPU: cuda:0 | Step:  412 | Updates:  103 | Time/step: 0.5035 | Tok/sec=  8135.72 | Loss: 3.0511 / log-ppl: 21.1389 | Grad-Norm 4.6883 | ClipCoef 0.2133 | Peak-Mem 36.90GiB
GPU: cuda:0 | Step:  416 | Updates:  104 | Time/step: 0.5164 | Tok/sec=  7931.99 | Loss: 2.8090 / log-ppl: 16.5941 | Grad-Norm 3.1616 | ClipCoef 0.3163 | Peak-Mem 36.90GiB
GPU: cuda:0 | Step:  420 | Updates:  105 | Time/step: 0.4954 | Tok/sec=  8268.15 | Loss: 2.3327 / log-ppl: 10.3059 | Grad-Norm 7.2046 | ClipCoef 0.1388 | Peak-Mem 36.90GiB
GPU: cuda:0 | Step:  424 | Updates:  106 | Time/step: 0.4720 | Tok/sec=  8678.04 | Loss: 2.4447 / log-ppl: 11.5269 | Grad-Norm 4.0136 | ClipCoef 0.2492 | Peak-Mem 36.90GiB
GPU: cuda:0 | Step:  428 | Updates:  107 | Time/step: 0.5512 | Tok/sec=  7431.36 | Loss: 3.0111 / log-ppl: 20.3095 | Grad-Norm 5.3288 | ClipCoef 0.1877 | Peak-Mem 36.90GiB
GPU: cuda:0 | Step:  432 | Updates:  108 | Time/step: 0.5503 | Tok/sec=  7442.82 | Loss: 2.6680 / log-ppl: 14.4116 | Grad-Norm 3.5358 | ClipCoef 0.2828 | Peak-Mem 36.90GiB
GPU: cuda:0 | Step:  436 | Updates:  109 | Time/step: 0.4938 | Tok/sec=  8294.24 | Loss: 1.8068 / log-ppl: 6.0908 | Grad-Norm 4.1172 | ClipCoef 0.2429 | Peak-Mem 36.90GiB
GPU: cuda:0 | Step:  440 | Updates:  110 | Time/step: 0.4828 | Tok/sec=  8484.34 | Loss: 2.4290 / log-ppl: 11.3478 | Grad-Norm 2.9539 | ClipCoef 0.3385 | Peak-Mem 36.90GiB
GPU: cuda:0 | Step:  444 | Updates:  111 | Time/step: 0.5060 | Tok/sec=  8095.39 | Loss: 2.5479 / log-ppl: 12.7800 | Grad-Norm 3.6489 | ClipCoef 0.2741 | Peak-Mem 36.90GiB
GPU: cuda:0 | Step:  448 | Updates:  112 | Time/step: 0.5041 | Tok/sec=  8125.19 | Loss: 2.5802 / log-ppl: 13.2000 | Grad-Norm 3.6440 | ClipCoef 0.2744 | Peak-Mem 36.90GiB
GPU: cuda:0 | Step:  452 | Updates:  113 | Time/step: 0.4836 | Tok/sec=  8469.68 | Loss: 2.6760 / log-ppl: 14.5273 | Grad-Norm 2.9091 | ClipCoef 0.3438 | Peak-Mem 36.90GiB
GPU: cuda:0 | Step:  456 | Updates:  114 | Time/step: 0.4614 | Tok/sec=  8877.14 | Loss: 2.3817 / log-ppl: 10.8237 | Grad-Norm 3.0897 | ClipCoef 0.3237 | Peak-Mem 36.90GiB
GPU: cuda:0 | Step:  460 | Updates:  115 | Time/step: 0.5165 | Tok/sec=  7930.65 | Loss: 3.6836 / log-ppl: 39.7888 | Grad-Norm 4.2661 | ClipCoef 0.2344 | Peak-Mem 36.90GiB
GPU: cuda:0 | Step:  464 | Updates:  116 | Time/step: 0.4836 | Tok/sec=  8469.25 | Loss: 1.9021 / log-ppl: 6.7001 | Grad-Norm 3.1392 | ClipCoef 0.3186 | Peak-Mem 36.90GiB
GPU: cuda:0 | Step:  468 | Updates:  117 | Time/step: 0.4932 | Tok/sec=  8305.33 | Loss: 2.7346 / log-ppl: 15.4042 | Grad-Norm 10.8158 | ClipCoef 0.0925 | Peak-Mem 36.90GiB
GPU: cuda:0 | Step:  472 | Updates:  118 | Time/step: 0.5142 | Tok/sec=  7966.29 | Loss: 2.4675 / log-ppl: 11.7931 | Grad-Norm 2.6664 | ClipCoef 0.3750 | Peak-Mem 36.90GiB
GPU: cuda:0 | Step:  476 | Updates:  119 | Time/step: 0.4834 | Tok/sec=  8473.32 | Loss: 2.8083 / log-ppl: 16.5818 | Grad-Norm 3.1247 | ClipCoef 0.3200 | Peak-Mem 36.90GiB
GPU: cuda:0 | Step:  480 | Updates:  120 | Time/step: 0.4719 | Tok/sec=  8679.93 | Loss: 3.3832 / log-ppl: 29.4643 | Grad-Norm 3.8564 | ClipCoef 0.2593 | Peak-Mem 36.90GiB
GPU: cuda:0 | Step:  484 | Updates:  121 | Time/step: 0.4943 | Tok/sec=  8287.10 | Loss: 1.9631 / log-ppl: 7.1213 | Grad-Norm 4.8936 | ClipCoef 0.2044 | Peak-Mem 36.90GiB
GPU: cuda:0 | Step:  488 | Updates:  122 | Time/step: 0.4927 | Tok/sec=  8313.18 | Loss: 3.1403 / log-ppl: 23.1107 | Grad-Norm 3.3575 | ClipCoef 0.2978 | Peak-Mem 36.90GiB
GPU: cuda:0 | Step:  492 | Updates:  123 | Time/step: 0.4837 | Tok/sec=  8468.11 | Loss: 2.2082 / log-ppl: 9.0992 | Grad-Norm 2.9272 | ClipCoef 0.3416 | Peak-Mem 36.90GiB
GPU: cuda:0 | Step:  496 | Updates:  124 | Time/step: 0.4940 | Tok/sec=  8291.61 | Loss: 3.0734 / log-ppl: 21.6143 | Grad-Norm 3.6388 | ClipCoef 0.2748 | Peak-Mem 36.90GiB
GPU: cuda:0 | Step:  500 | Updates:  125 | Time/step: 0.4988 | Tok/sec=  8212.48 | Loss: 1.2730 / log-ppl: 3.5716 | Grad-Norm 5.4511 | ClipCoef 0.1834 | Peak-Mem 36.90GiB
GPU: cuda:0 | Step:  504 | Updates:  126 | Time/step: 0.4864 | Tok/sec=  8421.36 | Loss: 2.0603 / log-ppl: 7.8482 | Grad-Norm 3.9077 | ClipCoef 0.2559 | Peak-Mem 36.90GiB
GPU: cuda:0 | Step:  508 | Updates:  127 | Time/step: 0.4917 | Tok/sec=  8330.46 | Loss: 2.4904 / log-ppl: 12.0657 | Grad-Norm 3.0299 | ClipCoef 0.3300 | Peak-Mem 36.90GiB
GPU: cuda:0 | Step:  512 | Updates:  128 | Time/step: 0.4846 | Tok/sec=  8451.46 | Loss: 1.9843 / log-ppl: 7.2738 | Grad-Norm 2.6890 | ClipCoef 0.3719 | Peak-Mem 36.90GiB
GPU: cuda:0 | Step:  516 | Updates:  129 | Time/step: 0.5143 | Tok/sec=  7964.84 | Loss: 2.8315 / log-ppl: 16.9709 | Grad-Norm 3.9059 | ClipCoef 0.2560 | Peak-Mem 36.90GiB
GPU: cuda:0 | Step:  520 | Updates:  130 | Time/step: 0.4861 | Tok/sec=  8425.65 | Loss: 2.0419 / log-ppl: 7.7055 | Grad-Norm 2.9694 | ClipCoef 0.3368 | Peak-Mem 36.90GiB
GPU: cuda:0 | Step:  524 | Updates:  131 | Time/step: 0.4833 | Tok/sec=  8474.54 | Loss: 2.2761 / log-ppl: 9.7387 | Grad-Norm 3.7672 | ClipCoef 0.2654 | Peak-Mem 36.90GiB
GPU: cuda:0 | Step:  528 | Updates:  132 | Time/step: 0.4617 | Tok/sec=  8872.11 | Loss: 1.9903 / log-ppl: 7.3177 | Grad-Norm 2.6196 | ClipCoef 0.3817 | Peak-Mem 36.90GiB
GPU: cuda:0 | Step:  532 | Updates:  133 | Time/step: 0.5150 | Tok/sec=  7953.92 | Loss: 2.6279 / log-ppl: 13.8447 | Grad-Norm 2.6165 | ClipCoef 0.3822 | Peak-Mem 36.90GiB
GPU: cuda:0 | Step:  536 | Updates:  134 | Time/step: 0.4647 | Tok/sec=  8814.35 | Loss: 2.4563 / log-ppl: 11.6616 | Grad-Norm 2.8328 | ClipCoef 0.3530 | Peak-Mem 36.90GiB
GPU: cuda:0 | Step:  540 | Updates:  135 | Time/step: 0.4962 | Tok/sec=  8254.35 | Loss: 2.8119 / log-ppl: 16.6411 | Grad-Norm 3.2196 | ClipCoef 0.3106 | Peak-Mem 36.90GiB
GPU: cuda:0 | Step:  544 | Updates:  136 | Time/step: 0.4661 | Tok/sec=  8788.62 | Loss: 2.2776 / log-ppl: 9.7531 | Grad-Norm 3.8843 | ClipCoef 0.2574 | Peak-Mem 36.90GiB
GPU: cuda:0 | Step:  548 | Updates:  137 | Time/step: 0.4981 | Tok/sec=  8222.91 | Loss: 2.3407 / log-ppl: 10.3884 | Grad-Norm 2.2265 | ClipCoef 0.4491 | Peak-Mem 36.90GiB
GPU: cuda:0 | Step:  552 | Updates:  138 | Time/step: 0.4613 | Tok/sec=  8879.27 | Loss: 2.2179 / log-ppl: 9.1883 | Grad-Norm 2.4811 | ClipCoef 0.4030 | Peak-Mem 36.90GiB
GPU: cuda:0 | Step:  556 | Updates:  139 | Time/step: 0.4893 | Tok/sec=  8370.76 | Loss: 2.0265 / log-ppl: 7.5877 | Grad-Norm 2.0231 | ClipCoef 0.4943 | Peak-Mem 36.90GiB
GPU: cuda:0 | Step:  560 | Updates:  140 | Time/step: 0.5373 | Tok/sec=  7622.93 | Loss: 2.7381 / log-ppl: 15.4572 | Grad-Norm 2.9845 | ClipCoef 0.3351 | Peak-Mem 36.90GiB
GPU: cuda:0 | Step:  564 | Updates:  141 | Time/step: 0.4826 | Tok/sec=  8487.47 | Loss: 2.6443 / log-ppl: 14.0733 | Grad-Norm 2.2598 | ClipCoef 0.4425 | Peak-Mem 36.90GiB
GPU: cuda:0 | Step:  568 | Updates:  142 | Time/step: 0.4832 | Tok/sec=  8476.34 | Loss: 2.1499 / log-ppl: 8.5843 | Grad-Norm 2.0985 | ClipCoef 0.4765 | Peak-Mem 36.90GiB
GPU: cuda:0 | Step:  572 | Updates:  143 | Time/step: 0.5039 | Tok/sec=  8129.21 | Loss: 2.0220 / log-ppl: 7.5536 | Grad-Norm 2.8308 | ClipCoef 0.3533 | Peak-Mem 36.90GiB
GPU: cuda:0 | Step:  576 | Updates:  144 | Time/step: 0.4938 | Tok/sec=  8294.51 | Loss: 2.2365 / log-ppl: 9.3603 | Grad-Norm 2.4133 | ClipCoef 0.4144 | Peak-Mem 36.90GiB
GPU: cuda:0 | Step:  580 | Updates:  145 | Time/step: 0.5038 | Tok/sec=  8129.87 | Loss: 2.5975 / log-ppl: 13.4303 | Grad-Norm 2.3907 | ClipCoef 0.4183 | Peak-Mem 36.90GiB
GPU: cuda:0 | Step:  584 | Updates:  146 | Time/step: 0.5103 | Tok/sec=  8026.88 | Loss: 3.8076 / log-ppl: 45.0408 | Grad-Norm 3.9509 | ClipCoef 0.2531 | Peak-Mem 36.90GiB
GPU: cuda:0 | Step:  588 | Updates:  147 | Time/step: 0.4614 | Tok/sec=  8877.37 | Loss: 1.9244 / log-ppl: 6.8507 | Grad-Norm 1.8526 | ClipCoef 0.5398 | Peak-Mem 36.90GiB
GPU: cuda:0 | Step:  592 | Updates:  148 | Time/step: 0.5207 | Tok/sec=  7865.65 | Loss: 2.5071 / log-ppl: 12.2694 | Grad-Norm 6.9827 | ClipCoef 0.1432 | Peak-Mem 36.90GiB
GPU: cuda:0 | Step:  596 | Updates:  149 | Time/step: 0.4724 | Tok/sec=  8670.00 | Loss: 1.8150 / log-ppl: 6.1409 | Grad-Norm 2.0313 | ClipCoef 0.4923 | Peak-Mem 36.90GiB
GPU: cuda:0 | Step:  600 | Updates:  150 | Time/step: 0.4936 | Tok/sec=  8298.02 | Loss: 1.6960 / log-ppl: 5.4519 | Grad-Norm 2.3981 | ClipCoef 0.4170 | Peak-Mem 36.90GiB
GPU: cuda:0 | Step:  604 | Updates:  151 | Time/step: 0.4888 | Tok/sec=  8379.76 | Loss: 2.5086 / log-ppl: 12.2872 | Grad-Norm 2.2778 | ClipCoef 0.4390 | Peak-Mem 36.90GiB
GPU: cuda:0 | Step:  608 | Updates:  152 | Time/step: 0.4962 | Tok/sec=  8254.72 | Loss: 2.1905 / log-ppl: 8.9397 | Grad-Norm 3.1084 | ClipCoef 0.3217 | Peak-Mem 36.90GiB
GPU: cuda:0 | Step:  612 | Updates:  153 | Time/step: 0.4937 | Tok/sec=  8296.58 | Loss: 1.9500 / log-ppl: 7.0289 | Grad-Norm 2.8296 | ClipCoef 0.3534 | Peak-Mem 36.90GiB
GPU: cuda:0 | Step:  616 | Updates:  154 | Time/step: 0.5039 | Tok/sec=  8128.39 | Loss: 2.3565 / log-ppl: 10.5540 | Grad-Norm 2.3806 | ClipCoef 0.4201 | Peak-Mem 36.90GiB
GPU: cuda:0 | Step:  620 | Updates:  155 | Time/step: 0.4731 | Tok/sec=  8657.98 | Loss: 1.8591 / log-ppl: 6.4182 | Grad-Norm 2.2033 | ClipCoef 0.4539 | Peak-Mem 36.90GiB
GPU: cuda:0 | Step:  624 | Updates:  156 | Time/step: 0.5053 | Tok/sec=  8106.67 | Loss: 1.7893 / log-ppl: 5.9851 | Grad-Norm 3.0898 | ClipCoef 0.3237 | Peak-Mem 36.90GiB
GPU: cuda:0 | Step:  628 | Updates:  157 | Time/step: 0.4774 | Tok/sec=  8579.06 | Loss: 1.9063 / log-ppl: 6.7285 | Grad-Norm 2.3186 | ClipCoef 0.4313 | Peak-Mem 36.90GiB
GPU: cuda:0 | Step:  632 | Updates:  158 | Time/step: 0.4568 | Tok/sec=  8967.41 | Loss: 1.7825 / log-ppl: 5.9447 | Grad-Norm 2.3702 | ClipCoef 0.4219 | Peak-Mem 36.90GiB
GPU: cuda:0 | Step:  636 | Updates:  159 | Time/step: 0.4814 | Tok/sec=  8508.93 | Loss: 1.9132 / log-ppl: 6.7749 | Grad-Norm 2.8831 | ClipCoef 0.3468 | Peak-Mem 36.90GiB
GPU: cuda:0 | Step:  640 | Updates:  160 | Time/step: 0.4930 | Tok/sec=  8309.07 | Loss: 2.0119 / log-ppl: 7.4778 | Grad-Norm 2.0065 | ClipCoef 0.4984 | Peak-Mem 36.90GiB
GPU: cuda:0 | Step:  644 | Updates:  161 | Time/step: 0.4766 | Tok/sec=  8594.11 | Loss: 1.6696 / log-ppl: 5.3103 | Grad-Norm 2.0262 | ClipCoef 0.4935 | Peak-Mem 36.90GiB
GPU: cuda:0 | Step:  648 | Updates:  162 | Time/step: 0.5289 | Tok/sec=  7744.72 | Loss: 2.1082 / log-ppl: 8.2330 | Grad-Norm 2.0184 | ClipCoef 0.4954 | Peak-Mem 36.90GiB
GPU: cuda:0 | Step:  652 | Updates:  163 | Time/step: 0.4864 | Tok/sec=  8421.57 | Loss: 2.1872 / log-ppl: 8.9103 | Grad-Norm 2.0548 | ClipCoef 0.4867 | Peak-Mem 36.90GiB
GPU: cuda:0 | Step:  656 | Updates:  164 | Time/step: 0.4931 | Tok/sec=  8305.80 | Loss: 1.6386 / log-ppl: 5.1478 | Grad-Norm 1.7427 | ClipCoef 0.5738 | Peak-Mem 36.90GiB
GPU: cuda:0 | Step:  660 | Updates:  165 | Time/step: 0.5042 | Tok/sec=  8124.46 | Loss: 2.0890 / log-ppl: 8.0765 | Grad-Norm 2.3374 | ClipCoef 0.4278 | Peak-Mem 36.90GiB
GPU: cuda:0 | Step:  664 | Updates:  166 | Time/step: 0.4834 | Tok/sec=  8473.96 | Loss: 1.7594 / log-ppl: 5.8092 | Grad-Norm 3.3751 | ClipCoef 0.2963 | Peak-Mem 36.90GiB
GPU: cuda:0 | Step:  668 | Updates:  167 | Time/step: 0.5142 | Tok/sec=  7965.38 | Loss: 1.9049 / log-ppl: 6.7186 | Grad-Norm 3.1527 | ClipCoef 0.3172 | Peak-Mem 36.90GiB
GPU: cuda:0 | Step:  672 | Updates:  168 | Time/step: 0.5036 | Tok/sec=  8133.13 | Loss: 2.7893 / log-ppl: 16.2698 | Grad-Norm 2.1426 | ClipCoef 0.4667 | Peak-Mem 36.90GiB
GPU: cuda:0 | Step:  676 | Updates:  169 | Time/step: 0.5146 | Tok/sec=  7960.33 | Loss: 2.1656 / log-ppl: 8.7197 | Grad-Norm 1.9951 | ClipCoef 0.5012 | Peak-Mem 36.90GiB
GPU: cuda:0 | Step:  680 | Updates:  170 | Time/step: 0.4721 | Tok/sec=  8676.21 | Loss: 1.8703 / log-ppl: 6.4904 | Grad-Norm 2.0851 | ClipCoef 0.4796 | Peak-Mem 36.90GiB
GPU: cuda:0 | Step:  684 | Updates:  171 | Time/step: 0.4615 | Tok/sec=  8876.19 | Loss: 1.7212 / log-ppl: 5.5913 | Grad-Norm 6.2172 | ClipCoef 0.1608 | Peak-Mem 36.90GiB
GPU: cuda:0 | Step:  688 | Updates:  172 | Time/step: 0.5146 | Tok/sec=  7959.92 | Loss: 1.9865 / log-ppl: 7.2897 | Grad-Norm 2.0960 | ClipCoef 0.4771 | Peak-Mem 36.90GiB
GPU: cuda:0 | Step:  692 | Updates:  173 | Time/step: 0.4910 | Tok/sec=  8341.99 | Loss: 1.3738 / log-ppl: 3.9505 | Grad-Norm 2.2730 | ClipCoef 0.4400 | Peak-Mem 36.90GiB
GPU: cuda:0 | Step:  696 | Updates:  174 | Time/step: 0.5259 | Tok/sec=  7789.07 | Loss: 2.0239 / log-ppl: 7.5675 | Grad-Norm 2.0282 | ClipCoef 0.4930 | Peak-Mem 36.90GiB
GPU: cuda:0 | Step:  700 | Updates:  175 | Time/step: 0.4931 | Tok/sec=  8306.28 | Loss: 3.1220 / log-ppl: 22.6918 | Grad-Norm 2.8230 | ClipCoef 0.3542 | Peak-Mem 36.90GiB
GPU: cuda:0 | Step:  704 | Updates:  176 | Time/step: 0.5362 | Tok/sec=  7639.16 | Loss: 2.3398 / log-ppl: 10.3787 | Grad-Norm 2.0708 | ClipCoef 0.4829 | Peak-Mem 36.90GiB
GPU: cuda:0 | Step:  708 | Updates:  177 | Time/step: 0.4936 | Tok/sec=  8298.40 | Loss: 1.7505 / log-ppl: 5.7572 | Grad-Norm 2.0474 | ClipCoef 0.4884 | Peak-Mem 36.90GiB
GPU: cuda:0 | Step:  712 | Updates:  178 | Time/step: 0.4942 | Tok/sec=  8287.64 | Loss: 1.7577 / log-ppl: 5.7991 | Grad-Norm 3.6989 | ClipCoef 0.2703 | Peak-Mem 36.90GiB
GPU: cuda:0 | Step:  716 | Updates:  179 | Time/step: 0.5034 | Tok/sec=  8136.20 | Loss: 2.3058 / log-ppl: 10.0326 | Grad-Norm 2.4728 | ClipCoef 0.4044 | Peak-Mem 36.90GiB
GPU: cuda:0 | Step:  720 | Updates:  180 | Time/step: 0.5155 | Tok/sec=  7945.24 | Loss: 1.7116 / log-ppl: 5.5377 | Grad-Norm 2.1067 | ClipCoef 0.4747 | Peak-Mem 36.90GiB
GPU: cuda:0 | Step:  724 | Updates:  181 | Time/step: 0.4827 | Tok/sec=  8486.30 | Loss: 1.9055 / log-ppl: 6.7230 | Grad-Norm 1.9125 | ClipCoef 0.5229 | Peak-Mem 36.90GiB
GPU: cuda:0 | Step:  728 | Updates:  182 | Time/step: 0.4609 | Tok/sec=  8887.36 | Loss: 1.8120 / log-ppl: 6.1228 | Grad-Norm 2.1839 | ClipCoef 0.4579 | Peak-Mem 36.90GiB
GPU: cuda:0 | Step:  732 | Updates:  183 | Time/step: 0.5159 | Tok/sec=  7939.02 | Loss: 1.6908 / log-ppl: 5.4236 | Grad-Norm 2.3794 | ClipCoef 0.4203 | Peak-Mem 36.90GiB
GPU: cuda:0 | Step:  736 | Updates:  184 | Time/step: 0.4832 | Tok/sec=  8477.43 | Loss: 1.9946 / log-ppl: 7.3494 | Grad-Norm 2.1534 | ClipCoef 0.4644 | Peak-Mem 36.90GiB
GPU: cuda:0 | Step:  740 | Updates:  185 | Time/step: 0.5341 | Tok/sec=  7668.87 | Loss: 1.7514 / log-ppl: 5.7629 | Grad-Norm 2.1744 | ClipCoef 0.4599 | Peak-Mem 36.90GiB
GPU: cuda:0 | Step:  744 | Updates:  186 | Time/step: 0.5221 | Tok/sec=  7844.94 | Loss: 1.7597 / log-ppl: 5.8107 | Grad-Norm 2.3000 | ClipCoef 0.4348 | Peak-Mem 36.90GiB
GPU: cuda:0 | Step:  748 | Updates:  187 | Time/step: 0.4828 | Tok/sec=  8483.10 | Loss: 1.4619 / log-ppl: 4.3142 | Grad-Norm 1.9053 | ClipCoef 0.5248 | Peak-Mem 36.90GiB
GPU: cuda:0 | Step:  752 | Updates:  188 | Time/step: 0.4717 | Tok/sec=  8682.92 | Loss: 1.5830 / log-ppl: 4.8697 | Grad-Norm 2.1242 | ClipCoef 0.4708 | Peak-Mem 36.90GiB
GPU: cuda:0 | Step:  756 | Updates:  189 | Time/step: 0.4862 | Tok/sec=  8424.06 | Loss: 1.8051 / log-ppl: 6.0804 | Grad-Norm 1.6909 | ClipCoef 0.5914 | Peak-Mem 36.90GiB
GPU: cuda:0 | Step:  760 | Updates:  190 | Time/step: 0.4619 | Tok/sec=  8867.88 | Loss: 1.6112 / log-ppl: 5.0090 | Grad-Norm 2.1642 | ClipCoef 0.4621 | Peak-Mem 36.90GiB
GPU: cuda:0 | Step:  764 | Updates:  191 | Time/step: 0.4894 | Tok/sec=  8368.78 | Loss: 1.5383 / log-ppl: 4.6568 | Grad-Norm 2.2050 | ClipCoef 0.4535 | Peak-Mem 36.90GiB
GPU: cuda:0 | Step:  768 | Updates:  192 | Time/step: 0.5035 | Tok/sec=  8134.61 | Loss: 1.9520 / log-ppl: 7.0427 | Grad-Norm 1.7203 | ClipCoef 0.5813 | Peak-Mem 36.90GiB
GPU: cuda:0 | Step:  772 | Updates:  193 | Time/step: 0.5311 | Tok/sec=  7712.81 | Loss: 2.0889 / log-ppl: 8.0762 | Grad-Norm 2.1612 | ClipCoef 0.4627 | Peak-Mem 36.90GiB
GPU: cuda:0 | Step:  776 | Updates:  194 | Time/step: 0.4556 | Tok/sec=  8990.92 | Loss: 1.6927 / log-ppl: 5.4342 | Grad-Norm 1.8580 | ClipCoef 0.5382 | Peak-Mem 36.90GiB
GPU: cuda:0 | Step:  780 | Updates:  195 | Time/step: 0.4729 | Tok/sec=  8661.38 | Loss: 1.9999 / log-ppl: 7.3886 | Grad-Norm 2.0939 | ClipCoef 0.4776 | Peak-Mem 36.90GiB
GPU: cuda:0 | Step:  784 | Updates:  196 | Time/step: 0.4719 | Tok/sec=  8679.77 | Loss: 1.3108 / log-ppl: 3.7092 | Grad-Norm 1.8738 | ClipCoef 0.5337 | Peak-Mem 36.90GiB
GPU: cuda:0 | Step:  788 | Updates:  197 | Time/step: 0.5250 | Tok/sec=  7801.93 | Loss: 1.7303 / log-ppl: 5.6426 | Grad-Norm 2.0873 | ClipCoef 0.4791 | Peak-Mem 36.90GiB
GPU: cuda:0 | Step:  792 | Updates:  198 | Time/step: 0.5046 | Tok/sec=  8117.69 | Loss: 2.0748 / log-ppl: 7.9628 | Grad-Norm 2.2540 | ClipCoef 0.4437 | Peak-Mem 36.90GiB
GPU: cuda:0 | Step:  796 | Updates:  199 | Time/step: 0.5160 | Tok/sec=  7938.54 | Loss: 2.8296 / log-ppl: 16.9388 | Grad-Norm 2.5117 | ClipCoef 0.3981 | Peak-Mem 36.90GiB
GPU: cuda:0 | Step:  800 | Updates:  200 | Time/step: 0.4620 | Tok/sec=  8865.75 | Loss: 1.9989 / log-ppl: 7.3811 | Grad-Norm 2.0932 | ClipCoef 0.4777 | Peak-Mem 36.90GiB
GPU: cuda:0 | Step:  804 | Updates:  201 | Time/step: 0.4615 | Tok/sec=  8875.93 | Loss: 1.6150 / log-ppl: 5.0279 | Grad-Norm 2.0161 | ClipCoef 0.4960 | Peak-Mem 36.90GiB
GPU: cuda:0 | Step:  808 | Updates:  202 | Time/step: 0.5037 | Tok/sec=  8131.21 | Loss: 2.7807 / log-ppl: 16.1298 | Grad-Norm 2.1240 | ClipCoef 0.4708 | Peak-Mem 36.90GiB
GPU: cuda:0 | Step:  812 | Updates:  203 | Time/step: 0.4941 | Tok/sec=  8290.25 | Loss: 1.7277 / log-ppl: 5.6277 | Grad-Norm 1.7490 | ClipCoef 0.5718 | Peak-Mem 36.90GiB
GPU: cuda:0 | Step:  816 | Updates:  204 | Time/step: 0.4503 | Tok/sec=  9095.48 | Loss: 1.8068 / log-ppl: 6.0912 | Grad-Norm 1.5775 | ClipCoef 0.6339 | Peak-Mem 36.90GiB
GPU: cuda:0 | Step:  820 | Updates:  205 | Time/step: 0.5143 | Tok/sec=  7964.31 | Loss: 2.0135 / log-ppl: 7.4894 | Grad-Norm 1.7577 | ClipCoef 0.5689 | Peak-Mem 36.90GiB
GPU: cuda:0 | Step:  824 | Updates:  206 | Time/step: 0.4822 | Tok/sec=  8494.65 | Loss: 1.7051 / log-ppl: 5.5018 | Grad-Norm 1.8132 | ClipCoef 0.5515 | Peak-Mem 36.90GiB
GPU: cuda:0 | Step:  828 | Updates:  207 | Time/step: 0.4933 | Tok/sec=  8303.22 | Loss: 1.2919 / log-ppl: 3.6398 | Grad-Norm 1.7854 | ClipCoef 0.5601 | Peak-Mem 36.90GiB
GPU: cuda:0 | Step:  832 | Updates:  208 | Time/step: 0.5355 | Tok/sec=  7649.60 | Loss: 2.0502 / log-ppl: 7.7693 | Grad-Norm 1.5981 | ClipCoef 0.6257 | Peak-Mem 36.90GiB
GPU: cuda:0 | Step:  836 | Updates:  209 | Time/step: 0.4657 | Tok/sec=  8795.43 | Loss: 1.9389 / log-ppl: 6.9514 | Grad-Norm 2.1951 | ClipCoef 0.4556 | Peak-Mem 36.90GiB
GPU: cuda:0 | Step:  840 | Updates:  210 | Time/step: 0.4622 | Tok/sec=  8862.43 | Loss: 2.4853 / log-ppl: 12.0052 | Grad-Norm 1.6661 | ClipCoef 0.6002 | Peak-Mem 36.90GiB
GPU: cuda:0 | Step:  844 | Updates:  211 | Time/step: 0.5157 | Tok/sec=  7941.87 | Loss: 1.9168 / log-ppl: 6.7993 | Grad-Norm 1.6595 | ClipCoef 0.6026 | Peak-Mem 36.90GiB
GPU: cuda:0 | Step:  848 | Updates:  212 | Time/step: 0.4958 | Tok/sec=  8261.66 | Loss: 2.8101 / log-ppl: 16.6117 | Grad-Norm 2.3462 | ClipCoef 0.4262 | Peak-Mem 36.90GiB
GPU: cuda:0 | Step:  852 | Updates:  213 | Time/step: 0.5051 | Tok/sec=  8109.68 | Loss: 2.0261 / log-ppl: 7.5846 | Grad-Norm 2.0683 | ClipCoef 0.4835 | Peak-Mem 36.90GiB
GPU: cuda:0 | Step:  856 | Updates:  214 | Time/step: 0.4934 | Tok/sec=  8301.35 | Loss: 1.5311 / log-ppl: 4.6232 | Grad-Norm 1.6553 | ClipCoef 0.6041 | Peak-Mem 36.90GiB
GPU: cuda:0 | Step:  860 | Updates:  215 | Time/step: 0.4722 | Tok/sec=  8674.83 | Loss: 1.5629 / log-ppl: 4.7729 | Grad-Norm 1.8710 | ClipCoef 0.5345 | Peak-Mem 36.90GiB
GPU: cuda:0 | Step:  864 | Updates:  216 | Time/step: 0.5039 | Tok/sec=  8129.34 | Loss: 2.0190 / log-ppl: 7.5310 | Grad-Norm 2.5222 | ClipCoef 0.3965 | Peak-Mem 36.90GiB
GPU: cuda:0 | Step:  868 | Updates:  217 | Time/step: 0.4943 | Tok/sec=  8286.07 | Loss: 1.4725 / log-ppl: 4.3603 | Grad-Norm 1.7761 | ClipCoef 0.5630 | Peak-Mem 36.90GiB
GPU: cuda:0 | Step:  872 | Updates:  218 | Time/step: 0.4618 | Tok/sec=  8870.50 | Loss: 2.7088 / log-ppl: 15.0111 | Grad-Norm 1.7681 | ClipCoef 0.5656 | Peak-Mem 36.90GiB
GPU: cuda:0 | Step:  876 | Updates:  219 | Time/step: 0.4859 | Tok/sec=  8429.85 | Loss: 2.0961 / log-ppl: 8.1343 | Grad-Norm 1.7130 | ClipCoef 0.5838 | Peak-Mem 36.90GiB
GPU: cuda:0 | Step:  880 | Updates:  220 | Time/step: 0.5303 | Tok/sec=  7723.37 | Loss: 1.9317 / log-ppl: 6.9013 | Grad-Norm 1.5385 | ClipCoef 0.6500 | Peak-Mem 36.90GiB
GPU: cuda:0 | Step:  884 | Updates:  221 | Time/step: 0.5388 | Tok/sec=  7602.18 | Loss: 1.7765 / log-ppl: 5.9091 | Grad-Norm 1.8328 | ClipCoef 0.5456 | Peak-Mem 36.90GiB
GPU: cuda:0 | Step:  888 | Updates:  222 | Time/step: 0.4828 | Tok/sec=  8484.33 | Loss: 1.3722 / log-ppl: 3.9440 | Grad-Norm 1.4959 | ClipCoef 0.6685 | Peak-Mem 36.90GiB
GPU: cuda:0 | Step:  892 | Updates:  223 | Time/step: 0.4895 | Tok/sec=  8367.18 | Loss: 1.5697 / log-ppl: 4.8051 | Grad-Norm 1.8138 | ClipCoef 0.5513 | Peak-Mem 36.90GiB
GPU: cuda:0 | Step:  896 | Updates:  224 | Time/step: 0.5044 | Tok/sec=  8119.92 | Loss: 2.2968 / log-ppl: 9.9427 | Grad-Norm 1.7086 | ClipCoef 0.5853 | Peak-Mem 36.90GiB
GPU: cuda:0 | Step:  900 | Updates:  225 | Time/step: 0.5046 | Tok/sec=  8117.93 | Loss: 1.7498 / log-ppl: 5.7536 | Grad-Norm 1.9873 | ClipCoef 0.5032 | Peak-Mem 36.90GiB
GPU: cuda:0 | Step:  904 | Updates:  226 | Time/step: 0.4733 | Tok/sec=  8654.63 | Loss: 1.7062 / log-ppl: 5.5078 | Grad-Norm 1.9834 | ClipCoef 0.5042 | Peak-Mem 36.90GiB
GPU: cuda:0 | Step:  908 | Updates:  227 | Time/step: 0.5145 | Tok/sec=  7961.47 | Loss: 1.5605 / log-ppl: 4.7613 | Grad-Norm 2.0775 | ClipCoef 0.4813 | Peak-Mem 36.90GiB
GPU: cuda:0 | Step:  912 | Updates:  228 | Time/step: 0.4827 | Tok/sec=  8486.32 | Loss: 1.8696 / log-ppl: 6.4855 | Grad-Norm 1.7811 | ClipCoef 0.5615 | Peak-Mem 36.90GiB
GPU: cuda:0 | Step:  916 | Updates:  229 | Time/step: 0.4636 | Tok/sec=  8835.59 | Loss: 1.8948 / log-ppl: 6.6509 | Grad-Norm 1.7576 | ClipCoef 0.5689 | Peak-Mem 36.90GiB
GPU: cuda:0 | Step:  920 | Updates:  230 | Time/step: 0.5165 | Tok/sec=  7930.10 | Loss: 2.1057 / log-ppl: 8.2132 | Grad-Norm 2.1492 | ClipCoef 0.4653 | Peak-Mem 36.90GiB
GPU: cuda:0 | Step:  924 | Updates:  231 | Time/step: 0.4566 | Tok/sec=  8970.49 | Loss: 1.9961 / log-ppl: 7.3602 | Grad-Norm 2.0783 | ClipCoef 0.4812 | Peak-Mem 36.90GiB
GPU: cuda:0 | Step:  928 | Updates:  232 | Time/step: 0.5361 | Tok/sec=  7640.30 | Loss: 1.5999 / log-ppl: 4.9524 | Grad-Norm 1.4950 | ClipCoef 0.6689 | Peak-Mem 36.90GiB
GPU: cuda:0 | Step:  932 | Updates:  233 | Time/step: 0.4828 | Tok/sec=  8484.06 | Loss: 1.5663 / log-ppl: 4.7887 | Grad-Norm 1.5003 | ClipCoef 0.6665 | Peak-Mem 36.90GiB
GPU: cuda:0 | Step:  936 | Updates:  234 | Time/step: 0.4932 | Tok/sec=  8304.83 | Loss: 2.3617 / log-ppl: 10.6085 | Grad-Norm 1.6356 | ClipCoef 0.6114 | Peak-Mem 36.90GiB
GPU: cuda:0 | Step:  940 | Updates:  235 | Time/step: 0.5045 | Tok/sec=  8119.00 | Loss: 2.1759 / log-ppl: 8.8104 | Grad-Norm 1.9124 | ClipCoef 0.5229 | Peak-Mem 36.90GiB
GPU: cuda:0 | Step:  944 | Updates:  236 | Time/step: 0.5180 | Tok/sec=  7907.05 | Loss: 1.4948 / log-ppl: 4.4583 | Grad-Norm 1.5473 | ClipCoef 0.6463 | Peak-Mem 36.90GiB
GPU: cuda:0 | Step:  948 | Updates:  237 | Time/step: 0.5149 | Tok/sec=  7955.21 | Loss: 2.2618 / log-ppl: 9.6004 | Grad-Norm 1.7453 | ClipCoef 0.5730 | Peak-Mem 36.90GiB
GPU: cuda:0 | Step:  952 | Updates:  238 | Time/step: 0.5491 | Tok/sec=  7459.60 | Loss: 1.6346 / log-ppl: 5.1276 | Grad-Norm 2.0125 | ClipCoef 0.4969 | Peak-Mem 36.90GiB
GPU: cuda:0 | Step:  956 | Updates:  239 | Time/step: 0.4730 | Tok/sec=  8659.53 | Loss: 1.5337 / log-ppl: 4.6354 | Grad-Norm 1.8151 | ClipCoef 0.5509 | Peak-Mem 36.90GiB
GPU: cuda:0 | Step:  960 | Updates:  240 | Time/step: 0.5189 | Tok/sec=  7893.27 | Loss: 1.7030 / log-ppl: 5.4902 | Grad-Norm 1.6295 | ClipCoef 0.6137 | Peak-Mem 36.90GiB
GPU: cuda:0 | Step:  964 | Updates:  241 | Time/step: 0.5034 | Tok/sec=  8136.56 | Loss: 1.4165 / log-ppl: 4.1225 | Grad-Norm 1.6982 | ClipCoef 0.5889 | Peak-Mem 36.90GiB
GPU: cuda:0 | Step:  968 | Updates:  242 | Time/step: 0.5157 | Tok/sec=  7942.94 | Loss: 1.5824 / log-ppl: 4.8665 | Grad-Norm 1.8196 | ClipCoef 0.5496 | Peak-Mem 36.90GiB
GPU: cuda:0 | Step:  972 | Updates:  243 | Time/step: 0.4955 | Tok/sec=  8266.62 | Loss: 2.2400 / log-ppl: 9.3938 | Grad-Norm 1.7105 | ClipCoef 0.5846 | Peak-Mem 36.90GiB
GPU: cuda:0 | Step:  976 | Updates:  244 | Time/step: 0.4627 | Tok/sec=  8852.77 | Loss: 1.5645 / log-ppl: 4.7804 | Grad-Norm 1.6094 | ClipCoef 0.6214 | Peak-Mem 36.90GiB
GPU: cuda:0 | Step:  980 | Updates:  245 | Time/step: 0.4848 | Tok/sec=  8449.19 | Loss: 1.3906 / log-ppl: 4.0171 | Grad-Norm 3.1127 | ClipCoef 0.3213 | Peak-Mem 36.90GiB
GPU: cuda:0 | Step:  984 | Updates:  246 | Time/step: 0.5143 | Tok/sec=  7964.87 | Loss: 2.0522 / log-ppl: 7.7853 | Grad-Norm 1.5343 | ClipCoef 0.6518 | Peak-Mem 36.90GiB
GPU: cuda:0 | Step:  988 | Updates:  247 | Time/step: 0.4935 | Tok/sec=  8299.39 | Loss: 1.4753 / log-ppl: 4.3724 | Grad-Norm 1.6409 | ClipCoef 0.6094 | Peak-Mem 36.90GiB
GPU: cuda:0 | Step:  992 | Updates:  248 | Time/step: 0.4988 | Tok/sec=  8212.45 | Loss: 1.6462 / log-ppl: 5.1872 | Grad-Norm 1.5188 | ClipCoef 0.6584 | Peak-Mem 36.90GiB
GPU: cuda:0 | Step:  996 | Updates:  249 | Time/step: 0.5142 | Tok/sec=  7965.54 | Loss: 1.8180 / log-ppl: 6.1596 | Grad-Norm 1.8528 | ClipCoef 0.5397 | Peak-Mem 36.90GiB
GPU: cuda:0 | Step: 1000 | Updates:  250 | Time/step: 0.4727 | Tok/sec=  8664.80 | Loss: 1.6972 / log-ppl: 5.4584 | Grad-Norm 1.5372 | ClipCoef 0.6505 | Peak-Mem 36.90GiB
GPU: cuda:0 | Step: 1004 | Updates:  251 | Time/step: 0.5041 | Tok/sec=  8125.50 | Loss: 2.8287 / log-ppl: 16.9243 | Grad-Norm 2.1784 | ClipCoef 0.4590 | Peak-Mem 36.90GiB
GPU: cuda:0 | Step: 1008 | Updates:  252 | Time/step: 0.4948 | Tok/sec=  8277.27 | Loss: 1.9972 / log-ppl: 7.3686 | Grad-Norm 1.7922 | ClipCoef 0.5580 | Peak-Mem 36.90GiB
GPU: cuda:0 | Step: 1012 | Updates:  253 | Time/step: 0.5065 | Tok/sec=  8086.69 | Loss: 1.5067 / log-ppl: 4.5117 | Grad-Norm 2.1971 | ClipCoef 0.4552 | Peak-Mem 36.90GiB
GPU: cuda:0 | Step: 1016 | Updates:  254 | Time/step: 0.5141 | Tok/sec=  7967.33 | Loss: 2.1618 / log-ppl: 8.6871 | Grad-Norm 1.8517 | ClipCoef 0.5400 | Peak-Mem 36.90GiB
GPU: cuda:0 | Step: 1020 | Updates:  255 | Time/step: 0.4803 | Tok/sec=  8527.31 | Loss: 2.3654 / log-ppl: 10.6484 | Grad-Norm 1.8368 | ClipCoef 0.5444 | Peak-Mem 36.90GiB
GPU: cuda:0 | Step: 1024 | Updates:  256 | Time/step: 0.4834 | Tok/sec=  8473.41 | Loss: 1.6025 / log-ppl: 4.9655 | Grad-Norm 1.7696 | ClipCoef 0.5651 | Peak-Mem 36.90GiB
GPU: cuda:0 | Step: 1028 | Updates:  257 | Time/step: 0.4615 | Tok/sec=  8874.57 | Loss: 1.6031 / log-ppl: 4.9684 | Grad-Norm 1.4805 | ClipCoef 0.6754 | Peak-Mem 36.90GiB
GPU: cuda:0 | Step: 1032 | Updates:  258 | Time/step: 0.4834 | Tok/sec=  8474.02 | Loss: 1.1020 / log-ppl: 3.0101 | Grad-Norm 1.7876 | ClipCoef 0.5594 | Peak-Mem 36.90GiB
GPU: cuda:0 | Step: 1036 | Updates:  259 | Time/step: 0.4534 | Tok/sec=  9033.44 | Loss: 1.6997 / log-ppl: 5.4725 | Grad-Norm 2.3999 | ClipCoef 0.4167 | Peak-Mem 36.90GiB
GPU: cuda:0 | Step: 1040 | Updates:  260 | Time/step: 0.5038 | Tok/sec=  8130.26 | Loss: 1.7063 / log-ppl: 5.5084 | Grad-Norm 1.7582 | ClipCoef 0.5688 | Peak-Mem 36.90GiB
GPU: cuda:0 | Step: 1044 | Updates:  261 | Time/step: 0.4942 | Tok/sec=  8288.22 | Loss: 1.8982 / log-ppl: 6.6738 | Grad-Norm 1.4352 | ClipCoef 0.6968 | Peak-Mem 36.90GiB
GPU: cuda:0 | Step: 1048 | Updates:  262 | Time/step: 0.4728 | Tok/sec=  8663.11 | Loss: 2.9118 / log-ppl: 18.3900 | Grad-Norm 1.8954 | ClipCoef 0.5276 | Peak-Mem 36.90GiB
GPU: cuda:0 | Step: 1052 | Updates:  263 | Time/step: 0.5041 | Tok/sec=  8124.80 | Loss: 1.5284 / log-ppl: 4.6109 | Grad-Norm 1.4958 | ClipCoef 0.6685 | Peak-Mem 36.90GiB
GPU: cuda:0 | Step: 1056 | Updates:  264 | Time/step: 0.5253 | Tok/sec=  7798.07 | Loss: 1.5322 / log-ppl: 4.6283 | Grad-Norm 1.4409 | ClipCoef 0.6940 | Peak-Mem 36.90GiB
GPU: cuda:0 | Step: 1060 | Updates:  265 | Time/step: 0.6721 | Tok/sec=  6094.01 | Loss: 2.6467 / log-ppl: 14.1070 | Grad-Norm 2.1101 | ClipCoef 0.4739 | Peak-Mem 42.94GiB
GPU: cuda:0 | Step: 1064 | Updates:  266 | Time/step: 0.5710 | Tok/sec=  7173.01 | Loss: 1.6704 / log-ppl: 5.3143 | Grad-Norm 1.4352 | ClipCoef 0.6967 | Peak-Mem 42.94GiB
GPU: cuda:0 | Step: 1068 | Updates:  267 | Time/step: 0.5823 | Tok/sec=  7034.42 | Loss: 3.0338 / log-ppl: 20.7761 | Grad-Norm 1.8998 | ClipCoef 0.5264 | Peak-Mem 42.94GiB
GPU: cuda:0 | Step: 1072 | Updates:  268 | Time/step: 0.5280 | Tok/sec=  7756.98 | Loss: 1.7493 / log-ppl: 5.7508 | Grad-Norm 1.5710 | ClipCoef 0.6365 | Peak-Mem 42.94GiB
GPU: cuda:0 | Step: 1076 | Updates:  269 | Time/step: 0.6787 | Tok/sec=  6035.49 | Loss: 1.8064 / log-ppl: 6.0884 | Grad-Norm 1.4663 | ClipCoef 0.6820 | Peak-Mem 42.94GiB
GPU: cuda:0 | Step: 1080 | Updates:  270 | Time/step: 0.6476 | Tok/sec=  6324.61 | Loss: 1.5651 / log-ppl: 4.7831 | Grad-Norm 2.0298 | ClipCoef 0.4927 | Peak-Mem 42.94GiB
GPU: cuda:0 | Step: 1084 | Updates:  271 | Time/step: 0.6373 | Tok/sec=  6427.30 | Loss: 1.6149 / log-ppl: 5.0272 | Grad-Norm 1.6389 | ClipCoef 0.6101 | Peak-Mem 42.94GiB
GPU: cuda:0 | Step: 1088 | Updates:  272 | Time/step: 0.5823 | Tok/sec=  7034.40 | Loss: 1.8134 / log-ppl: 6.1311 | Grad-Norm 1.8541 | ClipCoef 0.5393 | Peak-Mem 42.94GiB
GPU: cuda:0 | Step: 1092 | Updates:  273 | Time/step: 0.5772 | Tok/sec=  7096.81 | Loss: 1.6076 / log-ppl: 4.9908 | Grad-Norm 1.8015 | ClipCoef 0.5551 | Peak-Mem 42.94GiB
GPU: cuda:0 | Step: 1096 | Updates:  274 | Time/step: 0.6159 | Tok/sec=  6650.73 | Loss: 1.8860 / log-ppl: 6.5932 | Grad-Norm 2.1652 | ClipCoef 0.4618 | Peak-Mem 42.94GiB
GPU: cuda:0 | Step: 1100 | Updates:  275 | Time/step: 0.5619 | Tok/sec=  7289.39 | Loss: 1.3846 / log-ppl: 3.9933 | Grad-Norm 2.0420 | ClipCoef 0.4897 | Peak-Mem 42.94GiB
GPU: cuda:0 | Step: 1104 | Updates:  276 | Time/step: 0.4512 | Tok/sec=  9078.93 | Loss: 1.4774 / log-ppl: 4.3817 | Grad-Norm 1.7602 | ClipCoef 0.5681 | Peak-Mem 36.90GiB
GPU: cuda:0 | Step: 1108 | Updates:  277 | Time/step: 0.5499 | Tok/sec=  7448.32 | Loss: 2.8345 / log-ppl: 17.0218 | Grad-Norm 2.2417 | ClipCoef 0.4461 | Peak-Mem 42.94GiB
GPU: cuda:0 | Step: 1112 | Updates:  278 | Time/step: 0.5714 | Tok/sec=  7168.49 | Loss: 1.9003 / log-ppl: 6.6882 | Grad-Norm 1.9588 | ClipCoef 0.5105 | Peak-Mem 42.94GiB
GPU: cuda:0 | Step: 1116 | Updates:  279 | Time/step: 0.7231 | Tok/sec=  5664.64 | Loss: 1.6439 / log-ppl: 5.1751 | Grad-Norm 1.5046 | ClipCoef 0.6646 | Peak-Mem 42.94GiB
GPU: cuda:0 | Step: 1120 | Updates:  280 | Time/step: 0.6163 | Tok/sec=  6645.81 | Loss: 1.5066 / log-ppl: 4.5115 | Grad-Norm 1.9165 | ClipCoef 0.5218 | Peak-Mem 42.94GiB
GPU: cuda:0 | Step: 1124 | Updates:  281 | Time/step: 0.5951 | Tok/sec=  6882.54 | Loss: 1.6971 / log-ppl: 5.4582 | Grad-Norm 2.0036 | ClipCoef 0.4991 | Peak-Mem 42.94GiB
GPU: cuda:0 | Step: 1128 | Updates:  282 | Time/step: 0.6292 | Tok/sec=  6509.73 | Loss: 1.9158 / log-ppl: 6.7925 | Grad-Norm 1.7537 | ClipCoef 0.5702 | Peak-Mem 42.94GiB
GPU: cuda:0 | Step: 1132 | Updates:  283 | Time/step: 0.6171 | Tok/sec=  6637.00 | Loss: 1.6684 / log-ppl: 5.3039 | Grad-Norm 1.5917 | ClipCoef 0.6283 | Peak-Mem 42.94GiB
GPU: cuda:0 | Step: 1136 | Updates:  284 | Time/step: 0.5626 | Tok/sec=  7280.82 | Loss: 1.3931 / log-ppl: 4.0274 | Grad-Norm 1.4964 | ClipCoef 0.6683 | Peak-Mem 42.94GiB
GPU: cuda:0 | Step: 1140 | Updates:  285 | Time/step: 0.6193 | Tok/sec=  6613.80 | Loss: 2.4289 / log-ppl: 11.3463 | Grad-Norm 1.6406 | ClipCoef 0.6095 | Peak-Mem 42.94GiB
GPU: cuda:0 | Step: 1144 | Updates:  286 | Time/step: 0.5063 | Tok/sec=  8089.65 | Loss: 1.7721 / log-ppl: 5.8830 | Grad-Norm 1.4677 | ClipCoef 0.6813 | Peak-Mem 42.94GiB
GPU: cuda:0 | Step: 1148 | Updates:  287 | Time/step: 0.6118 | Tok/sec=  6694.60 | Loss: 1.9179 / log-ppl: 6.8067 | Grad-Norm 1.4490 | ClipCoef 0.6901 | Peak-Mem 42.94GiB
GPU: cuda:0 | Step: 1152 | Updates:  288 | Time/step: 0.5863 | Tok/sec=  6986.72 | Loss: 1.5926 / log-ppl: 4.9164 | Grad-Norm 1.7644 | ClipCoef 0.5668 | Peak-Mem 42.94GiB
GPU: cuda:0 | Step: 1156 | Updates:  289 | Time/step: 0.6168 | Tok/sec=  6640.33 | Loss: 2.2716 / log-ppl: 9.6944 | Grad-Norm 1.6181 | ClipCoef 0.6180 | Peak-Mem 42.94GiB
GPU: cuda:0 | Step: 1160 | Updates:  290 | Time/step: 0.6580 | Tok/sec=  6224.95 | Loss: 2.4952 / log-ppl: 12.1247 | Grad-Norm 1.5190 | ClipCoef 0.6583 | Peak-Mem 42.94GiB
GPU: cuda:0 | Step: 1164 | Updates:  291 | Time/step: 0.6188 | Tok/sec=  6619.11 | Loss: 1.7192 / log-ppl: 5.5799 | Grad-Norm 1.8795 | ClipCoef 0.5321 | Peak-Mem 42.94GiB
GPU: cuda:0 | Step: 1168 | Updates:  292 | Time/step: 0.6499 | Tok/sec=  6302.78 | Loss: 1.9422 / log-ppl: 6.9738 | Grad-Norm 1.7169 | ClipCoef 0.5825 | Peak-Mem 42.94GiB
GPU: cuda:0 | Step: 1172 | Updates:  293 | Time/step: 0.5725 | Tok/sec=  7154.31 | Loss: 1.2222 / log-ppl: 3.3946 | Grad-Norm 1.4754 | ClipCoef 0.6778 | Peak-Mem 42.94GiB
GPU: cuda:0 | Step: 1176 | Updates:  294 | Time/step: 0.6976 | Tok/sec=  5871.79 | Loss: 1.8438 / log-ppl: 6.3207 | Grad-Norm 1.6403 | ClipCoef 0.6097 | Peak-Mem 42.94GiB
GPU: cuda:0 | Step: 1180 | Updates:  295 | Time/step: 0.5840 | Tok/sec=  7014.21 | Loss: 1.8368 / log-ppl: 6.2766 | Grad-Norm 1.5054 | ClipCoef 0.6643 | Peak-Mem 42.94GiB
GPU: cuda:0 | Step: 1184 | Updates:  296 | Time/step: 0.6285 | Tok/sec=  6517.09 | Loss: 1.7658 / log-ppl: 5.8464 | Grad-Norm 1.8662 | ClipCoef 0.5359 | Peak-Mem 42.94GiB
GPU: cuda:0 | Step: 1188 | Updates:  297 | Time/step: 0.5960 | Tok/sec=  6871.96 | Loss: 1.6348 / log-ppl: 5.1285 | Grad-Norm 1.5591 | ClipCoef 0.6414 | Peak-Mem 42.94GiB
GPU: cuda:0 | Step: 1192 | Updates:  298 | Time/step: 0.6045 | Tok/sec=  6776.02 | Loss: 1.7240 / log-ppl: 5.6069 | Grad-Norm 1.7637 | ClipCoef 0.5670 | Peak-Mem 42.94GiB
GPU: cuda:0 | Step: 1196 | Updates:  299 | Time/step: 0.5293 | Tok/sec=  7738.97 | Loss: 1.7794 / log-ppl: 5.9265 | Grad-Norm 1.5417 | ClipCoef 0.6486 | Peak-Mem 42.94GiB
GPU: cuda:0 | Step: 1200 | Updates:  300 | Time/step: 0.5506 | Tok/sec=  7439.41 | Loss: 1.6069 / log-ppl: 4.9872 | Grad-Norm 1.6412 | ClipCoef 0.6093 | Peak-Mem 42.94GiB
GPU: cuda:0 | Step: 1204 | Updates:  301 | Time/step: 0.6681 | Tok/sec=  6130.80 | Loss: 1.5379 / log-ppl: 4.6548 | Grad-Norm 1.6716 | ClipCoef 0.5982 | Peak-Mem 42.94GiB
GPU: cuda:0 | Step: 1208 | Updates:  302 | Time/step: 0.6475 | Tok/sec=  6325.63 | Loss: 1.6821 / log-ppl: 5.3770 | Grad-Norm 1.9867 | ClipCoef 0.5034 | Peak-Mem 42.94GiB
GPU: cuda:0 | Step: 1212 | Updates:  303 | Time/step: 0.5924 | Tok/sec=  6913.88 | Loss: 1.6787 / log-ppl: 5.3585 | Grad-Norm 1.5542 | ClipCoef 0.6434 | Peak-Mem 42.94GiB
GPU: cuda:0 | Step: 1216 | Updates:  304 | Time/step: 0.5832 | Tok/sec=  7022.80 | Loss: 1.1977 / log-ppl: 3.3124 | Grad-Norm 1.5000 | ClipCoef 0.6667 | Peak-Mem 42.94GiB
GPU: cuda:0 | Step: 1220 | Updates:  305 | Time/step: 0.6047 | Tok/sec=  6773.06 | Loss: 1.5392 / log-ppl: 4.6608 | Grad-Norm 1.4546 | ClipCoef 0.6875 | Peak-Mem 42.94GiB
GPU: cuda:0 | Step: 1224 | Updates:  306 | Time/step: 0.6382 | Tok/sec=  6418.28 | Loss: 1.8826 / log-ppl: 6.5706 | Grad-Norm 1.6876 | ClipCoef 0.5926 | Peak-Mem 42.94GiB
GPU: cuda:0 | Step: 1228 | Updates:  307 | Time/step: 0.6382 | Tok/sec=  6418.49 | Loss: 1.2827 / log-ppl: 3.6063 | Grad-Norm 1.7831 | ClipCoef 0.5608 | Peak-Mem 42.94GiB
GPU: cuda:0 | Step: 1232 | Updates:  308 | Time/step: 0.7007 | Tok/sec=  5845.23 | Loss: 2.9199 / log-ppl: 18.5401 | Grad-Norm 1.7375 | ClipCoef 0.5755 | Peak-Mem 42.94GiB
GPU: cuda:0 | Step: 1236 | Updates:  309 | Time/step: 0.6360 | Tok/sec=  6440.66 | Loss: 1.6820 / log-ppl: 5.3762 | Grad-Norm 1.6803 | ClipCoef 0.5951 | Peak-Mem 42.94GiB
GPU: cuda:0 | Step: 1240 | Updates:  310 | Time/step: 0.7105 | Tok/sec=  5764.93 | Loss: 1.7190 / log-ppl: 5.5791 | Grad-Norm 3.1682 | ClipCoef 0.3156 | Peak-Mem 42.94GiB
GPU: cuda:0 | Step: 1244 | Updates:  311 | Time/step: 0.6143 | Tok/sec=  6668.09 | Loss: 1.5796 / log-ppl: 4.8529 | Grad-Norm 1.8253 | ClipCoef 0.5479 | Peak-Mem 42.94GiB
GPU: cuda:0 | Step: 1248 | Updates:  312 | Time/step: 0.5488 | Tok/sec=  7462.92 | Loss: 1.6749 / log-ppl: 5.3384 | Grad-Norm 2.0762 | ClipCoef 0.4816 | Peak-Mem 42.94GiB
GPU: cuda:0 | Step: 1252 | Updates:  313 | Time/step: 0.6166 | Tok/sec=  6642.58 | Loss: 1.4871 / log-ppl: 4.4240 | Grad-Norm 1.5232 | ClipCoef 0.6565 | Peak-Mem 42.94GiB
GPU: cuda:0 | Step: 1256 | Updates:  314 | Time/step: 0.6473 | Tok/sec=  6328.13 | Loss: 1.7319 / log-ppl: 5.6512 | Grad-Norm 1.8324 | ClipCoef 0.5457 | Peak-Mem 42.94GiB
GPU: cuda:0 | Step: 1260 | Updates:  315 | Time/step: 0.6041 | Tok/sec=  6780.83 | Loss: 2.1921 / log-ppl: 8.9539 | Grad-Norm 1.4387 | ClipCoef 0.6951 | Peak-Mem 42.94GiB
GPU: cuda:0 | Step: 1264 | Updates:  316 | Time/step: 0.6049 | Tok/sec=  6771.87 | Loss: 1.5368 / log-ppl: 4.6498 | Grad-Norm 1.4785 | ClipCoef 0.6764 | Peak-Mem 42.94GiB
GPU: cuda:0 | Step: 1268 | Updates:  317 | Time/step: 0.5825 | Tok/sec=  7032.34 | Loss: 2.0748 / log-ppl: 7.9632 | Grad-Norm 2.1630 | ClipCoef 0.4623 | Peak-Mem 42.94GiB
GPU: cuda:0 | Step: 1272 | Updates:  318 | Time/step: 0.6457 | Tok/sec=  6343.17 | Loss: 1.6044 / log-ppl: 4.9751 | Grad-Norm 1.5384 | ClipCoef 0.6500 | Peak-Mem 42.94GiB
GPU: cuda:0 | Step: 1276 | Updates:  319 | Time/step: 0.5391 | Tok/sec=  7597.32 | Loss: 1.6659 / log-ppl: 5.2905 | Grad-Norm 1.6011 | ClipCoef 0.6246 | Peak-Mem 42.94GiB
GPU: cuda:0 | Step: 1280 | Updates:  320 | Time/step: 0.5400 | Tok/sec=  7584.94 | Loss: 1.3533 / log-ppl: 3.8701 | Grad-Norm 1.4418 | ClipCoef 0.6936 | Peak-Mem 42.94GiB
GPU: cuda:0 | Step: 1284 | Updates:  321 | Time/step: 0.6813 | Tok/sec=  6011.84 | Loss: 1.7315 / log-ppl: 5.6494 | Grad-Norm 1.7213 | ClipCoef 0.5810 | Peak-Mem 42.94GiB
GPU: cuda:0 | Step: 1288 | Updates:  322 | Time/step: 0.6367 | Tok/sec=  6433.49 | Loss: 0.5701 / log-ppl: 1.7685 | Grad-Norm 2.1090 | ClipCoef 0.4742 | Peak-Mem 42.94GiB
GPU: cuda:0 | Step: 1292 | Updates:  323 | Time/step: 0.5933 | Tok/sec=  6903.91 | Loss: 2.3262 / log-ppl: 10.2393 | Grad-Norm 2.1518 | ClipCoef 0.4647 | Peak-Mem 42.94GiB
GPU: cuda:0 | Step: 1296 | Updates:  324 | Time/step: 0.5828 | Tok/sec=  7028.51 | Loss: 2.1755 / log-ppl: 8.8069 | Grad-Norm 1.7165 | ClipCoef 0.5826 | Peak-Mem 42.94GiB
GPU: cuda:0 | Step: 1300 | Updates:  325 | Time/step: 0.6412 | Tok/sec=  6388.38 | Loss: 1.2455 / log-ppl: 3.4748 | Grad-Norm 1.7050 | ClipCoef 0.5865 | Peak-Mem 42.94GiB
GPU: cuda:0 | Step: 1304 | Updates:  326 | Time/step: 0.6369 | Tok/sec=  6430.91 | Loss: 1.8910 / log-ppl: 6.6258 | Grad-Norm 1.5338 | ClipCoef 0.6520 | Peak-Mem 42.94GiB
GPU: cuda:0 | Step: 1308 | Updates:  327 | Time/step: 0.6831 | Tok/sec=  5996.50 | Loss: 1.4203 / log-ppl: 4.1385 | Grad-Norm 1.5014 | ClipCoef 0.6661 | Peak-Mem 42.94GiB
GPU: cuda:0 | Step: 1312 | Updates:  328 | Time/step: 0.5391 | Tok/sec=  7597.20 | Loss: 1.7486 / log-ppl: 5.7467 | Grad-Norm 1.8907 | ClipCoef 0.5289 | Peak-Mem 42.94GiB
GPU: cuda:0 | Step: 1316 | Updates:  329 | Time/step: 0.5508 | Tok/sec=  7436.62 | Loss: 1.8915 / log-ppl: 6.6295 | Grad-Norm 1.4642 | ClipCoef 0.6829 | Peak-Mem 42.94GiB
GPU: cuda:0 | Step: 1320 | Updates:  330 | Time/step: 0.6791 | Tok/sec=  6031.65 | Loss: 1.5395 / log-ppl: 4.6621 | Grad-Norm 1.7849 | ClipCoef 0.5603 | Peak-Mem 42.94GiB
GPU: cuda:0 | Step: 1324 | Updates:  331 | Time/step: 0.6051 | Tok/sec=  6768.62 | Loss: 1.9944 / log-ppl: 7.3478 | Grad-Norm 1.8886 | ClipCoef 0.5295 | Peak-Mem 42.94GiB
GPU: cuda:0 | Step: 1328 | Updates:  332 | Time/step: 0.6051 | Tok/sec=  6769.12 | Loss: 1.5042 / log-ppl: 4.5005 | Grad-Norm 1.5734 | ClipCoef 0.6356 | Peak-Mem 42.94GiB
GPU: cuda:0 | Step: 1332 | Updates:  333 | Time/step: 0.4951 | Tok/sec=  8273.07 | Loss: 1.9463 / log-ppl: 7.0026 | Grad-Norm 1.4700 | ClipCoef 0.6803 | Peak-Mem 42.94GiB
GPU: cuda:0 | Step: 1336 | Updates:  334 | Time/step: 0.5617 | Tok/sec=  7292.39 | Loss: 2.0029 / log-ppl: 7.4103 | Grad-Norm 1.6517 | ClipCoef 0.6054 | Peak-Mem 42.94GiB
GPU: cuda:0 | Step: 1340 | Updates:  335 | Time/step: 0.6680 | Tok/sec=  6131.81 | Loss: 1.0895 / log-ppl: 2.9727 | Grad-Norm 1.6841 | ClipCoef 0.5938 | Peak-Mem 42.94GiB
GPU: cuda:0 | Step: 1344 | Updates:  336 | Time/step: 0.5412 | Tok/sec=  7567.75 | Loss: 1.8323 / log-ppl: 6.2481 | Grad-Norm 1.4686 | ClipCoef 0.6809 | Peak-Mem 42.94GiB
GPU: cuda:0 | Step: 1348 | Updates:  337 | Time/step: 0.5725 | Tok/sec=  7155.16 | Loss: 1.6013 / log-ppl: 4.9593 | Grad-Norm 2.0630 | ClipCoef 0.4847 | Peak-Mem 42.94GiB
GPU: cuda:0 | Step: 1352 | Updates:  338 | Time/step: 0.6137 | Tok/sec=  6673.94 | Loss: 2.2063 / log-ppl: 9.0824 | Grad-Norm 1.5808 | ClipCoef 0.6326 | Peak-Mem 42.94GiB
GPU: cuda:0 | Step: 1356 | Updates:  339 | Time/step: 0.6353 | Tok/sec=  6447.08 | Loss: 1.4440 / log-ppl: 4.2378 | Grad-Norm 1.5970 | ClipCoef 0.6262 | Peak-Mem 42.94GiB
GPU: cuda:0 | Step: 1360 | Updates:  340 | Time/step: 0.6152 | Tok/sec=  6658.34 | Loss: 1.2043 / log-ppl: 3.3346 | Grad-Norm 1.4703 | ClipCoef 0.6801 | Peak-Mem 42.94GiB
GPU: cuda:0 | Step: 1364 | Updates:  341 | Time/step: 0.6860 | Tok/sec=  5971.27 | Loss: 1.5435 / log-ppl: 4.6807 | Grad-Norm 1.4840 | ClipCoef 0.6739 | Peak-Mem 42.94GiB
GPU: cuda:0 | Step: 1368 | Updates:  342 | Time/step: 0.5927 | Tok/sec=  6911.30 | Loss: 1.4761 / log-ppl: 4.3756 | Grad-Norm 1.4293 | ClipCoef 0.6996 | Peak-Mem 42.94GiB
GPU: cuda:0 | Step: 1372 | Updates:  343 | Time/step: 0.6213 | Tok/sec=  6592.76 | Loss: 1.4224 / log-ppl: 4.1470 | Grad-Norm 1.5419 | ClipCoef 0.6486 | Peak-Mem 42.94GiB
GPU: cuda:0 | Step: 1376 | Updates:  344 | Time/step: 0.6641 | Tok/sec=  6167.64 | Loss: 1.6378 / log-ppl: 5.1440 | Grad-Norm 1.5037 | ClipCoef 0.6650 | Peak-Mem 42.94GiB
GPU: cuda:0 | Step: 1380 | Updates:  345 | Time/step: 0.7016 | Tok/sec=  5837.92 | Loss: 1.4669 / log-ppl: 4.3356 | Grad-Norm 1.5906 | ClipCoef 0.6287 | Peak-Mem 42.94GiB
GPU: cuda:0 | Step: 1384 | Updates:  346 | Time/step: 0.5709 | Tok/sec=  7174.33 | Loss: 1.6459 / log-ppl: 5.1855 | Grad-Norm 1.5492 | ClipCoef 0.6455 | Peak-Mem 42.94GiB
GPU: cuda:0 | Step: 1388 | Updates:  347 | Time/step: 0.7026 | Tok/sec=  5829.75 | Loss: 1.4968 / log-ppl: 4.4673 | Grad-Norm 1.4235 | ClipCoef 0.7025 | Peak-Mem 42.94GiB
GPU: cuda:0 | Step: 1392 | Updates:  348 | Time/step: 0.6598 | Tok/sec=  6208.11 | Loss: 1.6549 / log-ppl: 5.2328 | Grad-Norm 1.4957 | ClipCoef 0.6686 | Peak-Mem 42.94GiB
GPU: cuda:0 | Step: 1396 | Updates:  349 | Time/step: 0.6337 | Tok/sec=  6463.77 | Loss: 1.5779 / log-ppl: 4.8450 | Grad-Norm 1.4964 | ClipCoef 0.6683 | Peak-Mem 42.94GiB
GPU: cuda:0 | Step: 1400 | Updates:  350 | Time/step: 0.5279 | Tok/sec=  7759.17 | Loss: 1.7555 / log-ppl: 5.7861 | Grad-Norm 1.4474 | ClipCoef 0.6909 | Peak-Mem 42.94GiB
GPU: cuda:0 | Step: 1404 | Updates:  351 | Time/step: 0.6788 | Tok/sec=  6034.13 | Loss: 1.6276 / log-ppl: 5.0915 | Grad-Norm 2.7427 | ClipCoef 0.3646 | Peak-Mem 42.94GiB
GPU: cuda:0 | Step: 1408 | Updates:  352 | Time/step: 0.7127 | Tok/sec=  5746.85 | Loss: 1.6546 / log-ppl: 5.2312 | Grad-Norm 1.4917 | ClipCoef 0.6704 | Peak-Mem 42.94GiB
GPU: cuda:0 | Step: 1412 | Updates:  353 | Time/step: 0.6040 | Tok/sec=  6781.78 | Loss: 1.3615 / log-ppl: 3.9022 | Grad-Norm 1.3379 | ClipCoef 0.7474 | Peak-Mem 42.94GiB
GPU: cuda:0 | Step: 1416 | Updates:  354 | Time/step: 0.6139 | Tok/sec=  6672.40 | Loss: 1.1374 / log-ppl: 3.1187 | Grad-Norm 1.8960 | ClipCoef 0.5274 | Peak-Mem 42.94GiB
GPU: cuda:0 | Step: 1420 | Updates:  355 | Time/step: 0.5932 | Tok/sec=  6904.84 | Loss: 1.6354 / log-ppl: 5.1313 | Grad-Norm 1.5712 | ClipCoef 0.6365 | Peak-Mem 42.94GiB
GPU: cuda:0 | Step: 1424 | Updates:  356 | Time/step: 0.5936 | Tok/sec=  6899.97 | Loss: 1.3590 / log-ppl: 3.8925 | Grad-Norm 1.2966 | ClipCoef 0.7712 | Peak-Mem 42.94GiB
GPU: cuda:0 | Step: 1428 | Updates:  357 | Time/step: 0.5498 | Tok/sec=  7449.94 | Loss: 1.0478 / log-ppl: 2.8514 | Grad-Norm 1.5083 | ClipCoef 0.6630 | Peak-Mem 42.94GiB
GPU: cuda:0 | Step: 1432 | Updates:  358 | Time/step: 0.6027 | Tok/sec=  6796.34 | Loss: 1.8016 / log-ppl: 6.0596 | Grad-Norm 1.5581 | ClipCoef 0.6418 | Peak-Mem 42.94GiB
GPU: cuda:0 | Step: 1436 | Updates:  359 | Time/step: 0.5174 | Tok/sec=  7915.92 | Loss: 1.4654 / log-ppl: 4.3295 | Grad-Norm 1.2974 | ClipCoef 0.7707 | Peak-Mem 42.94GiB
GPU: cuda:0 | Step: 1440 | Updates:  360 | Time/step: 0.6168 | Tok/sec=  6641.02 | Loss: 1.6820 / log-ppl: 5.3763 | Grad-Norm 1.7843 | ClipCoef 0.5604 | Peak-Mem 42.94GiB
GPU: cuda:0 | Step: 1444 | Updates:  361 | Time/step: 0.6277 | Tok/sec=  6525.31 | Loss: 1.8721 / log-ppl: 6.5021 | Grad-Norm 2.0880 | ClipCoef 0.4789 | Peak-Mem 42.94GiB
GPU: cuda:0 | Step: 1448 | Updates:  362 | Time/step: 0.5397 | Tok/sec=  7589.56 | Loss: 1.3984 / log-ppl: 4.0488 | Grad-Norm 1.4855 | ClipCoef 0.6732 | Peak-Mem 42.94GiB
GPU: cuda:0 | Step: 1452 | Updates:  363 | Time/step: 0.6304 | Tok/sec=  6497.34 | Loss: 1.8250 / log-ppl: 6.2025 | Grad-Norm 1.4729 | ClipCoef 0.6790 | Peak-Mem 42.94GiB
GPU: cuda:0 | Step: 1456 | Updates:  364 | Time/step: 0.6374 | Tok/sec=  6425.85 | Loss: 1.3338 / log-ppl: 3.7954 | Grad-Norm 1.3657 | ClipCoef 0.7322 | Peak-Mem 42.94GiB
GPU: cuda:0 | Step: 1460 | Updates:  365 | Time/step: 0.6686 | Tok/sec=  6126.65 | Loss: 1.4735 / log-ppl: 4.3644 | Grad-Norm 1.4348 | ClipCoef 0.6970 | Peak-Mem 42.94GiB
GPU: cuda:0 | Step: 1464 | Updates:  366 | Time/step: 0.6056 | Tok/sec=  6763.29 | Loss: 1.5254 / log-ppl: 4.5969 | Grad-Norm 1.4978 | ClipCoef 0.6676 | Peak-Mem 42.94GiB
GPU: cuda:0 | Step: 1468 | Updates:  367 | Time/step: 0.5960 | Tok/sec=  6872.27 | Loss: 1.5691 / log-ppl: 4.8022 | Grad-Norm 1.5022 | ClipCoef 0.6657 | Peak-Mem 42.94GiB
GPU: cuda:0 | Step: 1472 | Updates:  368 | Time/step: 0.5827 | Tok/sec=  7029.91 | Loss: 2.2335 / log-ppl: 9.3324 | Grad-Norm 1.6747 | ClipCoef 0.5971 | Peak-Mem 42.94GiB
GPU: cuda:0 | Step: 1476 | Updates:  369 | Time/step: 0.6261 | Tok/sec=  6542.58 | Loss: 1.5581 / log-ppl: 4.7496 | Grad-Norm 1.3906 | ClipCoef 0.7191 | Peak-Mem 42.94GiB
GPU: cuda:0 | Step: 1480 | Updates:  370 | Time/step: 0.6148 | Tok/sec=  6661.90 | Loss: 1.5517 / log-ppl: 4.7193 | Grad-Norm 1.5250 | ClipCoef 0.6558 | Peak-Mem 42.94GiB
GPU: cuda:0 | Step: 1484 | Updates:  371 | Time/step: 0.6364 | Tok/sec=  6436.60 | Loss: 1.5824 / log-ppl: 4.8667 | Grad-Norm 1.6277 | ClipCoef 0.6144 | Peak-Mem 42.94GiB
GPU: cuda:0 | Step: 1488 | Updates:  372 | Time/step: 0.5989 | Tok/sec=  6838.77 | Loss: 1.5096 / log-ppl: 4.5250 | Grad-Norm 1.3030 | ClipCoef 0.7675 | Peak-Mem 42.94GiB
GPU: cuda:0 | Step: 1492 | Updates:  373 | Time/step: 0.5052 | Tok/sec=  8108.41 | Loss: 1.7694 / log-ppl: 5.8676 | Grad-Norm 1.4573 | ClipCoef 0.6862 | Peak-Mem 42.94GiB
GPU: cuda:0 | Step: 1496 | Updates:  374 | Time/step: 0.6147 | Tok/sec=  6663.73 | Loss: 2.8792 / log-ppl: 17.8002 | Grad-Norm 2.6451 | ClipCoef 0.3781 | Peak-Mem 42.94GiB
GPU: cuda:0 | Step: 1500 | Updates:  375 | Time/step: 0.6356 | Tok/sec=  6443.97 | Loss: 1.9498 / log-ppl: 7.0274 | Grad-Norm 1.3694 | ClipCoef 0.7302 | Peak-Mem 42.94GiB
GPU: cuda:0 | Step: 1504 | Updates:  376 | Time/step: 0.6901 | Tok/sec=  5935.32 | Loss: 1.3574 / log-ppl: 3.8860 | Grad-Norm 1.6551 | ClipCoef 0.6042 | Peak-Mem 42.94GiB
GPU: cuda:0 | Step: 1508 | Updates:  377 | Time/step: 0.5509 | Tok/sec=  7435.53 | Loss: 1.5708 / log-ppl: 4.8104 | Grad-Norm 1.3433 | ClipCoef 0.7445 | Peak-Mem 42.94GiB
GPU: cuda:0 | Step: 1512 | Updates:  378 | Time/step: 0.6381 | Tok/sec=  6419.05 | Loss: 1.6080 / log-ppl: 4.9931 | Grad-Norm 1.5383 | ClipCoef 0.6501 | Peak-Mem 42.94GiB
GPU: cuda:0 | Step: 1516 | Updates:  379 | Time/step: 0.5825 | Tok/sec=  7031.94 | Loss: 1.6650 / log-ppl: 5.2855 | Grad-Norm 1.3601 | ClipCoef 0.7352 | Peak-Mem 42.94GiB
GPU: cuda:0 | Step: 1520 | Updates:  380 | Time/step: 0.5816 | Tok/sec=  7042.31 | Loss: 2.7881 / log-ppl: 16.2502 | Grad-Norm 1.4817 | ClipCoef 0.6749 | Peak-Mem 42.94GiB
GPU: cuda:0 | Step: 1524 | Updates:  381 | Time/step: 0.5628 | Tok/sec=  7277.58 | Loss: 1.7431 / log-ppl: 5.7153 | Grad-Norm 1.4829 | ClipCoef 0.6744 | Peak-Mem 42.94GiB
GPU: cuda:0 | Step: 1528 | Updates:  382 | Time/step: 0.7189 | Tok/sec=  5697.96 | Loss: 1.9003 / log-ppl: 6.6880 | Grad-Norm 1.5756 | ClipCoef 0.6347 | Peak-Mem 42.94GiB
GPU: cuda:0 | Step: 1532 | Updates:  383 | Time/step: 0.6396 | Tok/sec=  6404.38 | Loss: 1.9906 / log-ppl: 7.3199 | Grad-Norm 1.5356 | ClipCoef 0.6512 | Peak-Mem 42.94GiB
GPU: cuda:0 | Step: 1536 | Updates:  384 | Time/step: 0.6107 | Tok/sec=  6706.61 | Loss: 1.7805 / log-ppl: 5.9326 | Grad-Norm 2.1156 | ClipCoef 0.4727 | Peak-Mem 42.94GiB
GPU: cuda:0 | Step: 1540 | Updates:  385 | Time/step: 0.6368 | Tok/sec=  6432.53 | Loss: 1.6124 / log-ppl: 5.0149 | Grad-Norm 1.5327 | ClipCoef 0.6524 | Peak-Mem 42.94GiB
GPU: cuda:0 | Step: 1544 | Updates:  386 | Time/step: 0.5961 | Tok/sec=  6871.49 | Loss: 1.5480 / log-ppl: 4.7022 | Grad-Norm 1.4888 | ClipCoef 0.6717 | Peak-Mem 42.94GiB
GPU: cuda:0 | Step: 1548 | Updates:  387 | Time/step: 0.6415 | Tok/sec=  6384.78 | Loss: 1.6384 / log-ppl: 5.1469 | Grad-Norm 1.9072 | ClipCoef 0.5243 | Peak-Mem 42.94GiB
GPU: cuda:0 | Step: 1552 | Updates:  388 | Time/step: 0.6542 | Tok/sec=  6261.13 | Loss: 1.4695 / log-ppl: 4.3470 | Grad-Norm 1.7898 | ClipCoef 0.5587 | Peak-Mem 42.94GiB
GPU: cuda:0 | Step: 1556 | Updates:  389 | Time/step: 0.6131 | Tok/sec=  6681.13 | Loss: 1.4232 / log-ppl: 4.1505 | Grad-Norm 1.5408 | ClipCoef 0.6490 | Peak-Mem 42.94GiB
GPU: cuda:0 | Step: 1560 | Updates:  390 | Time/step: 0.6145 | Tok/sec=  6665.44 | Loss: 1.7485 / log-ppl: 5.7459 | Grad-Norm 1.3875 | ClipCoef 0.7207 | Peak-Mem 42.94GiB
GPU: cuda:0 | Step: 1564 | Updates:  391 | Time/step: 0.6156 | Tok/sec=  6654.03 | Loss: 1.5560 / log-ppl: 4.7396 | Grad-Norm 1.5355 | ClipCoef 0.6512 | Peak-Mem 42.94GiB
GPU: cuda:0 | Step: 1568 | Updates:  392 | Time/step: 0.6052 | Tok/sec=  6768.32 | Loss: 1.6391 / log-ppl: 5.1506 | Grad-Norm 1.5165 | ClipCoef 0.6594 | Peak-Mem 42.94GiB
GPU: cuda:0 | Step: 1572 | Updates:  393 | Time/step: 0.5699 | Tok/sec=  7187.16 | Loss: 2.4890 / log-ppl: 12.0498 | Grad-Norm 1.5466 | ClipCoef 0.6466 | Peak-Mem 42.94GiB
GPU: cuda:0 | Step: 1576 | Updates:  394 | Time/step: 0.5930 | Tok/sec=  6906.70 | Loss: 1.7692 / log-ppl: 5.8663 | Grad-Norm 1.5298 | ClipCoef 0.6537 | Peak-Mem 42.94GiB
GPU: cuda:0 | Step: 1580 | Updates:  395 | Time/step: 0.5731 | Tok/sec=  7147.29 | Loss: 2.0581 / log-ppl: 7.8308 | Grad-Norm 1.3693 | ClipCoef 0.7303 | Peak-Mem 42.94GiB
GPU: cuda:0 | Step: 1584 | Updates:  396 | Time/step: 0.5623 | Tok/sec=  7284.34 | Loss: 1.1198 / log-ppl: 3.0642 | Grad-Norm 1.4568 | ClipCoef 0.6864 | Peak-Mem 42.94GiB
GPU: cuda:0 | Step: 1588 | Updates:  397 | Time/step: 0.6354 | Tok/sec=  6446.75 | Loss: 1.9182 / log-ppl: 6.8085 | Grad-Norm 1.6974 | ClipCoef 0.5891 | Peak-Mem 42.94GiB
GPU: cuda:0 | Step: 1592 | Updates:  398 | Time/step: 0.6143 | Tok/sec=  6667.25 | Loss: 1.6043 / log-ppl: 4.9745 | Grad-Norm 1.4793 | ClipCoef 0.6760 | Peak-Mem 42.94GiB
GPU: cuda:0 | Step: 1596 | Updates:  399 | Time/step: 0.5456 | Tok/sec=  7507.85 | Loss: 1.3688 / log-ppl: 3.9308 | Grad-Norm 1.5644 | ClipCoef 0.6392 | Peak-Mem 42.94GiB
GPU: cuda:0 | Step: 1600 | Updates:  400 | Time/step: 0.6183 | Tok/sec=  6624.27 | Loss: 1.6217 / log-ppl: 5.0617 | Grad-Norm 1.2695 | ClipCoef 0.7877 | Peak-Mem 42.94GiB
GPU: cuda:0 | Step: 1604 | Updates:  401 | Time/step: 0.6059 | Tok/sec=  6760.66 | Loss: 1.3159 / log-ppl: 3.7281 | Grad-Norm 1.5476 | ClipCoef 0.6462 | Peak-Mem 42.94GiB
GPU: cuda:0 | Step: 1608 | Updates:  402 | Time/step: 0.5421 | Tok/sec=  7555.52 | Loss: 1.9355 / log-ppl: 6.9278 | Grad-Norm 1.3644 | ClipCoef 0.7329 | Peak-Mem 42.94GiB
GPU: cuda:0 | Step: 1612 | Updates:  403 | Time/step: 0.7010 | Tok/sec=  5843.29 | Loss: 1.4410 / log-ppl: 4.2247 | Grad-Norm 1.5929 | ClipCoef 0.6278 | Peak-Mem 42.94GiB
GPU: cuda:0 | Step: 1616 | Updates:  404 | Time/step: 0.5493 | Tok/sec=  7456.23 | Loss: 1.9710 / log-ppl: 7.1777 | Grad-Norm 1.3735 | ClipCoef 0.7281 | Peak-Mem 42.94GiB
GPU: cuda:0 | Step: 1620 | Updates:  405 | Time/step: 0.5953 | Tok/sec=  6880.28 | Loss: 1.1238 / log-ppl: 3.0766 | Grad-Norm 1.3669 | ClipCoef 0.7316 | Peak-Mem 42.94GiB
GPU: cuda:0 | Step: 1624 | Updates:  406 | Time/step: 0.6940 | Tok/sec=  5902.11 | Loss: 1.2531 / log-ppl: 3.5013 | Grad-Norm 1.5986 | ClipCoef 0.6256 | Peak-Mem 42.94GiB
GPU: cuda:0 | Step: 1628 | Updates:  407 | Time/step: 0.5810 | Tok/sec=  7049.87 | Loss: 1.2597 / log-ppl: 3.5242 | Grad-Norm 1.2382 | ClipCoef 0.8076 | Peak-Mem 42.94GiB
GPU: cuda:0 | Step: 1632 | Updates:  408 | Time/step: 0.6944 | Tok/sec=  5898.69 | Loss: 1.2280 / log-ppl: 3.4144 | Grad-Norm 1.5312 | ClipCoef 0.6531 | Peak-Mem 42.94GiB
GPU: cuda:0 | Step: 1636 | Updates:  409 | Time/step: 0.6027 | Tok/sec=  6796.38 | Loss: 1.4197 / log-ppl: 4.1357 | Grad-Norm 1.4545 | ClipCoef 0.6875 | Peak-Mem 42.94GiB
GPU: cuda:0 | Step: 1640 | Updates:  410 | Time/step: 0.7009 | Tok/sec=  5843.85 | Loss: 2.2254 / log-ppl: 9.2569 | Grad-Norm 1.8034 | ClipCoef 0.5545 | Peak-Mem 42.94GiB
GPU: cuda:0 | Step: 1644 | Updates:  411 | Time/step: 0.5178 | Tok/sec=  7910.99 | Loss: 1.8065 / log-ppl: 6.0890 | Grad-Norm 1.3589 | ClipCoef 0.7359 | Peak-Mem 42.94GiB
GPU: cuda:0 | Step: 1648 | Updates:  412 | Time/step: 0.5737 | Tok/sec=  7139.14 | Loss: 1.2550 / log-ppl: 3.5079 | Grad-Norm 1.2440 | ClipCoef 0.8039 | Peak-Mem 42.94GiB
GPU: cuda:0 | Step: 1652 | Updates:  413 | Time/step: 0.5616 | Tok/sec=  7293.54 | Loss: 1.5403 / log-ppl: 4.6658 | Grad-Norm 1.4355 | ClipCoef 0.6966 | Peak-Mem 42.94GiB
GPU: cuda:0 | Step: 1656 | Updates:  414 | Time/step: 0.6570 | Tok/sec=  6233.95 | Loss: 1.3182 / log-ppl: 3.7368 | Grad-Norm 1.5522 | ClipCoef 0.6442 | Peak-Mem 42.94GiB
GPU: cuda:0 | Step: 1660 | Updates:  415 | Time/step: 0.6578 | Tok/sec=  6226.96 | Loss: 1.9145 / log-ppl: 6.7837 | Grad-Norm 1.5738 | ClipCoef 0.6354 | Peak-Mem 42.94GiB
GPU: cuda:0 | Step: 1664 | Updates:  416 | Time/step: 0.6284 | Tok/sec=  6518.35 | Loss: 1.4106 / log-ppl: 4.0984 | Grad-Norm 1.5794 | ClipCoef 0.6331 | Peak-Mem 42.94GiB
GPU: cuda:0 | Step: 1668 | Updates:  417 | Time/step: 0.5537 | Tok/sec=  7396.99 | Loss: 1.7691 / log-ppl: 5.8654 | Grad-Norm 1.5694 | ClipCoef 0.6372 | Peak-Mem 42.94GiB
GPU: cuda:0 | Step: 1672 | Updates:  418 | Time/step: 0.6496 | Tok/sec=  6305.37 | Loss: 1.4800 / log-ppl: 4.3928 | Grad-Norm 1.4826 | ClipCoef 0.6745 | Peak-Mem 42.94GiB
GPU: cuda:0 | Step: 1676 | Updates:  419 | Time/step: 0.5273 | Tok/sec=  7767.44 | Loss: 1.4666 / log-ppl: 4.3343 | Grad-Norm 1.3211 | ClipCoef 0.7570 | Peak-Mem 42.94GiB
GPU: cuda:0 | Step: 1680 | Updates:  420 | Time/step: 0.6246 | Tok/sec=  6557.75 | Loss: 1.5100 / log-ppl: 4.5269 | Grad-Norm 1.4145 | ClipCoef 0.7069 | Peak-Mem 42.94GiB
GPU: cuda:0 | Step: 1684 | Updates:  421 | Time/step: 0.5615 | Tok/sec=  7294.23 | Loss: 2.0298 / log-ppl: 7.6126 | Grad-Norm 1.4027 | ClipCoef 0.7129 | Peak-Mem 42.94GiB
GPU: cuda:0 | Step: 1688 | Updates:  422 | Time/step: 0.5761 | Tok/sec=  7109.79 | Loss: 1.8537 / log-ppl: 6.3831 | Grad-Norm 1.6165 | ClipCoef 0.6186 | Peak-Mem 42.94GiB
GPU: cuda:0 | Step: 1692 | Updates:  423 | Time/step: 0.6068 | Tok/sec=  6750.54 | Loss: 2.0619 / log-ppl: 7.8610 | Grad-Norm 1.4642 | ClipCoef 0.6830 | Peak-Mem 42.94GiB
GPU: cuda:0 | Step: 1696 | Updates:  424 | Time/step: 0.5947 | Tok/sec=  6887.90 | Loss: 1.7321 / log-ppl: 5.6526 | Grad-Norm 1.4184 | ClipCoef 0.7050 | Peak-Mem 42.94GiB
GPU: cuda:0 | Step: 1700 | Updates:  425 | Time/step: 0.5624 | Tok/sec=  7283.17 | Loss: 1.5216 / log-ppl: 4.5797 | Grad-Norm 1.4510 | ClipCoef 0.6892 | Peak-Mem 42.94GiB
GPU: cuda:0 | Step: 1704 | Updates:  426 | Time/step: 0.6283 | Tok/sec=  6519.07 | Loss: 1.6062 / log-ppl: 4.9839 | Grad-Norm 1.4482 | ClipCoef 0.6905 | Peak-Mem 42.94GiB
GPU: cuda:0 | Step: 1708 | Updates:  427 | Time/step: 0.5612 | Tok/sec=  7299.15 | Loss: 1.8814 / log-ppl: 6.5626 | Grad-Norm 1.3520 | ClipCoef 0.7397 | Peak-Mem 42.94GiB
GPU: cuda:0 | Step: 1712 | Updates:  428 | Time/step: 0.6583 | Tok/sec=  6222.30 | Loss: 2.1737 / log-ppl: 8.7911 | Grad-Norm 1.6150 | ClipCoef 0.6192 | Peak-Mem 42.94GiB
GPU: cuda:0 | Step: 1716 | Updates:  429 | Time/step: 0.5328 | Tok/sec=  7687.82 | Loss: 1.4419 / log-ppl: 4.2288 | Grad-Norm 1.3495 | ClipCoef 0.7410 | Peak-Mem 42.94GiB
GPU: cuda:0 | Step: 1720 | Updates:  430 | Time/step: 0.7116 | Tok/sec=  5755.73 | Loss: 1.5560 / log-ppl: 4.7398 | Grad-Norm 1.6625 | ClipCoef 0.6015 | Peak-Mem 42.94GiB
GPU: cuda:0 | Step: 1724 | Updates:  431 | Time/step: 0.5556 | Tok/sec=  7371.75 | Loss: 1.2025 / log-ppl: 3.3283 | Grad-Norm 1.5680 | ClipCoef 0.6377 | Peak-Mem 42.94GiB---------------------------------------
Begin Slurm Epilog: Jul-17-2026 22:00:16
Job ID:        11241579
User ID:       hjiang420
Account:       gts-aivanova7-lab
Job name:      b0_retrofit_parity.sbatch
Resources:     cpu=8,gres/gpu:a100=1,mem=64G,node=1
Rsrc Used:     cput=04:37:52,vmem=0,walltime=00:34:44,mem=10822532K,energy_used=0
Partition:     gpu-a100
QOS:           inferno
Nodes:         atl1-1-01-006-11-0
---------------------------------------
