---------------------------------------
Begin Slurm Prolog: Sep-21-2026 18:57:19
Job ID:    13420682
User ID:   hjiang420
Account:   gts-aivanova7-lab
Job name:  unit_suite
Partition: cpu-small
QOS:       inferno
---------------------------------------
=== unit suite | atl1-1-02-006-8-2.pace.gatech.edu ===
    tests: tests/test_read_into.py
    args:  -q -rs
    torch 2.5.1+cu121, python 3.11.15

..........................................                               [100%]
42 passed in 24.80s

==============================================================
SUITE GREEN in 27s
==============================================================
---------------------------------------
Begin Slurm Epilog: Sep-21-2026 18:57:59
Job ID:        13420682
User ID:       hjiang420
Account:       gts-aivanova7-lab
Job name:      unit_suite
Resources:     cpu=8,mem=32G,node=1
Rsrc Used:     cput=00:05:20,vmem=0,walltime=00:00:40,mem=1065468K,energy_used=0
Partition:     cpu-small
QOS:           inferno
Nodes:         atl1-1-02-006-8-2
---------------------------------------
