---------------------------------------
Begin Slurm Prolog: Jul-16-2026 23:29:04
Job ID:    11220007
User ID:   hjiang420
Account:   gts-aivanova7-lab
Job name:  eval_longcontext.sbatch
Partition: gpu-a100
QOS:       inferno
---------------------------------------
=== long-context eval: base-T32-nc1-sl4096  (ckpts/olmo8-cortex) -> eval_results/longcontext_20260716/base-T32-nc1-sl4096 ===
Loading checkpoint: None
Loading checkpoint shards:   0%|          | 0/2 [00:00<?, ?it/s]Loading checkpoint shards:  50%|█████     | 1/2 [00:38<00:38, 38.08s/it]Loading checkpoint shards: 100%|██████████| 2/2 [00:41<00:00, 17.94s/it]Loading checkpoint shards: 100%|██████████| 2/2 [00:41<00:00, 20.96s/it]
T=32  tasks=['qa1', 'qa2', 'qa3']  num_chunks=1  passes_per_chunk=1  ccot_passes=0

--- qa1 ---
  [qa1/1k] 50 examples processed...
  [qa1/1k] 100 examples processed...
  [qa1/2k] 50 examples processed...
  [qa1/2k] 100 examples processed...
  [qa1/4k] 50 examples processed...
  [qa1/4k] 100 examples processed...
  [qa1/8k] 50 examples processed...
  [qa1/8k] 100 examples processed...
  [qa1/16k] 50 examples processed...
  [qa1/16k] 100 examples processed...
  [qa1/32k] 50 examples processed...
  [qa1/32k] 100 examples processed...
  Bucket        Correct    Total      Acc
  ----------------------------------------
  1k                 24      100    0.240
  2k                  2      100    0.020
  4k                  0      100    0.000
  8k                  0      100    0.000
  16k                 0      100    0.000
  32k                 0      100    0.000

--- qa2 ---
  [qa2/1k] 50 examples processed...
  [qa2/1k] 100 examples processed...
  [qa2/2k] 50 examples processed...
  [qa2/2k] 100 examples processed...
  [qa2/4k] 50 examples processed...
  [qa2/4k] 100 examples processed...
  [qa2/8k] 50 examples processed...
  [qa2/8k] 100 examples processed...
  [qa2/16k] 50 examples processed...
  [qa2/16k] 100 examples processed...
  [qa2/32k] 50 examples processed...
  [qa2/32k] 100 examples processed...
  Bucket        Correct    Total      Acc
  ----------------------------------------
  1k                 24      100    0.240
  2k                  1      100    0.010
  4k                  0      100    0.000
  8k                  0      100    0.000
  16k                 0      100    0.000
  32k                 0      100    0.000

--- qa3 ---
  [qa3/1k] 50 examples processed...
  [qa3/1k] 100 examples processed...
  [qa3/2k] 50 examples processed...
  [qa3/2k] 100 examples processed...
  [qa3/4k] 50 examples processed...
  [qa3/4k] 100 examples processed...
  [qa3/8k] 50 examples processed...
  [qa3/8k] 100 examples processed...
  [qa3/16k] 50 examples processed...
  [qa3/16k] 100 examples processed...
  [qa3/32k] 50 examples processed...
  [qa3/32k] 100 examples processed...
  Bucket        Correct    Total      Acc
  ----------------------------------------
  1k                 14      100    0.140
  2k                  2      100    0.020
  4k                  0      100    0.000
  8k                  0      100    0.000
  16k                 0      100    0.000
  32k                 0      100    0.000

Results saved → eval_results/longcontext_20260716/base-T32-nc1-sl4096/babilong
Loading checkpoint: None
Loading checkpoint shards:   0%|          | 0/2 [00:00<?, ?it/s]Loading checkpoint shards:  50%|█████     | 1/2 [05:25<05:25, 325.67s/it]Loading checkpoint shards: 100%|██████████| 2/2 [05:49<00:00, 148.39s/it]Loading checkpoint shards: 100%|██████████| 2/2 [05:49<00:00, 174.98s/it]
T=32
  50 examples processed...
  100 examples processed...
  150 examples processed...
  200 examples processed...
  250 examples processed...
  300 examples processed...
  350 examples processed...
  400 examples processed...

  Bucket            Correct    Total      Acc
  --------------------------------------------
  ≤50sess                 1      200    0.005
  >50sess                 0      200    0.000

Results saved → eval_results/longcontext_20260716/base-T32-nc1-sl4096/longmemeval
---------------------------------------
Begin Slurm Epilog: Jul-17-2026 04:49:31
Job ID:        11220007
User ID:       hjiang420
Account:       gts-aivanova7-lab
Job name:      eval_longcontext.sbatch
Resources:     cpu=8,gres/gpu:a100=1,mem=64G,node=1
Rsrc Used:     cput=1-18:43:44,vmem=0,walltime=05:20:28,mem=8194412K,energy_used=0
Partition:     gpu-a100
QOS:           inferno
Nodes:         atl1-1-01-006-11-0
---------------------------------------
