---------------------------------------
Begin Slurm Prolog: Sep-02-2026 03:00:01
Job ID:    12691477
User ID:   hjiang420
Account:   gts-aivanova7-lab
Job name:  eval_longcontext.sbatch
Partition: gpu-a100
QOS:       inferno
---------------------------------------
[ok]  cortex-retrofit/retro-b2-acc32-cc8-mr8/final_checkpoint
      already prepared
      flags: {'use_memory': True, 'memory_slots': 0, 'memory_slots_iter': 0, 'memory_heads': 4, 'prefix_memory': 'accum', 'accum_vecs': 32, 'accum_max': 256, 'h_T_proj': True, 'lora_rank': 0, 'lora_alpha': 32.0, 'mean_recurrence': 32, 'mean_backprop_depth': 8}
=== long-context eval: retro-b2-acc32-cc8-mr8-T16-nc8-sl512  (cortex-retrofit/retro-b2-acc32-cc8-mr8/final_checkpoint) -> eval_results/longcontext_b2-final/retro-b2-acc32-cc8-mr8-T16-nc8-sl512 ===
Loading checkpoint: None
Loading checkpoint shards:   0%|          | 0/2 [00:00<?, ?it/s]Loading checkpoint shards:  50%|█████     | 1/2 [01:22<01:22, 82.83s/it]Loading checkpoint shards: 100%|██████████| 2/2 [01:36<00:00, 41.98s/it]Loading checkpoint shards: 100%|██████████| 2/2 [01:36<00:00, 48.11s/it]
T=16  tasks=['qa1', 'qa2', 'qa3']  num_chunks=8  passes_per_chunk=1  ccot_passes=0

--- qa1 ---
  [qa1/1k] 50 examples processed...
  [qa1/1k] 100 examples processed...
  [qa1/2k] 50 examples processed...
  [qa1/2k] 100 examples processed...
  [qa1/4k] 50 examples processed...
  [qa1/4k] 100 examples processed...
  [qa1/8k] 50 examples processed...
  [qa1/8k] 100 examples processed...
  [qa1/16k] 50 examples processed...
  [qa1/16k] 100 examples processed...
  [qa1/32k] 50 examples processed...
  [qa1/32k] 100 examples processed...
  Bucket        Correct    Total      Acc
  ----------------------------------------
  1k                 22      100    0.220
  2k                 20      100    0.200
  4k                 20      100    0.200
  8k                 18      100    0.180
  16k                20      100    0.200
  32k                18      100    0.180

--- qa2 ---
  [qa2/1k] 50 examples processed...
  [qa2/1k] 100 examples processed...
  [qa2/2k] 50 examples processed...
  [qa2/2k] 100 examples processed...
  [qa2/4k] 50 examples processed...
  [qa2/4k] 100 examples processed...
  [qa2/8k] 50 examples processed...
  [qa2/8k] 100 examples processed...
  [qa2/16k] 50 examples processed...
  [qa2/16k] 100 examples processed...
  [qa2/32k] 50 examples processed...
  [qa2/32k] 100 examples processed...
  Bucket        Correct    Total      Acc
  ----------------------------------------
  1k                 16      100    0.160
  2k                 15      100    0.150
  4k                 11      100    0.110
  8k                 11      100    0.110
  16k                10      100    0.100
  32k                12      100    0.120

--- qa3 ---
  [qa3/1k] 50 examples processed...
  [qa3/1k] 100 examples processed...
  [qa3/2k] 50 examples processed...
  [qa3/2k] 100 examples processed...
  [qa3/4k] 50 examples processed...
  [qa3/4k] 100 examples processed...
  [qa3/8k] 50 examples processed...
  [qa3/8k] 100 examples processed...
  [qa3/16k] 50 examples processed...
  [qa3/16k] 100 examples processed...
  [qa3/32k] 50 examples processed...
  [qa3/32k] 100 examples processed...
  Bucket        Correct    Total      Acc
  ----------------------------------------
  1k                  8      100    0.080
  2k                 12      100    0.120
  4k                  7      100    0.070
  8k                  7      100    0.070
  16k                 4      100    0.040
  32k                 3      100    0.030

Results saved → eval_results/longcontext_b2-final/retro-b2-acc32-cc8-mr8-T16-nc8-sl512/babilong
Loading checkpoint: None
Loading checkpoint shards:   0%|          | 0/2 [00:00<?, ?it/s]Loading checkpoint shards:  50%|█████     | 1/2 [01:20<01:20, 80.14s/it]Loading checkpoint shards: 100%|██████████| 2/2 [01:33<00:00, 41.04s/it]Loading checkpoint shards: 100%|██████████| 2/2 [01:33<00:00, 46.90s/it]
T=16
  50 examples processed...
  100 examples processed...
  150 examples processed...
  200 examples processed...
  250 examples processed...
  300 examples processed...
  350 examples processed...
  400 examples processed...

  Bucket            Correct    Total      Acc
  --------------------------------------------
  ≤50sess                13      200    0.065
  >50sess                10      200    0.050

Results saved → eval_results/longcontext_b2-final/retro-b2-acc32-cc8-mr8-T16-nc8-sl512/longmemeval
---------------------------------------
Begin Slurm Epilog: Sep-02-2026 07:32:06
Job ID:        12691477
User ID:       hjiang420
Account:       gts-aivanova7-lab
Job name:      eval_longcontext.sbatch
Resources:     cpu=8,gres/gpu:a100=1,mem=64G,node=1
Rsrc Used:     cput=1-12:16:32,vmem=0,walltime=04:32:04,mem=6618504K,energy_used=0
Partition:     gpu-a100
QOS:           inferno
Nodes:         atl1-1-01-002-16-0
---------------------------------------
