---------------------------------------
Begin Slurm Prolog: Jul-12-2026 18:28:33
Job ID:    11054831
User ID:   hjiang420
Account:   gts-aivanova7-lab
Job name:  eval_longcontext.sbatch
Partition: gpu-a100
QOS:       inferno
---------------------------------------
=== long-context eval: base  (ckpts/olmo8-cortex) -> eval_results/longcontext_20260712/base ===
Loading checkpoint: None
Loading checkpoint shards:   0%|          | 0/2 [00:00<?, ?it/s]Loading checkpoint shards:  50%|█████     | 1/2 [02:08<02:08, 128.96s/it]Loading checkpoint shards: 100%|██████████| 2/2 [02:23<00:00, 61.80s/it] Loading checkpoint shards: 100%|██████████| 2/2 [02:23<00:00, 71.87s/it]
T=8  tasks=['qa1', 'qa2', 'qa3']  num_chunks=4  passes_per_chunk=1  ccot_passes=0

--- qa1 ---
  [qa1/1k] 50 examples processed...
  [qa1/1k] 100 examples processed...
  [qa1/2k] 50 examples processed...
  [qa1/2k] 100 examples processed...
  [qa1/4k] 50 examples processed...
  [qa1/4k] 100 examples processed...
  [qa1/8k] 50 examples processed...
  [qa1/8k] 100 examples processed...
  [qa1/16k] 50 examples processed...
  [qa1/16k] 100 examples processed...
  [qa1/32k] 50 examples processed...
  [qa1/32k] 100 examples processed...
  Bucket        Correct    Total      Acc
  ----------------------------------------
  1k                 25      100    0.250
  2k                 23      100    0.230
  4k                 23      100    0.230
  8k                 22      100    0.220
  16k                21      100    0.210
  32k                22      100    0.220

--- qa2 ---
  [qa2/1k] 50 examples processed...
  [qa2/1k] 100 examples processed...
  [qa2/2k] 50 examples processed...
  [qa2/2k] 100 examples processed...
  [qa2/4k] 50 examples processed...
  [qa2/4k] 100 examples processed...
  [qa2/8k] 50 examples processed...
  [qa2/8k] 100 examples processed...
  [qa2/16k] 50 examples processed...
  [qa2/16k] 100 examples processed...
  [qa2/32k] 50 examples processed...
  [qa2/32k] 100 examples processed...
  Bucket        Correct    Total      Acc
  ----------------------------------------
  1k                 19      100    0.190
  2k                 14      100    0.140
  4k                 11      100    0.110
  8k                 11      100    0.110
  16k                10      100    0.100
  32k                 8      100    0.080

--- qa3 ---
  [qa3/1k] 50 examples processed...
  [qa3/1k] 100 examples processed...
  [qa3/2k] 50 examples processed...
  [qa3/2k] 100 examples processed...
  [qa3/4k] 50 examples processed...
  [qa3/4k] 100 examples processed...
  [qa3/8k] 50 examples processed...
  [qa3/8k] 100 examples processed...
  [qa3/16k] 50 examples processed...
  [qa3/16k] 100 examples processed...
  [qa3/32k] 50 examples processed...
  [qa3/32k] 100 examples processed...
  Bucket        Correct    Total      Acc
  ----------------------------------------
  1k                 16      100    0.160
  2k                 21      100    0.210
  4k                 19      100    0.190
  8k                 19      100    0.190
  16k                17      100    0.170
  32k                15      100    0.150

Results saved → eval_results/longcontext_20260712/base/babilong
Loading checkpoint: None
Loading checkpoint shards:   0%|          | 0/2 [00:00<?, ?it/s]Loading checkpoint shards:  50%|█████     | 1/2 [00:00<00:00,  1.38it/s]Loading checkpoint shards: 100%|██████████| 2/2 [00:00<00:00,  2.76it/s]Loading checkpoint shards: 100%|██████████| 2/2 [00:00<00:00,  2.40it/s]
T=8
  50 examples processed...
  100 examples processed...
  150 examples processed...
  200 examples processed...
  250 examples processed...
  300 examples processed...
  350 examples processed...
  400 examples processed...

  Bucket            Correct    Total      Acc
  --------------------------------------------
  ≤50sess                20      200    0.100
  >50sess                19      200    0.095

Results saved → eval_results/longcontext_20260712/base/longmemeval
---------------------------------------
Begin Slurm Epilog: Jul-12-2026 18:49:37
Job ID:        11054831
User ID:       hjiang420
Account:       gts-aivanova7-lab
Job name:      eval_longcontext.sbatch
Resources:     cpu=8,gres/gpu:a100=1,mem=64G,node=1
Rsrc Used:     cput=02:48:32,vmem=0,walltime=00:21:04,mem=8254016K,energy_used=0
Partition:     gpu-a100
QOS:           inferno
Nodes:         atl1-1-01-006-11-0
---------------------------------------
