---------------------------------------
Begin Slurm Prolog: Jul-16-2026 23:54:27
Job ID:    11220162
User ID:   hjiang420
Account:   gts-aivanova7-lab
Job name:  eval_iter_carry.sbatch
Partition: gpu-a100
QOS:       inferno
---------------------------------------
[ok]  cortex-retro-ft/rung1-k0-ki4-cc1-len1024-ep4/final_checkpoint
      already prepared
      flags: {'use_memory': True, 'memory_slots': 0, 'memory_slots_iter': 4, 'memory_heads': 4, 'ccot_direct': False, 'h_T_proj': True, 'lora_rank': 0, 'lora_alpha': 32.0, 'mean_recurrence': 8, 'mean_backprop_depth': 8}
=== iter-carry ablation: rung1-k0-ki4-cc1-len1024-ep4 (pool=last) -> eval_results/iter_carry_20260716/rung1-k0-ki4-cc1-len1024-ep4 ===
Loading: cortex-retro-ft/rung1-k0-ki4-cc1-len1024-ep4/final_checkpoint  (overlay: None)
Loading checkpoint shards:   0%|          | 0/2 [00:00<?, ?it/s]Loading checkpoint shards:  50%|█████     | 1/2 [01:55<01:55, 115.58s/it]Loading checkpoint shards: 100%|██████████| 2/2 [02:10<00:00, 56.64s/it] Loading checkpoint shards: 100%|██████████| 2/2 [02:10<00:00, 65.48s/it]
T=8  n_chunks=4  pool=last  m_iter=True  ccot_iter=False
data/pg19_olmo_val_len4096: 50 rows, evaluating 50
  25/50 samples...
  50/50 samples...

  Chunk       N    carried     zeroed   delta(z-c)        SE  (delta>0 => carry helps)
  ------------------------------------------------------------
  1          50     3.0619     3.0619      0.00000   0.00000
  2          50     3.7396     3.7397      0.00011   0.00023
  3          50     3.8049     3.8045     -0.00036   0.00027
  4          50     3.8222     3.8227      0.00047   0.00025

  chunks 2+ aggregate: delta = 0.00007 (SE 0.00015)  [chunk 1 is the identical-by-construction control]

Results saved -> eval_results/iter_carry_20260716/rung1-k0-ki4-cc1-len1024-ep4
---------------------------------------
Begin Slurm Epilog: Jul-16-2026 23:57:34
Job ID:        11220162
User ID:       hjiang420
Account:       gts-aivanova7-lab
Job name:      eval_iter_carry.sbatch
Resources:     cpu=8,gres/gpu:a100=1,mem=64G,node=1
Rsrc Used:     cput=00:25:04,vmem=0,walltime=00:03:08,mem=8605524K,energy_used=0
Partition:     gpu-a100
QOS:           inferno
Nodes:         atl1-1-02-018-31-0
---------------------------------------
