---------------------------------------
Begin Slurm Prolog: Jul-17-2026 19:45:31
Job ID:    11241576
User ID:   hjiang420
Account:   gts-aivanova7-lab
Job name:  rung1_frozen_loop.sbatch
Partition: gpu-a100
QOS:       inferno
---------------------------------------

CondaError: Run 'conda init' before 'conda deactivate'

[W717 19:45:46.662239476 CUDAAllocatorConfig.h:28] Warning: expandable_segments not supported on this platform (function operator())
Fri Jul 17 19:45:44: Time to load libraries: 8.93 seconds.
--------------------------------------------------------------------
------------------ Launching run rung1-k32-ga-rs-ep3-rcl------------------
--------------------------------------------------------------------
--------------------------------------------------------------------
Platform: linux, Python: 3.11.15, PyTorch: 2.5.1+cu121
CPU threads: 8, GPUs: 1 on atl1-1-01-006-5-0.pace.gatech.edu.
GPU : NVIDIA A100 80GB PCIe. CUDA: 12.1.
[cortex] memory ON: K=32 K_iter=0 ccot_direct=False accum_ccot=False (vecs=4/max=64) gated_accum=True cross_chunks=4 carry_grad_chunks=0 random_segments=True lora_rank=0
Random Initialization not implemented.
Random Initialization not implemented.
Random Initialization not implemented.
Random Initialization not implemented.
Random Initialization not implemented.
Random Initialization not implemented.
Random Initialization not implemented.
Random Initialization not implemented.
Random Initialization not implemented.
Random Initialization not implemented.
Random Initialization not implemented.
Random Initialization not implemented.
Random Initialization not implemented.
Loading checkpoint shards:   0%|          | 0/2 [00:00<?, ?it/s]Loading checkpoint shards:  50%|█████     | 1/2 [00:04<00:04,  4.38s/it]Loading checkpoint shards: 100%|██████████| 2/2 [00:05<00:00,  2.33s/it]Loading checkpoint shards: 100%|██████████| 2/2 [00:05<00:00,  2.64s/it]
Some weights of RavenForCausalLM were not initialized from the model checkpoint at ckpts/olmo8-cortex and are newly initialized: ['cortex.m_cross.forget_bias', 'cortex.m_cross.gate_proj_in.bias', 'cortex.m_cross.gate_proj_in.weight', 'cortex.m_cross.gate_proj_mem.bias', 'cortex.m_cross.gate_proj_mem.weight', 'cortex.m_cross.input_bias', 'cortex.m_cross.k_proj.weight', 'cortex.m_cross.out_proj.weight', 'cortex.m_cross.q_proj.weight', 'cortex.m_cross.v_proj.weight', 'cortex.m_cross.vec_emb', 'cortex.m_cross.vec_ln.bias', 'cortex.m_cross.vec_ln.weight', 'cortex.m_cross.wk_proj.weight', 'cortex.m_cross.wq_proj.weight', 'cortex.m_cross.wv_proj.weight']
You should probably TRAIN this model on a down-stream task to be able to use it for predictions and inference.
wandb: [wandb.login()] Loaded credentials for https://api.wandb.ai from /storage/home/hcoda1/3/hjiang420/.netrc.
wandb: Currently logged in as: henryyjiang42 (henryyjiang42-georgia-institute-of-technology) to https://api.wandb.ai. Use `wandb login --relogin` to force relogin
wandb: Tracking run with wandb version 0.28.0
wandb: Run data is saved locally in cortex-retro-ft/wandb/run-20260717_194553-q4kk24l7
wandb: Run `wandb offline` to turn off syncing.
wandb: Syncing run rung1-k32-ga-rs-ep3-rcl
wandb: ⭐️ View project at https://wandb.ai/henryyjiang42-georgia-institute-of-technology/cortex-retro-ft
wandb: 🚀 View run at https://wandb.ai/henryyjiang42-georgia-institute-of-technology/cortex-retro-ft/runs/q4kk24l7
[cortex] reset 10 cortex submodules to nn defaults + re-applied designed inits ['m_cross.[out_proj=0,vec_emb~N,forget_bias=1,input_bias=0]'] (undo post_init clobber)
[cortex] froze 49 loop (adapter+core_block) params; unfreeze at step never
GPU: cuda:0 | Step:   16 | Updates:    1 | Time/step: 1.0392 | Tok/sec=  3941.34 | Loss: 3.7953 / log-ppl: 44.4895 | Grad-Norm 1.5533 | ClipCoef 0.6438 | Peak-Mem 66.92GiB
GPU: cuda:0 | Step:   32 | Updates:    2 | Time/step: 0.9501 | Tok/sec=  4311.30 | Loss: 3.6695 / log-ppl: 39.2313 | Grad-Norm 1.5308 | ClipCoef 0.6532 | Peak-Mem 73.85GiB
GPU: cuda:0 | Step:   48 | Updates:    3 | Time/step: 0.8969 | Tok/sec=  4566.77 | Loss: 3.5224 / log-ppl: 33.8646 | Grad-Norm 1.4531 | ClipCoef 0.6882 | Peak-Mem 73.78GiB
GPU: cuda:0 | Step:   64 | Updates:    4 | Time/step: 0.9787 | Tok/sec=  4184.93 | Loss: 3.3209 / log-ppl: 27.6858 | Grad-Norm 1.5101 | ClipCoef 0.6622 | Peak-Mem 73.83GiB
GPU: cuda:0 | Step:   80 | Updates:    5 | Time/step: 1.1071 | Tok/sec=  3699.84 | Loss: 3.7554 / log-ppl: 42.7522 | Grad-Norm 1.2809 | ClipCoef 0.7807 | Peak-Mem 73.82GiB
GPU: cuda:0 | Step:   96 | Updates:    6 | Time/step: 1.0566 | Tok/sec=  3876.41 | Loss: 3.2187 / log-ppl: 24.9949 | Grad-Norm 1.1452 | ClipCoef 0.8732 | Peak-Mem 73.79GiB
GPU: cuda:0 | Step:  112 | Updates:    7 | Time/step: 1.0166 | Tok/sec=  4028.95 | Loss: 3.4201 / log-ppl: 30.5724 | Grad-Norm 1.2173 | ClipCoef 0.8215 | Peak-Mem 73.85GiB
GPU: cuda:0 | Step:  128 | Updates:    8 | Time/step: 1.1364 | Tok/sec=  3604.48 | Loss: 3.4242 / log-ppl: 30.6972 | Grad-Norm 1.3047 | ClipCoef 0.7665 | Peak-Mem 73.82GiB
GPU: cuda:0 | Step:  144 | Updates:    9 | Time/step: 1.0757 | Tok/sec=  3807.68 | Loss: 3.1486 / log-ppl: 23.3036 | Grad-Norm 1.2965 | ClipCoef 0.7713 | Peak-Mem 73.77GiB
GPU: cuda:0 | Step:  160 | Updates:   10 | Time/step: 0.9993 | Tok/sec=  4098.86 | Loss: 3.1908 / log-ppl: 24.3068 | Grad-Norm 1.2794 | ClipCoef 0.7816 | Peak-Mem 73.84GiB
GPU: cuda:0 | Step:  176 | Updates:   11 | Time/step: 1.0500 | Tok/sec=  3900.77 | Loss: 3.8940 / log-ppl: 49.1071 | Grad-Norm 1.1766 | ClipCoef 0.8499 | Peak-Mem 73.84GiB
GPU: cuda:0 | Step:  192 | Updates:   12 | Time/step: 1.0252 | Tok/sec=  3995.15 | Loss: 3.2310 / log-ppl: 25.3053 | Grad-Norm 1.1445 | ClipCoef 0.8738 | Peak-Mem 73.82GiB
GPU: cuda:0 | Step:  208 | Updates:   13 | Time/step: 1.0484 | Tok/sec=  3906.81 | Loss: 3.6272 / log-ppl: 37.6090 | Grad-Norm 1.1051 | ClipCoef 0.9049 | Peak-Mem 73.85GiB
GPU: cuda:0 | Step:  224 | Updates:   14 | Time/step: 1.0959 | Tok/sec=  3737.62 | Loss: 4.0051 / log-ppl: 54.8766 | Grad-Norm 1.2016 | ClipCoef 0.8322 | Peak-Mem 73.78GiB
GPU: cuda:0 | Step:  240 | Updates:   15 | Time/step: 1.1079 | Tok/sec=  3697.25 | Loss: 3.4860 / log-ppl: 32.6538 | Grad-Norm 1.2424 | ClipCoef 0.8049 | Peak-Mem 73.77GiB
GPU: cuda:0 | Step:  256 | Updates:   16 | Time/step: 0.9951 | Tok/sec=  4116.03 | Loss: 2.9601 / log-ppl: 19.3004 | Grad-Norm 1.1429 | ClipCoef 0.8750 | Peak-Mem 73.82GiB
GPU: cuda:0 | Step:  272 | Updates:   17 | Time/step: 1.0359 | Tok/sec=  3954.15 | Loss: 3.1880 / log-ppl: 24.2408 | Grad-Norm 1.1064 | ClipCoef 0.9038 | Peak-Mem 73.82GiB
GPU: cuda:0 | Step:  288 | Updates:   18 | Time/step: 1.1251 | Tok/sec=  3640.48 | Loss: 3.2473 / log-ppl: 25.7199 | Grad-Norm 1.0981 | ClipCoef 0.9107 | Peak-Mem 73.81GiB
GPU: cuda:0 | Step:  304 | Updates:   19 | Time/step: 1.0167 | Tok/sec=  4028.85 | Loss: 3.2027 / log-ppl: 24.5979 | Grad-Norm 1.0752 | ClipCoef 0.9301 | Peak-Mem 73.80GiB
GPU: cuda:0 | Step:  320 | Updates:   20 | Time/step: 1.1728 | Tok/sec=  3492.64 | Loss: 3.1907 / log-ppl: 24.3047 | Grad-Norm 1.0865 | ClipCoef 0.9204 | Peak-Mem 73.84GiB
GPU: cuda:0 | Step:  336 | Updates:   21 | Time/step: 1.0876 | Tok/sec=  3766.06 | Loss: 3.3436 / log-ppl: 28.3201 | Grad-Norm 1.0635 | ClipCoef 0.9403 | Peak-Mem 73.85GiB
GPU: cuda:0 | Step:  352 | Updates:   22 | Time/step: 1.1176 | Tok/sec=  3664.90 | Loss: 4.0234 / log-ppl: 55.8906 | Grad-Norm 1.0106 | ClipCoef 0.9895 | Peak-Mem 73.82GiB
GPU: cuda:0 | Step:  368 | Updates:   23 | Time/step: 0.9357 | Tok/sec=  4377.69 | Loss: 3.2970 / log-ppl: 27.0319 | Grad-Norm 1.0532 | ClipCoef 0.9495 | Peak-Mem 73.78GiB
GPU: cuda:0 | Step:  384 | Updates:   24 | Time/step: 0.9892 | Tok/sec=  4140.82 | Loss: 3.1209 / log-ppl: 22.6672 | Grad-Norm 1.0916 | ClipCoef 0.9161 | Peak-Mem 73.80GiB
GPU: cuda:0 | Step:  400 | Updates:   25 | Time/step: 0.9379 | Tok/sec=  4367.00 | Loss: 3.5027 / log-ppl: 33.2049 | Grad-Norm 0.9891 | ClipCoef 1.0000 | Peak-Mem 73.84GiB
GPU: cuda:0 | Step:  416 | Updates:   26 | Time/step: 1.0228 | Tok/sec=  4004.63 | Loss: 3.6994 / log-ppl: 40.4249 | Grad-Norm 0.9934 | ClipCoef 1.0000 | Peak-Mem 73.83GiB
GPU: cuda:0 | Step:  432 | Updates:   27 | Time/step: 1.0205 | Tok/sec=  4013.78 | Loss: 3.6038 / log-ppl: 36.7393 | Grad-Norm 1.1535 | ClipCoef 0.8669 | Peak-Mem 73.80GiB
GPU: cuda:0 | Step:  448 | Updates:   28 | Time/step: 1.0614 | Tok/sec=  3858.88 | Loss: 3.4700 / log-ppl: 32.1381 | Grad-Norm 1.1435 | ClipCoef 0.8745 | Peak-Mem 73.86GiB
GPU: cuda:0 | Step:  464 | Updates:   29 | Time/step: 0.9589 | Tok/sec=  4271.50 | Loss: 4.2281 / log-ppl: 68.5898 | Grad-Norm 1.0437 | ClipCoef 0.9581 | Peak-Mem 73.83GiB
GPU: cuda:0 | Step:  480 | Updates:   30 | Time/step: 1.1057 | Tok/sec=  3704.41 | Loss: 3.1443 / log-ppl: 23.2033 | Grad-Norm 1.0172 | ClipCoef 0.9831 | Peak-Mem 73.83GiB
GPU: cuda:0 | Step:  496 | Updates:   31 | Time/step: 1.1464 | Tok/sec=  3572.87 | Loss: 3.1532 / log-ppl: 23.4109 | Grad-Norm 1.0133 | ClipCoef 0.9869 | Peak-Mem 73.82GiB
GPU: cuda:0 | Step:  512 | Updates:   32 | Time/step: 1.0189 | Tok/sec=  4020.15 | Loss: 3.0966 / log-ppl: 22.1224 | Grad-Norm 0.9898 | ClipCoef 1.0000 | Peak-Mem 73.80GiB
GPU: cuda:0 | Step:  528 | Updates:   33 | Time/step: 1.0205 | Tok/sec=  4013.74 | Loss: 3.5674 / log-ppl: 35.4239 | Grad-Norm 0.9564 | ClipCoef 1.0000 | Peak-Mem 73.74GiB
GPU: cuda:0 | Step:  544 | Updates:   34 | Time/step: 0.8992 | Tok/sec=  4555.08 | Loss: 3.1471 / log-ppl: 23.2676 | Grad-Norm 0.9706 | ClipCoef 1.0000 | Peak-Mem 73.81GiB
GPU: cuda:0 | Step:  560 | Updates:   35 | Time/step: 1.4385 | Tok/sec=  2847.40 | Loss: 3.4387 / log-ppl: 31.1468 | Grad-Norm 0.9567 | ClipCoef 1.0000 | Peak-Mem 73.81GiB
GPU: cuda:0 | Step:  576 | Updates:   36 | Time/step: 1.1216 | Tok/sec=  3651.79 | Loss: 3.4746 / log-ppl: 32.2862 | Grad-Norm 0.9481 | ClipCoef 1.0000 | Peak-Mem 73.82GiB
GPU: cuda:0 | Step:  592 | Updates:   37 | Time/step: 1.0898 | Tok/sec=  3758.32 | Loss: 3.3886 / log-ppl: 29.6259 | Grad-Norm 0.9374 | ClipCoef 1.0000 | Peak-Mem 73.78GiB
GPU: cuda:0 | Step:  608 | Updates:   38 | Time/step: 0.9835 | Tok/sec=  4164.71 | Loss: 2.9996 / log-ppl: 20.0780 | Grad-Norm 0.9611 | ClipCoef 1.0000 | Peak-Mem 73.83GiB
GPU: cuda:0 | Step:  624 | Updates:   39 | Time/step: 1.0663 | Tok/sec=  3841.18 | Loss: 3.2282 / log-ppl: 25.2348 | Grad-Norm 0.9612 | ClipCoef 1.0000 | Peak-Mem 73.83GiB
GPU: cuda:0 | Step:  640 | Updates:   40 | Time/step: 0.9255 | Tok/sec=  4425.65 | Loss: 3.8860 / log-ppl: 48.7167 | Grad-Norm 0.9547 | ClipCoef 1.0000 | Peak-Mem 73.82GiB
GPU: cuda:0 | Step:  656 | Updates:   41 | Time/step: 1.0723 | Tok/sec=  3819.97 | Loss: 3.0123 / log-ppl: 20.3339 | Grad-Norm 0.9607 | ClipCoef 1.0000 | Peak-Mem 73.80GiB
GPU: cuda:0 | Step:  672 | Updates:   42 | Time/step: 1.0723 | Tok/sec=  3819.97 | Loss: 3.6257 / log-ppl: 37.5511 | Grad-Norm 0.9483 | ClipCoef 1.0000 | Peak-Mem 73.80GiB
GPU: cuda:0 | Step:  688 | Updates:   43 | Time/step: 1.1148 | Tok/sec=  3674.07 | Loss: 3.0468 / log-ppl: 21.0481 | Grad-Norm 0.8929 | ClipCoef 1.0000 | Peak-Mem 73.86GiB
GPU: cuda:0 | Step:  704 | Updates:   44 | Time/step: 1.0935 | Tok/sec=  3745.63 | Loss: 3.7806 / log-ppl: 43.8436 | Grad-Norm 0.9043 | ClipCoef 1.0000 | Peak-Mem 73.81GiB
GPU: cuda:0 | Step:  720 | Updates:   45 | Time/step: 1.0784 | Tok/sec=  3798.30 | Loss: 3.5306 / log-ppl: 34.1438 | Grad-Norm 0.9272 | ClipCoef 1.0000 | Peak-Mem 73.85GiB
GPU: cuda:0 | Step:  736 | Updates:   46 | Time/step: 1.1547 | Tok/sec=  3547.30 | Loss: 2.9572 / log-ppl: 19.2432 | Grad-Norm 0.9081 | ClipCoef 1.0000 | Peak-Mem 73.83GiB
GPU: cuda:0 | Step:  752 | Updates:   47 | Time/step: 1.0365 | Tok/sec=  3951.78 | Loss: 3.4757 / log-ppl: 32.3215 | Grad-Norm 0.9350 | ClipCoef 1.0000 | Peak-Mem 73.86GiB
GPU: cuda:0 | Step:  768 | Updates:   48 | Time/step: 0.9724 | Tok/sec=  4212.25 | Loss: 3.4468 / log-ppl: 31.3988 | Grad-Norm 0.8587 | ClipCoef 1.0000 | Peak-Mem 73.77GiB
GPU: cuda:0 | Step:  784 | Updates:   49 | Time/step: 0.9864 | Tok/sec=  4152.37 | Loss: 2.7826 / log-ppl: 16.1608 | Grad-Norm 0.8676 | ClipCoef 1.0000 | Peak-Mem 73.69GiB
GPU: cuda:0 | Step:  800 | Updates:   50 | Time/step: 1.0163 | Tok/sec=  4030.46 | Loss: 3.0950 / log-ppl: 22.0881 | Grad-Norm 0.8619 | ClipCoef 1.0000 | Peak-Mem 73.74GiB
GPU: cuda:0 | Step:  816 | Updates:   51 | Time/step: 0.9442 | Tok/sec=  4338.06 | Loss: 3.1482 / log-ppl: 23.2930 | Grad-Norm 0.8467 | ClipCoef 1.0000 | Peak-Mem 73.80GiB
GPU: cuda:0 | Step:  832 | Updates:   52 | Time/step: 1.0372 | Tok/sec=  3949.18 | Loss: 3.7531 / log-ppl: 42.6528 | Grad-Norm 0.8537 | ClipCoef 1.0000 | Peak-Mem 73.77GiB
GPU: cuda:0 | Step:  848 | Updates:   53 | Time/step: 1.0256 | Tok/sec=  3993.59 | Loss: 3.0813 / log-ppl: 21.7864 | Grad-Norm 1.0121 | ClipCoef 0.9880 | Peak-Mem 73.78GiB
GPU: cuda:0 | Step:  864 | Updates:   54 | Time/step: 1.1104 | Tok/sec=  3688.61 | Loss: 3.2331 / log-ppl: 25.3576 | Grad-Norm 0.8519 | ClipCoef 1.0000 | Peak-Mem 73.82GiB
GPU: cuda:0 | Step:  880 | Updates:   55 | Time/step: 1.0733 | Tok/sec=  3816.36 | Loss: 3.5660 / log-ppl: 35.3748 | Grad-Norm 0.9071 | ClipCoef 1.0000 | Peak-Mem 73.80GiB
GPU: cuda:0 | Step:  896 | Updates:   56 | Time/step: 1.1263 | Tok/sec=  3636.69 | Loss: 3.2976 / log-ppl: 27.0489 | Grad-Norm 0.8366 | ClipCoef 1.0000 | Peak-Mem 73.80GiB
GPU: cuda:0 | Step:  912 | Updates:   57 | Time/step: 1.1666 | Tok/sec=  3511.13 | Loss: 3.1251 / log-ppl: 22.7620 | Grad-Norm 0.8387 | ClipCoef 1.0000 | Peak-Mem 73.76GiB
GPU: cuda:0 | Step:  928 | Updates:   58 | Time/step: 1.0431 | Tok/sec=  3926.60 | Loss: 3.7436 / log-ppl: 42.2493 | Grad-Norm 0.8677 | ClipCoef 1.0000 | Peak-Mem 73.82GiB
GPU: cuda:0 | Step:  944 | Updates:   59 | Time/step: 1.0692 | Tok/sec=  3830.98 | Loss: 3.2408 / log-ppl: 25.5551 | Grad-Norm 0.8821 | ClipCoef 1.0000 | Peak-Mem 73.78GiB
GPU: cuda:0 | Step:  960 | Updates:   60 | Time/step: 1.0805 | Tok/sec=  3790.94 | Loss: 3.1658 / log-ppl: 23.7076 | Grad-Norm 0.8456 | ClipCoef 1.0000 | Peak-Mem 73.82GiB
GPU: cuda:0 | Step:  976 | Updates:   61 | Time/step: 1.1203 | Tok/sec=  3656.08 | Loss: 3.5384 / log-ppl: 34.4114 | Grad-Norm 0.8662 | ClipCoef 1.0000 | Peak-Mem 73.74GiB
GPU: cuda:0 | Step:  992 | Updates:   62 | Time/step: 0.9942 | Tok/sec=  4120.04 | Loss: 3.3750 / log-ppl: 29.2240 | Grad-Norm 0.8543 | ClipCoef 1.0000 | Peak-Mem 73.73GiB
GPU: cuda:0 | Step: 1008 | Updates:   63 | Time/step: 1.0936 | Tok/sec=  3745.28 | Loss: 3.6427 / log-ppl: 38.1961 | Grad-Norm 0.7997 | ClipCoef 1.0000 | Peak-Mem 73.81GiB
GPU: cuda:0 | Step: 1024 | Updates:   64 | Time/step: 1.0117 | Tok/sec=  4048.65 | Loss: 3.7841 / log-ppl: 43.9948 | Grad-Norm 0.8551 | ClipCoef 1.0000 | Peak-Mem 73.82GiB
GPU: cuda:0 | Step: 1040 | Updates:   65 | Time/step: 1.0418 | Tok/sec=  3931.60 | Loss: 2.9011 / log-ppl: 18.1944 | Grad-Norm 0.8140 | ClipCoef 1.0000 | Peak-Mem 73.86GiB
GPU: cuda:0 | Step: 1056 | Updates:   66 | Time/step: 1.1282 | Tok/sec=  3630.53 | Loss: 3.9595 / log-ppl: 52.4305 | Grad-Norm 0.9633 | ClipCoef 1.0000 | Peak-Mem 73.83GiB
GPU: cuda:0 | Step: 1072 | Updates:   67 | Time/step: 0.9591 | Tok/sec=  4270.51 | Loss: 3.3036 / log-ppl: 27.2095 | Grad-Norm 0.8593 | ClipCoef 1.0000 | Peak-Mem 73.79GiB
GPU: cuda:0 | Step: 1088 | Updates:   68 | Time/step: 1.1555 | Tok/sec=  3544.68 | Loss: 3.5806 / log-ppl: 35.8951 | Grad-Norm 0.7937 | ClipCoef 1.0000 | Peak-Mem 73.79GiB
GPU: cuda:0 | Step: 1104 | Updates:   69 | Time/step: 0.9246 | Tok/sec=  4429.80 | Loss: 2.9475 / log-ppl: 19.0577 | Grad-Norm 0.8849 | ClipCoef 1.0000 | Peak-Mem 73.84GiB
GPU: cuda:0 | Step: 1120 | Updates:   70 | Time/step: 1.1233 | Tok/sec=  3646.48 | Loss: 3.3340 / log-ppl: 28.0498 | Grad-Norm 0.7885 | ClipCoef 1.0000 | Peak-Mem 73.68GiB
GPU: cuda:0 | Step: 1136 | Updates:   71 | Time/step: 0.9973 | Tok/sec=  4107.19 | Loss: 3.2915 / log-ppl: 26.8843 | Grad-Norm 0.8225 | ClipCoef 1.0000 | Peak-Mem 73.80GiB
GPU: cuda:0 | Step: 1152 | Updates:   72 | Time/step: 0.9999 | Tok/sec=  4096.47 | Loss: 3.7936 / log-ppl: 44.4171 | Grad-Norm 0.8610 | ClipCoef 1.0000 | Peak-Mem 73.77GiB
GPU: cuda:0 | Step: 1168 | Updates:   73 | Time/step: 1.1100 | Tok/sec=  3690.06 | Loss: 3.1907 / log-ppl: 24.3066 | Grad-Norm 0.8041 | ClipCoef 1.0000 | Peak-Mem 73.84GiB
GPU: cuda:0 | Step: 1184 | Updates:   74 | Time/step: 1.0626 | Tok/sec=  3854.72 | Loss: 2.4860 / log-ppl: 12.0131 | Grad-Norm 0.8185 | ClipCoef 1.0000 | Peak-Mem 73.83GiB
GPU: cuda:0 | Step: 1200 | Updates:   75 | Time/step: 0.9202 | Tok/sec=  4451.35 | Loss: 2.5113 / log-ppl: 12.3206 | Grad-Norm 0.8775 | ClipCoef 1.0000 | Peak-Mem 73.80GiB
GPU: cuda:0 | Step: 1216 | Updates:   76 | Time/step: 1.0842 | Tok/sec=  3777.89 | Loss: 3.5342 / log-ppl: 34.2692 | Grad-Norm 0.8225 | ClipCoef 1.0000 | Peak-Mem 73.78GiB
GPU: cuda:0 | Step: 1232 | Updates:   77 | Time/step: 1.1167 | Tok/sec=  3667.95 | Loss: 3.4072 / log-ppl: 30.1805 | Grad-Norm 0.7801 | ClipCoef 1.0000 | Peak-Mem 73.83GiB
GPU: cuda:0 | Step: 1248 | Updates:   78 | Time/step: 1.1131 | Tok/sec=  3679.95 | Loss: 3.3270 / log-ppl: 27.8543 | Grad-Norm 0.8291 | ClipCoef 1.0000 | Peak-Mem 73.83GiB
GPU: cuda:0 | Step: 1264 | Updates:   79 | Time/step: 1.1251 | Tok/sec=  3640.45 | Loss: 3.6315 / log-ppl: 37.7704 | Grad-Norm 0.7835 | ClipCoef 1.0000 | Peak-Mem 73.75GiB
GPU: cuda:0 | Step: 1280 | Updates:   80 | Time/step: 1.0362 | Tok/sec=  3952.77 | Loss: 3.5584 / log-ppl: 35.1072 | Grad-Norm 0.8671 | ClipCoef 1.0000 | Peak-Mem 73.76GiB
GPU: cuda:0 | Step: 1296 | Updates:   81 | Time/step: 1.0080 | Tok/sec=  4063.40 | Loss: 3.3381 / log-ppl: 28.1653 | Grad-Norm 0.8490 | ClipCoef 1.0000 | Peak-Mem 73.87GiB
GPU: cuda:0 | Step: 1312 | Updates:   82 | Time/step: 1.1476 | Tok/sec=  3569.22 | Loss: 3.7791 / log-ppl: 43.7753 | Grad-Norm 1.0315 | ClipCoef 0.9695 | Peak-Mem 73.86GiB
GPU: cuda:0 | Step: 1328 | Updates:   83 | Time/step: 1.0825 | Tok/sec=  3783.70 | Loss: 3.2414 / log-ppl: 25.5708 | Grad-Norm 0.7863 | ClipCoef 1.0000 | Peak-Mem 73.72GiB
GPU: cuda:0 | Step: 1344 | Updates:   84 | Time/step: 1.0191 | Tok/sec=  4019.35 | Loss: 3.0753 / log-ppl: 21.6569 | Grad-Norm 0.8758 | ClipCoef 1.0000 | Peak-Mem 73.82GiB
GPU: cuda:0 | Step: 1360 | Updates:   85 | Time/step: 0.9744 | Tok/sec=  4203.66 | Loss: 2.8562 / log-ppl: 17.3962 | Grad-Norm 0.9044 | ClipCoef 1.0000 | Peak-Mem 73.81GiB
GPU: cuda:0 | Step: 1376 | Updates:   86 | Time/step: 1.2377 | Tok/sec=  3309.24 | Loss: 3.7333 / log-ppl: 41.8178 | Grad-Norm 0.8686 | ClipCoef 1.0000 | Peak-Mem 73.86GiB
GPU: cuda:0 | Step: 1392 | Updates:   87 | Time/step: 1.2560 | Tok/sec=  3261.07 | Loss: 2.9099 / log-ppl: 18.3552 | Grad-Norm 0.7820 | ClipCoef 1.0000 | Peak-Mem 73.85GiB
GPU: cuda:0 | Step: 1408 | Updates:   88 | Time/step: 1.1576 | Tok/sec=  3538.39 | Loss: 3.5322 / log-ppl: 34.1992 | Grad-Norm 0.7743 | ClipCoef 1.0000 | Peak-Mem 73.78GiB
GPU: cuda:0 | Step: 1424 | Updates:   89 | Time/step: 1.0458 | Tok/sec=  3916.45 | Loss: 3.5216 / log-ppl: 33.8375 | Grad-Norm 0.7839 | ClipCoef 1.0000 | Peak-Mem 73.80GiB
GPU: cuda:0 | Step: 1440 | Updates:   90 | Time/step: 1.3890 | Tok/sec=  2948.90 | Loss: 3.3259 / log-ppl: 27.8247 | Grad-Norm 0.8285 | ClipCoef 1.0000 | Peak-Mem 73.81GiB
GPU: cuda:0 | Step: 1456 | Updates:   91 | Time/step: 1.0573 | Tok/sec=  3874.03 | Loss: 3.4830 / log-ppl: 32.5570 | Grad-Norm 0.7969 | ClipCoef 1.0000 | Peak-Mem 73.86GiB
GPU: cuda:0 | Step: 1472 | Updates:   92 | Time/step: 1.0408 | Tok/sec=  3935.39 | Loss: 3.2996 / log-ppl: 27.1006 | Grad-Norm 0.9033 | ClipCoef 1.0000 | Peak-Mem 73.83GiB
GPU: cuda:0 | Step: 1488 | Updates:   93 | Time/step: 1.0682 | Tok/sec=  3834.40 | Loss: 3.0679 / log-ppl: 21.4974 | Grad-Norm 0.8876 | ClipCoef 1.0000 | Peak-Mem 73.87GiB
GPU: cuda:0 | Step: 1504 | Updates:   94 | Time/step: 1.1727 | Tok/sec=  3492.91 | Loss: 3.2232 / log-ppl: 25.1080 | Grad-Norm 0.8718 | ClipCoef 1.0000 | Peak-Mem 73.80GiB
GPU: cuda:0 | Step: 1520 | Updates:   95 | Time/step: 1.0120 | Tok/sec=  4047.27 | Loss: 4.0159 / log-ppl: 55.4754 | Grad-Norm 0.7797 | ClipCoef 1.0000 | Peak-Mem 73.85GiB
GPU: cuda:0 | Step: 1536 | Updates:   96 | Time/step: 1.0238 | Tok/sec=  4000.63 | Loss: 3.6183 / log-ppl: 37.2734 | Grad-Norm 0.8178 | ClipCoef 1.0000 | Peak-Mem 73.80GiB
GPU: cuda:0 | Step: 1552 | Updates:   97 | Time/step: 1.1231 | Tok/sec=  3647.11 | Loss: 3.5564 / log-ppl: 35.0359 | Grad-Norm 0.7501 | ClipCoef 1.0000 | Peak-Mem 73.81GiB
GPU: cuda:0 | Step: 1568 | Updates:   98 | Time/step: 1.0755 | Tok/sec=  3808.47 | Loss: 3.5454 / log-ppl: 34.6529 | Grad-Norm 0.8566 | ClipCoef 1.0000 | Peak-Mem 73.82GiB
GPU: cuda:0 | Step: 1584 | Updates:   99 | Time/step: 1.0068 | Tok/sec=  4068.42 | Loss: 3.5419 / log-ppl: 34.5316 | Grad-Norm 0.7148 | ClipCoef 1.0000 | Peak-Mem 73.73GiB
GPU: cuda:0 | Step: 1600 | Updates:  100 | Time/step: 1.1061 | Tok/sec=  3703.06 | Loss: 3.8425 / log-ppl: 46.6422 | Grad-Norm 0.7778 | ClipCoef 1.0000 | Peak-Mem 73.79GiB
GPU: cuda:0 | Step: 1616 | Updates:  101 | Time/step: 1.0298 | Tok/sec=  3977.29 | Loss: 3.3280 / log-ppl: 27.8828 | Grad-Norm 2.2909 | ClipCoef 0.4365 | Peak-Mem 73.80GiB
GPU: cuda:0 | Step: 1632 | Updates:  102 | Time/step: 1.0542 | Tok/sec=  3885.47 | Loss: 2.2791 / log-ppl: 9.7679 | Grad-Norm 0.8073 | ClipCoef 1.0000 | Peak-Mem 73.77GiB
GPU: cuda:0 | Step: 1648 | Updates:  103 | Time/step: 0.9989 | Tok/sec=  4100.50 | Loss: 3.3955 / log-ppl: 29.8303 | Grad-Norm 0.7561 | ClipCoef 1.0000 | Peak-Mem 73.68GiB
GPU: cuda:0 | Step: 1664 | Updates:  104 | Time/step: 1.1335 | Tok/sec=  3613.66 | Loss: 2.9025 / log-ppl: 18.2193 | Grad-Norm 1.0999 | ClipCoef 0.9092 | Peak-Mem 73.85GiB
GPU: cuda:0 | Step: 1680 | Updates:  105 | Time/step: 1.0488 | Tok/sec=  3905.50 | Loss: 3.2314 / log-ppl: 25.3154 | Grad-Norm 0.7989 | ClipCoef 1.0000 | Peak-Mem 73.83GiB
GPU: cuda:0 | Step: 1696 | Updates:  106 | Time/step: 1.0143 | Tok/sec=  4038.40 | Loss: 3.3527 / log-ppl: 28.5811 | Grad-Norm 0.8001 | ClipCoef 1.0000 | Peak-Mem 73.80GiB
GPU: cuda:0 | Step: 1712 | Updates:  107 | Time/step: 1.0955 | Tok/sec=  3738.86 | Loss: 3.3406 / log-ppl: 28.2369 | Grad-Norm 0.7794 | ClipCoef 1.0000 | Peak-Mem 73.86GiB
GPU: cuda:0 | Step: 1728 | Updates:  108 | Time/step: 1.0210 | Tok/sec=  4011.93 | Loss: 3.4201 / log-ppl: 30.5710 | Grad-Norm 0.7453 | ClipCoef 1.0000 | Peak-Mem 73.81GiB
GPU: cuda:0 | Step: 1744 | Updates:  109 | Time/step: 0.9704 | Tok/sec=  4221.08 | Loss: 3.6697 / log-ppl: 39.2402 | Grad-Norm 0.7697 | ClipCoef 1.0000 | Peak-Mem 73.82GiB
GPU: cuda:0 | Step: 1760 | Updates:  110 | Time/step: 1.1540 | Tok/sec=  3549.52 | Loss: 3.4016 / log-ppl: 30.0135 | Grad-Norm 0.7189 | ClipCoef 1.0000 | Peak-Mem 73.82GiB
GPU: cuda:0 | Step: 1776 | Updates:  111 | Time/step: 1.0975 | Tok/sec=  3732.11 | Loss: 2.7995 / log-ppl: 16.4366 | Grad-Norm 0.7262 | ClipCoef 1.0000 | Peak-Mem 73.82GiB
GPU: cuda:0 | Step: 1792 | Updates:  112 | Time/step: 1.1551 | Tok/sec=  3545.97 | Loss: 3.7389 / log-ppl: 42.0524 | Grad-Norm 0.7376 | ClipCoef 1.0000 | Peak-Mem 73.83GiB
GPU: cuda:0 | Step: 1808 | Updates:  113 | Time/step: 1.0068 | Tok/sec=  4068.28 | Loss: 3.2892 / log-ppl: 26.8212 | Grad-Norm 0.8386 | ClipCoef 1.0000 | Peak-Mem 73.72GiB
GPU: cuda:0 | Step: 1824 | Updates:  114 | Time/step: 1.1676 | Tok/sec=  3507.92 | Loss: 2.8840 / log-ppl: 17.8865 | Grad-Norm 0.7270 | ClipCoef 1.0000 | Peak-Mem 73.82GiB
GPU: cuda:0 | Step: 1840 | Updates:  115 | Time/step: 1.0722 | Tok/sec=  3820.27 | Loss: 2.6782 / log-ppl: 14.5594 | Grad-Norm 0.7466 | ClipCoef 1.0000 | Peak-Mem 73.78GiB
GPU: cuda:0 | Step: 1856 | Updates:  116 | Time/step: 1.0319 | Tok/sec=  3969.28 | Loss: 3.2624 / log-ppl: 26.1125 | Grad-Norm 0.7725 | ClipCoef 1.0000 | Peak-Mem 73.85GiB
GPU: cuda:0 | Step: 1872 | Updates:  117 | Time/step: 1.0872 | Tok/sec=  3767.59 | Loss: 3.2604 / log-ppl: 26.0607 | Grad-Norm 0.7631 | ClipCoef 1.0000 | Peak-Mem 73.79GiB
GPU: cuda:0 | Step: 1888 | Updates:  118 | Time/step: 1.0728 | Tok/sec=  3817.95 | Loss: 3.3152 / log-ppl: 27.5287 | Grad-Norm 0.7113 | ClipCoef 1.0000 | Peak-Mem 73.85GiB
GPU: cuda:0 | Step: 1904 | Updates:  119 | Time/step: 0.9709 | Tok/sec=  4218.61 | Loss: 3.4539 / log-ppl: 31.6232 | Grad-Norm 0.7948 | ClipCoef 1.0000 | Peak-Mem 73.84GiB
GPU: cuda:0 | Step: 1920 | Updates:  120 | Time/step: 1.1171 | Tok/sec=  3666.56 | Loss: 3.2637 / log-ppl: 26.1455 | Grad-Norm 0.7846 | ClipCoef 1.0000 | Peak-Mem 73.82GiB
GPU: cuda:0 | Step: 1936 | Updates:  121 | Time/step: 1.0498 | Tok/sec=  3901.87 | Loss: 3.1537 / log-ppl: 23.4224 | Grad-Norm 0.7694 | ClipCoef 1.0000 | Peak-Mem 73.84GiB
GPU: cuda:0 | Step: 1952 | Updates:  122 | Time/step: 1.1244 | Tok/sec=  3642.91 | Loss: 2.6656 / log-ppl: 14.3766 | Grad-Norm 0.7263 | ClipCoef 1.0000 | Peak-Mem 73.85GiB
GPU: cuda:0 | Step: 1968 | Updates:  123 | Time/step: 1.0229 | Tok/sec=  4004.33 | Loss: 1.5542 / log-ppl: 4.7312 | Grad-Norm 0.7142 | ClipCoef 1.0000 | Peak-Mem 73.85GiB
GPU: cuda:0 | Step: 1984 | Updates:  124 | Time/step: 0.9521 | Tok/sec=  4301.90 | Loss: 3.3711 / log-ppl: 29.1117 | Grad-Norm 0.8057 | ClipCoef 1.0000 | Peak-Mem 73.84GiB
GPU: cuda:0 | Step: 2000 | Updates:  125 | Time/step: 0.8770 | Tok/sec=  4670.65 | Loss: 2.9136 / log-ppl: 18.4224 | Grad-Norm 0.7487 | ClipCoef 1.0000 | Peak-Mem 73.77GiB
GPU: cuda:0 | Step: 2016 | Updates:  126 | Time/step: 1.0946 | Tok/sec=  3742.01 | Loss: 3.5278 / log-ppl: 34.0499 | Grad-Norm 0.7673 | ClipCoef 1.0000 | Peak-Mem 73.84GiB
GPU: cuda:0 | Step: 2032 | Updates:  127 | Time/step: 1.0554 | Tok/sec=  3881.05 | Loss: 3.4265 / log-ppl: 30.7703 | Grad-Norm 0.7985 | ClipCoef 1.0000 | Peak-Mem 73.74GiB
GPU: cuda:0 | Step: 2048 | Updates:  128 | Time/step: 1.0245 | Tok/sec=  3998.03 | Loss: 3.3162 / log-ppl: 27.5558 | Grad-Norm 0.7200 | ClipCoef 1.0000 | Peak-Mem 73.84GiB
GPU: cuda:0 | Step: 2064 | Updates:  129 | Time/step: 1.0803 | Tok/sec=  3791.64 | Loss: 3.3708 / log-ppl: 29.1028 | Grad-Norm 0.7006 | ClipCoef 1.0000 | Peak-Mem 73.83GiB
GPU: cuda:0 | Step: 2080 | Updates:  130 | Time/step: 1.0914 | Tok/sec=  3753.04 | Loss: 3.1485 / log-ppl: 23.3020 | Grad-Norm 0.7812 | ClipCoef 1.0000 | Peak-Mem 73.73GiB
GPU: cuda:0 | Step: 2096 | Updates:  131 | Time/step: 1.1703 | Tok/sec=  3500.00 | Loss: 3.1921 / log-ppl: 24.3393 | Grad-Norm 0.7360 | ClipCoef 1.0000 | Peak-Mem 73.77GiB
GPU: cuda:0 | Step: 2112 | Updates:  132 | Time/step: 1.0552 | Tok/sec=  3881.61 | Loss: 3.4833 / log-ppl: 32.5660 | Grad-Norm 0.7947 | ClipCoef 1.0000 | Peak-Mem 73.77GiB
GPU: cuda:0 | Step: 2128 | Updates:  133 | Time/step: 1.1531 | Tok/sec=  3552.19 | Loss: 2.7779 / log-ppl: 16.0859 | Grad-Norm 0.7028 | ClipCoef 1.0000 | Peak-Mem 73.85GiB
GPU: cuda:0 | Step: 2144 | Updates:  134 | Time/step: 1.1063 | Tok/sec=  3702.40 | Loss: 3.0559 / log-ppl: 21.2398 | Grad-Norm 0.7019 | ClipCoef 1.0000 | Peak-Mem 73.83GiB
GPU: cuda:0 | Step: 2160 | Updates:  135 | Time/step: 1.0011 | Tok/sec=  4091.53 | Loss: 3.6340 / log-ppl: 37.8639 | Grad-Norm 0.6993 | ClipCoef 1.0000 | Peak-Mem 73.80GiB
GPU: cuda:0 | Step: 2176 | Updates:  136 | Time/step: 1.0124 | Tok/sec=  4046.01 | Loss: 3.1157 / log-ppl: 22.5482 | Grad-Norm 0.8211 | ClipCoef 1.0000 | Peak-Mem 73.86GiB
GPU: cuda:0 | Step: 2192 | Updates:  137 | Time/step: 1.1744 | Tok/sec=  3487.86 | Loss: 3.2336 / log-ppl: 25.3716 | Grad-Norm 0.8472 | ClipCoef 1.0000 | Peak-Mem 73.82GiB
GPU: cuda:0 | Step: 2208 | Updates:  138 | Time/step: 1.1523 | Tok/sec=  3554.75 | Loss: 2.9731 / log-ppl: 19.5516 | Grad-Norm 0.7743 | ClipCoef 1.0000 | Peak-Mem 73.82GiB
GPU: cuda:0 | Step: 2224 | Updates:  139 | Time/step: 1.4584 | Tok/sec=  2808.59 | Loss: 3.3171 / log-ppl: 27.5812 | Grad-Norm 0.7225 | ClipCoef 1.0000 | Peak-Mem 73.73GiB
GPU: cuda:0 | Step: 2240 | Updates:  140 | Time/step: 1.1601 | Tok/sec=  3530.76 | Loss: 3.5462 / log-ppl: 34.6828 | Grad-Norm 0.7290 | ClipCoef 1.0000 | Peak-Mem 73.78GiB
GPU: cuda:0 | Step: 2256 | Updates:  141 | Time/step: 1.1830 | Tok/sec=  3462.51 | Loss: 3.3366 / log-ppl: 28.1246 | Grad-Norm 0.7379 | ClipCoef 1.0000 | Peak-Mem 73.80GiB
GPU: cuda:0 | Step: 2272 | Updates:  142 | Time/step: 0.9517 | Tok/sec=  4303.85 | Loss: 2.9980 / log-ppl: 20.0462 | Grad-Norm 0.7289 | ClipCoef 1.0000 | Peak-Mem 73.81GiB
GPU: cuda:0 | Step: 2288 | Updates:  143 | Time/step: 1.0102 | Tok/sec=  4054.50 | Loss: 2.9144 / log-ppl: 18.4370 | Grad-Norm 0.7498 | ClipCoef 1.0000 | Peak-Mem 73.83GiB
GPU: cuda:0 | Step: 2304 | Updates:  144 | Time/step: 1.1892 | Tok/sec=  3444.22 | Loss: 3.1351 / log-ppl: 22.9909 | Grad-Norm 0.7241 | ClipCoef 1.0000 | Peak-Mem 73.86GiB
GPU: cuda:0 | Step: 2320 | Updates:  145 | Time/step: 1.0132 | Tok/sec=  4042.55 | Loss: 3.3767 / log-ppl: 29.2726 | Grad-Norm 0.7136 | ClipCoef 1.0000 | Peak-Mem 73.83GiB
GPU: cuda:0 | Step: 2336 | Updates:  146 | Time/step: 0.9421 | Tok/sec=  4347.72 | Loss: 2.3948 / log-ppl: 10.9655 | Grad-Norm 0.7082 | ClipCoef 1.0000 | Peak-Mem 73.77GiB
GPU: cuda:0 | Step: 2352 | Updates:  147 | Time/step: 1.0676 | Tok/sec=  3836.78 | Loss: 2.9460 / log-ppl: 19.0298 | Grad-Norm 0.7285 | ClipCoef 1.0000 | Peak-Mem 73.87GiB
GPU: cuda:0 | Step: 2368 | Updates:  148 | Time/step: 1.0280 | Tok/sec=  3984.52 | Loss: 3.2994 / log-ppl: 27.0964 | Grad-Norm 0.7018 | ClipCoef 1.0000 | Peak-Mem 73.83GiB
GPU: cuda:0 | Step: 2384 | Updates:  149 | Time/step: 1.1846 | Tok/sec=  3457.84 | Loss: 3.4462 / log-ppl: 31.3807 | Grad-Norm 0.7059 | ClipCoef 1.0000 | Peak-Mem 73.84GiB
GPU: cuda:0 | Step: 2400 | Updates:  150 | Time/step: 1.0315 | Tok/sec=  3971.09 | Loss: 3.2941 / log-ppl: 26.9532 | Grad-Norm 0.7232 | ClipCoef 1.0000 | Peak-Mem 73.74GiB
GPU: cuda:0 | Step: 2416 | Updates:  151 | Time/step: 1.0548 | Tok/sec=  3883.32 | Loss: 2.9103 / log-ppl: 18.3619 | Grad-Norm 0.7624 | ClipCoef 1.0000 | Peak-Mem 73.84GiB
GPU: cuda:0 | Step: 2432 | Updates:  152 | Time/step: 1.2232 | Tok/sec=  3348.50 | Loss: 3.5100 / log-ppl: 33.4496 | Grad-Norm 0.8361 | ClipCoef 1.0000 | Peak-Mem 73.82GiB
GPU: cuda:0 | Step: 2448 | Updates:  153 | Time/step: 1.0734 | Tok/sec=  3815.87 | Loss: 4.2838 / log-ppl: 72.5161 | Grad-Norm 0.6952 | ClipCoef 1.0000 | Peak-Mem 73.85GiB
GPU: cuda:0 | Step: 2464 | Updates:  154 | Time/step: 1.0365 | Tok/sec=  3951.58 | Loss: 2.6878 / log-ppl: 14.6993 | Grad-Norm 0.7150 | ClipCoef 1.0000 | Peak-Mem 73.81GiB
GPU: cuda:0 | Step: 2480 | Updates:  155 | Time/step: 0.9914 | Tok/sec=  4131.63 | Loss: 3.1296 / log-ppl: 22.8659 | Grad-Norm 0.9080 | ClipCoef 1.0000 | Peak-Mem 73.77GiB
GPU: cuda:0 | Step: 2496 | Updates:  156 | Time/step: 1.1126 | Tok/sec=  3681.58 | Loss: 3.3753 / log-ppl: 29.2326 | Grad-Norm 0.7526 | ClipCoef 1.0000 | Peak-Mem 73.81GiB
GPU: cuda:0 | Step: 2512 | Updates:  157 | Time/step: 0.9439 | Tok/sec=  4339.67 | Loss: 2.8277 / log-ppl: 16.9069 | Grad-Norm 0.7268 | ClipCoef 1.0000 | Peak-Mem 73.72GiB
GPU: cuda:0 | Step: 2528 | Updates:  158 | Time/step: 1.0641 | Tok/sec=  3849.08 | Loss: 2.9912 / log-ppl: 19.9093 | Grad-Norm 0.7024 | ClipCoef 1.0000 | Peak-Mem 73.85GiB
GPU: cuda:0 | Step: 2544 | Updates:  159 | Time/step: 0.9825 | Tok/sec=  4169.01 | Loss: 3.4287 / log-ppl: 30.8355 | Grad-Norm 0.7256 | ClipCoef 1.0000 | Peak-Mem 73.84GiB
GPU: cuda:0 | Step: 2560 | Updates:  160 | Time/step: 1.1488 | Tok/sec=  3565.37 | Loss: 3.0534 / log-ppl: 21.1882 | Grad-Norm 0.6858 | ClipCoef 1.0000 | Peak-Mem 73.85GiB
GPU: cuda:0 | Step: 2576 | Updates:  161 | Time/step: 1.1078 | Tok/sec=  3697.41 | Loss: 3.9784 / log-ppl: 53.4339 | Grad-Norm 0.6977 | ClipCoef 1.0000 | Peak-Mem 73.73GiB
GPU: cuda:0 | Step: 2592 | Updates:  162 | Time/step: 1.0512 | Tok/sec=  3896.54 | Loss: 3.2396 / log-ppl: 25.5226 | Grad-Norm 0.7590 | ClipCoef 1.0000 | Peak-Mem 73.84GiB
GPU: cuda:0 | Step: 2608 | Updates:  163 | Time/step: 1.1128 | Tok/sec=  3680.74 | Loss: 3.3403 / log-ppl: 28.2283 | Grad-Norm 0.7350 | ClipCoef 1.0000 | Peak-Mem 73.83GiB
GPU: cuda:0 | Step: 2624 | Updates:  164 | Time/step: 1.0409 | Tok/sec=  3935.09 | Loss: 2.8389 / log-ppl: 17.0970 | Grad-Norm 0.7342 | ClipCoef 1.0000 | Peak-Mem 73.78GiB
GPU: cuda:0 | Step: 2640 | Updates:  165 | Time/step: 1.0068 | Tok/sec=  4068.23 | Loss: 3.4004 / log-ppl: 29.9763 | Grad-Norm 0.8063 | ClipCoef 1.0000 | Peak-Mem 73.62GiB
GPU: cuda:0 | Step: 2656 | Updates:  166 | Time/step: 0.9982 | Tok/sec=  4103.56 | Loss: 3.5328 / log-ppl: 34.2196 | Grad-Norm 0.7237 | ClipCoef 1.0000 | Peak-Mem 73.80GiB
GPU: cuda:0 | Step: 2672 | Updates:  167 | Time/step: 1.1993 | Tok/sec=  3415.19 | Loss: 3.3562 / log-ppl: 28.6796 | Grad-Norm 0.6960 | ClipCoef 1.0000 | Peak-Mem 73.84GiB
GPU: cuda:0 | Step: 2688 | Updates:  168 | Time/step: 0.8940 | Tok/sec=  4581.86 | Loss: 3.4110 / log-ppl: 30.2968 | Grad-Norm 0.7122 | ClipCoef 1.0000 | Peak-Mem 73.82GiB
GPU: cuda:0 | Step: 2704 | Updates:  169 | Time/step: 1.0373 | Tok/sec=  3948.83 | Loss: 3.2136 / log-ppl: 24.8673 | Grad-Norm 0.7000 | ClipCoef 1.0000 | Peak-Mem 73.82GiB
GPU: cuda:0 | Step: 2720 | Updates:  170 | Time/step: 1.0244 | Tok/sec=  3998.27 | Loss: 2.9073 / log-ppl: 18.3076 | Grad-Norm 0.7475 | ClipCoef 1.0000 | Peak-Mem 73.84GiB
GPU: cuda:0 | Step: 2736 | Updates:  171 | Time/step: 1.0361 | Tok/sec=  3953.15 | Loss: 1.3141 / log-ppl: 3.7213 | Grad-Norm 0.8542 | ClipCoef 1.0000 | Peak-Mem 73.80GiB
GPU: cuda:0 | Step: 2752 | Updates:  172 | Time/step: 1.0621 | Tok/sec=  3856.42 | Loss: 3.3776 / log-ppl: 29.2997 | Grad-Norm 0.7159 | ClipCoef 1.0000 | Peak-Mem 73.84GiB
GPU: cuda:0 | Step: 2768 | Updates:  173 | Time/step: 0.9746 | Tok/sec=  4202.85 | Loss: 1.3409 / log-ppl: 3.8226 | Grad-Norm 0.7082 | ClipCoef 1.0000 | Peak-Mem 73.79GiB
GPU: cuda:0 | Step: 2784 | Updates:  174 | Time/step: 0.9846 | Tok/sec=  4159.91 | Loss: 3.3697 / log-ppl: 29.0687 | Grad-Norm 0.7274 | ClipCoef 1.0000 | Peak-Mem 73.85GiB
GPU: cuda:0 | Step: 2800 | Updates:  175 | Time/step: 1.1427 | Tok/sec=  3584.43 | Loss: 3.2233 / log-ppl: 25.1114 | Grad-Norm 0.7291 | ClipCoef 1.0000 | Peak-Mem 73.85GiB
GPU: cuda:0 | Step: 2816 | Updates:  176 | Time/step: 1.0480 | Tok/sec=  3908.28 | Loss: 3.0188 / log-ppl: 20.4662 | Grad-Norm 0.7291 | ClipCoef 1.0000 | Peak-Mem 73.81GiB
GPU: cuda:0 | Step: 2832 | Updates:  177 | Time/step: 1.1128 | Tok/sec=  3680.80 | Loss: 3.3720 / log-ppl: 29.1380 | Grad-Norm 0.7372 | ClipCoef 1.0000 | Peak-Mem 73.84GiB
GPU: cuda:0 | Step: 2848 | Updates:  178 | Time/step: 0.9707 | Tok/sec=  4219.74 | Loss: 3.1071 / log-ppl: 22.3566 | Grad-Norm 0.6917 | ClipCoef 1.0000 | Peak-Mem 73.83GiB
GPU: cuda:0 | Step: 2864 | Updates:  179 | Time/step: 1.0651 | Tok/sec=  3845.55 | Loss: 2.8652 / log-ppl: 17.5521 | Grad-Norm 0.7278 | ClipCoef 1.0000 | Peak-Mem 73.84GiB
GPU: cuda:0 | Step: 2880 | Updates:  180 | Time/step: 1.1082 | Tok/sec=  3696.17 | Loss: 2.6902 / log-ppl: 14.7351 | Grad-Norm 0.7139 | ClipCoef 1.0000 | Peak-Mem 73.80GiB
GPU: cuda:0 | Step: 2896 | Updates:  181 | Time/step: 0.9056 | Tok/sec=  4522.79 | Loss: 2.9366 / log-ppl: 18.8511 | Grad-Norm 0.6895 | ClipCoef 1.0000 | Peak-Mem 73.80GiB
GPU: cuda:0 | Step: 2912 | Updates:  182 | Time/step: 0.9968 | Tok/sec=  4109.35 | Loss: 2.8902 / log-ppl: 17.9963 | Grad-Norm 19.1657 | ClipCoef 0.0522 | Peak-Mem 73.82GiB
GPU: cuda:0 | Step: 2928 | Updates:  183 | Time/step: 1.0103 | Tok/sec=  4054.40 | Loss: 3.0927 / log-ppl: 22.0365 | Grad-Norm 0.7846 | ClipCoef 1.0000 | Peak-Mem 73.74GiB
GPU: cuda:0 | Step: 2944 | Updates:  184 | Time/step: 2.9138 | Tok/sec=  1405.74 | Loss: 2.9573 / log-ppl: 19.2453 | Grad-Norm 0.8109 | ClipCoef 1.0000 | Peak-Mem 73.73GiB
GPU: cuda:0 | Step: 2960 | Updates:  185 | Time/step: 1.0646 | Tok/sec=  3847.36 | Loss: 3.2820 / log-ppl: 26.6297 | Grad-Norm 0.7532 | ClipCoef 1.0000 | Peak-Mem 73.63GiB
GPU: cuda:0 | Step: 2976 | Updates:  186 | Time/step: 1.0865 | Tok/sec=  3769.84 | Loss: 3.0845 / log-ppl: 21.8570 | Grad-Norm 0.7639 | ClipCoef 1.0000 | Peak-Mem 73.82GiB
GPU: cuda:0 | Step: 2992 | Updates:  187 | Time/step: 1.0703 | Tok/sec=  3827.00 | Loss: 2.9565 / log-ppl: 19.2299 | Grad-Norm 0.6799 | ClipCoef 1.0000 | Peak-Mem 73.85GiB
GPU: cuda:0 | Step: 3008 | Updates:  188 | Time/step: 0.9481 | Tok/sec=  4320.19 | Loss: 2.9548 / log-ppl: 19.1981 | Grad-Norm 0.6915 | ClipCoef 1.0000 | Peak-Mem 73.74GiB
GPU: cuda:0 | Step: 3024 | Updates:  189 | Time/step: 1.0395 | Tok/sec=  3940.44 | Loss: 3.1227 / log-ppl: 22.7077 | Grad-Norm 0.7778 | ClipCoef 1.0000 | Peak-Mem 73.74GiB
GPU: cuda:0 | Step: 3040 | Updates:  190 | Time/step: 0.9543 | Tok/sec=  4292.03 | Loss: 3.3964 / log-ppl: 29.8576 | Grad-Norm 0.7573 | ClipCoef 1.0000 | Peak-Mem 73.85GiB
GPU: cuda:0 | Step: 3056 | Updates:  191 | Time/step: 1.1582 | Tok/sec=  3536.55 | Loss: 3.1560 / log-ppl: 23.4777 | Grad-Norm 0.7585 | ClipCoef 1.0000 | Peak-Mem 73.84GiB
GPU: cuda:0 | Step: 3072 | Updates:  192 | Time/step: 1.0535 | Tok/sec=  3888.16 | Loss: 2.8274 / log-ppl: 16.9011 | Grad-Norm 0.7492 | ClipCoef 1.0000 | Peak-Mem 73.87GiB
GPU: cuda:0 | Step: 3088 | Updates:  193 | Time/step: 1.0038 | Tok/sec=  4080.51 | Loss: 3.1924 / log-ppl: 24.3473 | Grad-Norm 0.7462 | ClipCoef 1.0000 | Peak-Mem 73.78GiB
GPU: cuda:0 | Step: 3104 | Updates:  194 | Time/step: 1.8349 | Tok/sec=  2232.25 | Loss: 2.8846 / log-ppl: 17.8960 | Grad-Norm 0.6814 | ClipCoef 1.0000 | Peak-Mem 73.81GiB
GPU: cuda:0 | Step: 3120 | Updates:  195 | Time/step: 1.1320 | Tok/sec=  3618.47 | Loss: 2.1132 / log-ppl: 8.2747 | Grad-Norm 0.7133 | ClipCoef 1.0000 | Peak-Mem 73.80GiB
GPU: cuda:0 | Step: 3136 | Updates:  196 | Time/step: 1.1117 | Tok/sec=  3684.54 | Loss: 2.9535 / log-ppl: 19.1724 | Grad-Norm 0.6873 | ClipCoef 1.0000 | Peak-Mem 73.76GiB
GPU: cuda:0 | Step: 3152 | Updates:  197 | Time/step: 1.0216 | Tok/sec=  4009.37 | Loss: 3.2568 / log-ppl: 25.9662 | Grad-Norm 0.7668 | ClipCoef 1.0000 | Peak-Mem 73.87GiB
GPU: cuda:0 | Step: 3168 | Updates:  198 | Time/step: 1.0153 | Tok/sec=  4034.39 | Loss: 3.3033 / log-ppl: 27.2017 | Grad-Norm 0.7252 | ClipCoef 1.0000 | Peak-Mem 73.81GiB
GPU: cuda:0 | Step: 3184 | Updates:  199 | Time/step: 1.0624 | Tok/sec=  3855.56 | Loss: 2.6701 / log-ppl: 14.4413 | Grad-Norm 0.7905 | ClipCoef 1.0000 | Peak-Mem 73.85GiB
GPU: cuda:0 | Step: 3200 | Updates:  200 | Time/step: 1.0187 | Tok/sec=  4020.76 | Loss: 3.2611 / log-ppl: 26.0783 | Grad-Norm 0.9727 | ClipCoef 1.0000 | Peak-Mem 73.73GiB
GPU: cuda:0 | Step: 3216 | Updates:  201 | Time/step: 1.0876 | Tok/sec=  3766.06 | Loss: 2.8369 / log-ppl: 17.0626 | Grad-Norm 0.7253 | ClipCoef 1.0000 | Peak-Mem 73.82GiB
GPU: cuda:0 | Step: 3232 | Updates:  202 | Time/step: 1.0682 | Tok/sec=  3834.66 | Loss: 2.9112 / log-ppl: 18.3788 | Grad-Norm 0.7244 | ClipCoef 1.0000 | Peak-Mem 73.84GiB
GPU: cuda:0 | Step: 3248 | Updates:  203 | Time/step: 1.0815 | Tok/sec=  3787.47 | Loss: 3.0878 / log-ppl: 21.9292 | Grad-Norm 0.6862 | ClipCoef 1.0000 | Peak-Mem 73.75GiB
GPU: cuda:0 | Step: 3264 | Updates:  204 | Time/step: 1.2484 | Tok/sec=  3281.08 | Loss: 2.8878 / log-ppl: 17.9540 | Grad-Norm 0.6858 | ClipCoef 1.0000 | Peak-Mem 73.83GiB
GPU: cuda:0 | Step: 3280 | Updates:  205 | Time/step: 1.2282 | Tok/sec=  3334.86 | Loss: 2.6362 / log-ppl: 13.9605 | Grad-Norm 0.7619 | ClipCoef 1.0000 | Peak-Mem 73.92GiB
GPU: cuda:0 | Step: 3296 | Updates:  206 | Time/step: 1.1062 | Tok/sec=  3702.80 | Loss: 3.1720 / log-ppl: 23.8546 | Grad-Norm 0.7297 | ClipCoef 1.0000 | Peak-Mem 73.82GiB
GPU: cuda:0 | Step: 3312 | Updates:  207 | Time/step: 1.1071 | Tok/sec=  3699.86 | Loss: 3.0266 / log-ppl: 20.6260 | Grad-Norm 0.6698 | ClipCoef 1.0000 | Peak-Mem 73.78GiB
GPU: cuda:0 | Step: 3328 | Updates:  208 | Time/step: 1.0762 | Tok/sec=  3805.88 | Loss: 3.6028 / log-ppl: 36.6996 | Grad-Norm 0.8588 | ClipCoef 1.0000 | Peak-Mem 73.80GiB
GPU: cuda:0 | Step: 3344 | Updates:  209 | Time/step: 1.1686 | Tok/sec=  3505.16 | Loss: 3.7312 / log-ppl: 41.7288 | Grad-Norm 0.7089 | ClipCoef 1.0000 | Peak-Mem 73.87GiB
GPU: cuda:0 | Step: 3360 | Updates:  210 | Time/step: 0.9617 | Tok/sec=  4258.94 | Loss: 3.1552 / log-ppl: 23.4577 | Grad-Norm 0.7578 | ClipCoef 1.0000 | Peak-Mem 73.81GiB
GPU: cuda:0 | Step: 3376 | Updates:  211 | Time/step: 1.0716 | Tok/sec=  3822.29 | Loss: 2.9706 / log-ppl: 19.5041 | Grad-Norm 0.7748 | ClipCoef 1.0000 | Peak-Mem 73.86GiB
GPU: cuda:0 | Step: 3392 | Updates:  212 | Time/step: 1.0080 | Tok/sec=  4063.39 | Loss: 0.9258 / log-ppl: 2.5238 | Grad-Norm 0.9233 | ClipCoef 1.0000 | Peak-Mem 73.74GiB
GPU: cuda:0 | Step: 3408 | Updates:  213 | Time/step: 0.9782 | Tok/sec=  4187.50 | Loss: 3.3402 / log-ppl: 28.2249 | Grad-Norm 0.7165 | ClipCoef 1.0000 | Peak-Mem 73.86GiB
GPU: cuda:0 | Step: 3424 | Updates:  214 | Time/step: 1.0397 | Tok/sec=  3939.69 | Loss: 2.9017 / log-ppl: 18.2057 | Grad-Norm 0.7891 | ClipCoef 1.0000 | Peak-Mem 73.82GiB
GPU: cuda:0 | Step: 3440 | Updates:  215 | Time/step: 1.0321 | Tok/sec=  3968.56 | Loss: 3.2996 / log-ppl: 27.1016 | Grad-Norm 0.7278 | ClipCoef 1.0000 | Peak-Mem 73.78GiB
GPU: cuda:0 | Step: 3456 | Updates:  216 | Time/step: 1.1169 | Tok/sec=  3667.23 | Loss: 3.1248 / log-ppl: 22.7561 | Grad-Norm 0.6975 | ClipCoef 1.0000 | Peak-Mem 73.85GiB
GPU: cuda:0 | Step: 3472 | Updates:  217 | Time/step: 1.0088 | Tok/sec=  4060.23 | Loss: 3.4342 / log-ppl: 31.0062 | Grad-Norm 0.8077 | ClipCoef 1.0000 | Peak-Mem 73.82GiB
GPU: cuda:0 | Step: 3488 | Updates:  218 | Time/step: 1.0893 | Tok/sec=  3760.14 | Loss: 3.4271 / log-ppl: 30.7860 | Grad-Norm 0.6990 | ClipCoef 1.0000 | Peak-Mem 73.84GiB
GPU: cuda:0 | Step: 3504 | Updates:  219 | Time/step: 1.0187 | Tok/sec=  4020.97 | Loss: 1.3395 / log-ppl: 3.8172 | Grad-Norm 0.8335 | ClipCoef 1.0000 | Peak-Mem 73.64GiB
GPU: cuda:0 | Step: 3520 | Updates:  220 | Time/step: 1.0902 | Tok/sec=  3757.18 | Loss: 3.0517 / log-ppl: 21.1517 | Grad-Norm 0.7401 | ClipCoef 1.0000 | Peak-Mem 73.84GiB
GPU: cuda:0 | Step: 3536 | Updates:  221 | Time/step: 1.0932 | Tok/sec=  3746.66 | Loss: 3.2130 / log-ppl: 24.8530 | Grad-Norm 0.7374 | ClipCoef 1.0000 | Peak-Mem 73.83GiB
GPU: cuda:0 | Step: 3552 | Updates:  222 | Time/step: 1.5742 | Tok/sec=  2601.96 | Loss: 2.7118 / log-ppl: 15.0559 | Grad-Norm 0.6763 | ClipCoef 1.0000 | Peak-Mem 73.83GiB
GPU: cuda:0 | Step: 3568 | Updates:  223 | Time/step: 1.0374 | Tok/sec=  3948.20 | Loss: 0.9343 / log-ppl: 2.5454 | Grad-Norm 0.7199 | ClipCoef 1.0000 | Peak-Mem 73.81GiB
GPU: cuda:0 | Step: 3584 | Updates:  224 | Time/step: 1.1316 | Tok/sec=  3619.63 | Loss: 3.7268 / log-ppl: 41.5478 | Grad-Norm 0.7088 | ClipCoef 1.0000 | Peak-Mem 73.81GiB
GPU: cuda:0 | Step: 3600 | Updates:  225 | Time/step: 4.2475 | Tok/sec=   964.32 | Loss: 3.0086 / log-ppl: 20.2588 | Grad-Norm 0.6897 | ClipCoef 1.0000 | Peak-Mem 73.79GiB
GPU: cuda:0 | Step: 3616 | Updates:  226 | Time/step: 1.2788 | Tok/sec=  3203.05 | Loss: 3.1785 / log-ppl: 24.0109 | Grad-Norm 0.7060 | ClipCoef 1.0000 | Peak-Mem 73.83GiB
GPU: cuda:0 | Step: 3632 | Updates:  227 | Time/step: 0.9734 | Tok/sec=  4207.74 | Loss: 2.7994 / log-ppl: 16.4347 | Grad-Norm 0.6793 | ClipCoef 1.0000 | Peak-Mem 73.82GiB
GPU: cuda:0 | Step: 3648 | Updates:  228 | Time/step: 1.0964 | Tok/sec=  3736.02 | Loss: 2.8004 / log-ppl: 16.4517 | Grad-Norm 0.7472 | ClipCoef 1.0000 | Peak-Mem 73.83GiB
GPU: cuda:0 | Step: 3664 | Updates:  229 | Time/step: 0.8995 | Tok/sec=  4553.40 | Loss: 2.8423 / log-ppl: 17.1554 | Grad-Norm 4.4802 | ClipCoef 0.2232 | Peak-Mem 73.83GiB
GPU: cuda:0 | Step: 3680 | Updates:  230 | Time/step: 1.1155 | Tok/sec=  3671.84 | Loss: 2.6105 / log-ppl: 13.6056 | Grad-Norm 0.6648 | ClipCoef 1.0000 | Peak-Mem 73.80GiB
GPU: cuda:0 | Step: 3696 | Updates:  231 | Time/step: 0.9856 | Tok/sec=  4155.82 | Loss: 3.1836 / log-ppl: 24.1338 | Grad-Norm 0.7324 | ClipCoef 1.0000 | Peak-Mem 73.83GiB
GPU: cuda:0 | Step: 3712 | Updates:  232 | Time/step: 1.2069 | Tok/sec=  3393.92 | Loss: 3.5218 / log-ppl: 33.8468 | Grad-Norm 0.6652 | ClipCoef 1.0000 | Peak-Mem 73.79GiB
GPU: cuda:0 | Step: 3728 | Updates:  233 | Time/step: 1.1001 | Tok/sec=  3723.19 | Loss: 2.6795 / log-ppl: 14.5773 | Grad-Norm 0.7166 | ClipCoef 1.0000 | Peak-Mem 73.79GiB
GPU: cuda:0 | Step: 3744 | Updates:  234 | Time/step: 1.1762 | Tok/sec=  3482.53 | Loss: 2.7163 / log-ppl: 15.1247 | Grad-Norm 0.6606 | ClipCoef 1.0000 | Peak-Mem 73.84GiB
GPU: cuda:0 | Step: 3760 | Updates:  235 | Time/step: 1.1706 | Tok/sec=  3499.01 | Loss: 3.3090 / log-ppl: 27.3580 | Grad-Norm 0.7278 | ClipCoef 1.0000 | Peak-Mem 73.85GiB
GPU: cuda:0 | Step: 3776 | Updates:  236 | Time/step: 1.1648 | Tok/sec=  3516.36 | Loss: 3.4067 / log-ppl: 30.1642 | Grad-Norm 0.7217 | ClipCoef 1.0000 | Peak-Mem 73.86GiB
GPU: cuda:0 | Step: 3792 | Updates:  237 | Time/step: 0.9138 | Tok/sec=  4482.45 | Loss: 3.1505 / log-ppl: 23.3486 | Grad-Norm 0.7574 | ClipCoef 1.0000 | Peak-Mem 73.70GiB
GPU: cuda:0 | Step: 3808 | Updates:  238 | Time/step: 1.0930 | Tok/sec=  3747.41 | Loss: 3.4690 / log-ppl: 32.1053 | Grad-Norm 0.6746 | ClipCoef 1.0000 | Peak-Mem 73.83GiB
GPU: cuda:0 | Step: 3824 | Updates:  239 | Time/step: 1.0613 | Tok/sec=  3859.25 | Loss: 2.7948 / log-ppl: 16.3592 | Grad-Norm 0.7117 | ClipCoef 1.0000 | Peak-Mem 73.86GiB
GPU: cuda:0 | Step: 3840 | Updates:  240 | Time/step: 1.0359 | Tok/sec=  3953.98 | Loss: 3.1712 / log-ppl: 23.8350 | Grad-Norm 0.7469 | ClipCoef 1.0000 | Peak-Mem 73.81GiB
GPU: cuda:0 | Step: 3856 | Updates:  241 | Time/step: 1.0654 | Tok/sec=  3844.58 | Loss: 3.2308 / log-ppl: 25.3003 | Grad-Norm 0.6828 | ClipCoef 1.0000 | Peak-Mem 73.85GiB
GPU: cuda:0 | Step: 3872 | Updates:  242 | Time/step: 1.0794 | Tok/sec=  3794.77 | Loss: 3.4261 / log-ppl: 30.7557 | Grad-Norm 0.6899 | ClipCoef 1.0000 | Peak-Mem 73.80GiB
GPU: cuda:0 | Step: 3888 | Updates:  243 | Time/step: 1.0775 | Tok/sec=  3801.23 | Loss: 3.1692 / log-ppl: 23.7896 | Grad-Norm 0.7289 | ClipCoef 1.0000 | Peak-Mem 73.86GiB
GPU: cuda:0 | Step: 3904 | Updates:  244 | Time/step: 1.1869 | Tok/sec=  3450.90 | Loss: 3.2484 / log-ppl: 25.7481 | Grad-Norm 1.6243 | ClipCoef 0.6156 | Peak-Mem 73.71GiB
GPU: cuda:0 | Step: 3920 | Updates:  245 | Time/step: 1.0442 | Tok/sec=  3922.72 | Loss: 3.1027 / log-ppl: 22.2588 | Grad-Norm 0.7190 | ClipCoef 1.0000 | Peak-Mem 73.83GiB
GPU: cuda:0 | Step: 3936 | Updates:  246 | Time/step: 1.1400 | Tok/sec=  3592.84 | Loss: 2.8527 / log-ppl: 17.3352 | Grad-Norm 0.7161 | ClipCoef 1.0000 | Peak-Mem 73.75GiB
GPU: cuda:0 | Step: 3952 | Updates:  247 | Time/step: 0.9414 | Tok/sec=  4350.96 | Loss: 3.0484 / log-ppl: 21.0807 | Grad-Norm 0.7000 | ClipCoef 1.0000 | Peak-Mem 73.79GiB
GPU: cuda:0 | Step: 3968 | Updates:  248 | Time/step: 1.0558 | Tok/sec=  3879.69 | Loss: 3.5628 / log-ppl: 35.2631 | Grad-Norm 0.7360 | ClipCoef 1.0000 | Peak-Mem 73.82GiB
GPU: cuda:0 | Step: 3984 | Updates:  249 | Time/step: 1.0288 | Tok/sec=  3981.52 | Loss: 3.0936 / log-ppl: 22.0554 | Grad-Norm 0.7163 | ClipCoef 1.0000 | Peak-Mem 73.73GiB
GPU: cuda:0 | Step: 4000 | Updates:  250 | Time/step: 0.9377 | Tok/sec=  4368.22 | Loss: 3.0846 / log-ppl: 21.8587 | Grad-Norm 0.7370 | ClipCoef 1.0000 | Peak-Mem 73.81GiB
GPU: cuda:0 | Step: 4016 | Updates:  251 | Time/step: 0.9975 | Tok/sec=  4106.11 | Loss: 3.1945 / log-ppl: 24.3981 | Grad-Norm 0.6879 | ClipCoef 1.0000 | Peak-Mem 73.86GiB
GPU: cuda:0 | Step: 4032 | Updates:  252 | Time/step: 1.0233 | Tok/sec=  4002.84 | Loss: 3.3905 / log-ppl: 29.6803 | Grad-Norm 0.7870 | ClipCoef 1.0000 | Peak-Mem 73.85GiB
GPU: cuda:0 | Step: 4048 | Updates:  253 | Time/step: 1.0783 | Tok/sec=  3798.58 | Loss: 3.0807 / log-ppl: 21.7730 | Grad-Norm 0.7357 | ClipCoef 1.0000 | Peak-Mem 73.85GiB
GPU: cuda:0 | Step: 4064 | Updates:  254 | Time/step: 0.9010 | Tok/sec=  4546.19 | Loss: 3.5810 / log-ppl: 35.9079 | Grad-Norm 0.6947 | ClipCoef 1.0000 | Peak-Mem 73.85GiB
GPU: cuda:0 | Step: 4080 | Updates:  255 | Time/step: 1.0839 | Tok/sec=  3778.96 | Loss: 3.7511 / log-ppl: 42.5673 | Grad-Norm 0.7213 | ClipCoef 1.0000 | Peak-Mem 73.84GiB
GPU: cuda:0 | Step: 4096 | Updates:  256 | Time/step: 1.0627 | Tok/sec=  3854.48 | Loss: 3.7184 / log-ppl: 41.1995 | Grad-Norm 0.7966 | ClipCoef 1.0000 | Peak-Mem 73.84GiB
GPU: cuda:0 | Step: 4112 | Updates:  257 | Time/step: 1.0301 | Tok/sec=  3976.34 | Loss: 3.2359 / log-ppl: 25.4286 | Grad-Norm 0.6882 | ClipCoef 1.0000 | Peak-Mem 73.79GiB
GPU: cuda:0 | Step: 4128 | Updates:  258 | Time/step: 1.0622 | Tok/sec=  3855.98 | Loss: 3.4094 / log-ppl: 30.2467 | Grad-Norm 0.8880 | ClipCoef 1.0000 | Peak-Mem 73.79GiB
GPU: cuda:0 | Step: 4144 | Updates:  259 | Time/step: 1.0835 | Tok/sec=  3780.32 | Loss: 2.6452 / log-ppl: 14.0867 | Grad-Norm 0.6902 | ClipCoef 1.0000 | Peak-Mem 73.86GiB
GPU: cuda:0 | Step: 4160 | Updates:  260 | Time/step: 0.9908 | Tok/sec=  4134.13 | Loss: 2.8804 / log-ppl: 17.8211 | Grad-Norm 0.6740 | ClipCoef 1.0000 | Peak-Mem 73.84GiB
GPU: cuda:0 | Step: 4176 | Updates:  261 | Time/step: 1.0238 | Tok/sec=  4000.85 | Loss: 2.7557 / log-ppl: 15.7321 | Grad-Norm 0.7486 | ClipCoef 1.0000 | Peak-Mem 73.76GiB
GPU: cuda:0 | Step: 4192 | Updates:  262 | Time/step: 1.0283 | Tok/sec=  3983.22 | Loss: 3.0262 / log-ppl: 20.6195 | Grad-Norm 0.6788 | ClipCoef 1.0000 | Peak-Mem 73.82GiB
GPU: cuda:0 | Step: 4208 | Updates:  263 | Time/step: 1.0393 | Tok/sec=  3941.15 | Loss: 2.8724 / log-ppl: 17.6802 | Grad-Norm 0.7693 | ClipCoef 1.0000 | Peak-Mem 73.81GiB
GPU: cuda:0 | Step: 4224 | Updates:  264 | Time/step: 0.9256 | Tok/sec=  4425.33 | Loss: 3.1820 / log-ppl: 24.0959 | Grad-Norm 0.6559 | ClipCoef 1.0000 | Peak-Mem 73.85GiB
GPU: cuda:0 | Step: 4240 | Updates:  265 | Time/step: 0.9238 | Tok/sec=  4434.09 | Loss: 3.3365 / log-ppl: 28.1196 | Grad-Norm 0.7229 | ClipCoef 1.0000 | Peak-Mem 73.86GiB
GPU: cuda:0 | Step: 4256 | Updates:  266 | Time/step: 1.0157 | Tok/sec=  4032.69 | Loss: 2.7703 / log-ppl: 15.9630 | Grad-Norm 0.7015 | ClipCoef 1.0000 | Peak-Mem 73.86GiB
GPU: cuda:0 | Step: 4272 | Updates:  267 | Time/step: 1.0528 | Tok/sec=  3890.72 | Loss: 3.8294 / log-ppl: 46.0330 | Grad-Norm 0.7323 | ClipCoef 1.0000 | Peak-Mem 73.85GiB
GPU: cuda:0 | Step: 4288 | Updates:  268 | Time/step: 1.0003 | Tok/sec=  4094.84 | Loss: 3.1045 / log-ppl: 22.2990 | Grad-Norm 0.6751 | ClipCoef 1.0000 | Peak-Mem 73.78GiB
GPU: cuda:0 | Step: 4304 | Updates:  269 | Time/step: 1.2023 | Tok/sec=  3406.67 | Loss: 2.7815 / log-ppl: 16.1432 | Grad-Norm 0.6570 | ClipCoef 1.0000 | Peak-Mem 73.74GiB
GPU: cuda:0 | Step: 4320 | Updates:  270 | Time/step: 1.1052 | Tok/sec=  3706.01 | Loss: 3.0144 / log-ppl: 20.3777 | Grad-Norm 0.6941 | ClipCoef 1.0000 | Peak-Mem 73.74GiB
GPU: cuda:0 | Step: 4336 | Updates:  271 | Time/step: 0.9194 | Tok/sec=  4455.13 | Loss: 3.0516 / log-ppl: 21.1490 | Grad-Norm 0.7434 | ClipCoef 1.0000 | Peak-Mem 73.85GiB
GPU: cuda:0 | Step: 4352 | Updates:  272 | Time/step: 1.0900 | Tok/sec=  3757.93 | Loss: 3.0121 / log-ppl: 20.3297 | Grad-Norm 0.7066 | ClipCoef 1.0000 | Peak-Mem 73.78GiB
GPU: cuda:0 | Step: 4368 | Updates:  273 | Time/step: 1.0575 | Tok/sec=  3873.36 | Loss: 2.8331 / log-ppl: 16.9979 | Grad-Norm 0.9082 | ClipCoef 1.0000 | Peak-Mem 73.84GiB
GPU: cuda:0 | Step: 4384 | Updates:  274 | Time/step: 1.1468 | Tok/sec=  3571.79 | Loss: 2.7725 / log-ppl: 15.9984 | Grad-Norm 0.7027 | ClipCoef 1.0000 | Peak-Mem 73.72GiB
GPU: cuda:0 | Step: 4400 | Updates:  275 | Time/step: 0.9670 | Tok/sec=  4235.68 | Loss: 2.1920 / log-ppl: 8.9531 | Grad-Norm 0.8513 | ClipCoef 1.0000 | Peak-Mem 73.77GiB
GPU: cuda:0 | Step: 4416 | Updates:  276 | Time/step: 1.0950 | Tok/sec=  3740.71 | Loss: 2.9237 / log-ppl: 18.6104 | Grad-Norm 0.8549 | ClipCoef 1.0000 | Peak-Mem 73.84GiB
GPU: cuda:0 | Step: 4432 | Updates:  277 | Time/step: 0.9718 | Tok/sec=  4215.08 | Loss: 3.0853 / log-ppl: 21.8743 | Grad-Norm 0.7328 | ClipCoef 1.0000 | Peak-Mem 73.82GiB
GPU: cuda:0 | Step: 4448 | Updates:  278 | Time/step: 1.0551 | Tok/sec=  3882.26 | Loss: 3.1205 / log-ppl: 22.6577 | Grad-Norm 0.8065 | ClipCoef 1.0000 | Peak-Mem 73.84GiB
GPU: cuda:0 | Step: 4464 | Updates:  279 | Time/step: 0.9343 | Tok/sec=  4383.82 | Loss: 3.2923 / log-ppl: 26.9056 | Grad-Norm 0.7701 | ClipCoef 1.0000 | Peak-Mem 73.81GiB
GPU: cuda:0 | Step: 4480 | Updates:  280 | Time/step: 1.1499 | Tok/sec=  3562.20 | Loss: 1.1310 / log-ppl: 3.0986 | Grad-Norm 0.8006 | ClipCoef 1.0000 | Peak-Mem 73.76GiB
GPU: cuda:0 | Step: 4496 | Updates:  281 | Time/step: 1.1137 | Tok/sec=  3677.96 | Loss: 1.6370 / log-ppl: 5.1396 | Grad-Norm 0.8479 | ClipCoef 1.0000 | Peak-Mem 73.71GiB
GPU: cuda:0 | Step: 4512 | Updates:  282 | Time/step: 1.1598 | Tok/sec=  3531.69 | Loss: 2.6621 / log-ppl: 14.3259 | Grad-Norm 0.7100 | ClipCoef 1.0000 | Peak-Mem 73.82GiB
GPU: cuda:0 | Step: 4528 | Updates:  283 | Time/step: 0.9838 | Tok/sec=  4163.30 | Loss: 2.8432 / log-ppl: 17.1699 | Grad-Norm 0.6763 | ClipCoef 1.0000 | Peak-Mem 73.84GiB
GPU: cuda:0 | Step: 4544 | Updates:  284 | Time/step: 1.0435 | Tok/sec=  3925.37 | Loss: 3.1654 / log-ppl: 23.6974 | Grad-Norm 0.7573 | ClipCoef 1.0000 | Peak-Mem 73.82GiB
GPU: cuda:0 | Step: 4560 | Updates:  285 | Time/step: 1.0245 | Tok/sec=  3998.06 | Loss: 3.3597 / log-ppl: 28.7806 | Grad-Norm 0.7162 | ClipCoef 1.0000 | Peak-Mem 73.81GiB
GPU: cuda:0 | Step: 4576 | Updates:  286 | Time/step: 0.9843 | Tok/sec=  4161.44 | Loss: 3.3242 / log-ppl: 27.7770 | Grad-Norm 0.7007 | ClipCoef 1.0000 | Peak-Mem 73.73GiB
GPU: cuda:0 | Step: 4592 | Updates:  287 | Time/step: 1.0493 | Tok/sec=  3903.70 | Loss: 3.2363 / log-ppl: 25.4389 | Grad-Norm 0.7152 | ClipCoef 1.0000 | Peak-Mem 73.85GiB---------------------------------------
Begin Slurm Epilog: Jul-17-2026 22:47:32
Job ID:        11241576
User ID:       hjiang420
Account:       gts-aivanova7-lab
Job name:      rung1_frozen_loop.sbatch
Resources:     cpu=8,gres/gpu:a100=1,mem=64G,node=1
Rsrc Used:     cput=1-00:16:16,vmem=0,walltime=03:02:02,mem=10801812K,energy_used=0
Partition:     gpu-a100
QOS:           inferno
Nodes:         atl1-1-01-006-5-0
---------------------------------------
