---------------------------------------
Begin Slurm Prolog: Jul-14-2026 15:59:07
Job ID:    11159166
User ID:   hjiang420
Account:   gts-aivanova7-lab
Job name:  eval_longcontext.sbatch
Partition: gpu-a100
QOS:       inferno
---------------------------------------
=== long-context eval: base-nc1-sl4096  (ckpts/olmo8-cortex) -> eval_results/longcontext_20260714/base-nc1-sl4096 ===
Loading checkpoint: None
Loading checkpoint shards:   0%|          | 0/2 [00:00<?, ?it/s]Loading checkpoint shards:  50%|█████     | 1/2 [07:19<07:19, 439.06s/it]Loading checkpoint shards: 100%|██████████| 2/2 [07:56<00:00, 202.82s/it]Loading checkpoint shards: 100%|██████████| 2/2 [07:56<00:00, 238.26s/it]
T=8  tasks=['qa1', 'qa2', 'qa3']  num_chunks=1  passes_per_chunk=1  ccot_passes=0

--- qa1 ---
  [qa1/1k] 50 examples processed...
  [qa1/1k] 100 examples processed...
  [qa1/2k] 50 examples processed...
  [qa1/2k] 100 examples processed...
  [qa1/4k] 50 examples processed...
  [qa1/4k] 100 examples processed...
  [qa1/8k] 50 examples processed...
  [qa1/8k] 100 examples processed...
  [qa1/16k] 50 examples processed...
  [qa1/16k] 100 examples processed...
  [qa1/32k] 50 examples processed...
  [qa1/32k] 100 examples processed...
  Bucket        Correct    Total      Acc
  ----------------------------------------
  1k                 24      100    0.240
  2k                  3      100    0.030
  4k                  0      100    0.000
  8k                  0      100    0.000
  16k                 0      100    0.000
  32k                 0      100    0.000

--- qa2 ---
  [qa2/1k] 50 examples processed...
  [qa2/1k] 100 examples processed...
  [qa2/2k] 50 examples processed...
  [qa2/2k] 100 examples processed...
  [qa2/4k] 50 examples processed...
  [qa2/4k] 100 examples processed...
  [qa2/8k] 50 examples processed...
  [qa2/8k] 100 examples processed...
  [qa2/16k] 50 examples processed...
  [qa2/16k] 100 examples processed...
  [qa2/32k] 50 examples processed...
  [qa2/32k] 100 examples processed...
  Bucket        Correct    Total      Acc
  ----------------------------------------
  1k                 25      100    0.250
  2k                  1      100    0.010
  4k                  0      100    0.000
  8k                  0      100    0.000
  16k                 0      100    0.000
  32k                 0      100    0.000

--- qa3 ---
  [qa3/1k] 50 examples processed...
  [qa3/1k] 100 examples processed...
  [qa3/2k] 50 examples processed...
  [qa3/2k] 100 examples processed...
  [qa3/4k] 50 examples processed...
  [qa3/4k] 100 examples processed...
  [qa3/8k] 50 examples processed...
  [qa3/8k] 100 examples processed...
  [qa3/16k] 50 examples processed...
  [qa3/16k] 100 examples processed...
  [qa3/32k] 50 examples processed...
  [qa3/32k] 100 examples processed...
  Bucket        Correct    Total      Acc
  ----------------------------------------
  1k                 14      100    0.140
  2k                  2      100    0.020
  4k                  0      100    0.000
  8k                  0      100    0.000
  16k                 0      100    0.000
  32k                 0      100    0.000

Results saved → eval_results/longcontext_20260714/base-nc1-sl4096/babilong
Loading checkpoint: None
Loading checkpoint shards:   0%|          | 0/2 [00:00<?, ?it/s]Loading checkpoint shards:  50%|█████     | 1/2 [04:21<04:21, 261.90s/it]Loading checkpoint shards: 100%|██████████| 2/2 [04:48<00:00, 123.67s/it]Loading checkpoint shards: 100%|██████████| 2/2 [04:48<00:00, 144.40s/it]
T=8
  50 examples processed...
  100 examples processed...
  150 examples processed...
  200 examples processed...
  250 examples processed...
  300 examples processed...
  350 examples processed...
  400 examples processed...

  Bucket            Correct    Total      Acc
  --------------------------------------------
  ≤50sess                 0      200    0.000
  >50sess                 0      200    0.000

Results saved → eval_results/longcontext_20260714/base-nc1-sl4096/longmemeval
---------------------------------------
Begin Slurm Epilog: Jul-14-2026 17:42:28
Job ID:        11159166
User ID:       hjiang420
Account:       gts-aivanova7-lab
Job name:      eval_longcontext.sbatch
Resources:     cpu=8,gres/gpu:a100=1,mem=64G,node=1
Rsrc Used:     cput=13:46:48,vmem=0,walltime=01:43:21,mem=8364128K,energy_used=0
Partition:     gpu-a100
QOS:           inferno
Nodes:         atl1-1-01-006-3-0
---------------------------------------
