---------------------------------------
Begin Slurm Prolog: Aug-09-2026 22:12:22
Job ID:    11772147
User ID:   hjiang420
Account:   gts-aivanova7-lab
Job name:  eval_carry_ablation.sbatch
Partition: gpu-a100
QOS:       inferno
---------------------------------------
[ok]  cortex-retro-ft/rung1-pfxaccum32-cc4-tb2-rs-pg19-ep1/final_checkpoint
      already prepared
      flags: {'use_memory': True, 'memory_slots': 0, 'memory_slots_iter': 0, 'memory_heads': 4, 'prefix_memory': 'accum', 'accum_vecs': 32, 'accum_max': 128, 'h_T_proj': True, 'lora_rank': 0, 'lora_alpha': 32.0, 'mean_recurrence': 8, 'mean_backprop_depth': 8}
=== carry ablation: rung1-pfxaccum32-cc4-tb2-rs-pg19-ep1 -> eval_results/carry_ablation_rung1ep1-20260809-nc8/rung1-pfxaccum32-cc4-tb2-rs-pg19-ep1 ===
Loading: cortex-retro-ft/rung1-pfxaccum32-cc4-tb2-rs-pg19-ep1/final_checkpoint  (overlay: None)
Loading checkpoint shards:   0%|          | 0/2 [00:00<?, ?it/s]Loading checkpoint shards:  50%|█████     | 1/2 [00:29<00:29, 29.58s/it]Loading checkpoint shards: 100%|██████████| 2/2 [00:35<00:00, 15.68s/it]Loading checkpoint shards: 100%|██████████| 2/2 [00:35<00:00, 17.76s/it]
T=8  n_chunks=8
data/pg19_olmo_val_len4096: 50 rows, evaluating 50
  25/50 samples...
  50/50 samples...

  Chunk       N    carried     zeroed    d(zeroed)   (delta>0 => that carry content helps)
  ------------------------------------------------
  1          50     2.2735     2.2735      0.00000
  2          50     2.7831     2.9004      0.11727
  3          50     2.8290     2.9434      0.11438
  4          50     2.8721     2.9600      0.08789
  5          50     2.9159     3.0080      0.09208
  6          50     2.8649     2.9444      0.07950
  7          50     2.9690     3.0535      0.08449
  8          50     2.9577     3.0350      0.07721

  chunks 2+ [ zeroed]: delta = 0.09326 (SE 0.00351)  [chunk 1 is the identical-by-construction control]

Results saved -> eval_results/carry_ablation_rung1ep1-20260809-nc8/rung1-pfxaccum32-cc4-tb2-rs-pg19-ep1
---------------------------------------
Begin Slurm Epilog: Aug-09-2026 22:14:05
Job ID:        11772147
User ID:       hjiang420
Account:       gts-aivanova7-lab
Job name:      eval_carry_ablation.sbatch
Resources:     cpu=8,gres/gpu:a100=1,mem=64G,node=1
Rsrc Used:     cput=00:13:52,vmem=0,walltime=00:01:44,mem=7926800K,energy_used=0
Partition:     gpu-a100
QOS:           inferno
Nodes:         atl1-1-01-006-7-0
---------------------------------------
