---------------------------------------
Begin Slurm Prolog: Jul-13-2026 03:05:08
Job ID:    11085616
User ID:   hjiang420
Account:   gts-aivanova7-lab
Job name:  eval_carry_ablation.sbatch
Partition: gpu-a100
QOS:       inferno
---------------------------------------

CondaError: Run 'conda init' before 'conda deactivate'

[ok]  cortex-retro-ft/rung1-k4-v2/final_checkpoint
      already prepared
      flags: {'use_memory': True, 'memory_slots': 4, 'memory_slots_iter': 0, 'memory_heads': 4, 'ccot_direct': False, 'h_T_proj': True, 'lora_rank': 0, 'lora_alpha': 32.0, 'mean_recurrence': 8, 'mean_backprop_depth': 8}
=== carry ablation: rung1-k4-v2 -> eval_results/carry_ablation_20260713/rung1-k4-v2 ===
Loading: cortex-retro-ft/rung1-k4-v2/final_checkpoint  (overlay: None)
Loading checkpoint shards:   0%|          | 0/2 [00:00<?, ?it/s]Loading checkpoint shards:  50%|█████     | 1/2 [01:10<01:10, 70.63s/it]Loading checkpoint shards: 100%|██████████| 2/2 [01:27<00:00, 38.99s/it]Loading checkpoint shards: 100%|██████████| 2/2 [01:27<00:00, 43.74s/it]
T=8  n_chunks=4
data/pg19_olmo_val_len4096: 50 rows, evaluating 50
  25/50 samples...
  50/50 samples...

  Chunk       N    carried     zeroed   delta(z-c)        SE  (delta>0 => carry helps)
  ------------------------------------------------------------
  1          50     2.4733     2.4733      0.00000   0.00000
  2          50     2.8162     2.8205      0.00427   0.00081
  3          50     2.8510     2.8552      0.00415   0.00093
  4          50     2.9168     2.9216      0.00487   0.00099

  chunks 2+ aggregate: delta = 0.00443 (SE 0.00052)  [chunk 1 is the identical-by-construction control]

Results saved -> eval_results/carry_ablation_20260713/rung1-k4-v2
---------------------------------------
Begin Slurm Epilog: Jul-13-2026 03:07:23
Job ID:        11085616
User ID:       hjiang420
Account:       gts-aivanova7-lab
Job name:      eval_carry_ablation.sbatch
Resources:     cpu=8,gres/gpu:a100=1,mem=64G,node=1
Rsrc Used:     cput=00:18:00,vmem=0,walltime=00:02:15,mem=8568264K,energy_used=0
Partition:     gpu-a100
QOS:           inferno
Nodes:         atl1-1-01-006-11-0
---------------------------------------
