---------------------------------------
Begin Slurm Prolog: Sep-22-2026 00:15:43
Job ID:    13425686
User ID:   hjiang420
Account:   gts-aivanova7-lab
Job name:  readinto_gain
Partition: gpu-h200
QOS:       inferno
---------------------------------------
=== in-loop read gain | 4 cells | index 1 ===
    [0] xattn:a2
    [1] xattn:a3z
    [2] refresh:a2
    [3] refresh:a3z
    for THIS cell list:  sbatch --array=0-3

    tier 1 | module=xattn  arm=a3z
    checkpoint: cortex-retrofit/probe-p1-a3z-gated-w16k64-cc8-z/checkpoint_91952
    data:       data/pg19_olmo_val_len4096   (READ THIS LINE -- the only proof the pack arrived)
    geometry:   gated  W=16  latent=ON  s0_read=OFF
    T=8  n_chunks=8  n=50
    gates:      0 0.001 0.01 0.1 0.3 1 3 10   (read the |d|/||x|| column, NOT these -- RED 11)
    out:        eval_results/readinto_gain-20260922/xattn-a3z

NVIDIA H200, 143771 MiB

[cortex] OVERRIDE config.use_memory: '<absent>' -> True  (NOT what this checkpoint trained with unless they match)
[cortex] OVERRIDE config.memory_slots: '<absent>' -> 0  (NOT what this checkpoint trained with unless they match)
[cortex] OVERRIDE config.prefix_memory: '<absent>' -> 'gated'  (NOT what this checkpoint trained with unless they match)
[cortex] OVERRIDE config.accum_vecs: '<absent>' -> 16  (NOT what this checkpoint trained with unless they match)
[cortex] OVERRIDE config.gate_slots: '<absent>' -> 64  (NOT what this checkpoint trained with unless they match)
[cortex] OVERRIDE config.gate_route: '<absent>' -> 'ring'  (NOT what this checkpoint trained with unless they match)
[cortex] OVERRIDE config.gate_norm: '<absent>' -> 'tanh'  (NOT what this checkpoint trained with unless they match)
[cortex] OVERRIDE config.gate_init: '<absent>' -> 'zero'  (NOT what this checkpoint trained with unless they match)
[cortex] OVERRIDE config.gate_fill: '<absent>' -> 'grow'  (NOT what this checkpoint trained with unless they match)
[cortex] OVERRIDE config.latent_carry: '<absent>' -> True  (NOT what this checkpoint trained with unless they match)
[cortex] OVERRIDE config.latent_depth_rule: '<absent>' -> 'absolute'  (NOT what this checkpoint trained with unless they match)
[cortex] OVERRIDE config.latent_depth_lo: '<absent>' -> 2  (NOT what this checkpoint trained with unless they match)
[cortex] OVERRIDE config.latent_depth_hi: '<absent>' -> 9  (NOT what this checkpoint trained with unless they match)
[cortex] OVERRIDE config.latent_renorm: '<absent>' -> 'none'  (NOT what this checkpoint trained with unless they match)
[cortex] OVERRIDE config.latent_s0_read: '<absent>' -> False  (NOT what this checkpoint trained with unless they match)
[cortex] OVERRIDE config.latent_read: '<absent>' -> 'xattn'  (NOT what this checkpoint trained with unless they match)
[cortex] OVERRIDE config.latent_read_depth: '<absent>' -> 'none'  (NOT what this checkpoint trained with unless they match)
[cortex] OVERRIDE config.latent_read_heads: '<absent>' -> 8  (NOT what this checkpoint trained with unless they match)
Random Initialization not implemented.
Random Initialization not implemented.
Random Initialization not implemented.
Random Initialization not implemented.
Random Initialization not implemented.
Random Initialization not implemented.
Random Initialization not implemented.
Random Initialization not implemented.
Random Initialization not implemented.
Random Initialization not implemented.
Random Initialization not implemented.
Random Initialization not implemented.
Loading checkpoint shards:   0%|          | 0/2 [00:00<?, ?it/s]Loading checkpoint shards:  50%|█████     | 1/2 [00:03<00:03,  3.92s/it]Loading checkpoint shards: 100%|██████████| 2/2 [00:03<00:00,  1.97s/it]
Some weights of RavenForCausalLM were not initialized from the model checkpoint at ckpts/olmo-retrofit-cortex and are newly initialized: ['cortex.latent_reader.gate', 'cortex.latent_reader.k_proj.weight', 'cortex.latent_reader.out_proj.weight', 'cortex.latent_reader.q_proj.weight', 'cortex.latent_reader.v_proj.weight', 'cortex.prefix.forget_bias', 'cortex.prefix.forget_bias_z', 'cortex.prefix.gate_proj_in.bias', 'cortex.prefix.gate_proj_in.weight', 'cortex.prefix.gate_proj_in_z.bias', 'cortex.prefix.gate_proj_in_z.weight', 'cortex.prefix.gate_proj_mem.bias', 'cortex.prefix.gate_proj_mem.weight', 'cortex.prefix.gate_proj_mem_z.bias', 'cortex.prefix.gate_proj_mem_z.weight', 'cortex.prefix.input_bias', 'cortex.prefix.input_bias_z', 'cortex.prefix.summary_emb', 'cortex.prefix.summary_seeded']
You should probably TRAIN this model on a down-stream task to be able to use it for predictions and inference.
[cortex] reset 8 cortex submodules to nn defaults + re-applied designed inits ['prefix.[summary_emb~N(reseeded from wte on first forward),forget_bias=1,input_bias=0,gate_init=zero,forget_bias_z=1,input_bias_z=0,gate_init_z=zero]', 'latent_reader.[qkv,out~N(0,0.02) NOT zero -- see LatentRead]', 'latent_reader.gate=0.1'] (undo post_init clobber)
[load] overlaid cortex-retrofit/probe-p1-a3z-gated-w16k64-cc8-z/checkpoint_91952/chkpt.pt: 5 missing / 0 unexpected keys
Traceback (most recent call last):
  File "/storage/home/hcoda1/3/hjiang420/cortex-finetune/evals/diag_readinto_gain.py", line 573, in <module>
    raise SystemExit(main())
                     ^^^^^^
  File "/storage/home/hcoda1/3/hjiang420/cortex-finetune/evals/diag_readinto_gain.py", line 432, in main
    score_chunk(model, xs[-1], ys[-1], carry, num_steps,
  File "/storage/home/hcoda1/3/hjiang420/cortex-finetune/evals/diag_readinto_gain.py", line 325, in score_chunk
    out = model(input_ids=ids.unsqueeze(0).to(device),
          ^^^^^^^^^^^^^^^^^^^^^^^^^^^^^^^^^^^^^^^^^^^^
  File "/storage/home/hcoda1/3/hjiang420/.conda/envs/cortex-retro/lib/python3.11/site-packages/torch/nn/modules/module.py", line 1736, in _wrapped_call_impl
    return self._call_impl(*args, **kwargs)
           ^^^^^^^^^^^^^^^^^^^^^^^^^^^^^^^^
  File "/storage/home/hcoda1/3/hjiang420/.conda/envs/cortex-retro/lib/python3.11/site-packages/torch/nn/modules/module.py", line 1747, in _call_impl
    return forward_call(*args, **kwargs)
           ^^^^^^^^^^^^^^^^^^^^^^^^^^^^^
  File "/storage/home/hcoda1/3/hjiang420/scratch/hf_cache/modules/transformers_modules/olmo-retrofit-cortex/raven_modeling_minimal_cortex.py", line 744, in forward
    x, num_steps_no_grad, num_steps_with_grad, xk, block_idx = self.iterate_forward(
                                                               ^^^^^^^^^^^^^^^^^^^^^
  File "/storage/home/hcoda1/3/hjiang420/scratch/hf_cache/modules/transformers_modules/olmo-retrofit-cortex/raven_modeling_minimal_cortex.py", line 861, in iterate_forward
    x, block_idx = self.core_block_forward(
                   ^^^^^^^^^^^^^^^^^^^^^^^^
  File "/storage/home/hcoda1/3/hjiang420/scratch/hf_cache/modules/transformers_modules/olmo-retrofit-cortex/raven_modeling_minimal_cortex.py", line 887, in core_block_forward
    x = self.cortex.read_into(x)
        ^^^^^^^^^^^^^^^^^^^^^^^^
  File "/storage/home/hcoda1/3/hjiang420/cortex-finetune/cortex_graft.py", line 829, in read_into
    x = self._latent_read_into(x, current_step)
        ^^^^^^^^^^^^^^^^^^^^^^^^^^^^^^^^^^^^^^^
  File "/storage/home/hcoda1/3/hjiang420/cortex-finetune/cortex_graft.py", line 837, in _latent_read_into
    z = self._latent_z_rows(x)
        ^^^^^^^^^^^^^^^^^^^^^^
  File "/storage/home/hcoda1/3/hjiang420/cortex-finetune/cortex_graft.py", line 1134, in _latent_z_rows
    z = self._null_latent(null, z)
        ^^^^^^^^^^^^^^^^^^^^^^^^^^
  File "/storage/home/hcoda1/3/hjiang420/cortex-finetune/cortex_graft.py", line 1222, in _null_latent
    n = n * (ref / n.norm(dim=-1, keepdim=True).clamp_min(1e-12))
             ~~~~^~~~~~~~~~~~~~~~~~~~~~~~~~~~~~~~~~~~~~~~~~~~~~~
RuntimeError: Expected all tensors to be on the same device, but found at least two devices, cuda:0 and cpu!

cell xattn/a3z FAILED rc=1
---------------------------------------
Begin Slurm Epilog: Sep-22-2026 00:34:26
Job ID:        13425686
Array Job ID:  13425548_1
User ID:       hjiang420
Account:       gts-aivanova7-lab
Job name:      readinto_gain
Resources:     cpu=8,gres/gpu:h200=1,mem=64G,node=1
Rsrc Used:     cput=02:30:00,vmem=0,walltime=00:18:45,mem=13875384K,energy_used=0
Partition:     gpu-h200
QOS:           inferno
Nodes:         atl1-1-02-012-9-0
---------------------------------------
