---------------------------------------
Begin Slurm Prolog: Aug-07-2026 23:01:28
Job ID:    11740955
User ID:   hjiang420
Account:   gts-aivanova7-lab
Job name:  eval_context_ceiling.sbatch
Partition: gpu-a100
QOS:       inferno
---------------------------------------

CondaError: Run 'conda init' before 'conda deactivate'

[ok]  cortex-retro-ft/rung1-pfxaccum32-cc4-tb2-rs-pg19-ep3/final_checkpoint
      already prepared
      flags: {'use_memory': True, 'memory_slots': 0, 'memory_slots_iter': 0, 'memory_heads': 4, 'prefix_memory': 'accum', 'accum_vecs': 32, 'accum_max': 128, 'h_T_proj': True, 'lora_rank': 0, 'lora_alpha': 32.0, 'mean_recurrence': 8, 'mean_backprop_depth': 8}
=== context ceiling: cortex-retro-ft/rung1-pfxaccum32-cc4-tb2-rs-pg19-ep3/final_checkpoint -> eval_results/context_ceiling_rung1-20260807-nc8/rung1-pfxaccum32-cc4-tb2-rs-pg19-ep3 ===
Loading: cortex-retro-ft/rung1-pfxaccum32-cc4-tb2-rs-pg19-ep3/final_checkpoint  (overlay: None)
Loading checkpoint shards:   0%|          | 0/2 [00:00<?, ?it/s]Loading checkpoint shards:  50%|█████     | 1/2 [00:55<00:55, 55.05s/it]Loading checkpoint shards: 100%|██████████| 2/2 [01:00<00:00, 25.61s/it]Loading checkpoint shards: 100%|██████████| 2/2 [01:00<00:00, 30.02s/it]
T=8  n_chunks=8  carry condition: on
context lens: 0 + [64, 128, 256, 512]
carry_plus:   carry + [128, 256] real tokens
position bands: 4 per chunk
data/pg19_olmo_val_len4096: 50 rows, evaluating 50
  sample 1 took 4.5s -> ETA 4 min
  10/50 samples  [1 min]
  20/50 samples  [1 min]
  30/50 samples  [2 min]
  40/50 samples  [3 min]
  50/50 samples  [4 min]

  Chunk      N       k=0      k=64     k=128     k=256     k=512     carry
  ------------------------------------------------------------------------
  2         50    2.8200    2.7426    2.7221    2.6961    2.6680    2.8200
  3         50    2.8714    2.7984    2.7764    2.7545    2.7382    2.8714
  4         50    2.9042    2.8311    2.8134    2.7887    2.7652    2.9042
  5         50    2.9483    2.8730    2.8557    2.8288    2.8066    2.9483
  6         50    2.8929    2.8240    2.8047    2.7785    2.7577    2.8929
  7         50    2.9964    2.9287    2.9063    2.8869    2.8568    2.9964
  8         50    2.9762    2.9091    2.8948    2.8672    2.8439    2.9762

  chunks 2+ pooled (n=350), delta vs k=0 (positive = that context HELPS):
       64 real tokens : +0.07180  (SE 0.00187)
      128 real tokens : +0.09087  (SE 0.00227)
      256 real tokens : +0.11555  (SE 0.00272)
      512 real tokens : +0.13902  (SE 0.00312)
    carry             : +0.00000  (SE 0.00000)

  => the carry is worth LESS than no context at all; no equivalent exists
  => it recovers 0.0% of the best oracle (+0.13902 at k=512 real tokens)

  carry + real context (n=350).  residual = what the carry adds
  ON TOP of context that is free at inference:
    carry+128   : total +0.09087 (SE 0.00227)   residual +0.00000 (SE 0.00000)  (standalone carry delta <= 0)
    carry+256   : total +0.11555 (SE 0.00272)   residual +0.00000 (SE 0.00000)  (standalone carry delta <= 0)
  A residual near zero means the carry is a LOCAL-CONTEXT
  SURROGATE: it re-supplies what the last k tokens already give,
  so the headroom worth chasing is (best ceiling - ceiling(k)),
  not the whole ceiling.

  position bands inside the chunk (n=350 chunk-instances), delta vs k=0 in the SAME band:
  condition            0-25%      25-50%      50-75%     75-100%
  k64               +0.24127    +0.02844    +0.01203    +0.00544
  k128              +0.28626    +0.04326    +0.02154    +0.01243
  k256              +0.33370    +0.06879    +0.03679    +0.02291
  k512              +0.36443    +0.08962    +0.06092    +0.04112
  carry             +0.00000    +0.00000    +0.00000    +0.00000
  carry+128         +0.28626    +0.04326    +0.02154    +0.01243
  carry+256         +0.33370    +0.06879    +0.03679    +0.02291
  Compare the carry's PROFILE to the oracle's, not to flat.  A
  front-loaded oracle is the boundary effect; a carry that tracks
  it is stitching the seam, a carry that stays flat across bands
  is supplying something that is not the previous chunk's text.

Results saved -> eval_results/context_ceiling_rung1-20260807-nc8/rung1-pfxaccum32-cc4-tb2-rs-pg19-ep3
---------------------------------------
Begin Slurm Epilog: Aug-07-2026 23:06:24
Job ID:        11740955
User ID:       hjiang420
Account:       gts-aivanova7-lab
Job name:      eval_context_ceiling.sbatch
Resources:     cpu=8,gres/gpu:a100=1,mem=64G,node=1
Rsrc Used:     cput=00:39:36,vmem=0,walltime=00:04:57,mem=6364088K,energy_used=0
Partition:     gpu-a100
QOS:           inferno
Nodes:         atl1-1-01-006-1-0
---------------------------------------
