---------------------------------------
Begin Slurm Prolog: Sep-01-2026 11:22:18
Job ID:    12684711
User ID:   hjiang420
Account:   gts-aivanova7-lab
Job name:  eval_carry_ablation.sbatch
Partition: gpu-a100
QOS:       inferno
---------------------------------------
[ok]  cortex-retrofit/retro-b2-acc32-cc8-mr8/final_checkpoint
      already prepared
      flags: {'use_memory': True, 'memory_slots': 0, 'memory_slots_iter': 0, 'memory_heads': 4, 'prefix_memory': 'accum', 'accum_vecs': 32, 'accum_max': 256, 'h_T_proj': True, 'lora_rank': 0, 'lora_alpha': 32.0, 'mean_recurrence': 32, 'mean_backprop_depth': 8}
=== carry ablation: retro-b2-acc32-cc8-mr8 -> eval_results/carry_ablation_b2-Tsweep-T1/retro-b2-acc32-cc8-mr8 ===
Loading: cortex-retrofit/retro-b2-acc32-cc8-mr8/final_checkpoint  (overlay: None)
Loading checkpoint shards:   0%|          | 0/2 [00:00<?, ?it/s]Loading checkpoint shards:  50%|█████     | 1/2 [01:53<01:53, 113.60s/it]Loading checkpoint shards: 100%|██████████| 2/2 [02:07<00:00, 55.12s/it] Loading checkpoint shards: 100%|██████████| 2/2 [02:07<00:00, 63.90s/it]
T=1  n_chunks=8
data/pg19_olmo_val_len4096: 50 rows, evaluating 50
  25/50 samples...
  50/50 samples...

  Chunk       N    carried     zeroed    d(zeroed)   (delta>0 => that carry content helps)
  ------------------------------------------------
  1          50     4.3648     4.3648      0.00000
  2          50     3.8218     3.9858      0.16401
  3          50     3.7866     3.9765      0.18990
  4          50     3.7627     3.9659      0.20322
  5          50     3.8034     4.0088      0.20538
  6          50     3.7146     3.9303      0.21566
  7          50     3.7569     3.9699      0.21306
  8          50     3.7529     3.9649      0.21200

  chunks 2+ [ zeroed]: delta = 0.20046 (SE 0.00323)  [chunk 1 is the identical-by-construction control]

Results saved -> eval_results/carry_ablation_b2-Tsweep-T1/retro-b2-acc32-cc8-mr8
---------------------------------------
Begin Slurm Epilog: Sep-01-2026 11:24:55
Job ID:        12684711
User ID:       hjiang420
Account:       gts-aivanova7-lab
Job name:      eval_carry_ablation.sbatch
Resources:     cpu=8,gres/gpu:a100=1,mem=64G,node=1
Rsrc Used:     cput=00:21:12,vmem=0,walltime=00:02:39,mem=4956596K,energy_used=0
Partition:     gpu-a100
QOS:           inferno
Nodes:         atl1-1-01-002-20-0
---------------------------------------
