---------------------------------------
Begin Slurm Prolog: Sep-09-2026 18:43:49
Job ID:    13044381
User ID:   hjiang420
Account:   gts-aivanova7-lab
Job name:  diag_accum_buffer.sbatch
Partition: gpu-a100
QOS:       inferno
---------------------------------------
[ok]  cortex-retrofit/retro-b2-acc32-cc8-mr8/final_checkpoint
      already prepared
      flags: {'use_memory': True, 'memory_slots': 0, 'memory_slots_iter': 0, 'memory_heads': 4, 'prefix_memory': 'accum', 'accum_vecs': 32, 'accum_max': 256, 'h_T_proj': True, 'lora_rank': 0, 'lora_alpha': 32.0, 'mean_recurrence': 32, 'mean_backprop_depth': 8}
=== accum buffer diagnostics: retro-b2-acc32-cc8-mr8 -> eval_results/diag_accum_buffer_b2-deep-T8/retro-b2-acc32-cc8-mr8 ===
Loading: cortex-retrofit/retro-b2-acc32-cc8-mr8/final_checkpoint  (overlay: None)
Loading checkpoint shards:   0%|          | 0/2 [00:00<?, ?it/s]Loading checkpoint shards:  50%|█████     | 1/2 [01:46<01:46, 106.22s/it]Loading checkpoint shards: 100%|██████████| 2/2 [02:01<00:00, 52.82s/it] Loading checkpoint shards: 100%|██████████| 2/2 [02:01<00:00, 60.83s/it]
[cortex] carry buffer: n_vec=32 max_vecs=256 (config.json) -> holds the newest 8 chunks; older writes are dropped by the FIFO
T=8  chunk_len=512  accum_vecs=32  accum_max=256
data/pg19_olmo_val_len131072: 7 rows, evaluating 7

  Chunk     N  vecs  new_norm state_norm new_vs_old     loss  distinct
  ------------------------------------------------------------------
  1         7    32  171.0106   171.0106        nan   3.6048     0.790
  2         7    64  169.4497   170.2301     0.9307   3.3105     0.779
  3         7    96  169.4458   169.9687     0.9484   3.4143     0.799
  4         7   128  169.2863   169.7981     0.9547   3.1962     0.696
  5         7   160  169.6542   169.7693     0.9575   3.3993     0.607
  6         7   192  169.4290   169.7126     0.9594   3.4396     0.719
  7         7   224  169.7793   169.7221     0.9606   3.3770     0.668
  8         7   256  169.7936   169.7311     0.9613   3.2685     0.647
  9         7   256  169.9590   169.5996     0.9661   3.3926     0.710
  10        7   256  171.3029   169.8313     0.9653   3.5930     0.744
  11        7   256  171.3072   170.0639     0.9666   3.5306     0.682
  12        7   256  170.9255   170.2688     0.9662   3.5135     0.781
  13        7   256  170.9928   170.4362     0.9668   3.4144     0.643
  14        7   256  171.0497   170.6387     0.9671   3.3432     0.733
  15        7   256  171.1309   170.8077     0.9667   3.5355     0.750
  16        7   256  171.1284   170.9746     0.9672   3.5453     0.629
  17        7   256  171.3264   171.1455     0.9682   3.4392     0.714
  18        7   256  172.0737   171.2418     0.9671   3.5911     0.670
  19        7   256  172.1929   171.3526     0.9678   3.5564     0.665
  20        7   256  172.5916   171.5608     0.9678   3.7855     0.625
  21        7   256  172.7471   171.7801     0.9681   3.9226     0.719
  22        7   256  172.8143   172.0007     0.9683   3.9553     0.647
  23        7   256  172.7475   172.2027     0.9687   4.0783     0.607
  24        7   256  172.7125   172.4007     0.9692   3.8450     0.692
  25        7   256  172.6892   172.5711     0.9693   4.0671     0.580
  26        7   256  172.6767   172.6465     0.9693   4.0816     0.692
  27        7   256  172.6817   172.7076     0.9701   4.1617     0.674
  28        7   256  172.4050   172.6842     0.9705   4.2395     0.589
  29        7   256  172.5187   172.6557     0.9701   3.9875     0.612
  30        7   256  172.4988   172.6163     0.9708   4.2817     0.558
  31        7   256  172.3204   172.5629     0.9701   4.2094     0.661
  32        7   256  172.2107   172.5001     0.9698   3.9964     0.504
  33        7   256  172.1703   172.4353     0.9686   3.9837     0.558
  34        7   256  172.2445   172.3813     0.9697   4.1771     0.598
  35        7   256  172.4380   172.3508     0.9695   3.9800     0.734
  36        7   256  172.4537   172.3569     0.9697   4.2480     0.545
  37        7   256  172.3837   172.3400     0.9701   4.3130     0.634
  38        7   256  172.2806   172.3127     0.9694   4.2338     0.589
  39        7   256  172.3460   172.3159     0.9703   3.9887     0.732
  40        7   256  172.4836   172.3501     0.9701   4.3221     0.568
  41        7   256  172.4878   172.3897     0.9705   4.3691     0.629
  42        7   256  172.5589   172.4290     0.9700   4.1417     0.583
  43        7   256  172.6252   172.4524     0.9693   4.3642     0.598
  44        7   256  172.4512   172.4521     0.9704   4.4327     0.625
  45        7   256  172.5652   172.4748     0.9701   4.2611     0.598
  46        7   256  172.5237   172.5052     0.9706   4.3473     0.603
  47        7   256  172.4651   172.5201     0.9709   4.3634     0.481
  48        7   256  172.6025   172.5349     0.9696   4.2122     0.746
  49        7   256  172.4361   172.5285     0.9702   4.2680     0.610
  50        7   256  172.5148   172.5230     0.9701   4.4001     0.655
  51        7   256  172.3389   172.4872     0.9698   4.3243     0.738
  52        7   256  172.5045   172.4939     0.9699   4.2672     0.538
  53        7   256  172.3412   172.4659     0.9701   4.4213     0.616
  54        7   256  172.2285   172.4290     0.9707   4.2812     0.575
  55        7   256  172.2341   172.4001     0.9703   4.2708     0.539
  56        7   256  172.2023   172.3501     0.9705   4.3156     0.759
  57        7   256  172.2487   172.3266     0.9701   4.1921     0.566
  58        7   256  172.2266   172.2906     0.9706   4.2464     0.643
  59        7   256  172.2778   172.2830     0.9707   4.2855     0.686
  60        7   256  172.1645   172.2405     0.9707   4.1361     0.609
  61        7   256  172.3092   172.2365     0.9693   4.2609     0.509
  62        7   256  172.1529   172.2270     0.9696   4.2110     0.576
  63        7   256  172.2667   172.2311     0.9695   4.1772     0.746
  64        7   256  172.2129   172.2324     0.9706   4.1999     0.509
  65        7   256  172.3069   172.2397     0.9691   4.1283     0.717
  66        7   256  172.3910   172.2602     0.9698   4.2990     0.480
  67        7   256  172.6679   172.3090     0.9695   4.2610     0.670
  68        7   256  172.7566   172.3830     0.9697   4.2929     0.524
  69        7   256  172.5879   172.4178     0.9704   4.3703     0.584
  70        7   256  172.5508   172.4676     0.9708   4.4381     0.717
  71        7   256  172.5395   172.5017     0.9700   4.3163     0.690
  72        7   256  172.5399   172.5425     0.9699   4.4852     0.741
  73        7   256  172.4699   172.5629     0.9708   4.3873     0.504
  74        7   256  172.5048   172.5771     0.9704   4.3751     0.675
  75        7   256  172.5455   172.5618     0.9704   4.3599     0.491
  76        7   256  172.4400   172.5223     0.9707   4.3469     0.693
  77        7   256  172.2044   172.4743     0.9693   4.3582     0.687
  78        7   256  172.4186   172.4578     0.9698   4.4616     0.480
  79        7   256  172.2357   172.4198     0.9701   4.3421     0.620
  80        7   256  172.2014   172.3775     0.9699   4.3119     0.728
  81        7   256  172.2931   172.3555     0.9696   4.3361     0.562
  82        7   256  172.2499   172.3236     0.9692   4.3376     0.562
  83        7   256  172.3152   172.2948     0.9690   4.2440     0.531
  84        7   256  172.3283   172.2808     0.9695   4.1552     0.638
  85        7   256  172.4374   172.3100     0.9687   4.3029     0.701
  86        7   256  172.5267   172.3235     0.9687   4.4525     0.692
  87        7   256  172.3192   172.3339     0.9687   4.3308     0.482
  88        7   256  172.4365   172.3633     0.9691   4.3393     0.632
  89        7   256  172.5095   172.3903     0.9701   4.3963     0.629
  90        7   256  172.4665   172.4174     0.9692   4.4394     0.496
  91        7   256  172.4594   172.4354     0.9698   4.3254     0.661
  92        7   256  172.3761   172.4414     0.9701   4.2834     0.638
  93        7   256  172.4350   172.4411     0.9704   4.3069     0.513
  94        7   256  172.4208   172.4279     0.9697   4.4496     0.701
  95        7   256  172.5696   172.4592     0.9692   4.4402     0.545
  96        7   256  172.5256   172.4703     0.9704   4.4453     0.589
  97        7   256  172.4071   172.4575     0.9695   4.3529     0.504
  98        7   256  172.5224   172.4645     0.9700   4.3473     0.580
  99        7   256  172.3945   172.4564     0.9705   4.4003     0.737
  100       7   256  172.4702   172.4682     0.9705   4.3560     0.512
  101       7   256  172.5397   172.4812     0.9710   4.3232     0.576
  102       7   256  172.3934   172.4778     0.9706   4.4134     0.611
  103       7   256  172.3385   172.4489     0.9714   4.3642     0.570
  104       7   256  172.3519   172.4272     0.9708   4.4929     0.619
  105       7   256  172.4017   172.4265     0.9698   4.3333     0.589
  106       7   256  172.4829   172.4216     0.9698   4.2883     0.646
  107       7   256  172.3628   172.4176     0.9703   4.2989     0.509
  108       7   256  172.5149   172.4232     0.9708   4.3622     0.567
  109       7   256  172.4300   172.4095     0.9698   4.2925     0.805
  110       7   256  172.3677   172.4063     0.9705   4.3865     0.527
  111       7   256  172.3127   172.4031     0.9694   4.2877     0.603
  112       7   256  172.2682   172.3926     0.9696   4.3278     0.634
  113       7   256  172.5421   172.4102     0.9690   4.1951     0.478
  114       7   256  172.4501   172.4061     0.9699   4.2474     0.602
  115       7   256  172.6320   172.4397     0.9702   4.3914     0.563
  116       7   256  172.6128   172.4519     0.9692   4.5012     0.522
  117       7   256  172.6040   172.4737     0.9701   4.5968     0.621
  118       7   256  172.7300   172.5190     0.9703   4.3271     0.429
  119       7   256  172.6653   172.5631     0.9702   4.3191     0.580
  120       7   256  172.5539   172.5988     0.9697   4.2327     0.529
  121       7   256  172.5593   172.6009     0.9704   4.2941     0.580
  122       7   256  172.4319   172.5987     0.9700   4.3382     0.685
  123       7   256  172.3532   172.5638     0.9703   4.4508     0.451
  124       7   256  172.4555   172.5441     0.9705   4.2316     0.700
  125       7   256  172.4052   172.5193     0.9701   4.3190     0.634
  126       7   256  172.4017   172.4782     0.9696   4.3342     0.674
  127       7   256  172.6242   172.4731     0.9702   4.2417     0.594
  128       7   256  172.5503   172.4727     0.9698   4.3502     0.674
  129       7   256  172.5948   172.4771     0.9691   4.4089     0.518
  130       7   256  172.6309   172.5020     0.9700   4.6333     0.570
  131       7   256  172.6088   172.5339     0.9700   4.4933     0.588
  132       7   256  172.6578   172.5592     0.9699   4.5262     0.504
  133       7   256  172.5730   172.5802     0.9692   4.5966     0.482
  134       7   256  172.4558   172.5869     0.9690   4.4698     0.565
  135       7   256  172.6737   172.5931     0.9698   4.3720     0.593
  136       7   256  172.6202   172.6019     0.9702   4.3221     0.469
  137       7   256  172.5873   172.6009     0.9690   4.2879     0.766
  138       7   256  172.5319   172.5885     0.9703   4.4650     0.469
  139       7   256  172.4165   172.5645     0.9696   4.2833     0.617
  140       7   256  172.4261   172.5356     0.9704   4.2328     0.759
  141       7   256  172.3618   172.5092     0.9708   4.2798     0.748
  142       7   256  172.5746   172.5240     0.9695   4.3356     0.699
  143       7   256  172.4701   172.4986     0.9705   4.3785     0.665
  144       7   256  172.4100   172.4723     0.9703   4.3332     0.582
  145       7   256  172.3955   172.4483     0.9697   4.4486     0.580
  146       7   256  172.5006   172.4444     0.9705   4.4376     0.651
  147       7   256  172.4483   172.4484     0.9705   4.5294     0.625
  148       7   256  172.3020   172.4329     0.9694   4.3628     0.614
  149       7   256  172.2140   172.4144     0.9703   4.3002     0.817
  150       7   256  172.4090   172.3937     0.9705   4.3692     0.576
  151       7   256  172.4172   172.3871     0.9704   4.6877     0.673
  152       7   256  172.4973   172.3980     0.9704   4.6924     0.545
  153       7   256  172.4176   172.4007     0.9707   4.3312     0.556
  154       7   256  172.5243   172.4037     0.9710   4.7104     0.574
  155       7   256  172.5835   172.4206     0.9697   4.4277     0.714
  156       7   256  172.3797   172.4303     0.9712   4.2729     0.665
  157       7   256  172.4852   172.4642     0.9707   4.4210     0.435
  158       7   256  172.6031   172.4885     0.9711   4.5606     0.628
  159       7   256  172.4596   172.4938     0.9711   4.4173     0.632
  160       7   256  172.4348   172.4860     0.9706   4.4149     0.598
  161       7   256  172.3029   172.4716     0.9709   4.4892     0.795
  162       7   256  172.3638   172.4516     0.9701   4.4015     0.684
  163       7   256  172.2405   172.4087     0.9706   4.3539     0.704
  164       7   256  172.1978   172.3860     0.9700   4.1793     0.622
  165       7   256  172.2021   172.3506     0.9701   4.3142     0.625
  166       7   256  172.4193   172.3276     0.9692   4.2089     0.608
  167       7   256  172.3929   172.3193     0.9694   4.3315     0.489
  168       7   256  172.2455   172.2956     0.9707   4.3312     0.570
  169       7   256  172.5305   172.3241     0.9686   4.3063     0.632
  170       7   256  172.6367   172.3582     0.9702   4.4529     0.348
  171       7   256  172.4848   172.3887     0.9700   4.4754     0.533
  172       7   256  172.6970   172.4511     0.9703   4.3904     0.712
  173       7   256  172.7079   172.5143     0.9696   4.5004     0.504
  174       7   256  172.7178   172.5517     0.9707   4.3950     0.487
  175       7   256  172.5682   172.5735     0.9706   4.4248     0.513
  176       7   256  172.7326   172.6344     0.9708   4.3826     0.681
  177       7   256  172.5936   172.6423     0.9706   4.4284     0.545
  178       7   256  172.7132   172.6519     0.9703   4.4837     0.375
  179       7   256  172.6053   172.6670     0.9710   4.4784     0.660
  180       7   256  172.5448   172.6479     0.9709   4.4958     0.589
  181       7   256  172.5138   172.6237     0.9710   4.3489     0.560
  182       7   256  172.3791   172.5813     0.9708   4.5240     0.499
  183       7   256  172.3954   172.5597     0.9693   4.5023     0.438
  184       7   256  172.3100   172.5069     0.9703   4.4191     0.540
  185       7   256  172.4648   172.4908     0.9704   4.5019     0.527
  186       7   256  172.5634   172.4721     0.9703   4.4840     0.712
  187       7   256  172.6031   172.4718     0.9701   4.5111     0.472
  188       7   256  172.4017   172.4539     0.9705   4.4628     0.564
  189       7   256  172.5583   172.4595     0.9699   4.4976     0.539
  190       7   256  172.6334   172.4913     0.9704   4.5664     0.621
  191       7   256  172.6034   172.5173     0.9702   4.4364     0.558
  192       7   256  172.4558   172.5355     0.9703   4.4887     0.535
  193       7   256  172.4813   172.5376     0.9693   4.2966     0.549
  194       7   256  172.5569   172.5368     0.9690   4.4158     0.504
  195       7   256  172.6161   172.5384     0.9701   4.4310     0.714
  196       7   256  172.5667   172.5590     0.9704   4.4947     0.502
  197       7   256  172.5846   172.5623     0.9705   4.5351     0.600
  198       7   256  172.4565   172.5402     0.9702   4.2797     0.621
  199       7   256  172.4051   172.5154     0.9704   4.4070     0.652
  200       7   256  172.5802   172.5309     0.9680   4.3110     0.540
  201       7   256  172.5598   172.5407     0.9694   4.4595     0.621
  202       7   256  172.6196   172.5486     0.9702   4.5077     0.634
  203       7   256  172.3715   172.5180     0.9698   4.4209     0.740
  204       7   256  172.4015   172.4973     0.9698   4.4765     0.558
  205       7   256  172.2876   172.4602     0.9692   4.4863     0.574
  206       7   256  172.4431   172.4586     0.9700   4.5808     0.642
  207       7   256  172.4651   172.4660     0.9706   4.6212     0.571
  208       7   256  172.4530   172.4502     0.9706   4.5638     0.609
  209       7   256  172.4234   172.4331     0.9708   4.6114     0.553
  210       7   256  172.4084   172.4067     0.9705   4.4526     0.628
  211       7   256  172.5123   172.4243     0.9707   4.4720     0.674
  212       7   256  172.2488   172.4052     0.9704   4.4700     0.643
  213       7   256  172.4069   172.4201     0.9701   4.3195     0.694
  214       7   256  172.3927   172.4138     0.9704   4.4049     0.571
  215       7   256  172.3923   172.4047     0.9709   4.3526     0.601
  216       7   256  172.2841   172.3836     0.9710   4.2961     0.621
  217       7   256  172.2132   172.3573     0.9709   4.3789     0.575
  218       7   256  172.4296   172.3600     0.9709   4.4923     0.375
  219       7   256  172.4689   172.3545     0.9702   4.4353     0.547
  220       7   256  172.3236   172.3639     0.9711   4.4901     0.618
  221       7   256  172.1767   172.3351     0.9709   4.3509     0.707
  222       7   256  172.2884   172.3221     0.9705   4.3509     0.598
  223       7   256  172.1637   172.2935     0.9709   4.2457     0.687
  224       7   256  172.2490   172.2892     0.9706   4.4146     0.668
  225       7   256  172.3883   172.3110     0.9706   4.3411     0.693
  226       7   256  172.2023   172.2826     0.9703   4.4008     0.710
  227       7   256  172.2549   172.2559     0.9694   4.4835     0.550
  228       7   256  172.3069   172.2538     0.9694   4.2212     0.574
  229       7   256  172.4734   172.2909     0.9699   4.2947     0.570
  230       7   256  172.3575   172.2995     0.9693   4.3952     0.549
  231       7   256  172.3191   172.3189     0.9701   4.3593     0.619
  232       7   256  172.3638   172.3333     0.9696   4.3660     0.549
  233       7   256  172.3697   172.3309     0.9706   4.1437     0.634
  234       7   256  172.3192   172.3456     0.9699   4.2918     0.568
  235       7   256  172.3485   172.3572     0.9702   4.4380     0.605
  236       7   256  172.3918   172.3679     0.9694   4.2915     0.607
  237       7   256  172.3685   172.3548     0.9706   4.2620     0.630
  238       7   256  172.3887   172.3587     0.9704   4.1552     0.573
  239       7   256  172.5809   172.3914     0.9700   4.3175     0.522
  240       7   256  172.4421   172.4012     0.9707   4.4439     0.501
  241       7   256  172.4489   172.4111     0.9708   4.3836     0.565
  242       7   256  172.3937   172.4204     0.9692   4.1873     0.629
  243       7   256  172.2832   172.4122     0.9701   4.2249     0.469
  244       7   256  172.4127   172.4148     0.9707   4.1465     0.660
  245       7   256  172.5513   172.4377     0.9701   4.3239     0.598
  246       7   256  172.4160   172.4411     0.9699   4.1631     0.438
  247       7   256  172.3874   172.4169     0.9700   4.2175     0.661
  248       7   256  172.5503   172.4304     0.9708   4.4216     0.562
  249       7   256  172.5115   172.4383     0.9703   4.3492     0.555
  250       7   256  172.6335   172.4682     0.9701   4.4100     0.654
  251       7   256  172.5275   172.4988     0.9713   4.3883     0.597
  252       7   256  172.5120   172.5112     0.9709   4.4698     0.406
  253       7   256  172.3625   172.4876     0.9712   4.3539     0.694
  254       7   256  172.4608   172.4932     0.9708   4.4479     0.642
  255       7   256  172.4740   172.5040     0.9707   4.3139     0.475
  256       7   256  172.4371   172.4899     0.9711   4.3622     0.647

  Reading: training only ever exposed reads to <= cross_chunks-1 writes.
  Drift in new_norm / new_vs_old past that chunk index = the buffer goes OOD
  (motivates A1's chunk-count curriculum); flat stats + degrading distinct
  ratio = the problem is in the read, not the state.

Results saved -> eval_results/diag_accum_buffer_b2-deep-T8/retro-b2-acc32-cc8-mr8
---------------------------------------
Begin Slurm Epilog: Sep-09-2026 19:53:31
Job ID:        13044381
User ID:       hjiang420
Account:       gts-aivanova7-lab
Job name:      diag_accum_buffer.sbatch
Resources:     cpu=8,gres/gpu:a100=1,mem=64G,node=1
Rsrc Used:     cput=09:18:00,vmem=0,walltime=01:09:45,mem=6452184K,energy_used=0
Partition:     gpu-a100
QOS:           inferno
Nodes:         atl1-1-02-018-29-0
---------------------------------------
