---------------------------------------
Begin Slurm Prolog: Sep-19-2026 21:04:05
Job ID:    13360883
User ID:   hjiang420
Account:   gts-aivanova7-lab
Job name:  p21_subst
Partition: gpu-h200
QOS:       inferno
---------------------------------------
=== P2.1 substitution sweep | 3 cells | index 2 ===
    [0] a1 donor both
    [1] a3 donor both
    [2] parent donor both
    for THIS cell list:  sbatch --array=0-2
    pack rows:  1059   (--max_examples 100 is a CEILING)

    arm=parent damage=donor channel=both
    checkpoint: cortex-retrofit/retro-b2-heal/checkpoint_91552_w16
    data:       data/pg19_olmo_validation_len4096_strided   (READ THIS LINE -- it is the only proof the pack arrived)
    geometry:   accum  W=16  latent=0
    sets:       --set use_memory=true --set memory_slots=0 --set prefix_memory=accum --set accum_vecs=16 --set accum_max=128
    T=8  n_chunks=8  depths=1 2 3 4 6  n=100
    out:        eval_results/p21_substitution-20260919/parent-donor-both

    The [cortex] OVERRIDE lines below are the proof the geometry arrived.
    A cell that prints none of them is running on a buffer-less graft.
NVIDIA H200, 143771 MiB

[cortex] OVERRIDE config.use_memory: '<absent>' -> True  (NOT what this checkpoint trained with unless they match)
[cortex] OVERRIDE config.memory_slots: '<absent>' -> 0  (NOT what this checkpoint trained with unless they match)
[cortex] OVERRIDE config.prefix_memory: '<absent>' -> 'accum'  (NOT what this checkpoint trained with unless they match)
[cortex] OVERRIDE config.accum_vecs: '<absent>' -> 16  (NOT what this checkpoint trained with unless they match)
[cortex] OVERRIDE config.accum_max: '<absent>' -> 128  (NOT what this checkpoint trained with unless they match)
Random Initialization not implemented.
Random Initialization not implemented.
Random Initialization not implemented.
Loading checkpoint shards:   0%|          | 0/2 [00:00<?, ?it/s]Loading checkpoint shards: 100%|██████████| 2/2 [00:00<00:00, 56.36it/s]
Some weights of RavenForCausalLM were not initialized from the model checkpoint at ckpts/olmo-retrofit-cortex and are newly initialized: ['cortex.prefix.summary_emb', 'cortex.prefix.summary_seeded']
You should probably TRAIN this model on a down-stream task to be able to use it for predictions and inference.
[cortex] reset 0 cortex submodules to nn defaults + re-applied designed inits ['prefix.[summary_emb~N(reseeded from wte on first forward)]'] (undo post_init clobber)
[load] overlaid cortex-retrofit/retro-b2-heal/checkpoint_91552_w16/chkpt.pt: 0 missing / 0 unexpected keys
[cortex] carry buffer: n_vec=16 max_vecs=128 (config.json) -> holds the newest 8 chunks; older writes are dropped by the FIFO
  10 samples
  20 samples
  30 samples
  40 samples
  50 samples
  60 samples
  70 samples
  80 samples
  90 samples
  100 samples

==============================================================================
I(d) -- nats/token that chunk N-d's carry contribution is worth at chunk N
buffer: PrefixAccumBuffer (append), damage=donor, n=100 paired samples
==============================================================================
  intact loss 3.6180 nats/token   chance (ln vocab) 11.5164   margin +7.8984

    d   I(d) nats                    95% CI     n   shape
    1     0.03205   [  0.02540,   0.03951]   100  *
    2     0.00806   [  0.00073,   0.01794]   100  *
    3     0.00276   [ -0.00290,   0.00950]   100
    4    -0.00028   [ -0.00820,   0.00811]   100
    6    -0.00083   [ -0.00657,   0.00588]   100

  * = CI excludes zero, i.e. that depth still measurably matters.
  This is an APPEND buffer holding 8 chunks: expect I(d) roughly flat to d=7 and then exactly 0.

wrote eval_results/p21_substitution-20260919/parent-donor-both/results.json

cell parent/donor/both DONE -> eval_results/p21_substitution-20260919/parent-donor-both/results.json

This cell is one row of the sweep, not a verdict.  The reading is the
TABLE -- arms against the parent for question 1, donor against random
for question 2 -- and the responses to each outcome are pre-registered
in this file's header and in p2_deciding_measurements_handoff.md.
---------------------------------------
Begin Slurm Epilog: Sep-19-2026 21:18:16
Job ID:        13360883
Array Job ID:  13360883_2
User ID:       hjiang420
Account:       gts-aivanova7-lab
Job name:      p21_subst
Resources:     cpu=8,gres/gpu:h200=1,mem=64G,node=1
Rsrc Used:     cput=02:01:36,vmem=0,walltime=00:15:12,mem=16564704K,energy_used=0
Partition:     gpu-h200
QOS:           inferno
Nodes:         atl1-1-03-020-18-0
---------------------------------------
