---------------------------------------
Begin Slurm Prolog: Jul-16-2026 20:21:57
Job ID:    11219993
User ID:   hjiang420
Account:   gts-aivanova7-lab
Job name:  eval_longcontext.sbatch
Partition: gpu-a100
QOS:       inferno
---------------------------------------
[ok]  cortex-retro-ft/rung1-k0-ci-cc1-len1024-ep4/final_checkpoint
      already prepared
      flags: {'use_memory': True, 'memory_slots': 0, 'memory_slots_iter': 0, 'memory_heads': 4, 'ccot_direct': False, 'h_T_proj': True, 'lora_rank': 0, 'lora_alpha': 32.0, 'mean_recurrence': 8, 'mean_backprop_depth': 8}
=== long-context eval: rung1-k0-ci-cc1-len1024-ep4  (cortex-retro-ft/rung1-k0-ci-cc1-len1024-ep4/final_checkpoint) -> eval_results/longcontext_20260716/rung1-k0-ci-cc1-len1024-ep4 ===
Loading checkpoint: None
Loading checkpoint shards:   0%|          | 0/2 [00:00<?, ?it/s]Loading checkpoint shards:  50%|█████     | 1/2 [01:19<01:19, 79.51s/it]Loading checkpoint shards: 100%|██████████| 2/2 [01:31<00:00, 39.79s/it]Loading checkpoint shards: 100%|██████████| 2/2 [01:31<00:00, 45.75s/it]
T=8  tasks=['qa1', 'qa2', 'qa3']  num_chunks=4  passes_per_chunk=1  ccot_passes=0

--- qa1 ---
  [qa1/1k] 50 examples processed...
  [qa1/1k] 100 examples processed...
  [qa1/2k] 50 examples processed...
  [qa1/2k] 100 examples processed...
  [qa1/4k] 50 examples processed...
  [qa1/4k] 100 examples processed...
  [qa1/8k] 50 examples processed...
  [qa1/8k] 100 examples processed...
  [qa1/16k] 50 examples processed...
  [qa1/16k] 100 examples processed...
  [qa1/32k] 50 examples processed...
  [qa1/32k] 100 examples processed...
  Bucket        Correct    Total      Acc
  ----------------------------------------
  1k                 24      100    0.240
  2k                 20      100    0.200
  4k                 25      100    0.250
  8k                 20      100    0.200
  16k                24      100    0.240
  32k                18      100    0.180

--- qa2 ---
  [qa2/1k] 50 examples processed...
  [qa2/1k] 100 examples processed...
  [qa2/2k] 50 examples processed...
  [qa2/2k] 100 examples processed...
  [qa2/4k] 50 examples processed...
  [qa2/4k] 100 examples processed...
  [qa2/8k] 50 examples processed...
  [qa2/8k] 100 examples processed...
  [qa2/16k] 50 examples processed...
  [qa2/16k] 100 examples processed...
  [qa2/32k] 50 examples processed...
  [qa2/32k] 100 examples processed...
  Bucket        Correct    Total      Acc
  ----------------------------------------
  1k                 14      100    0.140
  2k                  9      100    0.090
  4k                 10      100    0.100
  8k                  9      100    0.090
  16k                10      100    0.100
  32k                 6      100    0.060

--- qa3 ---
  [qa3/1k] 50 examples processed...
  [qa3/1k] 100 examples processed...
  [qa3/2k] 50 examples processed...
  [qa3/2k] 100 examples processed...
  [qa3/4k] 50 examples processed...
  [qa3/4k] 100 examples processed...
  [qa3/8k] 50 examples processed...
  [qa3/8k] 100 examples processed...
  [qa3/16k] 50 examples processed...
  [qa3/16k] 100 examples processed...
  [qa3/32k] 50 examples processed...
  [qa3/32k] 100 examples processed...
  Bucket        Correct    Total      Acc
  ----------------------------------------
  1k                  3      100    0.030
  2k                  1      100    0.010
  4k                  0      100    0.000
  8k                  1      100    0.010
  16k                 1      100    0.010
  32k                 1      100    0.010

Results saved → eval_results/longcontext_20260716/rung1-k0-ci-cc1-len1024-ep4/babilong
Loading checkpoint: None
Loading checkpoint shards:   0%|          | 0/2 [00:00<?, ?it/s]Loading checkpoint shards:  50%|█████     | 1/2 [00:22<00:22, 22.95s/it]Loading checkpoint shards: 100%|██████████| 2/2 [00:26<00:00, 11.58s/it]Loading checkpoint shards: 100%|██████████| 2/2 [00:26<00:00, 13.29s/it]
T=8
  50 examples processed...
  100 examples processed...
  150 examples processed...
  200 examples processed...
  250 examples processed...
  300 examples processed...
  350 examples processed...
  400 examples processed...

  Bucket            Correct    Total      Acc
  --------------------------------------------
  ≤50sess                 8      200    0.040
  >50sess                 5      200    0.025

Results saved → eval_results/longcontext_20260716/rung1-k0-ci-cc1-len1024-ep4/longmemeval
---------------------------------------
Begin Slurm Epilog: Jul-16-2026 20:40:35
Job ID:        11219993
User ID:       hjiang420
Account:       gts-aivanova7-lab
Job name:      eval_longcontext.sbatch
Resources:     cpu=8,gres/gpu:a100=1,mem=64G,node=1
Rsrc Used:     cput=02:29:12,vmem=0,walltime=00:18:39,mem=9216820K,energy_used=0
Partition:     gpu-a100
QOS:           inferno
Nodes:         atl1-1-02-018-35-0
---------------------------------------
