---------------------------------------
Begin Slurm Prolog: Jul-16-2026 19:55:32
Job ID:    11219990
User ID:   hjiang420
Account:   gts-aivanova7-lab
Job name:  eval_longcontext.sbatch
Partition: gpu-a100
QOS:       inferno
---------------------------------------
[ok]  cortex-retro-ft/rung1-k0-ki4-cc1-len1024-ep4/final_checkpoint
      already prepared
      flags: {'use_memory': True, 'memory_slots': 0, 'memory_slots_iter': 4, 'memory_heads': 4, 'ccot_direct': False, 'h_T_proj': True, 'lora_rank': 0, 'lora_alpha': 32.0, 'mean_recurrence': 8, 'mean_backprop_depth': 8}
=== long-context eval: rung1-k0-ki4-cc1-len1024-ep4  (cortex-retro-ft/rung1-k0-ki4-cc1-len1024-ep4/final_checkpoint) -> eval_results/longcontext_20260716/rung1-k0-ki4-cc1-len1024-ep4 ===
Loading checkpoint: None
Loading checkpoint shards:   0%|          | 0/2 [00:00<?, ?it/s]Loading checkpoint shards:  50%|█████     | 1/2 [01:21<01:21, 81.78s/it]Loading checkpoint shards: 100%|██████████| 2/2 [01:38<00:00, 43.39s/it]Loading checkpoint shards: 100%|██████████| 2/2 [01:38<00:00, 49.15s/it]
T=8  tasks=['qa1', 'qa2', 'qa3']  num_chunks=4  passes_per_chunk=1  ccot_passes=0

--- qa1 ---
  [qa1/1k] 50 examples processed...
  [qa1/1k] 100 examples processed...
  [qa1/2k] 50 examples processed...
  [qa1/2k] 100 examples processed...
  [qa1/4k] 50 examples processed...
  [qa1/4k] 100 examples processed...
  [qa1/8k] 50 examples processed...
  [qa1/8k] 100 examples processed...
  [qa1/16k] 50 examples processed...
  [qa1/16k] 100 examples processed...
  [qa1/32k] 50 examples processed...
  [qa1/32k] 100 examples processed...
  Bucket        Correct    Total      Acc
  ----------------------------------------
  1k                 19      100    0.190
  2k                 19      100    0.190
  4k                 15      100    0.150
  8k                 16      100    0.160
  16k                15      100    0.150
  32k                12      100    0.120

--- qa2 ---
  [qa2/1k] 50 examples processed...
  [qa2/1k] 100 examples processed...
  [qa2/2k] 50 examples processed...
  [qa2/2k] 100 examples processed...
  [qa2/4k] 50 examples processed...
  [qa2/4k] 100 examples processed...
  [qa2/8k] 50 examples processed...
  [qa2/8k] 100 examples processed...
  [qa2/16k] 50 examples processed...
  [qa2/16k] 100 examples processed...
  [qa2/32k] 50 examples processed...
  [qa2/32k] 100 examples processed...
  Bucket        Correct    Total      Acc
  ----------------------------------------
  1k                  7      100    0.070
  2k                  3      100    0.030
  4k                  9      100    0.090
  8k                  5      100    0.050
  16k                 6      100    0.060
  32k                 5      100    0.050

--- qa3 ---
  [qa3/1k] 50 examples processed...
  [qa3/1k] 100 examples processed...
  [qa3/2k] 50 examples processed...
  [qa3/2k] 100 examples processed...
  [qa3/4k] 50 examples processed...
  [qa3/4k] 100 examples processed...
  [qa3/8k] 50 examples processed...
  [qa3/8k] 100 examples processed...
  [qa3/16k] 50 examples processed...
  [qa3/16k] 100 examples processed...
  [qa3/32k] 50 examples processed...
  [qa3/32k] 100 examples processed...
  Bucket        Correct    Total      Acc
  ----------------------------------------
  1k                  6      100    0.060
  2k                  3      100    0.030
  4k                  7      100    0.070
  8k                  4      100    0.040
  16k                 6      100    0.060
  32k                 3      100    0.030

Results saved → eval_results/longcontext_20260716/rung1-k0-ki4-cc1-len1024-ep4/babilong
Loading checkpoint: None
Loading checkpoint shards:   0%|          | 0/2 [00:00<?, ?it/s]Loading checkpoint shards:  50%|█████     | 1/2 [00:20<00:20, 20.92s/it]Loading checkpoint shards: 100%|██████████| 2/2 [00:25<00:00, 11.54s/it]Loading checkpoint shards: 100%|██████████| 2/2 [00:25<00:00, 12.94s/it]
T=8
  50 examples processed...
  100 examples processed...
  150 examples processed...
  200 examples processed...
  250 examples processed...
  300 examples processed...
  350 examples processed...
  400 examples processed...

  Bucket            Correct    Total      Acc
  --------------------------------------------
  ≤50sess                11      200    0.055
  >50sess                 9      200    0.045

Results saved → eval_results/longcontext_20260716/rung1-k0-ki4-cc1-len1024-ep4/longmemeval
---------------------------------------
Begin Slurm Epilog: Jul-16-2026 20:23:24
Job ID:        11219990
User ID:       hjiang420
Account:       gts-aivanova7-lab
Job name:      eval_longcontext.sbatch
Resources:     cpu=8,gres/gpu:a100=1,mem=64G,node=1
Rsrc Used:     cput=03:43:04,vmem=0,walltime=00:27:53,mem=9446736K,energy_used=0
Partition:     gpu-a100
QOS:           inferno
Nodes:         atl1-1-01-006-11-0
---------------------------------------
