---------------------------------------
Begin Slurm Prolog: Jul-12-2026 17:36:21
Job ID:    11054825
User ID:   hjiang420
Account:   gts-aivanova7-lab
Job name:  eval_longcontext.sbatch
Partition: gpu-a100
QOS:       inferno
---------------------------------------
[ok]  cortex-retro-ft/rung1-k0-ccot-v2/final_checkpoint
      already prepared
      flags: {'use_memory': True, 'memory_slots': 0, 'memory_slots_iter': 0, 'memory_heads': 4, 'ccot_direct': True, 'h_T_proj': True, 'lora_rank': 0, 'lora_alpha': 32.0, 'mean_recurrence': 8, 'mean_backprop_depth': 8}
=== long-context eval: rung1-k0-ccot-v2  (cortex-retro-ft/rung1-k0-ccot-v2/final_checkpoint) -> eval_results/longcontext_20260712/rung1-k0-ccot-v2 ===
Loading checkpoint: None
Loading checkpoint shards:   0%|          | 0/2 [00:00<?, ?it/s]Loading checkpoint shards:  50%|█████     | 1/2 [03:47<03:47, 227.66s/it]Loading checkpoint shards: 100%|██████████| 2/2 [04:19<00:00, 112.44s/it]Loading checkpoint shards: 100%|██████████| 2/2 [04:19<00:00, 129.73s/it]
T=8  tasks=['qa1', 'qa2', 'qa3']  num_chunks=4  passes_per_chunk=1  ccot_passes=0

--- qa1 ---
  [qa1/1k] 50 examples processed...
  [qa1/1k] 100 examples processed...
  [qa1/2k] 50 examples processed...
  [qa1/2k] 100 examples processed...
  [qa1/4k] 50 examples processed...
  [qa1/4k] 100 examples processed...
  [qa1/8k] 50 examples processed...
  [qa1/8k] 100 examples processed...
  [qa1/16k] 50 examples processed...
  [qa1/16k] 100 examples processed...
  [qa1/32k] 50 examples processed...
  [qa1/32k] 100 examples processed...
  Bucket        Correct    Total      Acc
  ----------------------------------------
  1k                 24      100    0.240
  2k                 22      100    0.220
  4k                 22      100    0.220
  8k                 21      100    0.210
  16k                18      100    0.180
  32k                21      100    0.210

--- qa2 ---
  [qa2/1k] 50 examples processed...
  [qa2/1k] 100 examples processed...
  [qa2/2k] 50 examples processed...
  [qa2/2k] 100 examples processed...
  [qa2/4k] 50 examples processed...
  [qa2/4k] 100 examples processed...
  [qa2/8k] 50 examples processed...
  [qa2/8k] 100 examples processed...
  [qa2/16k] 50 examples processed...
  [qa2/16k] 100 examples processed...
  [qa2/32k] 50 examples processed...
  [qa2/32k] 100 examples processed...
  Bucket        Correct    Total      Acc
  ----------------------------------------
  1k                 18      100    0.180
  2k                 14      100    0.140
  4k                 13      100    0.130
  8k                 13      100    0.130
  16k                12      100    0.120
  32k                12      100    0.120

--- qa3 ---
  [qa3/1k] 50 examples processed...
  [qa3/1k] 100 examples processed...
  [qa3/2k] 50 examples processed...
  [qa3/2k] 100 examples processed...
  [qa3/4k] 50 examples processed...
  [qa3/4k] 100 examples processed...
  [qa3/8k] 50 examples processed...
  [qa3/8k] 100 examples processed...
  [qa3/16k] 50 examples processed...
  [qa3/16k] 100 examples processed...
  [qa3/32k] 50 examples processed...
  [qa3/32k] 100 examples processed...
  Bucket        Correct    Total      Acc
  ----------------------------------------
  1k                 13      100    0.130
  2k                 11      100    0.110
  4k                  9      100    0.090
  8k                 11      100    0.110
  16k                11      100    0.110
  32k                 9      100    0.090

Results saved → eval_results/longcontext_20260712/rung1-k0-ccot-v2/babilong
Loading checkpoint: None
Loading checkpoint shards:   0%|          | 0/2 [00:00<?, ?it/s]Loading checkpoint shards:  50%|█████     | 1/2 [02:30<02:30, 150.33s/it]Loading checkpoint shards: 100%|██████████| 2/2 [02:54<00:00, 76.10s/it] Loading checkpoint shards: 100%|██████████| 2/2 [02:54<00:00, 87.23s/it]
T=8
  50 examples processed...
  100 examples processed...
  150 examples processed...
  200 examples processed...
  250 examples processed...
  300 examples processed...
  350 examples processed...
  400 examples processed...

  Bucket            Correct    Total      Acc
  --------------------------------------------
  ≤50sess                14      200    0.070
  >50sess                 9      200    0.045

Results saved → eval_results/longcontext_20260712/rung1-k0-ccot-v2/longmemeval
---------------------------------------
Begin Slurm Epilog: Jul-13-2026 02:15:58
Job ID:        11054825
User ID:       hjiang420
Account:       gts-aivanova7-lab
Job name:      eval_longcontext.sbatch
Resources:     cpu=8,gres/gpu:a100=1,mem=64G,node=1
Rsrc Used:     cput=2-21:17:04,vmem=0,walltime=08:39:38,mem=9120756K,energy_used=0
Partition:     gpu-a100
QOS:           inferno
Nodes:         atl1-1-02-018-27-0
---------------------------------------
