---------------------------------------
Begin Slurm Prolog: Jul-16-2026 22:53:28
Job ID:    11220005
User ID:   hjiang420
Account:   gts-aivanova7-lab
Job name:  eval_longcontext.sbatch
Partition: gpu-a100
QOS:       inferno
---------------------------------------
=== long-context eval: base  (ckpts/olmo8-cortex) -> eval_results/longcontext_20260716/base ===
Loading checkpoint: None
Loading checkpoint shards:   0%|          | 0/2 [00:00<?, ?it/s]Loading checkpoint shards:  50%|█████     | 1/2 [01:20<01:20, 81.00s/it]Loading checkpoint shards: 100%|██████████| 2/2 [01:34<00:00, 41.18s/it]Loading checkpoint shards: 100%|██████████| 2/2 [01:34<00:00, 47.15s/it]
T=8  tasks=['qa1', 'qa2', 'qa3']  num_chunks=4  passes_per_chunk=1  ccot_passes=0

--- qa1 ---
  [qa1/1k] 50 examples processed...
  [qa1/1k] 100 examples processed...
  [qa1/2k] 50 examples processed...
  [qa1/2k] 100 examples processed...
  [qa1/4k] 50 examples processed...
  [qa1/4k] 100 examples processed...
  [qa1/8k] 50 examples processed...
  [qa1/8k] 100 examples processed...
  [qa1/16k] 50 examples processed...
  [qa1/16k] 100 examples processed...
  [qa1/32k] 50 examples processed...
  [qa1/32k] 100 examples processed...
  Bucket        Correct    Total      Acc
  ----------------------------------------
  1k                 25      100    0.250
  2k                 22      100    0.220
  4k                 23      100    0.230
  8k                 22      100    0.220
  16k                20      100    0.200
  32k                22      100    0.220

--- qa2 ---
  [qa2/1k] 50 examples processed...
  [qa2/1k] 100 examples processed...
  [qa2/2k] 50 examples processed...
  [qa2/2k] 100 examples processed...
  [qa2/4k] 50 examples processed...
  [qa2/4k] 100 examples processed...
  [qa2/8k] 50 examples processed...
  [qa2/8k] 100 examples processed...
  [qa2/16k] 50 examples processed...
  [qa2/16k] 100 examples processed...
  [qa2/32k] 50 examples processed...
  [qa2/32k] 100 examples processed...
  Bucket        Correct    Total      Acc
  ----------------------------------------
  1k                 19      100    0.190
  2k                 15      100    0.150
  4k                 12      100    0.120
  8k                 11      100    0.110
  16k                10      100    0.100
  32k                 8      100    0.080

--- qa3 ---
  [qa3/1k] 50 examples processed...
  [qa3/1k] 100 examples processed...
  [qa3/2k] 50 examples processed...
  [qa3/2k] 100 examples processed...
  [qa3/4k] 50 examples processed...
  [qa3/4k] 100 examples processed...
  [qa3/8k] 50 examples processed...
  [qa3/8k] 100 examples processed...
  [qa3/16k] 50 examples processed...
  [qa3/16k] 100 examples processed...
  [qa3/32k] 50 examples processed...
  [qa3/32k] 100 examples processed...
  Bucket        Correct    Total      Acc
  ----------------------------------------
  1k                 16      100    0.160
  2k                 21      100    0.210
  4k                 19      100    0.190
  8k                 19      100    0.190
  16k                17      100    0.170
  32k                15      100    0.150

Results saved → eval_results/longcontext_20260716/base/babilong
Loading checkpoint: None
Loading checkpoint shards:   0%|          | 0/2 [00:00<?, ?it/s]Loading checkpoint shards:  50%|█████     | 1/2 [00:09<00:09,  9.31s/it]Loading checkpoint shards: 100%|██████████| 2/2 [00:13<00:00,  6.51s/it]Loading checkpoint shards: 100%|██████████| 2/2 [00:13<00:00,  6.93s/it]
T=8
  50 examples processed...
  100 examples processed...
  150 examples processed...
  200 examples processed...
  250 examples processed...
  300 examples processed...
  350 examples processed...
  400 examples processed...

  Bucket            Correct    Total      Acc
  --------------------------------------------
  ≤50sess                19      200    0.095
  >50sess                19      200    0.095

Results saved → eval_results/longcontext_20260716/base/longmemeval
---------------------------------------
Begin Slurm Epilog: Jul-16-2026 23:14:13
Job ID:        11220005
User ID:       hjiang420
Account:       gts-aivanova7-lab
Job name:      eval_longcontext.sbatch
Resources:     cpu=8,gres/gpu:a100=1,mem=64G,node=1
Rsrc Used:     cput=02:46:08,vmem=0,walltime=00:20:46,mem=8417288K,energy_used=0
Partition:     gpu-a100
QOS:           inferno
Nodes:         atl1-1-02-018-35-0
---------------------------------------
