---------------------------------------
Begin Slurm Prolog: Sep-22-2026 21:46:26
Job ID:    13459697
User ID:   hjiang420
Account:   gts-aivanova7-lab
Job name:  j1_oom
Partition: gpu-h200
QOS:       inferno
---------------------------------------

CondaError: Run 'conda init' before 'conda deactivate'

=== J1 memory price | micro=2 | encoding=tokens | grad_chunks=4 | window_backward=1 ===
NVIDIA H200, 143771 MiB

######## real limb: LatentRead xattn + znorm ########
=== geometry gate: 4096 tok x cc8 (512-tok chunks) | memory=True | optimizer=True ===
  device: NVIDIA H200, 139.80 GiB total
Random Initialization not implemented.
Random Initialization not implemented.
Random Initialization not implemented.
Random Initialization not implemented.
Random Initialization not implemented.
Random Initialization not implemented.
Random Initialization not implemented.
Random Initialization not implemented.
Random Initialization not implemented.
Random Initialization not implemented.
Random Initialization not implemented.
Random Initialization not implemented.
Loading checkpoint shards:   0%|          | 0/2 [00:00<?, ?it/s]Loading checkpoint shards:  50%|█████     | 1/2 [00:01<00:01,  1.43s/it]Loading checkpoint shards: 100%|██████████| 2/2 [00:01<00:00,  1.37it/s]
Some weights of RavenForCausalLM were not initialized from the model checkpoint at ckpts/olmo-retrofit-cortex and are newly initialized: ['cortex.latent_reader.gate', 'cortex.latent_reader.k_proj.weight', 'cortex.latent_reader.out_proj.weight', 'cortex.latent_reader.q_proj.weight', 'cortex.latent_reader.v_proj.weight', 'cortex.prefix.forget_bias', 'cortex.prefix.forget_bias_z', 'cortex.prefix.gate_proj_in.bias', 'cortex.prefix.gate_proj_in.weight', 'cortex.prefix.gate_proj_in_z.bias', 'cortex.prefix.gate_proj_in_z.weight', 'cortex.prefix.gate_proj_mem.bias', 'cortex.prefix.gate_proj_mem.weight', 'cortex.prefix.gate_proj_mem_z.bias', 'cortex.prefix.gate_proj_mem_z.weight', 'cortex.prefix.input_bias', 'cortex.prefix.input_bias_z', 'cortex.prefix.summary_emb', 'cortex.prefix.summary_seeded']
You should probably TRAIN this model on a down-stream task to be able to use it for predictions and inference.
[W922 21:47:06.669759923 CUDAAllocatorConfig.h:28] Warning: expandable_segments not supported on this platform (function operator())
  loaded fp32 in 32.4s (1.41B params)
  recurrence: mean 8, backprop depth 8 (from the checkpoint config) -> worst-case num_steps [0 no-grad, 8 with-grad]
  buffer: GATED ring, W 16, K 64, route ring, norm tanh, init zero, fill grow, carry_grad_chunks 4 of 8, WINDOW BACKWARD (peak holds 4 chunks)
  max packed sequence: 512 + 64 carry rows = 576 (max_position_embeddings=4096)
  note: lap is 4 chunks; the gate fires from chunk 4 on, and the read block is PINNED at 64 columns from there. Against a no-trim accum on the same chain (128 columns) this is 50% of the read cost -- the pair is 'cheaper AND?', never 'equal cost AND?'.
  note: +33.6M buffer parameters, which the optimizer holds two moments for. That is the one axis on which the gated arm is the LARGER of the two, and the reason this gate is not a formality.
  optimizer: MuonWithAuxAdam, 3 groups (57m, 59a, 18a)
  warmup 1/1: loss nan  2.3s  peak 81.51 GiB
  measured: loss nan  1.6s  peak 88.48 GiB

-- result --
  peak allocated : 88.48 GiB
  peak reserved  : 88.89 GiB  (64% of 139.80 GiB, 50.92 GiB headroom)
  micro-step     : 1.6s  -> 0.1 min per optimizer step at batch_size 4 (upper bound: the optimizer step is counted once per micro-step)
  projection     : 0.1 days for 2,000 steps = 0.1 links of 48h

RESULT FITS max_length=4096 cross_chunks=8 chunk_len=512 memory=True optimizer=True peak_alloc_gib=88.48 peak_res_gib=88.89 step_s=1.6
[rank0]:[W922 21:47:10.135499052 ProcessGroupNCCL.cpp:1250] Warning: WARNING: process group has NOT been destroyed before we destruct ProcessGroupNCCL. On normal program exit, the application should call destroy_process_group to ensure that any pending NCCL operations have finished in this process. In rare cases this process can exit before this point and block the progress of another member of the process group. This constraint has always been present,  but this warning has only been added since PyTorch 2.4 (function operator())

######## noread limb: write only ########
=== geometry gate: 4096 tok x cc8 (512-tok chunks) | memory=True | optimizer=True ===
  device: NVIDIA H200, 139.80 GiB total
Random Initialization not implemented.
Random Initialization not implemented.
Random Initialization not implemented.
Random Initialization not implemented.
Random Initialization not implemented.
Random Initialization not implemented.
Random Initialization not implemented.
Loading checkpoint shards:   0%|          | 0/2 [00:00<?, ?it/s]Loading checkpoint shards: 100%|██████████| 2/2 [00:00<00:00, 125.48it/s]
Some weights of RavenForCausalLM were not initialized from the model checkpoint at ckpts/olmo-retrofit-cortex and are newly initialized: ['cortex.prefix.forget_bias', 'cortex.prefix.forget_bias_z', 'cortex.prefix.gate_proj_in.bias', 'cortex.prefix.gate_proj_in.weight', 'cortex.prefix.gate_proj_in_z.bias', 'cortex.prefix.gate_proj_in_z.weight', 'cortex.prefix.gate_proj_mem.bias', 'cortex.prefix.gate_proj_mem.weight', 'cortex.prefix.gate_proj_mem_z.bias', 'cortex.prefix.gate_proj_mem_z.weight', 'cortex.prefix.input_bias', 'cortex.prefix.input_bias_z', 'cortex.prefix.summary_emb', 'cortex.prefix.summary_seeded']
You should probably TRAIN this model on a down-stream task to be able to use it for predictions and inference.
[W922 21:47:27.511416299 CUDAAllocatorConfig.h:28] Warning: expandable_segments not supported on this platform (function operator())
  loaded fp32 in 13.2s (1.39B params)
  recurrence: mean 8, backprop depth 8 (from the checkpoint config) -> worst-case num_steps [0 no-grad, 8 with-grad]
  buffer: GATED ring, W 16, K 64, route ring, norm tanh, init zero, fill grow, carry_grad_chunks 4 of 8, WINDOW BACKWARD (peak holds 4 chunks)
  max packed sequence: 512 + 64 carry rows = 576 (max_position_embeddings=4096)
  note: lap is 4 chunks; the gate fires from chunk 4 on, and the read block is PINNED at 64 columns from there. Against a no-trim accum on the same chain (128 columns) this is 50% of the read cost -- the pair is 'cheaper AND?', never 'equal cost AND?'.
  note: +33.6M buffer parameters, which the optimizer holds two moments for. That is the one axis on which the gated arm is the LARGER of the two, and the reason this gate is not a formality.
  optimizer: MuonWithAuxAdam, 3 groups (57m, 59a, 13a)
  warmup 1/1: loss nan  2.2s  peak 79.71 GiB
  measured: loss nan  1.5s  peak 86.56 GiB

-- result --
  peak allocated : 86.56 GiB
  peak reserved  : 86.94 GiB  (62% of 139.80 GiB, 52.87 GiB headroom)
  micro-step     : 1.5s  -> 0.1 min per optimizer step at batch_size 4 (upper bound: the optimizer step is counted once per micro-step)
  projection     : 0.1 days for 2,000 steps = 0.1 links of 48h

RESULT FITS max_length=4096 cross_chunks=8 chunk_len=512 memory=True optimizer=True peak_alloc_gib=86.56 peak_res_gib=86.94 step_s=1.5
[rank0]:[W922 21:47:31.695979329 ProcessGroupNCCL.cpp:1250] Warning: WARNING: process group has NOT been destroyed before we destruct ProcessGroupNCCL. On normal program exit, the application should call destroy_process_group to ensure that any pending NCCL operations have finished in this process. In rare cases this process can exit before this point and block the progress of another member of the process group. This constraint has always been present,  but this warning has only been added since PyTorch 2.4 (function operator())

   limb micro window status    alloc  reserved  %dev  s/step
   real     2    yes   FITS    88.48     88.89    64     1.6
 noread     2    yes   FITS    86.56     86.94    62     1.5

J1: the real/donor limb FITS at this micro-batch -- all three limbs can launch.
    Training peaks ran ~5 GiB above this gate on the P1 cells (115.4 vs
    110.7): under ~130 here is the margin to want.
---------------------------------------
Begin Slurm Epilog: Sep-22-2026 21:47:37
Job ID:        13459697
User ID:       hjiang420
Account:       gts-aivanova7-lab
Job name:      j1_oom
Resources:     cpu=8,gres/gpu:h200=1,mem=64G,node=1
Rsrc Used:     cput=00:10:00,vmem=0,walltime=00:01:15,mem=4991956K,energy_used=0
Partition:     gpu-h200
QOS:           inferno
Nodes:         atl1-1-03-019-14-0
---------------------------------------
