---------------------------------------
Begin Slurm Prolog: Sep-21-2026 19:00:40
Job ID:    13420776
User ID:   hjiang420
Account:   gts-aivanova7-lab
Job name:  unit_suite
Partition: cpu-small
QOS:       inferno
---------------------------------------
=== unit suite | atl1-1-02-005-17-1.pace.gatech.edu ===
    tests: tests/
    args:  -q
    torch 2.5.1+cu121, python 3.11.15

........................................................................ [  7%]
........................................................................ [ 15%]
........................................................................ [ 23%]
........................................................................ [ 30%]
........................................................................ [ 38%]
.............s.......................................................... [ 46%]
........................................................................ [ 54%]
........................................................................ [ 61%]
........................................................................ [ 69%]
........................................................................ [ 77%]
........................................................................ [ 84%]
........................................................................ [ 92%]
....................................................................     [100%]
931 passed, 1 skipped in 111.17s (0:01:51)

==============================================================
SUITE GREEN in 114s
==============================================================
---------------------------------------
Begin Slurm Epilog: Sep-21-2026 19:02:46
Job ID:        13420776
User ID:       hjiang420
Account:       gts-aivanova7-lab
Job name:      unit_suite
Resources:     cpu=8,mem=32G,node=1
Rsrc Used:     cput=00:16:56,vmem=0,walltime=00:02:07,mem=1389336K,energy_used=0
Partition:     cpu-small
QOS:           inferno
Nodes:         atl1-1-02-005-17-1
---------------------------------------
