---------------------------------------
Begin Slurm Prolog: Sep-16-2026 17:31:21
Job ID:    13266627
User ID:   hjiang420
Account:   gts-aivanova7-lab
Job name:  diag_depth_band.sbatch
Partition: gpu-a100
QOS:       inferno
---------------------------------------

CondaError: Run 'conda init' before 'conda deactivate'

=== P0.7 depth band | ../checkpoints/retrofit/retro-b2-acc32-cc8-mr8-final_checkpoint | T in 4 8 16 32 ===
NVIDIA A100-PCIE-40GB, 40960 MiB
Traceback (most recent call last):
  File "/storage/home/hcoda1/3/hjiang420/.conda/envs/cortex-retro/lib/python3.11/site-packages/transformers/utils/hub.py", line 424, in cached_files
    hf_hub_download(
  File "/storage/home/hcoda1/3/hjiang420/.conda/envs/cortex-retro/lib/python3.11/site-packages/huggingface_hub/utils/_validators.py", line 106, in _inner_fn
    validate_repo_id(arg_value)
  File "/storage/home/hcoda1/3/hjiang420/.conda/envs/cortex-retro/lib/python3.11/site-packages/huggingface_hub/utils/_validators.py", line 154, in validate_repo_id
    raise HFValidationError(
huggingface_hub.errors.HFValidationError: Repo id must be in the form 'repo_name' or 'namespace/repo_name': '../checkpoints/retrofit/retro-b2-acc32-cc8-mr8-final_checkpoint'. Use `repo_type` argument if needed.

During handling of the above exception, another exception occurred:

Traceback (most recent call last):
  File "/storage/home/hcoda1/3/hjiang420/.conda/envs/cortex-retro/lib/python3.11/site-packages/transformers/configuration_utils.py", line 649, in _get_config_dict
    resolved_config_file = cached_file(
                           ^^^^^^^^^^^^
  File "/storage/home/hcoda1/3/hjiang420/.conda/envs/cortex-retro/lib/python3.11/site-packages/transformers/utils/hub.py", line 266, in cached_file
    file = cached_files(path_or_repo_id=path_or_repo_id, filenames=[filename], **kwargs)
           ^^^^^^^^^^^^^^^^^^^^^^^^^^^^^^^^^^^^^^^^^^^^^^^^^^^^^^^^^^^^^^^^^^^^^^^^^^^^^
  File "/storage/home/hcoda1/3/hjiang420/.conda/envs/cortex-retro/lib/python3.11/site-packages/transformers/utils/hub.py", line 470, in cached_files
    resolved_files = [
                     ^
  File "/storage/home/hcoda1/3/hjiang420/.conda/envs/cortex-retro/lib/python3.11/site-packages/transformers/utils/hub.py", line 471, in <listcomp>
    _get_cache_file_to_return(path_or_repo_id, filename, cache_dir, revision) for filename in full_filenames
    ^^^^^^^^^^^^^^^^^^^^^^^^^^^^^^^^^^^^^^^^^^^^^^^^^^^^^^^^^^^^^^^^^^^^^^^^^
  File "/storage/home/hcoda1/3/hjiang420/.conda/envs/cortex-retro/lib/python3.11/site-packages/transformers/utils/hub.py", line 134, in _get_cache_file_to_return
    resolved_file = try_to_load_from_cache(path_or_repo_id, full_filename, cache_dir=cache_dir, revision=revision)
                    ^^^^^^^^^^^^^^^^^^^^^^^^^^^^^^^^^^^^^^^^^^^^^^^^^^^^^^^^^^^^^^^^^^^^^^^^^^^^^^^^^^^^^^^^^^^^^^
  File "/storage/home/hcoda1/3/hjiang420/.conda/envs/cortex-retro/lib/python3.11/site-packages/huggingface_hub/utils/_validators.py", line 106, in _inner_fn
    validate_repo_id(arg_value)
  File "/storage/home/hcoda1/3/hjiang420/.conda/envs/cortex-retro/lib/python3.11/site-packages/huggingface_hub/utils/_validators.py", line 154, in validate_repo_id
    raise HFValidationError(
huggingface_hub.errors.HFValidationError: Repo id must be in the form 'repo_name' or 'namespace/repo_name': '../checkpoints/retrofit/retro-b2-acc32-cc8-mr8-final_checkpoint'. Use `repo_type` argument if needed.

During handling of the above exception, another exception occurred:

Traceback (most recent call last):
  File "/storage/home/hcoda1/3/hjiang420/cortex-finetune/evals/diag_depth_band.py", line 449, in <module>
    raise SystemExit(main())
                     ^^^^^^
  File "/storage/home/hcoda1/3/hjiang420/cortex-finetune/evals/diag_depth_band.py", line 287, in main
    model, cfg = load_checkpoint(args.checkpoint, args.model_name, None,
                 ^^^^^^^^^^^^^^^^^^^^^^^^^^^^^^^^^^^^^^^^^^^^^^^^^^^^^^^
  File "/storage/home/hcoda1/3/hjiang420/cortex-finetune/evals/model_utils.py", line 143, in load_checkpoint
    config = AutoConfig.from_pretrained(model_name, trust_remote_code=True)
             ^^^^^^^^^^^^^^^^^^^^^^^^^^^^^^^^^^^^^^^^^^^^^^^^^^^^^^^^^^^^^^
  File "/storage/home/hcoda1/3/hjiang420/.conda/envs/cortex-retro/lib/python3.11/site-packages/transformers/models/auto/configuration_auto.py", line 1112, in from_pretrained
    config_dict, unused_kwargs = PretrainedConfig.get_config_dict(pretrained_model_name_or_path, **kwargs)
                                 ^^^^^^^^^^^^^^^^^^^^^^^^^^^^^^^^^^^^^^^^^^^^^^^^^^^^^^^^^^^^^^^^^^^^^^^^^
  File "/storage/home/hcoda1/3/hjiang420/.conda/envs/cortex-retro/lib/python3.11/site-packages/transformers/configuration_utils.py", line 590, in get_config_dict
    config_dict, kwargs = cls._get_config_dict(pretrained_model_name_or_path, **kwargs)
                          ^^^^^^^^^^^^^^^^^^^^^^^^^^^^^^^^^^^^^^^^^^^^^^^^^^^^^^^^^^^^^
  File "/storage/home/hcoda1/3/hjiang420/.conda/envs/cortex-retro/lib/python3.11/site-packages/transformers/configuration_utils.py", line 672, in _get_config_dict
    raise OSError(
OSError: Can't load the configuration of '../checkpoints/retrofit/retro-b2-acc32-cc8-mr8-final_checkpoint'. If you were trying to load it from 'https://huggingface.co/models', make sure you don't have a local directory with the same name. Otherwise, make sure '../checkpoints/retrofit/retro-b2-acc32-cc8-mr8-final_checkpoint' is the correct path to a directory containing a config.json file

######## generalisation: tomg-group-umd/huginn-0125 (mean_recurrence 32) ########
Traceback (most recent call last):
  File "/storage/home/hcoda1/3/hjiang420/.conda/envs/cortex-retro/lib/python3.11/site-packages/transformers/utils/hub.py", line 424, in cached_files
    hf_hub_download(
  File "/storage/home/hcoda1/3/hjiang420/.conda/envs/cortex-retro/lib/python3.11/site-packages/huggingface_hub/utils/_validators.py", line 114, in _inner_fn
    return fn(*args, **kwargs)
           ^^^^^^^^^^^^^^^^^^^
  File "/storage/home/hcoda1/3/hjiang420/.conda/envs/cortex-retro/lib/python3.11/site-packages/huggingface_hub/file_download.py", line 1014, in hf_hub_download
    return _hf_hub_download_to_cache_dir(
           ^^^^^^^^^^^^^^^^^^^^^^^^^^^^^^
  File "/storage/home/hcoda1/3/hjiang420/.conda/envs/cortex-retro/lib/python3.11/site-packages/huggingface_hub/file_download.py", line 1121, in _hf_hub_download_to_cache_dir
    _raise_on_head_call_error(head_call_error, force_download, local_files_only)
  File "/storage/home/hcoda1/3/hjiang420/.conda/envs/cortex-retro/lib/python3.11/site-packages/huggingface_hub/file_download.py", line 1653, in _raise_on_head_call_error
    raise LocalEntryNotFoundError(
huggingface_hub.errors.LocalEntryNotFoundError: Cannot find the requested files in the disk cache and outgoing traffic has been disabled. To enable hf.co look-ups and downloads online, set 'local_files_only' to False.

The above exception was the direct cause of the following exception:

Traceback (most recent call last):
  File "/storage/home/hcoda1/3/hjiang420/cortex-finetune/evals/diag_depth_band.py", line 449, in <module>
    raise SystemExit(main())
                     ^^^^^^
  File "/storage/home/hcoda1/3/hjiang420/cortex-finetune/evals/diag_depth_band.py", line 287, in main
    model, cfg = load_checkpoint(args.checkpoint, args.model_name, None,
                 ^^^^^^^^^^^^^^^^^^^^^^^^^^^^^^^^^^^^^^^^^^^^^^^^^^^^^^^
  File "/storage/home/hcoda1/3/hjiang420/cortex-finetune/evals/model_utils.py", line 143, in load_checkpoint
    config = AutoConfig.from_pretrained(model_name, trust_remote_code=True)
             ^^^^^^^^^^^^^^^^^^^^^^^^^^^^^^^^^^^^^^^^^^^^^^^^^^^^^^^^^^^^^^
  File "/storage/home/hcoda1/3/hjiang420/.conda/envs/cortex-retro/lib/python3.11/site-packages/transformers/models/auto/configuration_auto.py", line 1112, in from_pretrained
    config_dict, unused_kwargs = PretrainedConfig.get_config_dict(pretrained_model_name_or_path, **kwargs)
                                 ^^^^^^^^^^^^^^^^^^^^^^^^^^^^^^^^^^^^^^^^^^^^^^^^^^^^^^^^^^^^^^^^^^^^^^^^^
  File "/storage/home/hcoda1/3/hjiang420/.conda/envs/cortex-retro/lib/python3.11/site-packages/transformers/configuration_utils.py", line 590, in get_config_dict
    config_dict, kwargs = cls._get_config_dict(pretrained_model_name_or_path, **kwargs)
                          ^^^^^^^^^^^^^^^^^^^^^^^^^^^^^^^^^^^^^^^^^^^^^^^^^^^^^^^^^^^^^
  File "/storage/home/hcoda1/3/hjiang420/.conda/envs/cortex-retro/lib/python3.11/site-packages/transformers/configuration_utils.py", line 649, in _get_config_dict
    resolved_config_file = cached_file(
                           ^^^^^^^^^^^^
  File "/storage/home/hcoda1/3/hjiang420/.conda/envs/cortex-retro/lib/python3.11/site-packages/transformers/utils/hub.py", line 266, in cached_file
    file = cached_files(path_or_repo_id=path_or_repo_id, filenames=[filename], **kwargs)
           ^^^^^^^^^^^^^^^^^^^^^^^^^^^^^^^^^^^^^^^^^^^^^^^^^^^^^^^^^^^^^^^^^^^^^^^^^^^^^
  File "/storage/home/hcoda1/3/hjiang420/.conda/envs/cortex-retro/lib/python3.11/site-packages/transformers/utils/hub.py", line 491, in cached_files
    raise OSError(
OSError: We couldn't connect to 'https://huggingface.co' to load the files, and couldn't find them in the cached files.
Checkout your internet connection or see how to run the library in offline mode at 'https://huggingface.co/docs/transformers/installation#offline-mode'.

COMPARE THE TWO VERDICTS BEFORE FIXING f_j.  Agreement generalises the
band; disagreement means it tracks the model's own TRAINED depth, and
the write rule must be stated relative to that rather than in absolute
steps.  Either way the answer goes in the Z pre-registration BEFORE the
write is built, not after.
---------------------------------------
Begin Slurm Epilog: Sep-16-2026 17:31:44
Job ID:        13266627
User ID:       hjiang420
Account:       gts-aivanova7-lab
Job name:      diag_depth_band.sbatch
Resources:     cpu=8,gres/gpu:a100=1,mem=48G,node=1
Rsrc Used:     cput=00:02:56,vmem=0,walltime=00:00:22,mem=355616K,energy_used=0
Partition:     gpu-a100
QOS:           inferno
Nodes:         atl1-1-02-018-25-0
---------------------------------------
