---------------------------------------
Begin Slurm Prolog: Jul-17-2026 00:05:34
Job ID:    11220167
User ID:   hjiang420
Account:   gts-aivanova7-lab
Job name:  eval_iter_carry.sbatch
Partition: gpu-a100
QOS:       inferno
---------------------------------------
[ok]  cortex-retro-ft/rung1-k0-ki4-cc1-len1024-nemo/final_checkpoint
      already prepared
      flags: {'use_memory': True, 'memory_slots': 0, 'memory_slots_iter': 4, 'memory_heads': 4, 'ccot_direct': False, 'h_T_proj': True, 'lora_rank': 0, 'lora_alpha': 32.0, 'mean_recurrence': 8, 'mean_backprop_depth': 8}
=== iter-carry ablation: rung1-k0-ki4-cc1-len1024-nemo (pool=last) -> eval_results/iter_carry_20260716-rcl100/rung1-k0-ki4-cc1-len1024-nemo ===
Loading: cortex-retro-ft/rung1-k0-ki4-cc1-len1024-nemo/final_checkpoint  (overlay: None)
Loading checkpoint shards:   0%|          | 0/2 [00:00<?, ?it/s]Loading checkpoint shards:  50%|█████     | 1/2 [00:00<00:00,  1.36it/s]Loading checkpoint shards: 100%|██████████| 2/2 [00:00<00:00,  2.53it/s]Loading checkpoint shards: 100%|██████████| 2/2 [00:00<00:00,  2.24it/s]
T=8  n_chunks=4  pool=last  m_iter=True  ccot_iter=False
data/pg19_olmo_val_recall100_len4096: 50 rows, evaluating 50
  25/50 samples...
  50/50 samples...

  Chunk       N    carried     zeroed   delta(z-c)        SE  (delta>0 => carry helps)
  ------------------------------------------------------------
  1          50     4.6057     4.6057      0.00000   0.00000
  2          50     4.4845     4.4844     -0.00006   0.00015
  3          50     4.4747     4.4748      0.00007   0.00014
  4          50     4.5054     4.5054      0.00001   0.00014

  chunks 2+ aggregate: delta = 0.00001 (SE 0.00008)  [chunk 1 is the identical-by-construction control]

Results saved -> eval_results/iter_carry_20260716-rcl100/rung1-k0-ki4-cc1-len1024-nemo
---------------------------------------
Begin Slurm Epilog: Jul-17-2026 00:06:31
Job ID:        11220167
User ID:       hjiang420
Account:       gts-aivanova7-lab
Job name:      eval_iter_carry.sbatch
Resources:     cpu=8,gres/gpu:a100=1,mem=64G,node=1
Rsrc Used:     cput=00:07:44,vmem=0,walltime=00:00:58,mem=3236136K,energy_used=0
Partition:     gpu-a100
QOS:           inferno
Nodes:         atl1-1-02-018-31-0
---------------------------------------
