---------------------------------------
Begin Slurm Prolog: Sep-26-2026 00:15:14
Job ID:    13593781
User ID:   hjiang420
Account:   gts-aivanova7-lab
Job name:  j4_joint
Partition: gpu-h200
QOS:       inferno
---------------------------------------
=== J4 embeds run | limb=real | run=j4-a3z-endpoint-real-smoke ===
    branch:    cortex-retrofit/retro-b2-heal/checkpoint_91552_w16  (step 91552 -> stop 91562, horizon 305176)
    data:      data/j1_pg19fw50_carry20_len4096   (READ THIS LINE -- the only proof the pack arrived)
    geometry:  gated W=16 K=64 cc=8 grad_chunks=4 mr=8 window_backward=1
    packed:    64 E + 64 Z + 512 tokens + 16 summary = 656 columns (was 592)
    read:      --cortex.latent_read embeds --cortex.latent_read_znorm rms --cortex.latent_read_znorm_target 171.0 --cortex.latent_read_scramble false --cortex.latent_carry_read true
    e_dropout: 0.0   micro=2 batch=4   diag every 1
NVIDIA H200, 143771 MiB

[W926 00:15:28.432343502 CUDAAllocatorConfig.h:28] Warning: expandable_segments not supported on this platform (function operator())
Sat Sep 26 00:15:26: Time to load libraries: 8.86 seconds.
--------------------------------------------------------------------
------------------ Launching run j4-a3z-endpoint-real-smoke------------------
--------------------------------------------------------------------
--------------------------------------------------------------------
Platform: linux, Python: 3.11.15, PyTorch: 2.5.1+cu121
CPU threads: 8, GPUs: 1 on atl1-1-02-012-2-0.pace.gatech.edu.
GPU : NVIDIA H200. CUDA: 12.1.
[cortex] memory ON: K=0 K_iter=0 ccot_direct=False accum_ccot=False (vecs=16/max=128) gated_accum=False prefix_memory=gated gate(K=64,route=ring,norm=tanh,init=zero,fill=grow) latent(Z on, rule=absolute,band=2..9,renorm=none,read=embeds,EMBEDS(J4: Z as its own input_embeds columns),enc=endpoint,znorm=171.0) prefix_pos=tail prefix_eos_reset=False cross_chunks=8 carry_grad_chunks=4 random_segments=False lora_rank=0
[cortex] Z channel ON.  latent_depth_rule='absolute' is P0.7's question (evals/diag_depth_band.py): P0.1 measured the band at a SINGLE T and cannot say whether 'informative' tracks the absolute step or the fraction of the loop.  If P0.7 has not reported, this run is asserting an answer it does not have -- record which, in this run's sbatch header.
Random Initialization not implemented.
Random Initialization not implemented.
Random Initialization not implemented.
Random Initialization not implemented.
Random Initialization not implemented.
Random Initialization not implemented.
Random Initialization not implemented.
Random Initialization not implemented.
Random Initialization not implemented.
Loading checkpoint shards:   0%|          | 0/2 [00:00<?, ?it/s]Loading checkpoint shards:  50%|█████     | 1/2 [00:04<00:04,  4.74s/it]Loading checkpoint shards: 100%|██████████| 2/2 [00:05<00:00,  2.25s/it]Loading checkpoint shards: 100%|██████████| 2/2 [00:05<00:00,  2.62s/it]
Some weights of RavenForCausalLM were not initialized from the model checkpoint at ckpts/olmo-retrofit-cortex and are newly initialized: ['cortex.latent_embed.proj.weight', 'cortex.prefix.forget_bias', 'cortex.prefix.forget_bias_z', 'cortex.prefix.gate_proj_in.bias', 'cortex.prefix.gate_proj_in.weight', 'cortex.prefix.gate_proj_in_z.bias', 'cortex.prefix.gate_proj_in_z.weight', 'cortex.prefix.gate_proj_mem.bias', 'cortex.prefix.gate_proj_mem.weight', 'cortex.prefix.gate_proj_mem_z.bias', 'cortex.prefix.gate_proj_mem_z.weight', 'cortex.prefix.input_bias', 'cortex.prefix.input_bias_z', 'cortex.prefix.summary_emb', 'cortex.prefix.summary_seeded']
You should probably TRAIN this model on a down-stream task to be able to use it for predictions and inference.
wandb: [wandb.login()] Loaded credentials for https://api.wandb.ai from /storage/home/hcoda1/3/hjiang420/.netrc.
wandb: Currently logged in as: henryyjiang42 (henryyjiang42-georgia-institute-of-technology) to https://api.wandb.ai. Use `wandb login --relogin` to force relogin
wandb: Tracking run with wandb version 0.28.0
wandb: Run data is saved locally in cortex-retrofit/wandb/run-20260926_001537-utfe5dpi
wandb: Run `wandb offline` to turn off syncing.
wandb: Syncing run j4-a3z-endpoint-real-smoke
wandb: ⭐️ View project at https://wandb.ai/henryyjiang42-georgia-institute-of-technology/cortex-retrofit
wandb: 🚀 View run at https://wandb.ai/henryyjiang42-georgia-institute-of-technology/cortex-retrofit/runs/utfe5dpi
/storage/home/hcoda1/3/hjiang420/cortex-finetune/train.py:840: FutureWarning: You are using `torch.load` with `weights_only=False` (the current default value), which uses the default pickle module implicitly. It is possible to construct malicious pickle data which will execute arbitrary code during unpickling (See https://github.com/pytorch/pytorch/blob/main/SECURITY.md#untrusted-models for more details). In a future release, the default value for `weights_only` will be flipped to `True`. This limits the functions that could be executed during unpickling. Arbitrary objects will no longer be allowed to be loaded via this mode unless they are explicitly allowlisted by the user via `torch.serialization.add_safe_globals`. We recommend you start setting `weights_only=True` for any use case where you don't have full control of the loaded file. Please open an issue on GitHub for any issues related to this experimental feature.
  ckpt = torch.load(f"{path}/chkpt.pt", map_location=device)
wandb: updating run metadata
wandb: uploading history steps 9-9, summary, console lines 21-24
wandb: 
wandb: Run history:
wandb:              cortex/channels ▁▁▁▁▁▁▁▁▁▁
wandb:      cortex/e_centred_cosine ▆▃▆▆▃▇▃█▁▃
wandb:    cortex/e_eff_rank_entropy ▄▇▆▄▇▆▆▁█▆
wandb: cortex/e_eff_rank_entropy_sq ▃▅▅▃▆▅▅▁█▅
wandb:         cortex/e_eff_rank_pr ▃▄▅▃▆▄▄▁█▄
wandb:            cortex/e_row_norm ▅▅▁▃▅▇█▇▇▆
wandb:          cortex/e_top1_share ▄▄▃▅▃▃▄█▁▅
wandb:            cortex/fg_at_bias ▁▃▄▄▅▆▇▇██
wandb:          cortex/fg_z_at_bias ▁▂▃▄▅▆▇▇██
wandb:        cortex/gate_in_w_norm ▁▃▃▄▅▆▆▇▇█
wandb:                          +63 ...
wandb: 
wandb: Run summary:
wandb:              cortex/channels 2
wandb:      cortex/e_centred_cosine -0.01317
wandb:    cortex/e_eff_rank_entropy 49.70156
wandb: cortex/e_eff_rank_entropy_sq 24.55142
wandb:         cortex/e_eff_rank_pr 12.98823
wandb:            cortex/e_row_norm 151.19852
wandb:          cortex/e_top1_share 0.20865
wandb:            cortex/fg_at_bias 0.73151
wandb:          cortex/fg_z_at_bias 0.73154
wandb:        cortex/gate_in_w_norm 4.87205
wandb:                          +63 ...
wandb: 
wandb: 🚀 View run j4-a3z-endpoint-real-smoke at: https://wandb.ai/henryyjiang42-georgia-institute-of-technology/cortex-retrofit/runs/utfe5dpi
wandb: ⭐️ View project at: https://wandb.ai/henryyjiang42-georgia-institute-of-technology/cortex-retrofit
wandb: Synced 5 W&B file(s), 0 media file(s), 0 artifact file(s) and 0 other file(s)
wandb: Find logs at: cortex-retrofit/wandb/run-20260926_001537-utfe5dpi/logs
[cortex] reset 5 cortex submodules to nn defaults + re-applied designed inits ['prefix.[summary_emb~N(reseeded from wte on first forward),forget_bias=1,input_bias=0,gate_init=zero,forget_bias_z=1,input_bias_z=0,gate_init_z=zero]', 'latent_embed.[proj=I, bias=none]'] (undo post_init clobber)
[branch] summary_emb was SLICED 32 -> 16 rows (first W_new rows (tail layout: slot j attends slots < j)), 2026-09-16T16:56:20, from cortex-retrofit/retro-b2-heal/checkpoint_91552
[branch]   effective rank 10.90 of the parent's 20.02; kept-row centred cos -0.0652
[branch] loaded weights from cortex-retrofit/retro-b2-heal/checkpoint_91552_w16; 13 new memory params start fresh: ['cortex.prefix.forget_bias', 'cortex.prefix.input_bias', 'cortex.prefix.forget_bias_z', 'cortex.prefix.input_bias_z', 'cortex.prefix.gate_proj_in.weight', 'cortex.prefix.gate_proj_in.bias', 'cortex.prefix.gate_proj_mem.weight', 'cortex.prefix.gate_proj_mem.bias', 'cortex.prefix.gate_proj_in_z.weight', 'cortex.prefix.gate_proj_in_z.bias', 'cortex.prefix.gate_proj_mem_z.weight', 'cortex.prefix.gate_proj_mem_z.bias', 'cortex.latent_embed.proj.weight']
[branch] optimizer state NOT restored (param set changed); LR schedule, recurrence ramp and step counter continue
Branched from cortex-retrofit/retro-b2-heal/checkpoint_91552_w16
[cortex] window_backward: one backward per 4-chunk carry window (2 per row), so the peak holds 4 of 8 chunks' activations.  Same gradient as one backward per row, to fp summation order.
GPU: cuda:0 | Step:    2 | Updates: 91553 | Time/step: 2.0110 | Tok/sec=  4073.63 | Loss: 3.3439 / log-ppl: 28.3285 | Grad-Norm 23.8484 | ClipCoef 0.0419 | Peak-Mem 83.88GiB
[timeout-save] walltime deadline resolved: 2594s from now
GPU: cuda:0 | Step:    4 | Updates: 91554 | Time/step: 2.0396 | Tok/sec=  4016.40 | Loss: 3.7525 / log-ppl: 42.6276 | Grad-Norm 8.7409 | ClipCoef 0.1144 | Peak-Mem 90.75GiB
GPU: cuda:0 | Step:    6 | Updates: 91555 | Time/step: 1.8342 | Tok/sec=  4466.14 | Loss: 4.2589 / log-ppl: 70.7323 | Grad-Norm 77.3424 | ClipCoef 0.0129 | Peak-Mem 90.63GiB
GPU: cuda:0 | Step:    8 | Updates: 91556 | Time/step: 2.4413 | Tok/sec=  3355.57 | Loss: 2.4179 / log-ppl: 11.2226 | Grad-Norm 3.8750 | ClipCoef 0.2581 | Peak-Mem 90.75GiB
GPU: cuda:0 | Step:   10 | Updates: 91557 | Time/step: 1.1673 | Tok/sec=  7018.04 | Loss: 3.4591 / log-ppl: 31.7895 | Grad-Norm 2.8113 | ClipCoef 0.3557 | Peak-Mem 60.91GiB
GPU: cuda:0 | Step:   12 | Updates: 91558 | Time/step: 2.1385 | Tok/sec=  3830.76 | Loss: 3.3792 / log-ppl: 29.3471 | Grad-Norm 2.9283 | ClipCoef 0.3415 | Peak-Mem 90.63GiB
GPU: cuda:0 | Step:   14 | Updates: 91559 | Time/step: 2.2264 | Tok/sec=  3679.52 | Loss: 3.9247 / log-ppl: 50.6376 | Grad-Norm 3.0066 | ClipCoef 0.3326 | Peak-Mem 75.89GiB
GPU: cuda:0 | Step:   16 | Updates: 91560 | Time/step: 2.5202 | Tok/sec=  3250.49 | Loss: 1.3484 / log-ppl: 3.8512 | Grad-Norm 3.9807 | ClipCoef 0.2512 | Peak-Mem 90.75GiB
GPU: cuda:0 | Step:   18 | Updates: 91561 | Time/step: 1.5758 | Tok/sec=  5198.60 | Loss: 2.6545 / log-ppl: 14.2180 | Grad-Norm 4.0667 | ClipCoef 0.2459 | Peak-Mem 68.46GiB
GPU: cuda:0 | Step:   20 | Updates: 91562 | Time/step: 2.4158 | Tok/sec=  3391.00 | Loss: 3.6365 / log-ppl: 37.9597 | Grad-Norm 2.4194 | ClipCoef 0.4133 | Peak-Mem 90.75GiB
[stop_at_step] reached 91562 — ending this phase (schedule horizon max_steps=305176 unchanged)
[rank 0] Saved checkpoint @ step 91,562
--------------------------------------------------------------------
Training time: 0:02:25.699261 
Max. Mem allocated: 12.162 GB. Max. Mem reserved: 91.125 GB.
--------------------------------------------------------------------
--------------------------------------------------------------------
Run None finished without error.
---------Total time: 0:02:37.803155 ---------
-----------------Shutdown complete.--------------------------

=== SMOKE GATE | j4-a3z-endpoint-real-smoke | limb=real ===
  ok   10 diag rows, steps 91553..91562
  ok   z_n_zpre max 64 of 64
  ok   z_e_carried_norm mean 135.77 vs target 171.00 (79%)
  ok   z_embed_ratio 1.3055 -> 2.0514
  ok   z_read_grad_frac 1.0 (live on every batch, as E is)
  ok   z_write_grad_frac max 1.000
  ok   loss 3.3439 -> 3.6365, all finite
  FAIL ||E|| measures 135.77 but ZNORM_TARGET is 171.00 -- more than 15% apart.  j4_prereg.md S1.1 says STOP: the rescale target is the wrong number for this branch, and every limb would train with Z at the wrong scale.

SMOKE GATE FAILED (1): do NOT launch the real limbs until this is understood.  j4_prereg.md S1.1 / S5.
J4 real SMOKE GATE FAILED -- exit 1, so anything queued
  --dependency=afterok on this job will NOT start.
---------------------------------------
Begin Slurm Epilog: Sep-26-2026 00:17:56
Job ID:        13593781
Array Job ID:  13593528_0
User ID:       hjiang420
Account:       gts-aivanova7-lab
Job name:      j4_joint
Resources:     cpu=8,gres/gpu:h200=1,mem=128G,node=1
Rsrc Used:     cput=00:22:16,vmem=0,walltime=00:02:47,mem=18294740K,energy_used=0
Partition:     gpu-h200
QOS:           inferno
Nodes:         atl1-1-02-012-2-0
---------------------------------------
