---------------------------------------
Begin Slurm Prolog: Sep-10-2026 13:54:25
Job ID:    13059839
User ID:   hjiang420
Account:   gts-aivanova7-lab
Job name:  eval_longcontext.sbatch
Partition: gpu-a100
QOS:       inferno
---------------------------------------
[ok]  cortex-retrofit/retro-b2-acc32-cc8-mr8/final_checkpoint
      already prepared
      flags: {'use_memory': True, 'memory_slots': 0, 'memory_slots_iter': 0, 'memory_heads': 4, 'prefix_memory': 'accum', 'accum_vecs': 32, 'accum_max': 256, 'h_T_proj': True, 'lora_rank': 0, 'lora_alpha': 32.0, 'mean_recurrence': 32, 'mean_backprop_depth': 8}
=== long-context eval: retro-b2-acc32-cc8-mr8-T8-nc8-sl512-nocarry-blank  (cortex-retrofit/retro-b2-acc32-cc8-mr8/final_checkpoint) -> eval_results/longcontext_b2-power/retro-b2-acc32-cc8-mr8-T8-nc8-sl512-nocarry-blank ===
Loading checkpoint: None
Loading checkpoint shards:   0%|          | 0/2 [00:00<?, ?it/s]Loading checkpoint shards:  50%|█████     | 1/2 [01:33<01:33, 93.50s/it]Loading checkpoint shards: 100%|██████████| 2/2 [01:48<00:00, 47.58s/it]Loading checkpoint shards: 100%|██████████| 2/2 [01:48<00:00, 54.47s/it]
[2026-09-10T14:54:28.203] error: *** JOB 13059839 ON atl1-1-02-018-31-0 CANCELLED AT 2026-09-10T14:54:28 DUE TO TIME LIMIT ***
---------------------------------------
Begin Slurm Epilog: Sep-10-2026 14:54:30
Job ID:        13059839
User ID:       hjiang420
Account:       gts-aivanova7-lab
Job name:      eval_longcontext.sbatch
Resources:     cpu=8,gres/gpu:a100=1,mem=64G,node=1
Rsrc Used:     cput=08:00:48,vmem=0,walltime=01:00:06,mem=6398980K,energy_used=0
Partition:     gpu-a100
QOS:           inferno
Nodes:         atl1-1-02-018-31-0
---------------------------------------
