---------------------------------------
Begin Slurm Prolog: Jul-17-2026 00:02:59
Job ID:    11220166
User ID:   hjiang420
Account:   gts-aivanova7-lab
Job name:  eval_iter_carry.sbatch
Partition: gpu-a100
QOS:       inferno
---------------------------------------
[ok]  cortex-retro-ft/rung1-k0-ki4-cc1-len1024-nemo/final_checkpoint
      already prepared
      flags: {'use_memory': True, 'memory_slots': 0, 'memory_slots_iter': 4, 'memory_heads': 4, 'ccot_direct': False, 'h_T_proj': True, 'lora_rank': 0, 'lora_alpha': 32.0, 'mean_recurrence': 8, 'mean_backprop_depth': 8}
=== iter-carry ablation: rung1-k0-ki4-cc1-len1024-nemo (pool=last) -> eval_results/iter_carry_20260717/rung1-k0-ki4-cc1-len1024-nemo ===
Loading: cortex-retro-ft/rung1-k0-ki4-cc1-len1024-nemo/final_checkpoint  (overlay: None)
Loading checkpoint shards:   0%|          | 0/2 [00:00<?, ?it/s]Loading checkpoint shards:  50%|█████     | 1/2 [01:14<01:14, 74.63s/it]Loading checkpoint shards: 100%|██████████| 2/2 [01:33<00:00, 41.72s/it]Loading checkpoint shards: 100%|██████████| 2/2 [01:33<00:00, 46.65s/it]
T=8  n_chunks=4  pool=last  m_iter=True  ccot_iter=False
data/pg19_olmo_val_len4096: 50 rows, evaluating 50
  25/50 samples...
  50/50 samples...

  Chunk       N    carried     zeroed   delta(z-c)        SE  (delta>0 => carry helps)
  ------------------------------------------------------------
  1          50     4.5874     4.5874      0.00000   0.00000
  2          50     4.4633     4.4632     -0.00014   0.00013
  3          50     4.4636     4.4636     -0.00005   0.00014
  4          50     4.4890     4.4891      0.00017   0.00013

  chunks 2+ aggregate: delta = -0.00001 (SE 0.00008)  [chunk 1 is the identical-by-construction control]

Results saved -> eval_results/iter_carry_20260717/rung1-k0-ki4-cc1-len1024-nemo
---------------------------------------
Begin Slurm Epilog: Jul-17-2026 00:05:28
Job ID:        11220166
User ID:       hjiang420
Account:       gts-aivanova7-lab
Job name:      eval_iter_carry.sbatch
Resources:     cpu=8,gres/gpu:a100=1,mem=64G,node=1
Rsrc Used:     cput=00:20:08,vmem=0,walltime=00:02:31,mem=8736360K,energy_used=0
Partition:     gpu-a100
QOS:           inferno
Nodes:         atl1-1-02-018-31-0
---------------------------------------
