---------------------------------------
Begin Slurm Prolog: Jul-17-2026 16:58:17
Job ID:    11241573
User ID:   hjiang420
Account:   gts-aivanova7-lab
Job name:  eval_carry_ablation.sbatch
Partition: gpu-a100
QOS:       inferno
---------------------------------------

CondaError: Run 'conda init' before 'conda deactivate'

[ok]  cortex-retro-ft/rung1-k0-acc4v-tb2-rs-ep3-rcl/final_checkpoint
      already prepared
      flags: {'use_memory': True, 'memory_slots': 0, 'memory_slots_iter': 0, 'memory_heads': 4, 'ccot_direct': False, 'h_T_proj': True, 'lora_rank': 0, 'lora_alpha': 32.0, 'mean_recurrence': 8, 'mean_backprop_depth': 8}
=== carry ablation: rung1-k0-acc4v-tb2-rs-ep3-rcl -> eval_results/carry_ablation_20260717/rung1-k0-acc4v-tb2-rs-ep3-rcl ===
Loading: cortex-retro-ft/rung1-k0-acc4v-tb2-rs-ep3-rcl/final_checkpoint  (overlay: None)
Loading checkpoint shards:   0%|          | 0/2 [00:00<?, ?it/s]Loading checkpoint shards:  50%|█████     | 1/2 [02:03<02:03, 123.01s/it]Loading checkpoint shards: 100%|██████████| 2/2 [02:26<00:00, 64.18s/it] Loading checkpoint shards: 100%|██████████| 2/2 [02:26<00:00, 73.01s/it]
Slice ablation: ['oldest', 'newest']  n=4 vectors (accum_vecs=4)  op=drop
T=8  n_chunks=4
data/pg19_olmo_val_len4096: 50 rows, evaluating 50
  25/50 samples...
  50/50 samples...

  Chunk       N    carried     zeroed    d(zeroed)     oldest    d(oldest)     newest    d(newest)   (delta>0 => that carry content helps)
  ------------------------------------------------------------------------------------------------
  1          50     2.4493     2.4493      0.00000     2.4493      0.00000     2.4493      0.00000
  2          50     2.7979     2.8217      0.02381     2.8217      0.02381     2.8217      0.02381
  3          50     2.8278     2.8526      0.02478     2.8313      0.00348     2.8419      0.01410
  4          50     2.8983     2.9208      0.02251     2.8994      0.00109     2.9076      0.00931

  chunks 2+ [ zeroed]: delta = 0.02370 (SE 0.00119)  [chunk 1 is the identical-by-construction control]

  chunks 2+ [ oldest]: delta = 0.00946 (SE 0.00123)

  chunks 2+ [ newest]: delta = 0.01574 (SE 0.00107)

Results saved -> eval_results/carry_ablation_20260717/rung1-k0-acc4v-tb2-rs-ep3-rcl
---------------------------------------
Begin Slurm Epilog: Jul-17-2026 17:07:33
Job ID:        11241573
User ID:       hjiang420
Account:       gts-aivanova7-lab
Job name:      eval_carry_ablation.sbatch
Resources:     cpu=8,gres/gpu:a100=1,mem=64G,node=1
Rsrc Used:     cput=01:14:16,vmem=0,walltime=00:09:17,mem=8421M,energy_used=0
Partition:     gpu-a100
QOS:           inferno
Nodes:         atl1-1-02-018-27-0
---------------------------------------
