---------------------------------------
Begin Slurm Prolog: Sep-17-2026 11:30:40
Job ID:    13292763
User ID:   hjiang420
Account:   gts-aivanova7-lab
Job name:  p21_subst
Partition: gpu-h200
QOS:       inferno
---------------------------------------

CondaError: Run 'conda init' before 'conda deactivate'

=== P2.1 substitution sweep | 2 cells | index 1 ===
    [0] a1 donor both
    [1] parent donor both

    arm=parent damage=donor channel=both
    checkpoint: cortex-retrofit/retro-b2-heal/checkpoint_91552_w16
    data:       data/pg19_olmo_val_len4096   (READ THIS LINE -- it is the only proof the pack arrived)
    T=8  n_chunks=8  depths=1 2 3 4 6  n=20
    out:        eval_results/p21_substitution-20260917/parent-donor-both
NVIDIA H200, 143771 MiB

Loading checkpoint shards:   0%|          | 0/2 [00:00<?, ?it/s]Loading checkpoint shards: 100%|██████████| 2/2 [00:00<00:00, 62.52it/s]
[load] overlaid cortex-retrofit/retro-b2-heal/checkpoint_91552_w16/chkpt.pt: 0 missing / 2 unexpected keys
FAILED: this checkpoint has no prefix buffer, so there is no carry whose influence could be measured.

cell parent/donor/both FAILED rc=2
---------------------------------------
Begin Slurm Epilog: Sep-17-2026 11:32:37
Job ID:        13292763
Array Job ID:  13292623_1
User ID:       hjiang420
Account:       gts-aivanova7-lab
Job name:      p21_subst
Resources:     cpu=8,gres/gpu:h200=1,mem=64G,node=1
Rsrc Used:     cput=00:16:00,vmem=0,walltime=00:02:00,mem=15761964K,energy_used=0
Partition:     gpu-h200
QOS:           inferno
Nodes:         atl1-1-03-020-18-0
---------------------------------------
