---------------------------------------
Begin Slurm Prolog: Sep-19-2026 20:59:47
Job ID:    13360834
User ID:   hjiang420
Account:   gts-aivanova7-lab
Job name:  unit_suite
Partition: cpu-small
QOS:       inferno
---------------------------------------
=== unit suite | atl1-1-02-003-16-2.pace.gatech.edu ===
    tests: tests/
    args:  -q
    torch 2.5.1+cu121, python 3.11.15

........................................................................ [  8%]
........................................................................ [ 17%]
........................................................................ [ 26%]
........................................................................ [ 35%]
........................................................................ [ 43%]
.............s.......................................................... [ 52%]
........................................................................ [ 61%]
........................................................................ [ 70%]
........................................................................ [ 78%]
........................................................................ [ 87%]
........................................................................ [ 96%]
.............................                                            [100%]
820 passed, 1 skipped in 106.36s (0:01:46)

==============================================================
SUITE GREEN in 110s
==============================================================
---------------------------------------
Begin Slurm Epilog: Sep-19-2026 21:01:49
Job ID:        13360834
User ID:       hjiang420
Account:       gts-aivanova7-lab
Job name:      unit_suite
Resources:     cpu=8,mem=32G,node=1
Rsrc Used:     cput=00:16:16,vmem=0,walltime=00:02:02,mem=1382060K,energy_used=0
Partition:     cpu-small
QOS:           inferno
Nodes:         atl1-1-02-003-16-2
---------------------------------------
