---------------------------------------
Begin Slurm Prolog: Sep-01-2026 11:55:27
Job ID:    12684716
User ID:   hjiang420
Account:   gts-aivanova7-lab
Job name:  eval_carry_ablation.sbatch
Partition: gpu-a100
QOS:       inferno
---------------------------------------
[ok]  cortex-retrofit/retro-b2-acc32-cc8-mr8/final_checkpoint
      already prepared
      flags: {'use_memory': True, 'memory_slots': 0, 'memory_slots_iter': 0, 'memory_heads': 4, 'prefix_memory': 'accum', 'accum_vecs': 32, 'accum_max': 256, 'h_T_proj': True, 'lora_rank': 0, 'lora_alpha': 32.0, 'mean_recurrence': 32, 'mean_backprop_depth': 8}
=== carry ablation: retro-b2-acc32-cc8-mr8 -> eval_results/carry_ablation_b2-Tsweep-T32/retro-b2-acc32-cc8-mr8 ===
Loading: cortex-retrofit/retro-b2-acc32-cc8-mr8/final_checkpoint  (overlay: None)
Loading checkpoint shards:   0%|          | 0/2 [00:00<?, ?it/s]Loading checkpoint shards:  50%|█████     | 1/2 [00:21<00:21, 21.32s/it]Loading checkpoint shards: 100%|██████████| 2/2 [00:25<00:00, 11.11s/it]Loading checkpoint shards: 100%|██████████| 2/2 [00:25<00:00, 12.64s/it]
T=32  n_chunks=8
data/pg19_olmo_val_len4096: 50 rows, evaluating 50
  25/50 samples...
  50/50 samples...

  Chunk       N    carried     zeroed    d(zeroed)   (delta>0 => that carry content helps)
  ------------------------------------------------
  1          50     4.1122     4.1122      0.00000
  2          50     3.5754     3.7200      0.14451
  3          50     3.5547     3.7243      0.16954
  4          50     3.5261     3.7055      0.17943
  5          50     3.5609     3.7516      0.19070
  6          50     3.4749     3.6784      0.20351
  7          50     3.5081     3.7125      0.20445
  8          50     3.5158     3.7182      0.20233

  chunks 2+ [ zeroed]: delta = 0.18492 (SE 0.00362)  [chunk 1 is the identical-by-construction control]

Results saved -> eval_results/carry_ablation_b2-Tsweep-T32/retro-b2-acc32-cc8-mr8
---------------------------------------
Begin Slurm Epilog: Sep-01-2026 11:58:30
Job ID:        12684716
User ID:       hjiang420
Account:       gts-aivanova7-lab
Job name:      eval_carry_ablation.sbatch
Resources:     cpu=8,gres/gpu:a100=1,mem=64G,node=1
Rsrc Used:     cput=00:24:40,vmem=0,walltime=00:03:05,mem=8453956K,energy_used=0
Partition:     gpu-a100
QOS:           inferno
Nodes:         atl1-1-01-002-20-0
---------------------------------------
