---------------------------------------
Begin Slurm Prolog: Sep-14-2026 16:57:37
Job ID:    13202177
User ID:   hjiang420
Account:   gts-aivanova7-lab
Job name:  smoke_geometry_oom.sbatch
Partition: gpu-h200
QOS:       inferno
---------------------------------------

CondaError: Run 'conda init' before 'conda deactivate'

=== geometry OOM gate | model=ckpts/olmo-retrofit-cortex | mean_rec=8 ===
    geometries: 4096:16:32 4096:16:32:128 8192:16:16:128
    json: logs/oom_smoke_13202177.jsonl
NVIDIA H200, 143771 MiB
prefix_pack occurrences in the checkpoint's modeling file:
6

######## 4096 x cc16 (bs 32) ########
=== geometry gate: 4096 tok x cc16 (256-tok chunks) | memory=True | optimizer=True ===
  device: NVIDIA H200, 139.80 GiB total
Random Initialization not implemented.
Random Initialization not implemented.
Random Initialization not implemented.
Loading checkpoint shards:   0%|          | 0/2 [00:00<?, ?it/s]Loading checkpoint shards:  50%|█████     | 1/2 [00:01<00:01,  1.44s/it]Loading checkpoint shards: 100%|██████████| 2/2 [00:01<00:00,  1.33it/s]
Some weights of RavenForCausalLM were not initialized from the model checkpoint at ckpts/olmo-retrofit-cortex and are newly initialized: ['cortex.prefix.summary_emb', 'cortex.prefix.summary_seeded']
You should probably TRAIN this model on a down-stream task to be able to use it for predictions and inference.
[W914 16:58:38.334686284 CUDAAllocatorConfig.h:28] Warning: expandable_segments not supported on this platform (function operator())
  loaded fp32 in 47.9s (1.36B params)
  recurrence: mean 8, backprop depth 8 (from the checkpoint config) -> worst-case num_steps [0 no-grad, 8 with-grad]
  buffer: accum_vecs 32, accum_max 512, carry_grad_chunks 8 of 16
  max packed sequence: 256 + 480 carry rows = 736 (max_position_embeddings=4096)
  note: the FIFO never trims at this setting (16 x 32 <= accum_max 512) — B2's convention, the larger footprint, and the reason eviction was out-of-distribution at eval. Pass --accum_max 128 to price the capped alternative.
  optimizer: MuonWithAuxAdam, 3 groups (57m, 59a, 1a)
  OOM: CUDA out of memory. Tried to allocate 20.00 MiB. GPU 0 has a total capacity of 139.80 GiB of which 17.12 MiB is free. Including non-PyTorch memory, this process has 139.78 GiB memory in use. Of the allocated memory 138.58 GiB is allocated by PyTorch, and 134.15 MiB is reserved by PyTorch but unallocated. If reserved but unallocated memory is large try setting PYTORCH_CUDA_ALLOC_CONF=expandable_segments:True to avoid fragmentation.  See documentation for Memory Management  (https://pytorch.org/docs/stable/notes/cuda.html#environment-variables)

-- result --
  peak reserved before OOM: 138.71 GiB of 139.80 GiB

RESULT OOM max_length=4096 cross_chunks=16 chunk_len=256 memory=True optimizer=True peak_alloc_gib=0.00 peak_res_gib=138.71 step_s=0.0
[rank0]:[W914 16:58:42.507587741 ProcessGroupNCCL.cpp:1250] Warning: WARNING: process group has NOT been destroyed before we destruct ProcessGroupNCCL. On normal program exit, the application should call destroy_process_group to ensure that any pending NCCL operations have finished in this process. In rare cases this process can exit before this point and block the progress of another member of the process group. This constraint has always been present,  but this warning has only been added since PyTorch 2.4 (function operator())

######## 4096 x cc16 (bs 32:128) ########
usage: config-D geometry OOM gate [-h] [--model_name MODEL_NAME]
                                  [--max_length MAX_LENGTH]
                                  [--cross_chunks CROSS_CHUNKS]
                                  [--micro_batch_size MICRO_BATCH_SIZE]
                                  [--batch_size BATCH_SIZE]
                                  [--max_steps MAX_STEPS]
                                  [--mean_recurrence MEAN_RECURRENCE]
                                  [--backprop_depth BACKPROP_DEPTH]
                                  [--use_memory {true,false}]
                                  [--prefix_memory {accum,gated}]
                                  [--accum_vecs ACCUM_VECS]
                                  [--accum_max ACCUM_MAX]
                                  [--carry_grad_chunks CARRY_GRAD_CHUNKS]
                                  [--with_optimizer {true,false}]
                                  [--muon_lr MUON_LR] [--adam_lr ADAM_LR]
                                  [--memory_lr MEMORY_LR]
                                  [--max_grad_norm MAX_GRAD_NORM]
                                  [--warmup_steps WARMUP_STEPS]
                                  [--json_out JSON_OUT] [--device DEVICE]
config-D geometry OOM gate: error: argument --batch_size: invalid int value: '32:128'
!!! script failed (exit 2) at 4096x cc16 — this is NOT a
!!! measured OOM, it is a broken run.  Read the traceback above.

######## 8192 x cc16 (bs 16:128) ########
usage: config-D geometry OOM gate [-h] [--model_name MODEL_NAME]
                                  [--max_length MAX_LENGTH]
                                  [--cross_chunks CROSS_CHUNKS]
                                  [--micro_batch_size MICRO_BATCH_SIZE]
                                  [--batch_size BATCH_SIZE]
                                  [--max_steps MAX_STEPS]
                                  [--mean_recurrence MEAN_RECURRENCE]
                                  [--backprop_depth BACKPROP_DEPTH]
                                  [--use_memory {true,false}]
                                  [--prefix_memory {accum,gated}]
                                  [--accum_vecs ACCUM_VECS]
                                  [--accum_max ACCUM_MAX]
                                  [--carry_grad_chunks CARRY_GRAD_CHUNKS]
                                  [--with_optimizer {true,false}]
                                  [--muon_lr MUON_LR] [--adam_lr ADAM_LR]
                                  [--memory_lr MEMORY_LR]
                                  [--max_grad_norm MAX_GRAD_NORM]
                                  [--warmup_steps WARMUP_STEPS]
                                  [--json_out JSON_OUT] [--device DEVICE]
config-D geometry OOM gate: error: argument --batch_size: invalid int value: '16:128'
!!! script failed (exit 2) at 8192x cc16 — this is NOT a
!!! measured OOM, it is a broken run.  Read the traceback above.

=== summary ===
    row  cc  chunk   mem  amax status    alloc  reserved  %dev  s/step
   4096  16    256  True   512    OOM     0.00    138.71    99     0.0

(no 8192 x cc16 memory row in the json — the decision row did not run)

NOTE: at least one geometry failed for a non-OOM reason; the table
above is incomplete.  Do not decide the row length off it.
---------------------------------------
Begin Slurm Epilog: Sep-14-2026 16:58:49
Job ID:        13202177
User ID:       hjiang420
Account:       gts-aivanova7-lab
Job name:      smoke_geometry_oom.sbatch
Resources:     cpu=8,gres/gpu:h200=1,mem=96G,node=1
Rsrc Used:     cput=00:09:52,vmem=0,walltime=00:01:14,mem=4925876K,energy_used=0
Partition:     gpu-h200
QOS:           inferno
Nodes:         atl1-1-03-019-2-0
---------------------------------------
