---------------------------------------
Begin Slurm Prolog: Sep-19-2026 21:03:36
Job ID:    13360970
User ID:   hjiang420
Account:   gts-aivanova7-lab
Job name:  p21_subst
Partition: gpu-h200
QOS:       inferno
---------------------------------------
=== P2.1 substitution sweep | 3 cells | index 1 ===
    [0] a1 donor both
    [1] a3 donor both
    [2] parent donor both
    for THIS cell list:  sbatch --array=0-2
    pack rows:  1059   (--max_examples 100 is a CEILING)

    arm=a3 damage=donor channel=both
    checkpoint: cortex-retrofit/p1-a3-gated-w16k64-cc8/checkpoint_115966
    data:       data/pg19_olmo_validation_len4096_strided   (READ THIS LINE -- it is the only proof the pack arrived)
    geometry:   gated  W=16  latent=0
    sets:       --set use_memory=true --set memory_slots=0 --set prefix_memory=gated --set accum_vecs=16 --set gate_slots=64 --set gate_route=ring --set gate_norm=tanh --set gate_init=zero --set gate_fill=grow
    T=8  n_chunks=8  depths=1 2 3 4 6  n=100
    out:        eval_results/p21_substitution-20260919/a3-donor-both

    The [cortex] OVERRIDE lines below are the proof the geometry arrived.
    A cell that prints none of them is running on a buffer-less graft.
NVIDIA H200, 143771 MiB

[cortex] OVERRIDE config.use_memory: '<absent>' -> True  (NOT what this checkpoint trained with unless they match)
[cortex] OVERRIDE config.memory_slots: '<absent>' -> 0  (NOT what this checkpoint trained with unless they match)
[cortex] OVERRIDE config.prefix_memory: '<absent>' -> 'gated'  (NOT what this checkpoint trained with unless they match)
[cortex] OVERRIDE config.accum_vecs: '<absent>' -> 16  (NOT what this checkpoint trained with unless they match)
[cortex] OVERRIDE config.gate_slots: '<absent>' -> 64  (NOT what this checkpoint trained with unless they match)
[cortex] OVERRIDE config.gate_route: '<absent>' -> 'ring'  (NOT what this checkpoint trained with unless they match)
[cortex] OVERRIDE config.gate_norm: '<absent>' -> 'tanh'  (NOT what this checkpoint trained with unless they match)
[cortex] OVERRIDE config.gate_init: '<absent>' -> 'zero'  (NOT what this checkpoint trained with unless they match)
[cortex] OVERRIDE config.gate_fill: '<absent>' -> 'grow'  (NOT what this checkpoint trained with unless they match)
Random Initialization not implemented.
Random Initialization not implemented.
Random Initialization not implemented.
Random Initialization not implemented.
Random Initialization not implemented.
Loading checkpoint shards:   0%|          | 0/2 [00:00<?, ?it/s]Loading checkpoint shards: 100%|██████████| 2/2 [00:00<00:00, 71.09it/s]
Some weights of RavenForCausalLM were not initialized from the model checkpoint at ckpts/olmo-retrofit-cortex and are newly initialized: ['cortex.prefix.forget_bias', 'cortex.prefix.gate_proj_in.bias', 'cortex.prefix.gate_proj_in.weight', 'cortex.prefix.gate_proj_mem.bias', 'cortex.prefix.gate_proj_mem.weight', 'cortex.prefix.input_bias', 'cortex.prefix.summary_emb', 'cortex.prefix.summary_seeded']
You should probably TRAIN this model on a down-stream task to be able to use it for predictions and inference.
[cortex] reset 2 cortex submodules to nn defaults + re-applied designed inits ['prefix.[summary_emb~N(reseeded from wte on first forward),forget_bias=1,input_bias=0,gate_init=zero]'] (undo post_init clobber)
[load] overlaid cortex-retrofit/p1-a3-gated-w16k64-cc8/checkpoint_115966/chkpt.pt: 0 missing / 0 unexpected keys
  10 samples
  20 samples
  30 samples
  40 samples
  50 samples
  60 samples
  70 samples
  80 samples
  90 samples
  100 samples

==============================================================================
I(d) -- nats/token that chunk N-d's carry contribution is worth at chunk N
buffer: PrefixGatedBuffer (gated), damage=donor, n=100 paired samples
==============================================================================
  intact loss 2.9965 nats/token   chance (ln vocab) 11.5164   margin +8.5200

    d   I(d) nats                    95% CI     n   shape
    1     0.07761   [  0.06988,   0.08577]   100  *
    2     0.01179   [  0.00711,   0.01670]   100  *
    3     0.00689   [  0.00136,   0.01339]   100  *
    4     0.00518   [  0.00073,   0.01034]   100  *
    6     0.00243   [  0.00077,   0.00413]   100  *

  * = CI excludes zero, i.e. that depth still measurably matters.
  This is a GATED buffer: expect smooth decay, no cliff, and no exact zero.  Do NOT score a plateau as failure.

wrote eval_results/p21_substitution-20260919/a3-donor-both/results.json

cell a3/donor/both DONE -> eval_results/p21_substitution-20260919/a3-donor-both/results.json

This cell is one row of the sweep, not a verdict.  The reading is the
TABLE -- arms against the parent for question 1, donor against random
for question 2 -- and the responses to each outcome are pre-registered
in this file's header and in p2_deciding_measurements_handoff.md.
---------------------------------------
Begin Slurm Epilog: Sep-19-2026 21:32:35
Job ID:        13360970
Array Job ID:  13360883_1
User ID:       hjiang420
Account:       gts-aivanova7-lab
Job name:      p21_subst
Resources:     cpu=8,gres/gpu:h200=1,mem=64G,node=1
Rsrc Used:     cput=03:52:00,vmem=0,walltime=00:29:00,mem=15456120K,energy_used=0
Partition:     gpu-h200
QOS:           inferno
Nodes:         atl1-1-02-012-2-0
---------------------------------------
