---------------------------------------
Begin Slurm Prolog: Jul-16-2026 20:23:29
Job ID:    11219994
User ID:   hjiang420
Account:   gts-aivanova7-lab
Job name:  eval_longcontext.sbatch
Partition: gpu-a100
QOS:       inferno
---------------------------------------
[ok]  cortex-retro-ft/rung1-k0-ci-cc1-len1024-ep4/final_checkpoint
      already prepared
      flags: {'use_memory': True, 'memory_slots': 0, 'memory_slots_iter': 0, 'memory_heads': 4, 'ccot_direct': False, 'h_T_proj': True, 'lora_rank': 0, 'lora_alpha': 32.0, 'mean_recurrence': 8, 'mean_backprop_depth': 8}
=== long-context eval: rung1-k0-ci-cc1-len1024-ep4-ppc1-ccot4-nc1-sl4096  (cortex-retro-ft/rung1-k0-ci-cc1-len1024-ep4/final_checkpoint) -> eval_results/longcontext_20260716/rung1-k0-ci-cc1-len1024-ep4-ppc1-ccot4-nc1-sl4096 ===
Loading checkpoint: None
Loading checkpoint shards:   0%|          | 0/2 [00:00<?, ?it/s]Loading checkpoint shards:  50%|█████     | 1/2 [00:24<00:24, 24.08s/it]Loading checkpoint shards: 100%|██████████| 2/2 [00:28<00:00, 12.39s/it]Loading checkpoint shards: 100%|██████████| 2/2 [00:28<00:00, 14.15s/it]
T=8  tasks=['qa1', 'qa2', 'qa3']  num_chunks=1  passes_per_chunk=1  ccot_passes=4

--- qa1 ---
  [qa1/1k] 50 examples processed...
  [qa1/1k] 100 examples processed...
  [qa1/2k] 50 examples processed...
  [qa1/2k] 100 examples processed...
  [qa1/4k] 50 examples processed...
  [qa1/4k] 100 examples processed...
  [qa1/8k] 50 examples processed...
  [qa1/8k] 100 examples processed...
  [qa1/16k] 50 examples processed...
  [qa1/16k] 100 examples processed...
  [qa1/32k] 50 examples processed...
  [qa1/32k] 100 examples processed...
  Bucket        Correct    Total      Acc
  ----------------------------------------
  1k                 26      100    0.260
  2k                  2      100    0.020
  4k                  0      100    0.000
  8k                  0      100    0.000
  16k                 0      100    0.000
  32k                 0      100    0.000

--- qa2 ---
  [qa2/1k] 50 examples processed...
  [qa2/1k] 100 examples processed...
  [qa2/2k] 50 examples processed...
  [qa2/2k] 100 examples processed...
  [qa2/4k] 50 examples processed...
  [qa2/4k] 100 examples processed...
  [qa2/8k] 50 examples processed...
  [qa2/8k] 100 examples processed...
  [qa2/16k] 50 examples processed...
  [qa2/16k] 100 examples processed...
  [qa2/32k] 50 examples processed...
  [qa2/32k] 100 examples processed...
  Bucket        Correct    Total      Acc
  ----------------------------------------
  1k                 18      100    0.180
  2k                  1      100    0.010
  4k                  0      100    0.000
  8k                  0      100    0.000
  16k                 0      100    0.000
  32k                 0      100    0.000

--- qa3 ---
  [qa3/1k] 50 examples processed...
  [qa3/1k] 100 examples processed...
  [qa3/2k] 50 examples processed...
  [qa3/2k] 100 examples processed...
  [qa3/4k] 50 examples processed...
  [qa3/4k] 100 examples processed...
  [qa3/8k] 50 examples processed...
  [qa3/8k] 100 examples processed...
  [qa3/16k] 50 examples processed...
  [qa3/16k] 100 examples processed...
  [qa3/32k] 50 examples processed...
  [qa3/32k] 100 examples processed...
  Bucket        Correct    Total      Acc
  ----------------------------------------
  1k                  1      100    0.010
  2k                  4      100    0.040
  4k                  0      100    0.000
  8k                  0      100    0.000
  16k                 0      100    0.000
  32k                 0      100    0.000

Results saved → eval_results/longcontext_20260716/rung1-k0-ci-cc1-len1024-ep4-ppc1-ccot4-nc1-sl4096/babilong
Loading checkpoint: None
Loading checkpoint shards:   0%|          | 0/2 [00:00<?, ?it/s]Loading checkpoint shards:  50%|█████     | 1/2 [01:18<01:18, 78.75s/it]Loading checkpoint shards: 100%|██████████| 2/2 [01:32<00:00, 40.48s/it]Loading checkpoint shards: 100%|██████████| 2/2 [01:32<00:00, 46.22s/it]
T=8
  50 examples processed...
  100 examples processed...
  150 examples processed...
  200 examples processed...
  250 examples processed...
  300 examples processed...
  350 examples processed...
  400 examples processed...

  Bucket            Correct    Total      Acc
  --------------------------------------------
  ≤50sess                 0      200    0.000
  >50sess                 0      200    0.000

Results saved → eval_results/longcontext_20260716/rung1-k0-ci-cc1-len1024-ep4-ppc1-ccot4-nc1-sl4096/longmemeval
---------------------------------------
Begin Slurm Epilog: Jul-16-2026 21:33:45
Job ID:        11219994
User ID:       hjiang420
Account:       gts-aivanova7-lab
Job name:      eval_longcontext.sbatch
Resources:     cpu=8,gres/gpu:a100=1,mem=64G,node=1
Rsrc Used:     cput=09:22:16,vmem=0,walltime=01:10:17,mem=8499688K,energy_used=0
Partition:     gpu-a100
QOS:           inferno
Nodes:         atl1-1-01-006-11-0
---------------------------------------
