---------------------------------------
Begin Slurm Prolog: Jul-17-2026 00:01:56
Job ID:    11220165
User ID:   hjiang420
Account:   gts-aivanova7-lab
Job name:  eval_iter_carry.sbatch
Partition: gpu-a100
QOS:       inferno
---------------------------------------
[ok]  cortex-retro-ft/rung1-k0-ci-cc1-len1024-ep4/final_checkpoint
      already prepared
      flags: {'use_memory': True, 'memory_slots': 0, 'memory_slots_iter': 0, 'memory_heads': 4, 'ccot_direct': False, 'h_T_proj': True, 'lora_rank': 0, 'lora_alpha': 32.0, 'mean_recurrence': 8, 'mean_backprop_depth': 8}
=== iter-carry ablation: rung1-k0-ci-cc1-len1024-ep4 (pool=last) -> eval_results/iter_carry_20260716-rcl100/rung1-k0-ci-cc1-len1024-ep4 ===
Loading: cortex-retro-ft/rung1-k0-ci-cc1-len1024-ep4/final_checkpoint  (overlay: None)
Loading checkpoint shards:   0%|          | 0/2 [00:00<?, ?it/s]Loading checkpoint shards:  50%|█████     | 1/2 [00:00<00:00,  1.39it/s]Loading checkpoint shards: 100%|██████████| 2/2 [00:00<00:00,  2.72it/s]Loading checkpoint shards: 100%|██████████| 2/2 [00:00<00:00,  2.38it/s]
T=8  n_chunks=4  pool=last  m_iter=False  ccot_iter=True
data/pg19_olmo_val_recall100_len4096: 50 rows, evaluating 50
  25/50 samples...
  50/50 samples...

  Chunk       N    carried     zeroed   delta(z-c)        SE  (delta>0 => carry helps)
  ------------------------------------------------------------
  1          50     3.0143     3.0143      0.00000   0.00000
  2          50     3.6803     3.6809      0.00056   0.00057
  3          50     3.7468     3.7553      0.00856   0.00710
  4          50     3.8191     3.8192      0.00007   0.00040

  chunks 2+ aggregate: delta = 0.00306 (SE 0.00238)  [chunk 1 is the identical-by-construction control]

Results saved -> eval_results/iter_carry_20260716-rcl100/rung1-k0-ci-cc1-len1024-ep4
---------------------------------------
Begin Slurm Epilog: Jul-17-2026 00:02:44
Job ID:        11220165
User ID:       hjiang420
Account:       gts-aivanova7-lab
Job name:      eval_iter_carry.sbatch
Resources:     cpu=8,gres/gpu:a100=1,mem=64G,node=1
Rsrc Used:     cput=00:06:32,vmem=0,walltime=00:00:49,mem=3145960K,energy_used=0
Partition:     gpu-a100
QOS:           inferno
Nodes:         atl1-1-02-018-31-0
---------------------------------------
