---------------------------------------
Begin Slurm Prolog: Sep-10-2026 21:52:48
Job ID:    13059845
User ID:   hjiang420
Account:   gts-aivanova7-lab
Job name:  eval_longcontext.sbatch
Partition: gpu-a100
QOS:       inferno
---------------------------------------
[ok]  cortex-retrofit/retro-b2-acc32-cc8-mr8/final_checkpoint
      already prepared
      flags: {'use_memory': True, 'memory_slots': 0, 'memory_slots_iter': 0, 'memory_heads': 4, 'prefix_memory': 'accum', 'accum_vecs': 32, 'accum_max': 256, 'h_T_proj': True, 'lora_rank': 0, 'lora_alpha': 32.0, 'mean_recurrence': 32, 'mean_backprop_depth': 8}
=== long-context eval: retro-b2-acc32-cc8-mr8-T32-nc8-sl512  (cortex-retrofit/retro-b2-acc32-cc8-mr8/final_checkpoint) -> eval_results/longcontext_b2-power/retro-b2-acc32-cc8-mr8-T32-nc8-sl512 ===
Loading checkpoint: None
Loading checkpoint shards:   0%|          | 0/2 [00:00<?, ?it/s]Loading checkpoint shards:  50%|█████     | 1/2 [00:20<00:20, 20.90s/it]Loading checkpoint shards: 100%|██████████| 2/2 [00:24<00:00, 10.85s/it]Loading checkpoint shards: 100%|██████████| 2/2 [00:24<00:00, 12.36s/it]
[cortex] carry buffer: n_vec=32 max_vecs=256 (config.json) -> holds the newest 8 chunks; older writes are dropped by the FIFO
T=32  tasks=['qa1']  num_chunks=8  passes_per_chunk=1  ccot_passes=0  no_carry=False

--- qa1 ---
  [qa1/1k] 6 candidates (chance 16.7%): bathroom, bedroom, garden, hallway, kitchen, office
  [qa1/1k] 50 examples processed...
  [qa1/1k] 100 examples processed...
  [qa1/1k] 150 examples processed...
  [qa1/1k] 200 examples processed...
  [qa1/1k] 250 examples processed...
  [qa1/2k] 6 candidates (chance 16.7%): bathroom, bedroom, garden, hallway, kitchen, office
  [qa1/2k] 50 examples processed...
  [qa1/2k] 100 examples processed...
  [qa1/2k] 150 examples processed...
  [qa1/2k] 200 examples processed...
  [qa1/2k] 250 examples processed...
  [qa1/4k] 6 candidates (chance 16.7%): bathroom, bedroom, garden, hallway, kitchen, office
  [qa1/4k] 50 examples processed...
  [qa1/4k] 100 examples processed...
  [qa1/4k] 150 examples processed...
  [qa1/4k] 200 examples processed...
  [qa1/4k] 250 examples processed...
  [qa1/8k] 6 candidates (chance 16.7%): bathroom, bedroom, garden, hallway, kitchen, office
  [qa1/8k] 50 examples processed...
  [qa1/8k] 100 examples processed...
  [qa1/8k] 150 examples processed...
  [qa1/8k] 200 examples processed...
  [qa1/8k] 250 examples processed...
  [qa1/16k] 6 candidates (chance 16.7%): bathroom, bedroom, garden, hallway, kitchen, office
  [qa1/16k] 50 examples processed...
  [qa1/16k] 100 examples processed...
  [qa1/16k] 150 examples processed...
  [qa1/16k] 200 examples processed...
  [qa1/16k] 250 examples processed...
  [qa1/32k] 6 candidates (chance 16.7%): bathroom, bedroom, garden, hallway, kitchen, office
  [qa1/32k] 50 examples processed...
  [qa1/32k] 100 examples processed...
  [qa1/32k] 150 examples processed...
  [qa1/32k] 200 examples processed...
  [qa1/32k] 250 examples processed...
  Bucket        Correct    Total      Acc
  ----------------------------------------
  1k                 46      250    0.184
  2k                 40      250    0.160
  4k                 45      250    0.180
  8k                 40      250    0.160
  16k                39      250    0.156
  32k                40      250    0.160

Per-example records → eval_results/longcontext_b2-power/retro-b2-acc32-cc8-mr8-T32-nc8-sl512/babilong-qa1/records.jsonl

Results saved → eval_results/longcontext_b2-power/retro-b2-acc32-cc8-mr8-T32-nc8-sl512/babilong-qa1
Loading checkpoint: None
Loading checkpoint shards:   0%|          | 0/2 [00:00<?, ?it/s]Loading checkpoint shards:  50%|█████     | 1/2 [02:40<02:40, 160.42s/it]Loading checkpoint shards: 100%|██████████| 2/2 [02:56<00:00, 75.33s/it] Loading checkpoint shards: 100%|██████████| 2/2 [02:56<00:00, 88.10s/it]
[2026-09-11T07:52:54.036] error: *** JOB 13059845 ON atl1-1-01-002-14-0 CANCELLED AT 2026-09-11T07:52:54 DUE TO TIME LIMIT ***
---------------------------------------
Begin Slurm Epilog: Sep-11-2026 07:52:56
Job ID:        13059845
User ID:       hjiang420
Account:       gts-aivanova7-lab
Job name:      eval_longcontext.sbatch
Resources:     cpu=8,gres/gpu:a100=1,mem=64G,node=1
Rsrc Used:     cput=3-08:00:56,vmem=0,walltime=10:00:07,mem=8072364K,energy_used=0
Partition:     gpu-a100
QOS:           inferno
Nodes:         atl1-1-01-002-14-0
---------------------------------------
