---------------------------------------
Begin Slurm Prolog: Aug-09-2026 22:08:00
Job ID:    11772142
User ID:   hjiang420
Account:   gts-aivanova7-lab
Job name:  eval_carry_ablation.sbatch
Partition: gpu-a100
QOS:       inferno
---------------------------------------
[ok]  cortex-retro-ft/rung1-pfxaccum32-cc4-tb2-rs-pg19-ep1/final_checkpoint
      popped tie_word_embeddings
      flags: {'use_memory': True, 'memory_slots': 0, 'memory_slots_iter': 0, 'memory_heads': 4, 'prefix_memory': 'accum', 'accum_vecs': 32, 'accum_max': 128, 'h_T_proj': True, 'lora_rank': 0, 'lora_alpha': 32.0, 'mean_recurrence': 8, 'mean_backprop_depth': 8}
=== carry ablation: rung1-pfxaccum32-cc4-tb2-rs-pg19-ep1 -> eval_results/carry_ablation_rung1ep1-20260809/rung1-pfxaccum32-cc4-tb2-rs-pg19-ep1 ===
Loading: cortex-retro-ft/rung1-pfxaccum32-cc4-tb2-rs-pg19-ep1/final_checkpoint  (overlay: None)
Loading checkpoint shards:   0%|          | 0/2 [00:00<?, ?it/s]Loading checkpoint shards:  50%|█████     | 1/2 [02:46<02:46, 166.90s/it]Loading checkpoint shards: 100%|██████████| 2/2 [03:15<00:00, 85.71s/it] Loading checkpoint shards: 100%|██████████| 2/2 [03:15<00:00, 97.89s/it]
T=8  n_chunks=4
data/pg19_olmo_val_len4096: 50 rows, evaluating 50
  25/50 samples...
  50/50 samples...

  Chunk       N    carried     zeroed    d(zeroed)   (delta>0 => that carry content helps)
  ------------------------------------------------
  1          50     2.4762     2.4762      0.00000
  2          50     2.7967     2.8686      0.07190
  3          50     2.8306     2.8938      0.06320
  4          50     2.8961     2.9612      0.06520

  chunks 2+ [ zeroed]: delta = 0.06677 (SE 0.00420)  [chunk 1 is the identical-by-construction control]

Results saved -> eval_results/carry_ablation_rung1ep1-20260809/rung1-pfxaccum32-cc4-tb2-rs-pg19-ep1
---------------------------------------
Begin Slurm Epilog: Aug-09-2026 22:12:19
Job ID:        11772142
User ID:       hjiang420
Account:       gts-aivanova7-lab
Job name:      eval_carry_ablation.sbatch
Resources:     cpu=8,gres/gpu:a100=1,mem=64G,node=1
Rsrc Used:     cput=00:34:40,vmem=0,walltime=00:04:20,mem=5047276K,energy_used=0
Partition:     gpu-a100
QOS:           inferno
Nodes:         atl1-1-01-006-7-0
---------------------------------------
