---------------------------------------
Begin Slurm Prolog: Jul-16-2026 21:55:58
Job ID:    11220002
User ID:   hjiang420
Account:   gts-aivanova7-lab
Job name:  eval_longcontext.sbatch
Partition: gpu-a100
QOS:       inferno
---------------------------------------
[ok]  cortex-retro-ft/rung1-k0-acc4v-tb2-rs-ep3-rcl/final_checkpoint
      already prepared
      flags: {'use_memory': True, 'memory_slots': 0, 'memory_slots_iter': 0, 'memory_heads': 4, 'ccot_direct': False, 'h_T_proj': True, 'lora_rank': 0, 'lora_alpha': 32.0, 'mean_recurrence': 8, 'mean_backprop_depth': 8}
=== long-context eval: rung1-k0-acc4v-tb2-rs-ep3-rcl  (cortex-retro-ft/rung1-k0-acc4v-tb2-rs-ep3-rcl/final_checkpoint) -> eval_results/longcontext_20260716/rung1-k0-acc4v-tb2-rs-ep3-rcl ===
Loading checkpoint: None
Loading checkpoint shards:   0%|          | 0/2 [00:00<?, ?it/s]Loading checkpoint shards:  50%|█████     | 1/2 [01:38<01:38, 98.03s/it]Loading checkpoint shards: 100%|██████████| 2/2 [01:57<00:00, 51.59s/it]Loading checkpoint shards: 100%|██████████| 2/2 [01:57<00:00, 58.56s/it]
T=8  tasks=['qa1', 'qa2', 'qa3']  num_chunks=4  passes_per_chunk=1  ccot_passes=0

--- qa1 ---
  [qa1/1k] 50 examples processed...
  [qa1/1k] 100 examples processed...
  [qa1/2k] 50 examples processed...
  [qa1/2k] 100 examples processed...
  [qa1/4k] 50 examples processed...
  [qa1/4k] 100 examples processed...
  [qa1/8k] 50 examples processed...
  [qa1/8k] 100 examples processed...
  [qa1/16k] 50 examples processed...
  [qa1/16k] 100 examples processed...
  [qa1/32k] 50 examples processed...
  [qa1/32k] 100 examples processed...
  Bucket        Correct    Total      Acc
  ----------------------------------------
  1k                 24      100    0.240
  2k                 27      100    0.270
  4k                 28      100    0.280
  8k                 20      100    0.200
  16k                22      100    0.220
  32k                19      100    0.190

--- qa2 ---
  [qa2/1k] 50 examples processed...
  [qa2/1k] 100 examples processed...
  [qa2/2k] 50 examples processed...
  [qa2/2k] 100 examples processed...
  [qa2/4k] 50 examples processed...
  [qa2/4k] 100 examples processed...
  [qa2/8k] 50 examples processed...
  [qa2/8k] 100 examples processed...
  [qa2/16k] 50 examples processed...
  [qa2/16k] 100 examples processed...
  [qa2/32k] 50 examples processed...
  [qa2/32k] 100 examples processed...
  Bucket        Correct    Total      Acc
  ----------------------------------------
  1k                 20      100    0.200
  2k                 18      100    0.180
  4k                 11      100    0.110
  8k                  8      100    0.080
  16k                11      100    0.110
  32k                10      100    0.100

--- qa3 ---
  [qa3/1k] 50 examples processed...
  [qa3/1k] 100 examples processed...
  [qa3/2k] 50 examples processed...
  [qa3/2k] 100 examples processed...
  [qa3/4k] 50 examples processed...
  [qa3/4k] 100 examples processed...
  [qa3/8k] 50 examples processed...
  [qa3/8k] 100 examples processed...
  [qa3/16k] 50 examples processed...
  [qa3/16k] 100 examples processed...
  [qa3/32k] 50 examples processed...
  [qa3/32k] 100 examples processed...
  Bucket        Correct    Total      Acc
  ----------------------------------------
  1k                  7      100    0.070
  2k                 10      100    0.100
  4k                 13      100    0.130
  8k                 13      100    0.130
  16k                12      100    0.120
  32k                12      100    0.120

Results saved → eval_results/longcontext_20260716/rung1-k0-acc4v-tb2-rs-ep3-rcl/babilong
Loading checkpoint: None
Loading checkpoint shards:   0%|          | 0/2 [00:00<?, ?it/s]Loading checkpoint shards:  50%|█████     | 1/2 [01:40<01:40, 100.76s/it]Loading checkpoint shards: 100%|██████████| 2/2 [01:49<00:00, 46.47s/it] Loading checkpoint shards: 100%|██████████| 2/2 [01:49<00:00, 54.62s/it]
T=8
  50 examples processed...
  100 examples processed...
  150 examples processed...
  200 examples processed...
  250 examples processed...
  300 examples processed...
  350 examples processed...
  400 examples processed...

  Bucket            Correct    Total      Acc
  --------------------------------------------
  ≤50sess                11      200    0.055
  >50sess                11      200    0.055

Results saved → eval_results/longcontext_20260716/rung1-k0-acc4v-tb2-rs-ep3-rcl/longmemeval
---------------------------------------
Begin Slurm Epilog: Jul-16-2026 23:28:39
Job ID:        11220002
User ID:       hjiang420
Account:       gts-aivanova7-lab
Job name:      eval_longcontext.sbatch
Resources:     cpu=8,gres/gpu:a100=1,mem=64G,node=1
Rsrc Used:     cput=12:21:36,vmem=0,walltime=01:32:42,mem=7378320K,energy_used=0
Partition:     gpu-a100
QOS:           inferno
Nodes:         atl1-1-01-006-11-0
---------------------------------------
