---------------------------------------
Begin Slurm Prolog: Sep-24-2026 01:46:48
Job ID:    13503454
User ID:   hjiang420
Account:   gts-aivanova7-lab
Job name:  j1_readout
Partition: gpu-h200
QOS:       inferno
---------------------------------------
=== j3 read-out | SET=main task 9 = noread_pg19_off ===
    run:        j3-a3z-scratch-noread
    checkpoint: cortex-retrofit/j3-a3z-scratch-noread/checkpoint_93552
    data:       data/pg19_olmo_validation_len4096_strided   (score all, z_null off, n 400, cells E1Z1,E1Z0)
    out:        eval_results/j3_readout/j3-a3z-scratch-noread/pg19-all-off
NVIDIA H200, 143771 MiB
    gate_lr_mult 0.1 matches the run's diag rows
[cortex] OVERRIDE config.use_memory: '<absent>' -> True  (NOT what this checkpoint trained with unless they match)
[cortex] OVERRIDE config.memory_slots: '<absent>' -> 0  (NOT what this checkpoint trained with unless they match)
[cortex] OVERRIDE config.prefix_memory: '<absent>' -> 'gated'  (NOT what this checkpoint trained with unless they match)
[cortex] OVERRIDE config.accum_vecs: '<absent>' -> 16  (NOT what this checkpoint trained with unless they match)
[cortex] OVERRIDE config.gate_slots: '<absent>' -> 64  (NOT what this checkpoint trained with unless they match)
[cortex] OVERRIDE config.gate_route: '<absent>' -> 'ring'  (NOT what this checkpoint trained with unless they match)
[cortex] OVERRIDE config.gate_norm: '<absent>' -> 'tanh'  (NOT what this checkpoint trained with unless they match)
[cortex] OVERRIDE config.gate_init: '<absent>' -> 'zero'  (NOT what this checkpoint trained with unless they match)
[cortex] OVERRIDE config.gate_fill: '<absent>' -> 'grow'  (NOT what this checkpoint trained with unless they match)
[cortex] OVERRIDE config.latent_carry: '<absent>' -> True  (NOT what this checkpoint trained with unless they match)
[cortex] OVERRIDE config.latent_depth_rule: '<absent>' -> 'absolute'  (NOT what this checkpoint trained with unless they match)
[cortex] OVERRIDE config.latent_depth_lo: '<absent>' -> 2  (NOT what this checkpoint trained with unless they match)
[cortex] OVERRIDE config.latent_depth_hi: '<absent>' -> 9  (NOT what this checkpoint trained with unless they match)
[cortex] OVERRIDE config.latent_renorm: '<absent>' -> 'none'  (NOT what this checkpoint trained with unless they match)
[cortex] OVERRIDE config.latent_encoding: '<absent>' -> 'scratch'  (NOT what this checkpoint trained with unless they match)
[cortex] OVERRIDE config.latent_tok_pool: '<absent>' -> 4  (NOT what this checkpoint trained with unless they match)
[cortex] OVERRIDE config.latent_s0_read: '<absent>' -> False  (NOT what this checkpoint trained with unless they match)
[cortex] OVERRIDE config.latent_read: '<absent>' -> 'scratch'  (NOT what this checkpoint trained with unless they match)
[cortex] OVERRIDE config.latent_read_heads: '<absent>' -> 8  (NOT what this checkpoint trained with unless they match)
[cortex] OVERRIDE config.latent_read_znorm: '<absent>' -> 'rms'  (NOT what this checkpoint trained with unless they match)
[cortex] OVERRIDE config.latent_read_znorm_target: '<absent>' -> '3.0'  (NOT what this checkpoint trained with unless they match)
[cortex] OVERRIDE config.latent_read_gate_lr_mult: '<absent>' -> '0.1'  (NOT what this checkpoint trained with unless they match)
[cortex] OVERRIDE config.latent_scratch_forget_bias: '<absent>' -> '1.0'  (NOT what this checkpoint trained with unless they match)
[cortex] OVERRIDE config.latent_carry_read: '<absent>' -> False  (NOT what this checkpoint trained with unless they match)
Random Initialization not implemented.
Random Initialization not implemented.
Random Initialization not implemented.
Random Initialization not implemented.
Random Initialization not implemented.
Random Initialization not implemented.
Random Initialization not implemented.
Random Initialization not implemented.
Random Initialization not implemented.
Random Initialization not implemented.
Random Initialization not implemented.
Random Initialization not implemented.
Random Initialization not implemented.
Random Initialization not implemented.
Random Initialization not implemented.
Loading checkpoint shards:   0%|          | 0/2 [00:00<?, ?it/s]Loading checkpoint shards:  50%|█████     | 1/2 [00:01<00:01,  1.21s/it]Loading checkpoint shards: 100%|██████████| 2/2 [00:01<00:00,  1.60it/s]
Some weights of RavenForCausalLM were not initialized from the model checkpoint at ckpts/olmo-retrofit-cortex and are newly initialized: ['cortex.latent_reader.gate', 'cortex.latent_reader.k_proj.weight', 'cortex.latent_reader.out_proj.weight', 'cortex.latent_reader.q_proj.weight', 'cortex.latent_reader.v_proj.weight', 'cortex.latent_scratch.forget_bias', 'cortex.latent_scratch.gate_proj_in.bias', 'cortex.latent_scratch.gate_proj_in.weight', 'cortex.latent_scratch.gate_proj_mem.bias', 'cortex.latent_scratch.gate_proj_mem.weight', 'cortex.latent_scratch.input_bias', 'cortex.prefix.forget_bias', 'cortex.prefix.forget_bias_z', 'cortex.prefix.gate_proj_in.bias', 'cortex.prefix.gate_proj_in.weight', 'cortex.prefix.gate_proj_in_z.bias', 'cortex.prefix.gate_proj_in_z.weight', 'cortex.prefix.gate_proj_mem.bias', 'cortex.prefix.gate_proj_mem.weight', 'cortex.prefix.gate_proj_mem_z.bias', 'cortex.prefix.gate_proj_mem_z.weight', 'cortex.prefix.input_bias', 'cortex.prefix.input_bias_z', 'cortex.prefix.summary_emb', 'cortex.prefix.summary_seeded']
You should probably TRAIN this model on a down-stream task to be able to use it for predictions and inference.
[cortex] reset 10 cortex submodules to nn defaults + re-applied designed inits ['prefix.[summary_emb~N(reseeded from wte on first forward),forget_bias=1,input_bias=0,gate_init=zero,forget_bias_z=1,input_bias_z=0,gate_init_z=zero]', 'latent_reader.[qkv,out~N(0,0.02) NOT zero -- see LatentRead]', 'latent_reader.gate=0.1', 'latent_reader.gate_lr_mult=0.1', 'latent_scratch.[gates=0 (EMA fg=0.731 ig=0.500), forget_bias=1.0]'] (undo post_init clobber)
[load] overlaid cortex-retrofit/j3-a3z-scratch-noread/checkpoint_93552/chkpt.pt: 0 missing / 0 unexpected keys
[2x2] Z null at s0's MEASURED per-element rms 0.00859128 (row norm 0.3888, sqrt(D) apart -- do not swap them)
  10 samples
  20 samples
  30 samples
  40 samples
  50 samples
  60 samples
  70 samples
  80 samples
  90 samples
  100 samples
  110 samples
  120 samples
  130 samples
  140 samples
  150 samples
  160 samples
  170 samples
  180 samples
  190 samples
  200 samples
  210 samples
  220 samples
  230 samples
  240 samples
  250 samples
  260 samples
  270 samples
  280 samples
  290 samples
  300 samples
  310 samples
  320 samples
  330 samples
  340 samples
  350 samples
  360 samples
  370 samples
  380 samples
  390 samples
  400 samples

==============================================================================
2x2 carry ablation -- mean NLL over chunks 2..8, n=400 paired samples, scoring ALL tokens
column count is IDENTICAL in every cell; only the contents change
==============================================================================
  E1Z1  E=on   Z=on    NLL 3.47761
  E1Z0  E=on   Z=off   NLL 3.47761

  chunk-1 sanity: max spread across cells 0.00e+00 (should be ~0 -- no cell has an incoming carry there)
  health: mean NLL 3.4776, 8.04 nats below chance

------------------------------------------------------------------------------
  Z_main         0.00000  [  0.00000,   0.00000]
               NLL without Z minus with Z, E held on.  Positive = Z helps.

wrote eval_results/j3_readout/j3-a3z-scratch-noread/pg19-all-off/results.json

j3 read-out noread_pg19_off (j3-a3z-scratch-noread) DONE -> eval_results/j3_readout/j3-a3z-scratch-noread/pg19-all-off/results.json
  Numbers are READ ONLY through evals/score_j1.py (pace/j1_verdict.sbatch).
---------------------------------------
Begin Slurm Epilog: Sep-24-2026 02:07:57
Job ID:        13503454
Array Job ID:  13503454_9
User ID:       hjiang420
Account:       gts-aivanova7-lab
Job name:      j1_readout
Resources:     cpu=8,gres/gpu:h200=1,mem=64G,node=1
Rsrc Used:     cput=02:06:08,vmem=0,walltime=00:15:46,mem=15457092K,energy_used=0
Partition:     gpu-h200
QOS:           inferno
Nodes:         atl1-1-02-012-2-0
---------------------------------------
