---------------------------------------
Begin Slurm Prolog: Jul-16-2026 21:33:54
Job ID:    11219999
User ID:   hjiang420
Account:   gts-aivanova7-lab
Job name:  eval_longcontext.sbatch
Partition: gpu-a100
QOS:       inferno
---------------------------------------
[ok]  cortex-retro-ft/rung1-k0-ci-cc1-len1024-nemo/final_checkpoint
      already prepared
      flags: {'use_memory': True, 'memory_slots': 0, 'memory_slots_iter': 0, 'memory_heads': 4, 'ccot_direct': False, 'h_T_proj': True, 'lora_rank': 0, 'lora_alpha': 32.0, 'mean_recurrence': 8, 'mean_backprop_depth': 8}
=== long-context eval: rung1-k0-ci-cc1-len1024-nemo  (cortex-retro-ft/rung1-k0-ci-cc1-len1024-nemo/final_checkpoint) -> eval_results/longcontext_20260716/rung1-k0-ci-cc1-len1024-nemo ===
Loading checkpoint: None
Loading checkpoint shards:   0%|          | 0/2 [00:00<?, ?it/s]Loading checkpoint shards:  50%|█████     | 1/2 [01:33<01:33, 93.48s/it]Loading checkpoint shards: 100%|██████████| 2/2 [01:44<00:00, 44.71s/it]Loading checkpoint shards: 100%|██████████| 2/2 [01:44<00:00, 52.03s/it]
T=8  tasks=['qa1', 'qa2', 'qa3']  num_chunks=4  passes_per_chunk=1  ccot_passes=0

--- qa1 ---
  [qa1/1k] 50 examples processed...
  [qa1/1k] 100 examples processed...
  [qa1/2k] 50 examples processed...
  [qa1/2k] 100 examples processed...
  [qa1/4k] 50 examples processed...
  [qa1/4k] 100 examples processed...
  [qa1/8k] 50 examples processed...
  [qa1/8k] 100 examples processed...
  [qa1/16k] 50 examples processed...
  [qa1/16k] 100 examples processed...
  [qa1/32k] 50 examples processed...
  [qa1/32k] 100 examples processed...
  Bucket        Correct    Total      Acc
  ----------------------------------------
  1k                 19      100    0.190
  2k                 21      100    0.210
  4k                 20      100    0.200
  8k                 21      100    0.210
  16k                20      100    0.200
  32k                20      100    0.200

--- qa2 ---
  [qa2/1k] 50 examples processed...
  [qa2/1k] 100 examples processed...
  [qa2/2k] 50 examples processed...
  [qa2/2k] 100 examples processed...
  [qa2/4k] 50 examples processed...
  [qa2/4k] 100 examples processed...
  [qa2/8k] 50 examples processed...
  [qa2/8k] 100 examples processed...
  [qa2/16k] 50 examples processed...
  [qa2/16k] 100 examples processed...
  [qa2/32k] 50 examples processed...
  [qa2/32k] 100 examples processed...
  Bucket        Correct    Total      Acc
  ----------------------------------------
  1k                 10      100    0.100
  2k                  8      100    0.080
  4k                  8      100    0.080
  8k                  8      100    0.080
  16k                 6      100    0.060
  32k                 5      100    0.050

--- qa3 ---
  [qa3/1k] 50 examples processed...
  [qa3/1k] 100 examples processed...
  [qa3/2k] 50 examples processed...
  [qa3/2k] 100 examples processed...
  [qa3/4k] 50 examples processed...
  [qa3/4k] 100 examples processed...
  [qa3/8k] 50 examples processed...
  [qa3/8k] 100 examples processed...
  [qa3/16k] 50 examples processed...
  [qa3/16k] 100 examples processed...
  [qa3/32k] 50 examples processed...
  [qa3/32k] 100 examples processed...
  Bucket        Correct    Total      Acc
  ----------------------------------------
  1k                 15      100    0.150
  2k                 16      100    0.160
  4k                 13      100    0.130
  8k                 13      100    0.130
  16k                14      100    0.140
  32k                13      100    0.130

Results saved → eval_results/longcontext_20260716/rung1-k0-ci-cc1-len1024-nemo/babilong
Loading checkpoint: None
Loading checkpoint shards:   0%|          | 0/2 [00:00<?, ?it/s]Loading checkpoint shards:  50%|█████     | 1/2 [00:22<00:22, 22.02s/it]Loading checkpoint shards: 100%|██████████| 2/2 [00:26<00:00, 11.59s/it]Loading checkpoint shards: 100%|██████████| 2/2 [00:26<00:00, 13.15s/it]
T=8
  50 examples processed...
  100 examples processed...
  150 examples processed...
  200 examples processed...
  250 examples processed...
  300 examples processed...
  350 examples processed...
  400 examples processed...

  Bucket            Correct    Total      Acc
  --------------------------------------------
  ≤50sess                16      200    0.080
  >50sess                10      200    0.050

Results saved → eval_results/longcontext_20260716/rung1-k0-ci-cc1-len1024-nemo/longmemeval
---------------------------------------
Begin Slurm Epilog: Jul-16-2026 21:55:53
Job ID:        11219999
User ID:       hjiang420
Account:       gts-aivanova7-lab
Job name:      eval_longcontext.sbatch
Resources:     cpu=8,gres/gpu:a100=1,mem=64G,node=1
Rsrc Used:     cput=02:56:00,vmem=0,walltime=00:22:00,mem=8515216K,energy_used=0
Partition:     gpu-a100
QOS:           inferno
Nodes:         atl1-1-01-006-11-0
---------------------------------------
