---------------------------------------
Begin Slurm Prolog: Jul-27-2026 13:18:37
Job ID:    11520702
User ID:   hjiang420
Account:   gts-aivanova7-lab
Job name:  eval_carry_ablation.sbatch
Partition: gpu-a100
QOS:       inferno
---------------------------------------
[ok]  cortex-retro-ft/rung1-k32-ga-rs-ep3-rcl/final_checkpoint
      already prepared
      flags: {'use_memory': True, 'memory_slots': 32, 'memory_slots_iter': 0, 'memory_heads': 4, 'ccot_direct': False, 'h_T_proj': True, 'lora_rank': 0, 'lora_alpha': 32.0, 'mean_recurrence': 8, 'mean_backprop_depth': 8}
=== carry ablation: rung1-k32-ga-rs-ep3-rcl -> eval_results/carry_ablation_20260727/rung1-k32-ga-rs-ep3-rcl ===
Loading: cortex-retro-ft/rung1-k32-ga-rs-ep3-rcl/final_checkpoint  (overlay: None)
Loading checkpoint shards:   0%|          | 0/2 [00:00<?, ?it/s]Loading checkpoint shards:  50%|█████     | 1/2 [03:32<03:32, 212.61s/it]Loading checkpoint shards: 100%|██████████| 2/2 [03:54<00:00, 100.46s/it]Loading checkpoint shards: 100%|██████████| 2/2 [03:54<00:00, 117.28s/it]
T=8  n_chunks=4
data/pg19_olmo_val_len4096: 50 rows, evaluating 50
  25/50 samples...
  50/50 samples...

  Chunk       N    carried     zeroed    d(zeroed)   (delta>0 => that carry content helps)
  ------------------------------------------------
  1          50     2.4540     2.4540      0.00000
  2          50     2.7983     2.8256      0.02733
  3          50     2.8293     2.8581      0.02879
  4          50     2.8968     2.9254      0.02864

  chunks 2+ [ zeroed]: delta = 0.02826 (SE 0.00096)  [chunk 1 is the identical-by-construction control]

Results saved -> eval_results/carry_ablation_20260727/rung1-k32-ga-rs-ep3-rcl
---------------------------------------
Begin Slurm Epilog: Jul-27-2026 13:23:20
Job ID:        11520702
User ID:       hjiang420
Account:       gts-aivanova7-lab
Job name:      eval_carry_ablation.sbatch
Resources:     cpu=8,gres/gpu:a100=1,mem=64G,node=1
Rsrc Used:     cput=00:37:52,vmem=0,walltime=00:04:44,mem=8493820K,energy_used=0
Partition:     gpu-a100
QOS:           inferno
Nodes:         atl1-1-02-018-29-0
---------------------------------------
