---------------------------------------
Begin Slurm Prolog: Sep-17-2026 18:41:08
Job ID:    13304815
User ID:   hjiang420
Account:   gts-aivanova7-lab
Job name:  gate_ad
Partition: gpu-h200
QOS:       inferno
---------------------------------------
ERROR: no prose at ../cortex_next_phase_framework.md
---------------------------------------
Begin Slurm Epilog: Sep-17-2026 18:41:11
Job ID:        13304815
User ID:       hjiang420
Account:       gts-aivanova7-lab
Job name:      gate_ad
Resources:     cpu=8,gres/gpu:h200=1,mem=64G,node=1
Rsrc Used:     cput=00:00:32,vmem=0,walltime=00:00:04,mem=38908K,energy_used=0
Partition:     gpu-h200
QOS:           inferno
Nodes:         atl1-1-03-019-14-0
---------------------------------------
