---------------------------------------
Begin Slurm Prolog: Jul-16-2026 22:15:29
Job ID:    11220003
User ID:   hjiang420
Account:   gts-aivanova7-lab
Job name:  eval_longcontext.sbatch
Partition: gpu-a100
QOS:       inferno
---------------------------------------
[ok]  cortex-retro-ft/rung1-k0-acc4v-tb2-rs-ep3-rcl/final_checkpoint
      already prepared
      flags: {'use_memory': True, 'memory_slots': 0, 'memory_slots_iter': 0, 'memory_heads': 4, 'ccot_direct': False, 'h_T_proj': True, 'lora_rank': 0, 'lora_alpha': 32.0, 'mean_recurrence': 8, 'mean_backprop_depth': 8}
=== long-context eval: rung1-k0-acc4v-tb2-rs-ep3-rcl-ppc1-ccot4-nc1-sl4096  (cortex-retro-ft/rung1-k0-acc4v-tb2-rs-ep3-rcl/final_checkpoint) -> eval_results/longcontext_20260716/rung1-k0-acc4v-tb2-rs-ep3-rcl-ppc1-ccot4-nc1-sl4096 ===
Loading checkpoint: None
Loading checkpoint shards:   0%|          | 0/2 [00:00<?, ?it/s]Loading checkpoint shards:  50%|█████     | 1/2 [01:20<01:20, 80.48s/it]Loading checkpoint shards: 100%|██████████| 2/2 [01:39<00:00, 44.26s/it]Loading checkpoint shards: 100%|██████████| 2/2 [01:39<00:00, 49.70s/it]
T=8  tasks=['qa1', 'qa2', 'qa3']  num_chunks=1  passes_per_chunk=1  ccot_passes=4

--- qa1 ---
  [qa1/1k] 50 examples processed...
  [qa1/1k] 100 examples processed...
  [qa1/2k] 50 examples processed...
  [qa1/2k] 100 examples processed...
  [qa1/4k] 50 examples processed...
  [qa1/4k] 100 examples processed...
  [qa1/8k] 50 examples processed...
  [qa1/8k] 100 examples processed...
  [qa1/16k] 50 examples processed...
  [qa1/16k] 100 examples processed...
  [qa1/32k] 50 examples processed...
  [qa1/32k] 100 examples processed...
  Bucket        Correct    Total      Acc
  ----------------------------------------
  1k                 24      100    0.240
  2k                 16      100    0.160
  4k                  0      100    0.000
  8k                  0      100    0.000
  16k                 0      100    0.000
  32k                 0      100    0.000

--- qa2 ---
  [qa2/1k] 50 examples processed...
  [qa2/1k] 100 examples processed...
  [qa2/2k] 50 examples processed...
  [qa2/2k] 100 examples processed...
  [qa2/4k] 50 examples processed...
  [qa2/4k] 100 examples processed...
  [qa2/8k] 50 examples processed...
  [qa2/8k] 100 examples processed...
  [qa2/16k] 50 examples processed...
  [qa2/16k] 100 examples processed...
  [qa2/32k] 50 examples processed...
  [qa2/32k] 100 examples processed...
  Bucket        Correct    Total      Acc
  ----------------------------------------
  1k                 24      100    0.240
  2k                 12      100    0.120
  4k                  0      100    0.000
  8k                  0      100    0.000
  16k                 0      100    0.000
  32k                 0      100    0.000

--- qa3 ---
  [qa3/1k] 50 examples processed...
  [qa3/1k] 100 examples processed...
  [qa3/2k] 50 examples processed...
  [qa3/2k] 100 examples processed...
  [qa3/4k] 50 examples processed...
  [qa3/4k] 100 examples processed...
  [qa3/8k] 50 examples processed...
  [qa3/8k] 100 examples processed...
  [qa3/16k] 50 examples processed...
  [qa3/16k] 100 examples processed...
  [qa3/32k] 50 examples processed...
  [qa3/32k] 100 examples processed...
  Bucket        Correct    Total      Acc
  ----------------------------------------
  1k                  9      100    0.090
  2k                  2      100    0.020
  4k                  0      100    0.000
  8k                  0      100    0.000
  16k                 0      100    0.000
  32k                 0      100    0.000

Results saved → eval_results/longcontext_20260716/rung1-k0-acc4v-tb2-rs-ep3-rcl-ppc1-ccot4-nc1-sl4096/babilong
Loading checkpoint: None
Loading checkpoint shards:   0%|          | 0/2 [00:00<?, ?it/s]Loading checkpoint shards:  50%|█████     | 1/2 [00:19<00:19, 19.72s/it]Loading checkpoint shards: 100%|██████████| 2/2 [00:23<00:00, 10.59s/it]Loading checkpoint shards: 100%|██████████| 2/2 [00:23<00:00, 11.96s/it]
T=8
  50 examples processed...
  100 examples processed...
  150 examples processed...
  200 examples processed...
  250 examples processed...
  300 examples processed...
  350 examples processed...
  400 examples processed...

  Bucket            Correct    Total      Acc
  --------------------------------------------
  ≤50sess                 0      200    0.000
  >50sess                 0      200    0.000

Results saved → eval_results/longcontext_20260716/rung1-k0-acc4v-tb2-rs-ep3-rcl-ppc1-ccot4-nc1-sl4096/longmemeval
---------------------------------------
Begin Slurm Epilog: Jul-17-2026 00:23:14
Job ID:        11220003
User ID:       hjiang420
Account:       gts-aivanova7-lab
Job name:      eval_longcontext.sbatch
Resources:     cpu=8,gres/gpu:a100=1,mem=64G,node=1
Rsrc Used:     cput=17:02:08,vmem=0,walltime=02:07:46,mem=8652992K,energy_used=0
Partition:     gpu-a100
QOS:           inferno
Nodes:         atl1-1-01-006-3-0
---------------------------------------
