---------------------------------------
Begin Slurm Prolog: Sep-27-2026 20:23:04
Job ID:    13653413
User ID:   hjiang420
Account:   gts-aivanova7-lab
Job name:  j6_readout
Partition: gpu-h200
QOS:       inferno
---------------------------------------
=== J6 read-out | limb=delta | step 93552 ===
    run:        j6-a3z-delta
    checkpoint: cortex-retrofit/j6-a3z-delta/checkpoint_93552
NVIDIA H200, 143771 MiB
ERROR: no cortex-retrofit/j6-a3z-delta/checkpoint_93552/chkpt.pt.  Present:
  (no checkpoint dirs at all)
---------------------------------------
Begin Slurm Epilog: Sep-27-2026 20:23:08
Job ID:        13653413
Array Job ID:  13642522_2
User ID:       hjiang420
Account:       gts-aivanova7-lab
Job name:      j6_readout
Resources:     cpu=8,gres/gpu:h200=1,mem=64G,node=1
Rsrc Used:     cput=00:00:40,vmem=0,walltime=00:00:05,mem=42720K,energy_used=0
Partition:     gpu-h200
QOS:           inferno
Nodes:         atl1-1-02-012-9-0
---------------------------------------
