---------------------------------------
Begin Slurm Prolog: Sep-10-2026 21:54:49
Job ID:    13059847
User ID:   hjiang420
Account:   gts-aivanova7-lab
Job name:  eval_longcontext.sbatch
Partition: gpu-a100
QOS:       inferno
---------------------------------------
[ok]  cortex-retrofit/retro-b2-acc32-cc8-mr8/final_checkpoint
      already prepared
      flags: {'use_memory': True, 'memory_slots': 0, 'memory_slots_iter': 0, 'memory_heads': 4, 'prefix_memory': 'accum', 'accum_vecs': 32, 'accum_max': 256, 'h_T_proj': True, 'lora_rank': 0, 'lora_alpha': 32.0, 'mean_recurrence': 32, 'mean_backprop_depth': 8}
=== long-context eval: retro-b2-acc32-cc8-mr8-T32-nc8-sl512  (cortex-retrofit/retro-b2-acc32-cc8-mr8/final_checkpoint) -> eval_results/longcontext_b2-power/retro-b2-acc32-cc8-mr8-T32-nc8-sl512 ===
Loading checkpoint: None
Loading checkpoint shards:   0%|          | 0/2 [00:00<?, ?it/s]Loading checkpoint shards:  50%|█████     | 1/2 [00:20<00:20, 20.94s/it]Loading checkpoint shards: 100%|██████████| 2/2 [00:25<00:00, 11.13s/it]Loading checkpoint shards: 100%|██████████| 2/2 [00:25<00:00, 12.60s/it]
[cortex] carry buffer: n_vec=32 max_vecs=256 (config.json) -> holds the newest 8 chunks; older writes are dropped by the FIFO
T=32  tasks=['qa3']  num_chunks=8  passes_per_chunk=1  ccot_passes=0  no_carry=False

--- qa3 ---
  [qa3/1k] 6 candidates (chance 16.7%): bathroom, bedroom, garden, hallway, kitchen, office
  [qa3/1k] 50 examples processed...
  [qa3/1k] 100 examples processed...
  [qa3/1k] 150 examples processed...
  [qa3/1k] 200 examples processed...
  [qa3/1k] 250 examples processed...
  [qa3/2k] 6 candidates (chance 16.7%): bathroom, bedroom, garden, hallway, kitchen, office
  [qa3/2k] 50 examples processed...
  [qa3/2k] 100 examples processed...
  [qa3/2k] 150 examples processed...
  [qa3/2k] 200 examples processed...
  [qa3/2k] 250 examples processed...
  [qa3/4k] 6 candidates (chance 16.7%): bathroom, bedroom, garden, hallway, kitchen, office
  [qa3/4k] 50 examples processed...
  [qa3/4k] 100 examples processed...
  [qa3/4k] 150 examples processed...
  [qa3/4k] 200 examples processed...
  [qa3/4k] 250 examples processed...
  [qa3/8k] 6 candidates (chance 16.7%): bathroom, bedroom, garden, hallway, kitchen, office
  [qa3/8k] 50 examples processed...
  [qa3/8k] 100 examples processed...
  [qa3/8k] 150 examples processed...
  [qa3/8k] 200 examples processed...
  [qa3/8k] 250 examples processed...
  [qa3/16k] 6 candidates (chance 16.7%): bathroom, bedroom, garden, hallway, kitchen, office
  [qa3/16k] 50 examples processed...
  [qa3/16k] 100 examples processed...
  [qa3/16k] 150 examples processed...
  [qa3/16k] 200 examples processed...
  [qa3/16k] 250 examples processed...
  [qa3/32k] 6 candidates (chance 16.7%): bathroom, bedroom, garden, hallway, kitchen, office
  [qa3/32k] 50 examples processed...
  [qa3/32k] 100 examples processed...
  [qa3/32k] 150 examples processed...
  [qa3/32k] 200 examples processed...
  [qa3/32k] 250 examples processed...
  Bucket        Correct    Total      Acc
  ----------------------------------------
  1k                 26      250    0.104
  2k                 34      250    0.136
  4k                 27      250    0.108
  8k                 25      250    0.100
  16k                 7      250    0.028
  32k                13      250    0.052

Per-example records → eval_results/longcontext_b2-power/retro-b2-acc32-cc8-mr8-T32-nc8-sl512/babilong-qa3/records.jsonl

Results saved → eval_results/longcontext_b2-power/retro-b2-acc32-cc8-mr8-T32-nc8-sl512/babilong-qa3
---------------------------------------
Begin Slurm Epilog: Sep-11-2026 01:08:37
Job ID:        13059847
User ID:       hjiang420
Account:       gts-aivanova7-lab
Job name:      eval_longcontext.sbatch
Resources:     cpu=8,gres/gpu:a100=1,mem=64G,node=1
Rsrc Used:     cput=1-01:50:32,vmem=0,walltime=03:13:49,mem=7928340K,energy_used=0
Partition:     gpu-a100
QOS:           inferno
Nodes:         atl1-1-01-002-14-0
---------------------------------------
