---------------------------------------
Begin Slurm Prolog: Sep-14-2026 17:30:54
Job ID:    13203119
User ID:   hjiang420
Account:   gts-aivanova7-lab
Job name:  smoke_geometry_oom.sbatch
Partition: gpu-h200
QOS:       inferno
---------------------------------------

CondaError: Run 'conda init' before 'conda deactivate'

=== geometry OOM gate | model=ckpts/olmo-retrofit-cortex | mean_rec=8 ===
    geometries: 4096:8:32
    json: logs/oom_smoke_13203119.jsonl
NVIDIA H200, 143771 MiB
prefix_pack occurrences in the checkpoint's modeling file:
6

######## 4096 x cc8 (bs 32, accum_max 0) ########
=== geometry gate: 4096 tok x cc8 (512-tok chunks) | memory=True | optimizer=True ===
  device: NVIDIA H200, 139.80 GiB total
Random Initialization not implemented.
Random Initialization not implemented.
Random Initialization not implemented.
Loading checkpoint shards:   0%|          | 0/2 [00:00<?, ?it/s]Loading checkpoint shards:  50%|█████     | 1/2 [00:01<00:01,  1.45s/it]Loading checkpoint shards: 100%|██████████| 2/2 [00:01<00:00,  1.36it/s]
Some weights of RavenForCausalLM were not initialized from the model checkpoint at ckpts/olmo-retrofit-cortex and are newly initialized: ['cortex.prefix.summary_emb', 'cortex.prefix.summary_seeded']
You should probably TRAIN this model on a down-stream task to be able to use it for predictions and inference.
[W914 17:31:55.230455948 CUDAAllocatorConfig.h:28] Warning: expandable_segments not supported on this platform (function operator())
  loaded fp32 in 49.4s (1.36B params)
  recurrence: mean 8, backprop depth 8 (from the checkpoint config) -> worst-case num_steps [0 no-grad, 8 with-grad]
  buffer: accum_vecs 32, accum_max 256, carry_grad_chunks 4 of 8
  max packed sequence: 512 + 224 carry rows = 736 (max_position_embeddings=4096)
  note: the FIFO never trims at this setting (8 x 32 <= accum_max 256) — B2's convention, the larger footprint, and the reason eviction was out-of-distribution at eval. Pass --accum_max 128 to price the capped alternative.
  optimizer: MuonWithAuxAdam, 3 groups (57m, 59a, 1a)
  warmup 1/1: loss 14.7244  3.4s  peak 108.10 GiB
  measured: loss 14.1885  1.3s  peak 114.70 GiB

-- result --
  peak allocated : 114.70 GiB
  peak reserved  : 115.44 GiB  (83% of 139.80 GiB, 24.36 GiB headroom)
  micro-step     : 1.3s  -> 0.7 min per optimizer step at batch_size 32 (upper bound: the optimizer step is counted once per micro-step)
  projection     : 17.7 days for 38,147 steps = 8.9 links of 48h

RESULT FITS max_length=4096 cross_chunks=8 chunk_len=512 memory=True optimizer=True peak_alloc_gib=114.70 peak_res_gib=115.44 step_s=1.3
[rank0]:[W914 17:32:00.536396602 ProcessGroupNCCL.cpp:1250] Warning: WARNING: process group has NOT been destroyed before we destruct ProcessGroupNCCL. On normal program exit, the application should call destroy_process_group to ensure that any pending NCCL operations have finished in this process. In rare cases this process can exit before this point and block the progress of another member of the process group. This constraint has always been present,  but this warning has only been added since PyTorch 2.4 (function operator())

######## control: 4096 x cc8 (bs 32), no memory ########
=== geometry gate: 4096 tok x cc8 (512-tok chunks) | memory=False | optimizer=True ===
  device: NVIDIA H200, 139.80 GiB total
Loading checkpoint shards:   0%|          | 0/2 [00:00<?, ?it/s]Loading checkpoint shards: 100%|██████████| 2/2 [00:00<00:00, 81.87it/s]
[W914 17:32:12.585478378 CUDAAllocatorConfig.h:28] Warning: expandable_segments not supported on this platform (function operator())
  loaded fp32 in 7.7s (1.36B params)
  recurrence: mean 8, backprop depth 8 (from the checkpoint config) -> worst-case num_steps [0 no-grad, 8 with-grad]
  buffer: accum_vecs 0, accum_max 256, carry_grad_chunks 4 of 8
  max packed sequence: 512 + 0 carry rows = 512 (max_position_embeddings=4096)
  optimizer: MuonWithAuxAdam, 2 groups (57m, 59a)
  warmup 1/1: loss 15.0511  1.8s  peak 99.37 GiB
  measured: loss 14.4039  1.2s  peak 105.97 GiB

-- result --
  peak allocated : 105.97 GiB
  peak reserved  : 106.25 GiB  (76% of 139.80 GiB, 33.55 GiB headroom)
  micro-step     : 1.2s  -> 0.6 min per optimizer step at batch_size 32 (upper bound: the optimizer step is counted once per micro-step)
  projection     : 16.3 days for 38,147 steps = 8.2 links of 48h

RESULT FITS max_length=4096 cross_chunks=8 chunk_len=512 memory=False optimizer=True peak_alloc_gib=105.97 peak_res_gib=106.25 step_s=1.2
[rank0]:[W914 17:32:16.999105323 ProcessGroupNCCL.cpp:1250] Warning: WARNING: process group has NOT been destroyed before we destruct ProcessGroupNCCL. On normal program exit, the application should call destroy_process_group to ensure that any pending NCCL operations have finished in this process. In rare cases this process can exit before this point and block the progress of another member of the process group. This constraint has always been present,  but this warning has only been added since PyTorch 2.4 (function operator())

=== summary ===
    row  cc  chunk   mem  amax status    alloc  reserved  %dev  s/step
   4096   8    512  True   256   FITS   114.70    115.44    83     1.2
   4096   8    512 False   256   FITS   105.97    106.25    76     1.1

(no 8192 x cc16 memory row in the json — the decision row did not run)
---------------------------------------
Begin Slurm Epilog: Sep-14-2026 17:32:17
Job ID:        13203119
User ID:       hjiang420
Account:       gts-aivanova7-lab
Job name:      smoke_geometry_oom.sbatch
Resources:     cpu=8,gres/gpu:h200=1,mem=96G,node=1
Rsrc Used:     cput=00:11:12,vmem=0,walltime=00:01:24,mem=3931816K,energy_used=0
Partition:     gpu-h200
QOS:           inferno
Nodes:         atl1-1-02-012-2-0
---------------------------------------
