---------------------------------------
Begin Slurm Prolog: Sep-26-2026 20:08:32
Job ID:    13618577
User ID:   hjiang420
Account:   gts-aivanova7-lab
Job name:  j5_joint
Partition: gpu-h200
QOS:       inferno
---------------------------------------

CondaError: Run 'conda init' before 'conda deactivate'

  ok   vocab_size 100278 on both
  ok   eos_token_id 100257 on both
  ok   all 29 carry pieces keep their ids
  ok   the 58-id probe string round-trips identically

TOKENIZER MATCH -- the pack is safe under the model's tokenizer.
=== J5 buffer-contents arm | limb=zonly | run=j5-a3z-endpoint-zonly-smoke ===
    base:      ckpts/olmo8-cortex   (NO branch: step 0 -> stop 10, horizon 305176)
    data:      data/j1_pg19fw50_carry20_len4096   (READ THIS LINE -- the only proof the pack arrived)
    geometry:  gated W=16 K=64 cc=8 grad_chunks=4 window_backward=1
    depth:     mean_recurrence 8, backprop depth 8, RAMP OFF (see item 3)
    packed:    64 E + 64 Z + 512 tokens + 16 summary = 656 columns
    read:      --cortex.latent_read embeds --cortex.latent_read_znorm rms --cortex.latent_read_znorm_target 116.0 --cortex.latent_read_scramble false --cortex.e_carry_read false --cortex.latent_carry_read true
    schedule:  warmup 250 updates (absolute), save every 2000, diag every 1
NVIDIA H200, 143771 MiB

[W926 20:08:54.372956277 CUDAAllocatorConfig.h:28] Warning: expandable_segments not supported on this platform (function operator())
Sat Sep 26 20:08:52: Time to load libraries: 5.96 seconds.
--------------------------------------------------------------------
------------------ Launching run j5-a3z-endpoint-zonly-smoke------------------
--------------------------------------------------------------------
--------------------------------------------------------------------
Platform: linux, Python: 3.11.15, PyTorch: 2.5.1+cu121
CPU threads: 8, GPUs: 1 on atl1-1-03-020-18-0.pace.gatech.edu.
GPU : NVIDIA H200. CUDA: 12.1.
[cortex] memory ON: K=0 K_iter=0 ccot_direct=False accum_ccot=False (vecs=16/max=128) gated_accum=False prefix_memory=gated gate(K=64,route=ring,norm=tanh,init=zero,fill=grow) latent(Z on, rule=absolute,band=2..9,renorm=none,read=embeds,EMBEDS(J4: Z as its own input_embeds columns),enc=endpoint,znorm=116.0) prefix_pos=tail prefix_eos_reset=False cross_chunks=8 carry_grad_chunks=4 random_segments=False lora_rank=0
[cortex] Z channel ON.  latent_depth_rule='absolute' is P0.7's question (evals/diag_depth_band.py): P0.1 measured the band at a SINGLE T and cannot say whether 'informative' tracks the absolute step or the fraction of the loop.  If P0.7 has not reported, this run is asserting an answer it does not have -- record which, in this run's sbatch header.
Random Initialization not implemented.
Random Initialization not implemented.
Random Initialization not implemented.
Random Initialization not implemented.
Random Initialization not implemented.
Random Initialization not implemented.
Random Initialization not implemented.
Random Initialization not implemented.
Random Initialization not implemented.
Loading checkpoint shards:   0%|          | 0/2 [00:00<?, ?it/s]Loading checkpoint shards:  50%|█████     | 1/2 [01:06<01:06, 66.96s/it]Loading checkpoint shards: 100%|██████████| 2/2 [01:09<00:00, 28.80s/it]Loading checkpoint shards: 100%|██████████| 2/2 [01:09<00:00, 34.52s/it]
Some weights of RavenForCausalLM were not initialized from the model checkpoint at ckpts/olmo8-cortex and are newly initialized: ['cortex.latent_embed.proj.weight', 'cortex.prefix.forget_bias', 'cortex.prefix.forget_bias_z', 'cortex.prefix.gate_proj_in.bias', 'cortex.prefix.gate_proj_in.weight', 'cortex.prefix.gate_proj_in_z.bias', 'cortex.prefix.gate_proj_in_z.weight', 'cortex.prefix.gate_proj_mem.bias', 'cortex.prefix.gate_proj_mem.weight', 'cortex.prefix.gate_proj_mem_z.bias', 'cortex.prefix.gate_proj_mem_z.weight', 'cortex.prefix.input_bias', 'cortex.prefix.input_bias_z', 'cortex.prefix.summary_emb', 'cortex.prefix.summary_seeded']
You should probably TRAIN this model on a down-stream task to be able to use it for predictions and inference.
wandb: [wandb.login()] Loaded credentials for https://api.wandb.ai from /storage/home/hcoda1/3/hjiang420/.netrc.
wandb: Currently logged in as: henryyjiang42 (henryyjiang42-georgia-institute-of-technology) to https://api.wandb.ai. Use `wandb login --relogin` to force relogin
wandb: Tracking run with wandb version 0.28.0
wandb: Run data is saved locally in cortex-retrofit/wandb/run-20260926_201007-z8ecctif
wandb: Run `wandb offline` to turn off syncing.
wandb: Syncing run j5-a3z-endpoint-zonly-smoke
wandb: ⭐️ View project at https://wandb.ai/henryyjiang42-georgia-institute-of-technology/cortex-retrofit
wandb: 🚀 View run at https://wandb.ai/henryyjiang42-georgia-institute-of-technology/cortex-retrofit/runs/z8ecctif
wandb: updating run metadata
wandb: uploading history steps 9-9, summary, console lines 15-19
wandb: 
wandb: Run history:
wandb:              cortex/channels ▁▁▁▁▁▁▁▁▁▁
wandb:      cortex/e_centred_cosine ▄▁▄▅▅█▄▅▅▃
wandb:    cortex/e_eff_rank_entropy ▄█▃▄▃▃▄▁▁▃
wandb: cortex/e_eff_rank_entropy_sq ▄█▃▃▃▁▃▁▁▂
wandb:         cortex/e_eff_rank_pr ▄█▃▃▂▁▃▁▁▃
wandb:            cortex/e_row_norm ▅▁▅▆██▄█▂▆
wandb:          cortex/e_top1_share ▅▁▅▆▆█▅▆▇▅
wandb:            cortex/fg_at_bias ██▇▇▆▆▅▄▂▁
wandb:          cortex/fg_z_at_bias ▂▂▂▂▂▂▁▂▅█
wandb:        cortex/gate_in_w_norm ▁▁▂▂▃▄▅▆▇█
wandb:                          +65 ...
wandb: 
wandb: Run summary:
wandb:              cortex/channels 2
wandb:      cortex/e_centred_cosine -0.00289
wandb:    cortex/e_eff_rank_entropy 19.27557
wandb: cortex/e_eff_rank_entropy_sq 4.45421
wandb:         cortex/e_eff_rank_pr 2.85834
wandb:            cortex/e_row_norm 118.90872
wandb:          cortex/e_top1_share 0.51721
wandb:            cortex/fg_at_bias 0.73104
wandb:          cortex/fg_z_at_bias 0.73106
wandb:        cortex/gate_in_w_norm 0.13544
wandb:                          +65 ...
wandb: 
wandb: 🚀 View run j5-a3z-endpoint-zonly-smoke at: https://wandb.ai/henryyjiang42-georgia-institute-of-technology/cortex-retrofit/runs/z8ecctif
wandb: ⭐️ View project at: https://wandb.ai/henryyjiang42-georgia-institute-of-technology/cortex-retrofit
wandb: Synced 5 W&B file(s), 0 media file(s), 0 artifact file(s) and 0 other file(s)
wandb: Find logs at: cortex-retrofit/wandb/run-20260926_201007-z8ecctif/logs
[cortex] reset 5 cortex submodules to nn defaults + re-applied designed inits ['prefix.[summary_emb~N(reseeded from wte on first forward),forget_bias=1,input_bias=0,gate_init=zero,forget_bias_z=1,input_bias_z=0,gate_init_z=zero]', 'latent_embed.[proj=I, bias=none]'] (undo post_init clobber)
[cortex] override mean_backprop_depth 8 -> 8 (shorter TBPTT window)
[cortex] override mean_recurrence 8 -> 8
[cortex] window_backward: one backward per 4-chunk carry window (2 per row), so the peak holds 4 of 8 chunks' activations.  Same gradient as one backward per row, to fp summation order.
GPU: cuda:0 | Step:    2 | Updates:    1 | Time/step: 19.1530 | Tok/sec=   427.71 | Loss: 9.7989 / log-ppl: 18013.8594 | Grad-Norm 107.6882 | ClipCoef 0.0093 | Peak-Mem 83.88GiB
[timeout-save] walltime deadline resolved: 2565s from now
GPU: cuda:0 | Step:    4 | Updates:    2 | Time/step: 2.2983 | Tok/sec=  3564.44 | Loss: 9.4699 / log-ppl: 12963.3457 | Grad-Norm 170.6137 | ClipCoef 0.0059 | Peak-Mem 90.75GiB
GPU: cuda:0 | Step:    6 | Updates:    3 | Time/step: 2.9671 | Tok/sec=  2760.91 | Loss: 9.8476 / log-ppl: 18912.4238 | Grad-Norm 88.5901 | ClipCoef 0.0113 | Peak-Mem 90.63GiB
GPU: cuda:0 | Step:    8 | Updates:    4 | Time/step: 1.7350 | Tok/sec=  4721.50 | Loss: 9.5353 / log-ppl: 13839.3018 | Grad-Norm 90.4216 | ClipCoef 0.0111 | Peak-Mem 90.75GiB
GPU: cuda:0 | Step:   10 | Updates:    5 | Time/step: 0.8397 | Tok/sec=  9755.46 | Loss: 9.6038 / log-ppl: 14820.3408 | Grad-Norm 89.0887 | ClipCoef 0.0112 | Peak-Mem 60.91GiB
GPU: cuda:0 | Step:   12 | Updates:    6 | Time/step: 1.2562 | Tok/sec=  6521.32 | Loss: 9.0986 / log-ppl: 8942.8525 | Grad-Norm 75.1584 | ClipCoef 0.0133 | Peak-Mem 90.63GiB
GPU: cuda:0 | Step:   14 | Updates:    7 | Time/step: 1.8892 | Tok/sec=  4336.27 | Loss: 9.0978 / log-ppl: 8935.4365 | Grad-Norm 55.3531 | ClipCoef 0.0181 | Peak-Mem 75.89GiB
GPU: cuda:0 | Step:   16 | Updates:    8 | Time/step: 1.7948 | Tok/sec=  4564.21 | Loss: 8.5692 / log-ppl: 5266.8970 | Grad-Norm 123.2463 | ClipCoef 0.0081 | Peak-Mem 90.75GiB
GPU: cuda:0 | Step:   18 | Updates:    9 | Time/step: 1.1204 | Tok/sec=  7311.38 | Loss: 9.3115 / log-ppl: 11064.2539 | Grad-Norm 59.7813 | ClipCoef 0.0167 | Peak-Mem 68.46GiB
GPU: cuda:0 | Step:   20 | Updates:   10 | Time/step: 1.5438 | Tok/sec=  5306.51 | Loss: 8.9095 / log-ppl: 7402.1294 | Grad-Norm 61.4610 | ClipCoef 0.0163 | Peak-Mem 90.75GiB
[stop_at_step] reached 10 — ending this phase (schedule horizon max_steps=305176 unchanged)
[rank 0] Saved checkpoint @ step 10
--------------------------------------------------------------------
Training time: 0:02:53.056977 
Max. Mem allocated: 12.162 GB. Max. Mem reserved: 91.145 GB.
--------------------------------------------------------------------
--------------------------------------------------------------------
Run None finished without error.
---------Total time: 0:03:02.370361 ---------
-----------------Shutdown complete.--------------------------

=== SMOKE GATE | j5-a3z-endpoint-zonly-smoke | limb=zonly ===
  ok   10 diag rows, steps 1..10
  ok   z_znorm_target 116.0 on every row
  ok   z_n_zpre max 64 of 64
  ok   z_e_carried_norm mean 116.57 vs target 116.00 (100%)
  ok   z_embed_ratio 0.9932 -> 0.9957
  ok   z_read_grad_frac min 1.0
  ok   z_write_grad_frac max 1.000
  ok   loop iterations 3..13, mean 7.7
  ok   loss 9.7989 -> 8.9095, all finite
  FAIL z_e_carry_read [1] on limb zonly, expected 0: this limb did not run its own condition.
  FAIL VETO 1: the zonly limb spliced E rows of norm up to 116.9, expected EXACTLY 0.  E's read is not off and this limb is not the Z-only condition.

SMOKE GATE FAILED (2): do NOT launch the real limbs until this is understood.  ../j5_prereg.md S3.
J5 zonly SMOKE GATE FAILED -- exit 1, so anything queued
  --dependency=afterok on this job will NOT start.
---------------------------------------
Begin Slurm Epilog: Sep-26-2026 20:11:49
Job ID:        13618577
Array Job ID:  13618573_0
User ID:       hjiang420
Account:       gts-aivanova7-lab
Job name:      j5_joint
Resources:     cpu=8,gres/gpu:h200=1,mem=128G,node=1
Rsrc Used:     cput=00:26:32,vmem=0,walltime=00:03:19,mem=14804976K,energy_used=0
Partition:     gpu-h200
QOS:           inferno
Nodes:         atl1-1-03-020-18-0
---------------------------------------
