---------------------------------------
Begin Slurm Prolog: Aug-07-2026 22:49:17
Job ID:    11740943
User ID:   hjiang420
Account:   gts-aivanova7-lab
Job name:  eval_carry_ablation.sbatch
Partition: gpu-a100
QOS:       inferno
---------------------------------------

CondaError: Run 'conda init' before 'conda deactivate'

[ok]  cortex-retro-ft/rung1-pfxaccum32-cc4-tb2-rs-pg19-ep3/final_checkpoint
      already prepared
      flags: {'use_memory': True, 'memory_slots': 0, 'memory_slots_iter': 0, 'memory_heads': 4, 'prefix_memory': 'accum', 'accum_vecs': 32, 'accum_max': 128, 'h_T_proj': True, 'lora_rank': 0, 'lora_alpha': 32.0, 'mean_recurrence': 8, 'mean_backprop_depth': 8}
=== carry ablation: rung1-pfxaccum32-cc4-tb2-rs-pg19-ep3 -> eval_results/carry_ablation_rung1-20260807/rung1-pfxaccum32-cc4-tb2-rs-pg19-ep3 ===
Loading: cortex-retro-ft/rung1-pfxaccum32-cc4-tb2-rs-pg19-ep3/final_checkpoint  (overlay: None)
Loading checkpoint shards:   0%|          | 0/2 [00:00<?, ?it/s]Loading checkpoint shards:  50%|█████     | 1/2 [00:29<00:29, 29.50s/it]Loading checkpoint shards: 100%|██████████| 2/2 [00:33<00:00, 14.71s/it]Loading checkpoint shards: 100%|██████████| 2/2 [00:33<00:00, 16.93s/it]
Slice ablation: ['oldest', 'newest']  n=32 vectors (accum_vecs=32)  op=drop
T=8  n_chunks=4
data/pg19_olmo_val_len4096: 50 rows, evaluating 50
Traceback (most recent call last):
  File "/storage/home/hcoda1/3/hjiang420/cortex-finetune/evals/eval_carry_ablation.py", line 251, in <module>
    main()
  File "/storage/home/hcoda1/3/hjiang420/cortex-finetune/evals/eval_carry_ablation.py", line 186, in main
    rows = {c: chunk_losses(model, x, y, ym, args.n_chunks, num_steps, c,
           ^^^^^^^^^^^^^^^^^^^^^^^^^^^^^^^^^^^^^^^^^^^^^^^^^^^^^^^^^^^^^^
  File "/storage/home/hcoda1/3/hjiang420/cortex-finetune/evals/eval_carry_ablation.py", line 186, in <dictcomp>
    rows = {c: chunk_losses(model, x, y, ym, args.n_chunks, num_steps, c,
               ^^^^^^^^^^^^^^^^^^^^^^^^^^^^^^^^^^^^^^^^^^^^^^^^^^^^^^^^^^
  File "/storage/home/hcoda1/3/hjiang420/.conda/envs/cortex-retro/lib/python3.11/site-packages/torch/utils/_contextlib.py", line 116, in decorate_context
    return func(*args, **kwargs)
           ^^^^^^^^^^^^^^^^^^^^^
  File "/storage/home/hcoda1/3/hjiang420/cortex-finetune/evals/eval_carry_ablation.py", line 126, in chunk_losses
    new_rows = ret[:, -n_vec:]
               ~~~^^^^^^^^^^^^
TypeError: 'NoneType' object is not subscriptable
---------------------------------------
Begin Slurm Epilog: Aug-07-2026 22:50:21
Job ID:        11740943
User ID:       hjiang420
Account:       gts-aivanova7-lab
Job name:      eval_carry_ablation.sbatch
Resources:     cpu=8,gres/gpu:a100=1,mem=64G,node=1
Rsrc Used:     cput=00:08:32,vmem=0,walltime=00:01:04,mem=6659244K,energy_used=0
Partition:     gpu-a100
QOS:           inferno
Nodes:         atl1-1-01-006-1-0
---------------------------------------
