---------------------------------------
Begin Slurm Prolog: Jul-14-2026 15:20:38
Job ID:    11159173
User ID:   hjiang420
Account:   gts-aivanova7-lab
Job name:  eval_carry_ablation.sbatch
Partition: gpu-a100
QOS:       inferno
---------------------------------------
[ok]  cortex-retro-ft/rung1-k4-ri1e-3/final_checkpoint
      already prepared
      flags: {'use_memory': True, 'memory_slots': 4, 'memory_slots_iter': 0, 'memory_heads': 4, 'ccot_direct': False, 'h_T_proj': True, 'lora_rank': 0, 'lora_alpha': 32.0, 'mean_recurrence': 8, 'mean_backprop_depth': 8}
=== carry ablation: rung1-k4-ri1e-3 -> eval_results/carry_ablation_20260714-rcl100/rung1-k4-ri1e-3 ===
Loading: cortex-retro-ft/rung1-k4-ri1e-3/final_checkpoint  (overlay: None)
Loading checkpoint shards:   0%|          | 0/2 [00:00<?, ?it/s]Loading checkpoint shards:  50%|█████     | 1/2 [04:46<04:46, 286.67s/it]Loading checkpoint shards: 100%|██████████| 2/2 [09:06<00:00, 270.84s/it]Loading checkpoint shards: 100%|██████████| 2/2 [09:06<00:00, 273.21s/it]
T=8  n_chunks=4
data/pg19_olmo_val_recall100_len4096: 50 rows, evaluating 50
  25/50 samples...
  50/50 samples...

  Chunk       N    carried     zeroed   delta(z-c)        SE  (delta>0 => carry helps)
  ------------------------------------------------------------
  1          50     2.5081     2.5081      0.00000   0.00000
  2          50     2.8492     2.8534      0.00425   0.00079
  3          50     2.8769     2.8814      0.00442   0.00084
  4          50     2.9673     2.9707      0.00338   0.00077

  chunks 2+ aggregate: delta = 0.00402 (SE 0.00046)  [chunk 1 is the identical-by-construction control]

Results saved -> eval_results/carry_ablation_20260714-rcl100/rung1-k4-ri1e-3
---------------------------------------
Begin Slurm Epilog: Jul-14-2026 15:30:33
Job ID:        11159173
User ID:       hjiang420
Account:       gts-aivanova7-lab
Job name:      eval_carry_ablation.sbatch
Resources:     cpu=8,gres/gpu:a100=1,mem=64G,node=1
Rsrc Used:     cput=01:19:28,vmem=0,walltime=00:09:56,mem=8496516K,energy_used=0
Partition:     gpu-a100
QOS:           inferno
Nodes:         atl1-1-01-006-3-0
---------------------------------------
