---------------------------------------
Begin Slurm Prolog: Jul-13-2026 03:05:43
Job ID:    11085618
User ID:   hjiang420
Account:   gts-aivanova7-lab
Job name:  eval_carry_ablation.sbatch
Partition: gpu-a100
QOS:       inferno
---------------------------------------

CondaError: Run 'conda init' before 'conda deactivate'

[ok]  cortex-retro-ft/rung2-k4-unfreeze500/final_checkpoint
      already prepared
      flags: {'use_memory': True, 'memory_slots': 4, 'memory_slots_iter': 0, 'memory_heads': 4, 'ccot_direct': False, 'h_T_proj': True, 'lora_rank': 0, 'lora_alpha': 32.0, 'mean_recurrence': 8, 'mean_backprop_depth': 8}
=== carry ablation: rung2-k4-unfreeze500 -> eval_results/carry_ablation_20260713/rung2-k4-unfreeze500 ===
Loading: cortex-retro-ft/rung2-k4-unfreeze500/final_checkpoint  (overlay: None)
Loading checkpoint shards:   0%|          | 0/2 [00:00<?, ?it/s]Loading checkpoint shards:  50%|█████     | 1/2 [01:10<01:10, 70.66s/it]Loading checkpoint shards: 100%|██████████| 2/2 [01:26<00:00, 38.54s/it]Loading checkpoint shards: 100%|██████████| 2/2 [01:26<00:00, 43.36s/it]
T=8  n_chunks=4
data/pg19_olmo_val_len4096: 50 rows, evaluating 50
  25/50 samples...
  50/50 samples...

  Chunk       N    carried     zeroed   delta(z-c)        SE  (delta>0 => carry helps)
  ------------------------------------------------------------
  1          50     2.4433     2.4433      0.00000   0.00000
  2          50     2.7847     2.7880      0.00326   0.00056
  3          50     2.8184     2.8218      0.00342   0.00071
  4          50     2.8837     2.8877      0.00402   0.00074

  chunks 2+ aggregate: delta = 0.00357 (SE 0.00039)  [chunk 1 is the identical-by-construction control]

Results saved -> eval_results/carry_ablation_20260713/rung2-k4-unfreeze500
---------------------------------------
Begin Slurm Epilog: Jul-13-2026 03:07:56
Job ID:        11085618
User ID:       hjiang420
Account:       gts-aivanova7-lab
Job name:      eval_carry_ablation.sbatch
Resources:     cpu=8,gres/gpu:a100=1,mem=64G,node=1
Rsrc Used:     cput=00:17:52,vmem=0,walltime=00:02:14,mem=8779704K,energy_used=0
Partition:     gpu-a100
QOS:           inferno
Nodes:         atl1-1-02-018-29-0
---------------------------------------
