---------------------------------------
Begin Slurm Prolog: Jul-27-2026 12:50:03
Job ID:    11520697
User ID:   hjiang420
Account:   gts-aivanova7-lab
Job name:  eval_carry_ablation.sbatch
Partition: gpu-a100
QOS:       inferno
---------------------------------------
[ok]  cortex-retro-ft/rung1-k0-acc4v-tb4-rs-ep3-rcl/final_checkpoint
      already prepared
      flags: {'use_memory': True, 'memory_slots': 0, 'memory_slots_iter': 0, 'memory_heads': 4, 'ccot_direct': False, 'h_T_proj': True, 'lora_rank': 0, 'lora_alpha': 32.0, 'mean_recurrence': 8, 'mean_backprop_depth': 8}
=== carry ablation: rung1-k0-acc4v-tb4-rs-ep3-rcl -> eval_results/carry_ablation_20260727/rung1-k0-acc4v-tb4-rs-ep3-rcl ===
Loading: cortex-retro-ft/rung1-k0-acc4v-tb4-rs-ep3-rcl/final_checkpoint  (overlay: None)
Loading checkpoint shards:   0%|          | 0/2 [00:00<?, ?it/s]Loading checkpoint shards:  50%|█████     | 1/2 [03:35<03:35, 215.67s/it]Loading checkpoint shards: 100%|██████████| 2/2 [04:00<00:00, 103.27s/it]Loading checkpoint shards: 100%|██████████| 2/2 [04:00<00:00, 120.13s/it]
Slice ablation: ['oldest', 'newest']  n=4 vectors (accum_vecs=4)  op=drop
T=8  n_chunks=4
data/pg19_olmo_val_len4096: 50 rows, evaluating 50
  25/50 samples...
  50/50 samples...

  Chunk       N    carried     zeroed    d(zeroed)     oldest    d(oldest)     newest    d(newest)   (delta>0 => that carry content helps)
  ------------------------------------------------------------------------------------------------
  1          50     2.4494     2.4494      0.00000     2.4494      0.00000     2.4494      0.00000
  2          50     2.7970     2.8206      0.02359     2.8206      0.02359     2.8206      0.02359
  3          50     2.8289     2.8526      0.02366     2.8327      0.00381     2.8418      0.01291
  4          50     2.8988     2.9222      0.02334     2.9016      0.00276     2.9076      0.00877

  chunks 2+ [ zeroed]: delta = 0.02353 (SE 0.00097)  [chunk 1 is the identical-by-construction control]

  chunks 2+ [ oldest]: delta = 0.01005 (SE 0.00108)

  chunks 2+ [ newest]: delta = 0.01509 (SE 0.00108)

Results saved -> eval_results/carry_ablation_20260727/rung1-k0-acc4v-tb4-rs-ep3-rcl
---------------------------------------
Begin Slurm Epilog: Jul-27-2026 12:55:44
Job ID:        11520697
User ID:       hjiang420
Account:       gts-aivanova7-lab
Job name:      eval_carry_ablation.sbatch
Resources:     cpu=8,gres/gpu:a100=1,mem=64G,node=1
Rsrc Used:     cput=00:45:36,vmem=0,walltime=00:05:42,mem=8993964K,energy_used=0
Partition:     gpu-a100
QOS:           inferno
Nodes:         atl1-1-02-018-29-0
---------------------------------------
