---------------------------------------
Begin Slurm Prolog: Sep-10-2026 16:24:57
Job ID:    13059841
User ID:   hjiang420
Account:   gts-aivanova7-lab
Job name:  eval_longcontext.sbatch
Partition: gpu-a100
QOS:       inferno
---------------------------------------
[ok]  cortex-retrofit/retro-b2-acc32-cc8-mr8/final_checkpoint
      already prepared
      flags: {'use_memory': True, 'memory_slots': 0, 'memory_slots_iter': 0, 'memory_heads': 4, 'prefix_memory': 'accum', 'accum_vecs': 32, 'accum_max': 256, 'h_T_proj': True, 'lora_rank': 0, 'lora_alpha': 32.0, 'mean_recurrence': 32, 'mean_backprop_depth': 8}
=== long-context eval: retro-b2-acc32-cc8-mr8-T16-nc8-sl512-nocarry  (cortex-retrofit/retro-b2-acc32-cc8-mr8/final_checkpoint) -> eval_results/longcontext_b2-power/retro-b2-acc32-cc8-mr8-T16-nc8-sl512-nocarry ===
Loading checkpoint: None
Loading checkpoint shards:   0%|          | 0/2 [00:00<?, ?it/s]Loading checkpoint shards:  50%|█████     | 1/2 [01:30<01:30, 90.00s/it]Loading checkpoint shards: 100%|██████████| 2/2 [01:43<00:00, 45.09s/it]Loading checkpoint shards: 100%|██████████| 2/2 [01:43<00:00, 51.83s/it]
[cortex] carry buffer: n_vec=32 max_vecs=256 (config.json) -> holds the newest 8 chunks; older writes are dropped by the FIFO
T=16  tasks=['qa1', 'qa2', 'qa3']  num_chunks=8  passes_per_chunk=1  ccot_passes=0  no_carry=True

--- qa1 ---
  [qa1/1k] 6 candidates (chance 16.7%): bathroom, bedroom, garden, hallway, kitchen, office
  [qa1/1k] 50 examples processed...
  [qa1/1k] 100 examples processed...
  [qa1/1k] 150 examples processed...
  [qa1/1k] 200 examples processed...
  [qa1/1k] 250 examples processed...
  [qa1/2k] 6 candidates (chance 16.7%): bathroom, bedroom, garden, hallway, kitchen, office
  [qa1/2k] 50 examples processed...
  [qa1/2k] 100 examples processed...
  [qa1/2k] 150 examples processed...
  [qa1/2k] 200 examples processed...
  [qa1/2k] 250 examples processed...
  [qa1/4k] 6 candidates (chance 16.7%): bathroom, bedroom, garden, hallway, kitchen, office
  [qa1/4k] 50 examples processed...
  [qa1/4k] 100 examples processed...
  [qa1/4k] 150 examples processed...
  [qa1/4k] 200 examples processed...
  [qa1/4k] 250 examples processed...
  [qa1/8k] 6 candidates (chance 16.7%): bathroom, bedroom, garden, hallway, kitchen, office
  [qa1/8k] 50 examples processed...
  [qa1/8k] 100 examples processed...
  [qa1/8k] 150 examples processed...
  [qa1/8k] 200 examples processed...
  [qa1/8k] 250 examples processed...
  [qa1/16k] 6 candidates (chance 16.7%): bathroom, bedroom, garden, hallway, kitchen, office
  [qa1/16k] 50 examples processed...
  [qa1/16k] 100 examples processed...
  [qa1/16k] 150 examples processed...
  [qa1/16k] 200 examples processed...
  [qa1/16k] 250 examples processed...
  [qa1/32k] 6 candidates (chance 16.7%): bathroom, bedroom, garden, hallway, kitchen, office
  [qa1/32k] 50 examples processed...
  [qa1/32k] 100 examples processed...
  [qa1/32k] 150 examples processed...
  [qa1/32k] 200 examples processed...
  [qa1/32k] 250 examples processed...
  Bucket        Correct    Total      Acc
  ----------------------------------------
  1k                 35      250    0.140
  2k                 46      250    0.184
  4k                 48      250    0.192
  8k                 43      250    0.172
  16k                46      250    0.184
  32k                43      250    0.172

--- qa2 ---
  [qa2/1k] 6 candidates (chance 16.7%): bathroom, bedroom, garden, hallway, kitchen, office
  [qa2/1k] 50 examples processed...
  [qa2/1k] 100 examples processed...
  [qa2/1k] 150 examples processed...
  [qa2/1k] 200 examples processed...
  [qa2/1k] 250 examples processed...
  [qa2/2k] 6 candidates (chance 16.7%): bathroom, bedroom, garden, hallway, kitchen, office
  [qa2/2k] 50 examples processed...
  [qa2/2k] 100 examples processed...
  [qa2/2k] 150 examples processed...
  [qa2/2k] 200 examples processed...
  [qa2/2k] 250 examples processed...
  [qa2/4k] 6 candidates (chance 16.7%): bathroom, bedroom, garden, hallway, kitchen, office
  [qa2/4k] 50 examples processed...
  [qa2/4k] 100 examples processed...
  [qa2/4k] 150 examples processed...
  [qa2/4k] 200 examples processed...
  [qa2/4k] 250 examples processed...
  [qa2/8k] 6 candidates (chance 16.7%): bathroom, bedroom, garden, hallway, kitchen, office
  [qa2/8k] 50 examples processed...
  [qa2/8k] 100 examples processed...
  [qa2/8k] 150 examples processed...
  [qa2/8k] 200 examples processed...
  [qa2/8k] 250 examples processed...
  [qa2/16k] 6 candidates (chance 16.7%): bathroom, bedroom, garden, hallway, kitchen, office
  [qa2/16k] 50 examples processed...
  [qa2/16k] 100 examples processed...
  [qa2/16k] 150 examples processed...
  [qa2/16k] 200 examples processed...
  [qa2/16k] 250 examples processed...
  [qa2/32k] 6 candidates (chance 16.7%): bathroom, bedroom, garden, hallway, kitchen, office
  [qa2/32k] 50 examples processed...
  [qa2/32k] 100 examples processed...
  [qa2/32k] 150 examples processed...
  [qa2/32k] 200 examples processed...
  [qa2/32k] 250 examples processed...
  Bucket        Correct    Total      Acc
  ----------------------------------------
  1k                 45      250    0.180
  2k                 49      250    0.196
  4k                 50      250    0.200
  8k                 44      250    0.176
  16k                43      250    0.172
  32k                46      250    0.184

--- qa3 ---
  [qa3/1k] 6 candidates (chance 16.7%): bathroom, bedroom, garden, hallway, kitchen, office
  [qa3/1k] 50 examples processed...
  [qa3/1k] 100 examples processed...
  [qa3/1k] 150 examples processed...
  [qa3/1k] 200 examples processed...
  [qa3/1k] 250 examples processed...
  [qa3/2k] 6 candidates (chance 16.7%): bathroom, bedroom, garden, hallway, kitchen, office
  [qa3/2k] 50 examples processed...
  [qa3/2k] 100 examples processed...
  [qa3/2k] 150 examples processed...
  [qa3/2k] 200 examples processed...
  [qa3/2k] 250 examples processed...
  [qa3/4k] 6 candidates (chance 16.7%): bathroom, bedroom, garden, hallway, kitchen, office
  [qa3/4k] 50 examples processed...
  [qa3/4k] 100 examples processed...
  [qa3/4k] 150 examples processed...
  [qa3/4k] 200 examples processed...
  [qa3/4k] 250 examples processed...
  [qa3/8k] 6 candidates (chance 16.7%): bathroom, bedroom, garden, hallway, kitchen, office
  [qa3/8k] 50 examples processed...
  [qa3/8k] 100 examples processed...
  [qa3/8k] 150 examples processed...
  [qa3/8k] 200 examples processed...
  [qa3/8k] 250 examples processed...
  [qa3/16k] 6 candidates (chance 16.7%): bathroom, bedroom, garden, hallway, kitchen, office
  [qa3/16k] 50 examples processed...
  [qa3/16k] 100 examples processed...
  [qa3/16k] 150 examples processed...
  [qa3/16k] 200 examples processed...
  [qa3/16k] 250 examples processed...
  [qa3/32k] 6 candidates (chance 16.7%): bathroom, bedroom, garden, hallway, kitchen, office
  [qa3/32k] 50 examples processed...
  [qa3/32k] 100 examples processed...
  [qa3/32k] 150 examples processed...
  [qa3/32k] 200 examples processed...
  [qa3/32k] 250 examples processed...
  Bucket        Correct    Total      Acc
  ----------------------------------------
  1k                 16      250    0.064
  2k                 30      250    0.120
  4k                 20      250    0.080
  8k                 24      250    0.096
  16k                16      250    0.064
  32k                19      250    0.076

Per-example records → eval_results/longcontext_b2-power/retro-b2-acc32-cc8-mr8-T16-nc8-sl512-nocarry/babilong/records.jsonl

Results saved → eval_results/longcontext_b2-power/retro-b2-acc32-cc8-mr8-T16-nc8-sl512-nocarry/babilong
Loading checkpoint: None
Loading checkpoint shards:   0%|          | 0/2 [00:00<?, ?it/s]Loading checkpoint shards:  50%|█████     | 1/2 [01:29<01:29, 89.58s/it]Loading checkpoint shards: 100%|██████████| 2/2 [01:43<00:00, 45.04s/it]Loading checkpoint shards: 100%|██████████| 2/2 [01:43<00:00, 51.72s/it]
[cortex] carry buffer: n_vec=32 max_vecs=256 (config.json) -> holds the newest 8 chunks; older writes are dropped by the FIFO
T=16
  50 examples processed...
  100 examples processed...
  150 examples processed...
  200 examples processed...
  250 examples processed...
  300 examples processed...
  350 examples processed...
  400 examples processed...
  450 examples processed...
  500 examples processed...

Per-example records → eval_results/longcontext_b2-power/retro-b2-acc32-cc8-mr8-T16-nc8-sl512-nocarry/longmemeval/records.jsonl

  Bucket            Correct    Total      Acc
  --------------------------------------------
  ≤50sess                25      272    0.092
  >50sess                17      228    0.075

Results saved → eval_results/longcontext_b2-power/retro-b2-acc32-cc8-mr8-T16-nc8-sl512-nocarry/longmemeval
---------------------------------------
Begin Slurm Epilog: Sep-10-2026 19:05:42
Job ID:        13059841
User ID:       hjiang420
Account:       gts-aivanova7-lab
Job name:      eval_longcontext.sbatch
Resources:     cpu=8,gres/gpu:a100=1,mem=64G,node=1
Rsrc Used:     cput=21:26:08,vmem=0,walltime=02:40:46,mem=6180604K,energy_used=0
Partition:     gpu-a100
QOS:           inferno
Nodes:         atl1-1-02-018-31-0
---------------------------------------
