---------------------------------------
Begin Slurm Prolog: Jul-16-2026 23:59:08
Job ID:    11220164
User ID:   hjiang420
Account:   gts-aivanova7-lab
Job name:  eval_iter_carry.sbatch
Partition: gpu-a100
QOS:       inferno
---------------------------------------
[ok]  cortex-retro-ft/rung1-k0-ci-cc1-len1024-ep4/final_checkpoint
      already prepared
      flags: {'use_memory': True, 'memory_slots': 0, 'memory_slots_iter': 0, 'memory_heads': 4, 'ccot_direct': False, 'h_T_proj': True, 'lora_rank': 0, 'lora_alpha': 32.0, 'mean_recurrence': 8, 'mean_backprop_depth': 8}
=== iter-carry ablation: rung1-k0-ci-cc1-len1024-ep4 (pool=last) -> eval_results/iter_carry_20260716/rung1-k0-ci-cc1-len1024-ep4 ===
Loading: cortex-retro-ft/rung1-k0-ci-cc1-len1024-ep4/final_checkpoint  (overlay: None)
Loading checkpoint shards:   0%|          | 0/2 [00:00<?, ?it/s]Loading checkpoint shards:  50%|█████     | 1/2 [01:21<01:21, 81.90s/it]Loading checkpoint shards: 100%|██████████| 2/2 [01:32<00:00, 40.24s/it]Loading checkpoint shards: 100%|██████████| 2/2 [01:32<00:00, 46.49s/it]
T=8  n_chunks=4  pool=last  m_iter=False  ccot_iter=True
data/pg19_olmo_val_len4096: 50 rows, evaluating 50
  25/50 samples...
  50/50 samples...

  Chunk       N    carried     zeroed   delta(z-c)        SE  (delta>0 => carry helps)
  ------------------------------------------------------------
  1          50     2.9758     2.9758      0.00000   0.00000
  2          50     3.6504     3.6513      0.00089   0.00057
  3          50     3.7111     3.7119      0.00077   0.00063
  4          50     3.7514     3.7520      0.00058   0.00083

  chunks 2+ aggregate: delta = 0.00075 (SE 0.00039)  [chunk 1 is the identical-by-construction control]

Results saved -> eval_results/iter_carry_20260716/rung1-k0-ci-cc1-len1024-ep4
---------------------------------------
Begin Slurm Epilog: Jul-17-2026 00:01:29
Job ID:        11220164
User ID:       hjiang420
Account:       gts-aivanova7-lab
Job name:      eval_iter_carry.sbatch
Resources:     cpu=8,gres/gpu:a100=1,mem=64G,node=1
Rsrc Used:     cput=00:18:56,vmem=0,walltime=00:02:22,mem=8337272K,energy_used=0
Partition:     gpu-a100
QOS:           inferno
Nodes:         atl1-1-02-018-31-0
---------------------------------------
