---------------------------------------
Begin Slurm Prolog: Aug-08-2026 10:56:51
Job ID:    11746249
User ID:   hjiang420
Account:   gts-aivanova7-lab
Job name:  eval_carry_ablation.sbatch
Partition: gpu-a100
QOS:       inferno
---------------------------------------

CondaError: Run 'conda init' before 'conda deactivate'

[ok]  cortex-retro-ft/rung1-pfxaccum32-cc4-tb2-rs-pg19-ep3/final_checkpoint
      already prepared
      flags: {'use_memory': True, 'memory_slots': 0, 'memory_slots_iter': 0, 'memory_heads': 4, 'prefix_memory': 'accum', 'accum_vecs': 32, 'accum_max': 128, 'h_T_proj': True, 'lora_rank': 0, 'lora_alpha': 32.0, 'mean_recurrence': 8, 'mean_backprop_depth': 8}
=== carry ablation: rung1-pfxaccum32-cc4-tb2-rs-pg19-ep3 -> eval_results/carry_ablation_rung1-20260807-nc8/rung1-pfxaccum32-cc4-tb2-rs-pg19-ep3 ===
Loading: cortex-retro-ft/rung1-pfxaccum32-cc4-tb2-rs-pg19-ep3/final_checkpoint  (overlay: None)
Loading checkpoint shards:   0%|          | 0/2 [00:00<?, ?it/s]Loading checkpoint shards:  50%|█████     | 1/2 [00:24<00:24, 24.58s/it]Loading checkpoint shards: 100%|██████████| 2/2 [00:29<00:00, 13.00s/it]Loading checkpoint shards: 100%|██████████| 2/2 [00:29<00:00, 14.74s/it]
Slice ablation: ['oldest', 'newest']  n=32 vectors (accum_vecs=32)  op=drop
T=8  n_chunks=8
data/pg19_olmo_val_len4096: 50 rows, evaluating 50
  25/50 samples...
  50/50 samples...

  Chunk       N    carried     zeroed    d(zeroed)     oldest    d(oldest)     newest    d(newest)   (delta>0 => that carry content helps)
  ------------------------------------------------------------------------------------------------
  1          50     2.2356     2.2356      0.00000     2.2356      0.00000     2.2356      0.00000
  2          50     9.6303     2.8198     -6.81043     2.8198     -6.81043     2.8198     -6.81043
  3          50    10.4020     2.8716     -7.53040     9.6864     -0.71561     9.7664     -0.63557
  4          50    10.6941     2.9047     -7.78942    10.3939     -0.30025     9.9799     -0.71419
  5          50    10.9778     2.9480     -8.02981    10.6954     -0.28243    10.7265     -0.25129
  6          50    10.7882     2.8930     -7.89520    10.9225      0.13427    11.0863      0.29809
  7          50    10.8550     2.9962     -7.85881    11.0893      0.23437    11.1597      0.30471
  8          50    10.8762     2.9756     -7.90064    11.1742      0.29798    11.3148      0.43856

  chunks 2+ [ zeroed]: delta = -7.68782 (SE 0.03896)  [chunk 1 is the identical-by-construction control]

  chunks 2+ [ oldest]: delta = -1.06316 (SE 0.13051)

  chunks 2+ [ newest]: delta = -1.05287 (SE 0.13152)

Results saved -> eval_results/carry_ablation_rung1-20260807-nc8/rung1-pfxaccum32-cc4-tb2-rs-pg19-ep3
---------------------------------------
Begin Slurm Epilog: Aug-08-2026 10:59:22
Job ID:        11746249
User ID:       hjiang420
Account:       gts-aivanova7-lab
Job name:      eval_carry_ablation.sbatch
Resources:     cpu=8,gres/gpu:a100=1,mem=64G,node=1
Rsrc Used:     cput=00:20:16,vmem=0,walltime=00:02:32,mem=8452288K,energy_used=0
Partition:     gpu-a100
QOS:           inferno
Nodes:         atl1-1-01-006-11-0
---------------------------------------
