---------------------------------------
Begin Slurm Prolog: Jul-12-2026 18:17:00
Job ID:    11054828
User ID:   hjiang420
Account:   gts-aivanova7-lab
Job name:  eval_longcontext.sbatch
Partition: gpu-a100
QOS:       inferno
---------------------------------------
[ok]  cortex-retro-ft/rung2-k4-unfreeze500/final_checkpoint
      already prepared
      flags: {'use_memory': True, 'memory_slots': 4, 'memory_slots_iter': 0, 'memory_heads': 4, 'ccot_direct': False, 'h_T_proj': True, 'lora_rank': 0, 'lora_alpha': 32.0, 'mean_recurrence': 8, 'mean_backprop_depth': 8}
=== long-context eval: rung2-k4-unfreeze500  (cortex-retro-ft/rung2-k4-unfreeze500/final_checkpoint) -> eval_results/longcontext_20260712/rung2-k4-unfreeze500 ===
Loading checkpoint: None
Loading checkpoint shards:   0%|          | 0/2 [00:00<?, ?it/s]Loading checkpoint shards:  50%|█████     | 1/2 [01:50<01:50, 110.04s/it]Loading checkpoint shards: 100%|██████████| 2/2 [02:16<00:00, 60.74s/it] Loading checkpoint shards: 100%|██████████| 2/2 [02:16<00:00, 68.14s/it]
T=8  tasks=['qa1', 'qa2', 'qa3']  num_chunks=4  passes_per_chunk=1  ccot_passes=0

--- qa1 ---
  [qa1/1k] 50 examples processed...
  [qa1/1k] 100 examples processed...
  [qa1/2k] 50 examples processed...
  [qa1/2k] 100 examples processed...
  [qa1/4k] 50 examples processed...
  [qa1/4k] 100 examples processed...
  [qa1/8k] 50 examples processed...
  [qa1/8k] 100 examples processed...
  [qa1/16k] 50 examples processed...
  [qa1/16k] 100 examples processed...
  [qa1/32k] 50 examples processed...
  [qa1/32k] 100 examples processed...
  Bucket        Correct    Total      Acc
  ----------------------------------------
  1k                 22      100    0.220
  2k                 25      100    0.250
  4k                 25      100    0.250
  8k                 22      100    0.220
  16k                21      100    0.210
  32k                20      100    0.200

--- qa2 ---
  [qa2/1k] 50 examples processed...
  [qa2/1k] 100 examples processed...
  [qa2/2k] 50 examples processed...
  [qa2/2k] 100 examples processed...
  [qa2/4k] 50 examples processed...
  [qa2/4k] 100 examples processed...
  [qa2/8k] 50 examples processed...
  [qa2/8k] 100 examples processed...
  [qa2/16k] 50 examples processed...
  [qa2/16k] 100 examples processed...
  [qa2/32k] 50 examples processed...
  [qa2/32k] 100 examples processed...
  Bucket        Correct    Total      Acc
  ----------------------------------------
  1k                 18      100    0.180
  2k                 14      100    0.140
  4k                 12      100    0.120
  8k                 14      100    0.140
  16k                11      100    0.110
  32k                12      100    0.120

--- qa3 ---
  [qa3/1k] 50 examples processed...
  [qa3/1k] 100 examples processed...
  [qa3/2k] 50 examples processed...
  [qa3/2k] 100 examples processed...
  [qa3/4k] 50 examples processed...
  [qa3/4k] 100 examples processed...
  [qa3/8k] 50 examples processed...
  [qa3/8k] 100 examples processed...
  [qa3/16k] 50 examples processed...
  [qa3/16k] 100 examples processed...
  [qa3/32k] 50 examples processed...
  [qa3/32k] 100 examples processed...
  Bucket        Correct    Total      Acc
  ----------------------------------------
  1k                 13      100    0.130
  2k                  8      100    0.080
  4k                 10      100    0.100
  8k                 12      100    0.120
  16k                10      100    0.100
  32k                 7      100    0.070

Results saved → eval_results/longcontext_20260712/rung2-k4-unfreeze500/babilong
Loading checkpoint: None
Loading checkpoint shards:   0%|          | 0/2 [00:00<?, ?it/s]Loading checkpoint shards:  50%|█████     | 1/2 [01:20<01:20, 80.68s/it]Loading checkpoint shards: 100%|██████████| 2/2 [01:41<00:00, 45.67s/it]Loading checkpoint shards: 100%|██████████| 2/2 [01:41<00:00, 50.92s/it]
T=8
  50 examples processed...
  100 examples processed...
  150 examples processed...
  200 examples processed...
  250 examples processed...
  300 examples processed...
  350 examples processed...
  400 examples processed...

  Bucket            Correct    Total      Acc
  --------------------------------------------
  ≤50sess                10      200    0.050
  >50sess                14      200    0.070

Results saved → eval_results/longcontext_20260712/rung2-k4-unfreeze500/longmemeval
---------------------------------------
Begin Slurm Epilog: Jul-12-2026 19:48:05
Job ID:        11054828
User ID:       hjiang420
Account:       gts-aivanova7-lab
Job name:      eval_longcontext.sbatch
Resources:     cpu=8,gres/gpu:a100=1,mem=64G,node=1
Rsrc Used:     cput=12:08:40,vmem=0,walltime=01:31:05,mem=8777428K,energy_used=0
Partition:     gpu-a100
QOS:           inferno
Nodes:         atl1-1-01-006-3-0
---------------------------------------
