---------------------------------------
Begin Slurm Prolog: Sep-19-2026 22:04:20
Job ID:    13364458
User ID:   hjiang420
Account:   gts-aivanova7-lab
Job name:  unit_suite
Partition: cpu-small
QOS:       inferno
---------------------------------------
=== unit suite | atl1-1-02-006-3-1.pace.gatech.edu ===
    tests: tests/
    args:  -q
    torch 2.5.1+cu121, python 3.11.15

........................................................................ [  8%]
........................................................................ [ 16%]
........................................................................ [ 24%]
........................................................................ [ 32%]
........................................................................ [ 40%]
.............s.......................................................... [ 48%]
........................................................................ [ 56%]
........................................................................ [ 64%]
........................................................................ [ 72%]
........................................................................ [ 80%]
........................................................................ [ 88%]
........................................................................ [ 97%]
..........................                                               [100%]
889 passed, 1 skipped in 105.45s (0:01:45)

==============================================================
SUITE GREEN in 108s
==============================================================
---------------------------------------
Begin Slurm Epilog: Sep-19-2026 22:06:21
Job ID:        13364458
User ID:       hjiang420
Account:       gts-aivanova7-lab
Job name:      unit_suite
Resources:     cpu=8,mem=32G,node=1
Rsrc Used:     cput=00:16:16,vmem=0,walltime=00:02:02,mem=1411756K,energy_used=0
Partition:     cpu-small
QOS:           inferno
Nodes:         atl1-1-02-006-3-1
---------------------------------------
