---------------------------------------
Begin Slurm Prolog: Sep-01-2026 11:25:27
Job ID:    12684712
User ID:   hjiang420
Account:   gts-aivanova7-lab
Job name:  eval_carry_ablation.sbatch
Partition: gpu-a100
QOS:       inferno
---------------------------------------
[ok]  cortex-retrofit/retro-b2-acc32-cc8-mr8/final_checkpoint
      already prepared
      flags: {'use_memory': True, 'memory_slots': 0, 'memory_slots_iter': 0, 'memory_heads': 4, 'prefix_memory': 'accum', 'accum_vecs': 32, 'accum_max': 256, 'h_T_proj': True, 'lora_rank': 0, 'lora_alpha': 32.0, 'mean_recurrence': 32, 'mean_backprop_depth': 8}
=== carry ablation: retro-b2-acc32-cc8-mr8 -> eval_results/carry_ablation_b2-Tsweep-T2/retro-b2-acc32-cc8-mr8 ===
Loading: cortex-retrofit/retro-b2-acc32-cc8-mr8/final_checkpoint  (overlay: None)
Loading checkpoint shards:   0%|          | 0/2 [00:00<?, ?it/s]Loading checkpoint shards:  50%|█████     | 1/2 [00:21<00:21, 21.80s/it]Loading checkpoint shards: 100%|██████████| 2/2 [00:26<00:00, 11.51s/it]Loading checkpoint shards: 100%|██████████| 2/2 [00:26<00:00, 13.05s/it]
T=2  n_chunks=8
data/pg19_olmo_val_len4096: 50 rows, evaluating 50
  25/50 samples...
  50/50 samples...

  Chunk       N    carried     zeroed    d(zeroed)   (delta>0 => that carry content helps)
  ------------------------------------------------
  1          50     4.1940     4.1940      0.00000
  2          50     3.6607     3.8087      0.14794
  3          50     3.6385     3.8123      0.17384
  4          50     3.6044     3.7946      0.19027
  5          50     3.6446     3.8394      0.19480
  6          50     3.5633     3.7657      0.20246
  7          50     3.6026     3.7976      0.19500
  8          50     3.6095     3.8052      0.19569

  chunks 2+ [ zeroed]: delta = 0.18571 (SE 0.00341)  [chunk 1 is the identical-by-construction control]

Results saved -> eval_results/carry_ablation_b2-Tsweep-T2/retro-b2-acc32-cc8-mr8
---------------------------------------
Begin Slurm Epilog: Sep-01-2026 11:26:21
Job ID:        12684712
User ID:       hjiang420
Account:       gts-aivanova7-lab
Job name:      eval_carry_ablation.sbatch
Resources:     cpu=8,gres/gpu:a100=1,mem=64G,node=1
Rsrc Used:     cput=00:07:28,vmem=0,walltime=00:00:56,mem=7926868K,energy_used=0
Partition:     gpu-a100
QOS:           inferno
Nodes:         atl1-1-01-002-20-0
---------------------------------------
