---------------------------------------
Begin Slurm Prolog: Sep-01-2026 00:08:34
Job ID:    12651573
User ID:   hjiang420
Account:   gts-aivanova7-lab
Job name:  eval_carry_ablation.sbatch
Partition: gpu-a100
QOS:       inferno
---------------------------------------

CondaError: Run 'conda init' before 'conda deactivate'

[ok]  cortex-retrofit/retro-b2-acc32-cc8-mr8/final_checkpoint
      already prepared
      flags: {'use_memory': True, 'memory_slots': 0, 'memory_slots_iter': 0, 'memory_heads': 4, 'prefix_memory': 'accum', 'accum_vecs': 32, 'accum_max': 256, 'h_T_proj': True, 'lora_rank': 0, 'lora_alpha': 32.0, 'mean_recurrence': 32, 'mean_backprop_depth': 8}
=== carry ablation: retro-b2-acc32-cc8-mr8 -> eval_results/carry_ablation_b2-final/retro-b2-acc32-cc8-mr8 ===
Loading: cortex-retrofit/retro-b2-acc32-cc8-mr8/final_checkpoint  (overlay: None)
Loading checkpoint shards:   0%|          | 0/2 [00:00<?, ?it/s]Loading checkpoint shards:  50%|█████     | 1/2 [01:22<01:22, 82.90s/it]Loading checkpoint shards: 100%|██████████| 2/2 [01:37<00:00, 42.58s/it]Loading checkpoint shards: 100%|██████████| 2/2 [01:37<00:00, 48.63s/it]
Slice ablation: ['oldest', 'newest']  n=32 vectors (accum_vecs=32)  op=drop
T=8  n_chunks=8
data/pg19_olmo_val_len4096: 50 rows, evaluating 50
  25/50 samples...
  50/50 samples...

  Chunk       N    carried     zeroed    d(zeroed)     oldest    d(oldest)     newest    d(newest)   (delta>0 => that carry content helps)
  ------------------------------------------------------------------------------------------------
  1          50     4.1119     4.1119      0.00000     4.1119      0.00000     4.1119      0.00000
  2          50     3.5593     3.7197      0.16037     3.7197      0.16037     3.7197      0.16037
  3          50     3.5334     3.7242      0.19078     3.5599      0.02645     3.6365      0.10308
  4          50     3.5083     3.7046      0.19625     3.5222      0.01392     3.6119      0.10360
  5          50     3.5455     3.7523      0.20671     3.5502      0.00466     3.6472      0.10162
  6          50     3.4649     3.6790      0.21409     3.4679      0.00300     3.5370      0.07210
  7          50     3.5001     3.7122      0.21209     3.5068      0.00668     3.5749      0.07483
  8          50     3.5071     3.7178      0.21076     3.5100      0.00296     3.5777      0.07059

  chunks 2+ [ zeroed]: delta = 0.19872 (SE 0.00357)  [chunk 1 is the identical-by-construction control]

  chunks 2+ [ oldest]: delta = 0.03115 (SE 0.00319)

  chunks 2+ [ newest]: delta = 0.09803 (SE 0.00295)

Results saved -> eval_results/carry_ablation_b2-final/retro-b2-acc32-cc8-mr8
---------------------------------------
Begin Slurm Epilog: Sep-01-2026 00:12:36
Job ID:        12651573
User ID:       hjiang420
Account:       gts-aivanova7-lab
Job name:      eval_carry_ablation.sbatch
Resources:     cpu=8,gres/gpu:a100=1,mem=64G,node=1
Rsrc Used:     cput=00:32:16,vmem=0,walltime=00:04:02,mem=6849744K,energy_used=0
Partition:     gpu-a100
QOS:           inferno
Nodes:         atl1-1-01-002-18-0
---------------------------------------
