---------------------------------------
Begin Slurm Prolog: Aug-09-2026 22:16:56
Job ID:    11772152
User ID:   hjiang420
Account:   gts-aivanova7-lab
Job name:  eval_context_ceiling.sbatch
Partition: gpu-a100
QOS:       inferno
---------------------------------------
[ok]  cortex-retro-ft/rung1-pfxaccum32-cc4-tb2-rs-pg19-ep1/final_checkpoint
      already prepared
      flags: {'use_memory': True, 'memory_slots': 0, 'memory_slots_iter': 0, 'memory_heads': 4, 'prefix_memory': 'accum', 'accum_vecs': 32, 'accum_max': 128, 'h_T_proj': True, 'lora_rank': 0, 'lora_alpha': 32.0, 'mean_recurrence': 8, 'mean_backprop_depth': 8}
=== context ceiling: cortex-retro-ft/rung1-pfxaccum32-cc4-tb2-rs-pg19-ep1/final_checkpoint -> eval_results/context_ceiling_rung1ep1-20260809-nc8/rung1-pfxaccum32-cc4-tb2-rs-pg19-ep1 ===
Loading: cortex-retro-ft/rung1-pfxaccum32-cc4-tb2-rs-pg19-ep1/final_checkpoint  (overlay: None)
Loading checkpoint shards:   0%|          | 0/2 [00:00<?, ?it/s]Loading checkpoint shards:  50%|█████     | 1/2 [00:24<00:24, 24.84s/it]Loading checkpoint shards: 100%|██████████| 2/2 [00:29<00:00, 13.22s/it]Loading checkpoint shards: 100%|██████████| 2/2 [00:29<00:00, 14.96s/it]
T=8  n_chunks=8  carry condition: on
context lens: 0 + [128, 256, 512]
carry_plus:   carry + [128, 256] real tokens
position bands: 4 per chunk
data/pg19_olmo_val_len4096: 50 rows, evaluating 50
  sample 1 took 5.0s -> ETA 4 min
  10/50 samples  [1 min]
  20/50 samples  [2 min]
  30/50 samples  [2 min]
  40/50 samples  [3 min]
  50/50 samples  [4 min]

  Chunk      N       k=0     k=128     k=256     k=512     carry
  --------------------------------------------------------------
  2         50    2.9006    2.7630    2.7299    2.6788    2.7834
  3         50    2.9432    2.8097    2.7940    2.7672    2.8291
  4         50    2.9601    2.8350    2.8238    2.7941    2.8718
  5         50    3.0085    2.8880    2.8649    2.8277    2.9157
  6         50    2.9444    2.8436    2.8082    2.7794    2.8648
  7         50    3.0537    2.9293    2.9095    2.8724    2.9690
  8         50    3.0352    2.9382    2.8961    2.8685    2.9577

  chunks 2+ pooled (n=350), delta vs k=0 (positive = that context HELPS):
      128 real tokens : +0.11985  (SE 0.00460)
      256 real tokens : +0.14560  (SE 0.00465)
      512 real tokens : +0.17963  (SE 0.00510)
    carry             : +0.09343  (SE 0.00351)

  => the compressed carry is worth about 100 tokens of REAL context
  => it recovers 52.0% of the best oracle (+0.17963 at k=512 real tokens)

  carry + real context (n=350).  residual = what the carry adds
  ON TOP of context that is free at inference:
    carry+128   : total +0.15857 (SE 0.00404)   residual +0.03872 (SE 0.00228)  = 41% of the standalone carry delta
    carry+256   : total +0.17765 (SE 0.00425)   residual +0.03205 (SE 0.00231)  = 34% of the standalone carry delta
  A residual near zero means the carry is a LOCAL-CONTEXT
  SURROGATE: it re-supplies what the last k tokens already give,
  so the headroom worth chasing is (best ceiling - ceiling(k)),
  not the whole ceiling.

  position bands inside the chunk (n=350 chunk-instances), delta vs k=0 in the SAME band:
  condition            0-25%      25-50%      50-75%     75-100%
  k128              +0.38366    +0.05454    +0.02474    +0.01645
  k256              +0.43701    +0.08262    +0.03918    +0.02358
  k512              +0.48604    +0.11377    +0.06965    +0.04908
  carry             +0.24142    +0.06100    +0.03707    +0.03421
  carry+128         +0.43961    +0.09573    +0.05439    +0.04454
  carry+256         +0.47719    +0.11551    +0.06661    +0.05128
  Compare the carry's PROFILE to the oracle's, not to flat.  A
  front-loaded oracle is the boundary effect; a carry that tracks
  it is stitching the seam, a carry that stays flat across bands
  is supplying something that is not the previous chunk's text.

Results saved -> eval_results/context_ceiling_rung1ep1-20260809-nc8/rung1-pfxaccum32-cc4-tb2-rs-pg19-ep1
---------------------------------------
Begin Slurm Epilog: Aug-09-2026 22:21:50
Job ID:        11772152
User ID:       hjiang420
Account:       gts-aivanova7-lab
Job name:      eval_context_ceiling.sbatch
Resources:     cpu=8,gres/gpu:a100=1,mem=64G,node=1
Rsrc Used:     cput=00:39:20,vmem=0,walltime=00:04:55,mem=7493648K,energy_used=0
Partition:     gpu-a100
QOS:           inferno
Nodes:         atl1-1-02-018-29-0
---------------------------------------
