---------------------------------------
Begin Slurm Prolog: Jul-25-2026 10:08:00
Job ID:    11476642
User ID:   hjiang420
Account:   gts-aivanova7-lab
Job name:  eval_carry_ablation.sbatch
Partition: gpu-a100
QOS:       inferno
---------------------------------------

CondaError: Run 'conda init' before 'conda deactivate'

[skip] cortex-retro-ft/rung1-k32-ga-rs-ep3-rcl/final_checkpoint: no config.json
=== carry ablation: rung1-k32-ga-rs-ep3-rcl -> eval_results/carry_ablation_20260725/rung1-k32-ga-rs-ep3-rcl ===
Loading: cortex-retro-ft/rung1-k32-ga-rs-ep3-rcl/final_checkpoint  (overlay: None)
Traceback (most recent call last):
  File "/storage/home/hcoda1/3/hjiang420/.conda/envs/cortex-retro/lib/python3.11/site-packages/transformers/utils/hub.py", line 424, in cached_files
    hf_hub_download(
  File "/storage/home/hcoda1/3/hjiang420/.conda/envs/cortex-retro/lib/python3.11/site-packages/huggingface_hub/utils/_validators.py", line 106, in _inner_fn
    validate_repo_id(arg_value)
  File "/storage/home/hcoda1/3/hjiang420/.conda/envs/cortex-retro/lib/python3.11/site-packages/huggingface_hub/utils/_validators.py", line 154, in validate_repo_id
    raise HFValidationError(
huggingface_hub.errors.HFValidationError: Repo id must be in the form 'repo_name' or 'namespace/repo_name': 'cortex-retro-ft/rung1-k32-ga-rs-ep3-rcl/final_checkpoint'. Use `repo_type` argument if needed.

During handling of the above exception, another exception occurred:

Traceback (most recent call last):
  File "/storage/home/hcoda1/3/hjiang420/.conda/envs/cortex-retro/lib/python3.11/site-packages/transformers/configuration_utils.py", line 649, in _get_config_dict
    resolved_config_file = cached_file(
                           ^^^^^^^^^^^^
  File "/storage/home/hcoda1/3/hjiang420/.conda/envs/cortex-retro/lib/python3.11/site-packages/transformers/utils/hub.py", line 266, in cached_file
    file = cached_files(path_or_repo_id=path_or_repo_id, filenames=[filename], **kwargs)
           ^^^^^^^^^^^^^^^^^^^^^^^^^^^^^^^^^^^^^^^^^^^^^^^^^^^^^^^^^^^^^^^^^^^^^^^^^^^^^
  File "/storage/home/hcoda1/3/hjiang420/.conda/envs/cortex-retro/lib/python3.11/site-packages/transformers/utils/hub.py", line 470, in cached_files
    resolved_files = [
                     ^
  File "/storage/home/hcoda1/3/hjiang420/.conda/envs/cortex-retro/lib/python3.11/site-packages/transformers/utils/hub.py", line 471, in <listcomp>
    _get_cache_file_to_return(path_or_repo_id, filename, cache_dir, revision) for filename in full_filenames
    ^^^^^^^^^^^^^^^^^^^^^^^^^^^^^^^^^^^^^^^^^^^^^^^^^^^^^^^^^^^^^^^^^^^^^^^^^
  File "/storage/home/hcoda1/3/hjiang420/.conda/envs/cortex-retro/lib/python3.11/site-packages/transformers/utils/hub.py", line 134, in _get_cache_file_to_return
    resolved_file = try_to_load_from_cache(path_or_repo_id, full_filename, cache_dir=cache_dir, revision=revision)
                    ^^^^^^^^^^^^^^^^^^^^^^^^^^^^^^^^^^^^^^^^^^^^^^^^^^^^^^^^^^^^^^^^^^^^^^^^^^^^^^^^^^^^^^^^^^^^^^
  File "/storage/home/hcoda1/3/hjiang420/.conda/envs/cortex-retro/lib/python3.11/site-packages/huggingface_hub/utils/_validators.py", line 106, in _inner_fn
    validate_repo_id(arg_value)
  File "/storage/home/hcoda1/3/hjiang420/.conda/envs/cortex-retro/lib/python3.11/site-packages/huggingface_hub/utils/_validators.py", line 154, in validate_repo_id
    raise HFValidationError(
huggingface_hub.errors.HFValidationError: Repo id must be in the form 'repo_name' or 'namespace/repo_name': 'cortex-retro-ft/rung1-k32-ga-rs-ep3-rcl/final_checkpoint'. Use `repo_type` argument if needed.

During handling of the above exception, another exception occurred:

Traceback (most recent call last):
  File "/storage/home/hcoda1/3/hjiang420/cortex-finetune/evals/eval_carry_ablation.py", line 249, in <module>
    main()
  File "/storage/home/hcoda1/3/hjiang420/cortex-finetune/evals/eval_carry_ablation.py", line 145, in main
    model, cfg = load_checkpoint(args.checkpoint, args.model_name,
                 ^^^^^^^^^^^^^^^^^^^^^^^^^^^^^^^^^^^^^^^^^^^^^^^^^
  File "/storage/home/hcoda1/3/hjiang420/cortex-finetune/evals/model_utils.py", line 70, in load_checkpoint
    config = AutoConfig.from_pretrained(model_name, trust_remote_code=True)
             ^^^^^^^^^^^^^^^^^^^^^^^^^^^^^^^^^^^^^^^^^^^^^^^^^^^^^^^^^^^^^^
  File "/storage/home/hcoda1/3/hjiang420/.conda/envs/cortex-retro/lib/python3.11/site-packages/transformers/models/auto/configuration_auto.py", line 1112, in from_pretrained
    config_dict, unused_kwargs = PretrainedConfig.get_config_dict(pretrained_model_name_or_path, **kwargs)
                                 ^^^^^^^^^^^^^^^^^^^^^^^^^^^^^^^^^^^^^^^^^^^^^^^^^^^^^^^^^^^^^^^^^^^^^^^^^
  File "/storage/home/hcoda1/3/hjiang420/.conda/envs/cortex-retro/lib/python3.11/site-packages/transformers/configuration_utils.py", line 590, in get_config_dict
    config_dict, kwargs = cls._get_config_dict(pretrained_model_name_or_path, **kwargs)
                          ^^^^^^^^^^^^^^^^^^^^^^^^^^^^^^^^^^^^^^^^^^^^^^^^^^^^^^^^^^^^^
  File "/storage/home/hcoda1/3/hjiang420/.conda/envs/cortex-retro/lib/python3.11/site-packages/transformers/configuration_utils.py", line 672, in _get_config_dict
    raise OSError(
OSError: Can't load the configuration of 'cortex-retro-ft/rung1-k32-ga-rs-ep3-rcl/final_checkpoint'. If you were trying to load it from 'https://huggingface.co/models', make sure you don't have a local directory with the same name. Otherwise, make sure 'cortex-retro-ft/rung1-k32-ga-rs-ep3-rcl/final_checkpoint' is the correct path to a directory containing a config.json file
---------------------------------------
Begin Slurm Epilog: Jul-25-2026 10:08:12
Job ID:        11476642
User ID:       hjiang420
Account:       gts-aivanova7-lab
Job name:      eval_carry_ablation.sbatch
Resources:     cpu=8,gres/gpu:a100=1,mem=64G,node=1
Rsrc Used:     cput=00:01:36,vmem=0,walltime=00:00:12,mem=446968K,energy_used=0
Partition:     gpu-a100
QOS:           inferno
Nodes:         atl1-1-02-018-33-0
---------------------------------------
