---------------------------------------
Begin Slurm Prolog: Jul-12-2026 18:38:51
Job ID:    11054834
User ID:   hjiang420
Account:   gts-aivanova7-lab
Job name:  eval_longcontext.sbatch
Partition: gpu-a100
QOS:       inferno
---------------------------------------
=== long-context eval: base-T32-nc1-sl4096  (ckpts/olmo8-cortex) -> eval_results/longcontext_20260712/base-T32-nc1-sl4096 ===
Loading checkpoint: None
Loading checkpoint shards:   0%|          | 0/2 [00:00<?, ?it/s]Loading checkpoint shards:  50%|█████     | 1/2 [00:32<00:32, 32.95s/it]Loading checkpoint shards: 100%|██████████| 2/2 [00:38<00:00, 16.75s/it]Loading checkpoint shards: 100%|██████████| 2/2 [00:38<00:00, 19.18s/it]
T=32  tasks=['qa1', 'qa2', 'qa3']  num_chunks=1  passes_per_chunk=1  ccot_passes=0

--- qa1 ---
  [qa1/1k] 50 examples processed...
  [qa1/1k] 100 examples processed...
  [qa1/2k] 50 examples processed...
  [qa1/2k] 100 examples processed...
  [qa1/4k] 50 examples processed...
  [qa1/4k] 100 examples processed...
  [qa1/8k] 50 examples processed...
  [qa1/8k] 100 examples processed...
  [qa1/16k] 50 examples processed...
  [qa1/16k] 100 examples processed...
  [qa1/32k] 50 examples processed...
  [qa1/32k] 100 examples processed...
  Bucket        Correct    Total      Acc
  ----------------------------------------
  1k                 25      100    0.250
  2k                  2      100    0.020
  4k                  0      100    0.000
  8k                  0      100    0.000
  16k                 0      100    0.000
  32k                 0      100    0.000

--- qa2 ---
  [qa2/1k] 50 examples processed...
  [qa2/1k] 100 examples processed...
  [qa2/2k] 50 examples processed...
  [qa2/2k] 100 examples processed...
  [qa2/4k] 50 examples processed...
  [qa2/4k] 100 examples processed...
  [qa2/8k] 50 examples processed...
  [qa2/8k] 100 examples processed...
  [qa2/16k] 50 examples processed...
  [qa2/16k] 100 examples processed...
  [qa2/32k] 50 examples processed...
  [qa2/32k] 100 examples processed...
  Bucket        Correct    Total      Acc
  ----------------------------------------
  1k                 26      100    0.260
  2k                  1      100    0.010
  4k                  0      100    0.000
  8k                  0      100    0.000
  16k                 0      100    0.000
  32k                 0      100    0.000

--- qa3 ---
  [qa3/1k] 50 examples processed...
  [qa3/1k] 100 examples processed...
  [qa3/2k] 50 examples processed...
  [qa3/2k] 100 examples processed...
  [qa3/4k] 50 examples processed...
  [qa3/4k] 100 examples processed...
  [qa3/8k] 50 examples processed...
  [qa3/8k] 100 examples processed...
  [qa3/16k] 50 examples processed...
  [qa3/16k] 100 examples processed...
  [qa3/32k] 50 examples processed...
  [qa3/32k] 100 examples processed...
  Bucket        Correct    Total      Acc
  ----------------------------------------
  1k                 14      100    0.140
  2k                  2      100    0.020
  4k                  0      100    0.000
  8k                  0      100    0.000
  16k                 0      100    0.000
  32k                 0      100    0.000

Results saved → eval_results/longcontext_20260712/base-T32-nc1-sl4096/babilong
Loading checkpoint: None
Loading checkpoint shards:   0%|          | 0/2 [00:00<?, ?it/s]Loading checkpoint shards:  50%|█████     | 1/2 [01:45<01:45, 105.30s/it]Loading checkpoint shards: 100%|██████████| 2/2 [02:09<00:00, 57.71s/it] Loading checkpoint shards: 100%|██████████| 2/2 [02:09<00:00, 64.85s/it]
T=32
  50 examples processed...
  100 examples processed...
  150 examples processed...
  200 examples processed...
  250 examples processed...
  300 examples processed...
  350 examples processed...
  400 examples processed...

  Bucket            Correct    Total      Acc
  --------------------------------------------
  ≤50sess                 0      200    0.000
  >50sess                 0      200    0.000

Results saved → eval_results/longcontext_20260712/base-T32-nc1-sl4096/longmemeval
---------------------------------------
Begin Slurm Epilog: Jul-13-2026 00:29:58
Job ID:        11054834
User ID:       hjiang420
Account:       gts-aivanova7-lab
Job name:      eval_longcontext.sbatch
Resources:     cpu=8,gres/gpu:a100=1,mem=64G,node=1
Rsrc Used:     cput=1-22:48:56,vmem=0,walltime=05:51:07,mem=8552344K,energy_used=0
Partition:     gpu-a100
QOS:           inferno
Nodes:         atl1-1-02-018-33-0
---------------------------------------
