---------------------------------------
Begin Slurm Prolog: Jul-14-2026 14:40:55
Job ID:    11159165
User ID:   hjiang420
Account:   gts-aivanova7-lab
Job name:  eval_longcontext.sbatch
Partition: gpu-a100
QOS:       inferno
---------------------------------------
=== long-context eval: base  (ckpts/olmo8-cortex) -> eval_results/longcontext_20260714/base ===
Loading checkpoint: None
Loading checkpoint shards:   0%|          | 0/2 [00:00<?, ?it/s]Loading checkpoint shards:  50%|█████     | 1/2 [08:52<08:52, 532.89s/it]Loading checkpoint shards: 100%|██████████| 2/2 [09:12<00:00, 230.88s/it]Loading checkpoint shards: 100%|██████████| 2/2 [09:12<00:00, 276.18s/it]
T=8  tasks=['qa1', 'qa2', 'qa3']  num_chunks=4  passes_per_chunk=1  ccot_passes=0

--- qa1 ---
  [qa1/1k] 50 examples processed...
  [qa1/1k] 100 examples processed...
  [qa1/2k] 50 examples processed...
  [qa1/2k] 100 examples processed...
  [qa1/4k] 50 examples processed...
  [qa1/4k] 100 examples processed...
  [qa1/8k] 50 examples processed...
  [qa1/8k] 100 examples processed...
  [qa1/16k] 50 examples processed...
  [qa1/16k] 100 examples processed...
  [qa1/32k] 50 examples processed...
  [qa1/32k] 100 examples processed...
  Bucket        Correct    Total      Acc
  ----------------------------------------
  1k                 25      100    0.250
  2k                 22      100    0.220
  4k                 23      100    0.230
  8k                 22      100    0.220
  16k                20      100    0.200
  32k                22      100    0.220

--- qa2 ---
  [qa2/1k] 50 examples processed...
  [qa2/1k] 100 examples processed...
  [qa2/2k] 50 examples processed...
  [qa2/2k] 100 examples processed...
  [qa2/4k] 50 examples processed...
  [qa2/4k] 100 examples processed...
  [qa2/8k] 50 examples processed...
  [qa2/8k] 100 examples processed...
  [qa2/16k] 50 examples processed...
  [qa2/16k] 100 examples processed...
  [qa2/32k] 50 examples processed...
  [qa2/32k] 100 examples processed...
  Bucket        Correct    Total      Acc
  ----------------------------------------
  1k                 19      100    0.190
  2k                 14      100    0.140
  4k                 12      100    0.120
  8k                 11      100    0.110
  16k                11      100    0.110
  32k                 8      100    0.080

--- qa3 ---
  [qa3/1k] 50 examples processed...
  [qa3/1k] 100 examples processed...
  [qa3/2k] 50 examples processed...
  [qa3/2k] 100 examples processed...
  [qa3/4k] 50 examples processed...
  [qa3/4k] 100 examples processed...
  [qa3/8k] 50 examples processed...
  [qa3/8k] 100 examples processed...
  [qa3/16k] 50 examples processed...
  [qa3/16k] 100 examples processed...
  [qa3/32k] 50 examples processed...
  [qa3/32k] 100 examples processed...
  Bucket        Correct    Total      Acc
  ----------------------------------------
  1k                 16      100    0.160
  2k                 21      100    0.210
  4k                 19      100    0.190
  8k                 19      100    0.190
  16k                17      100    0.170
  32k                15      100    0.150

Results saved → eval_results/longcontext_20260714/base/babilong
Loading checkpoint: None
Loading checkpoint shards:   0%|          | 0/2 [00:00<?, ?it/s]Loading checkpoint shards:  50%|█████     | 1/2 [03:34<03:34, 214.53s/it]Loading checkpoint shards: 100%|██████████| 2/2 [03:34<00:00, 88.40s/it] Loading checkpoint shards: 100%|██████████| 2/2 [03:34<00:00, 107.32s/it]
T=8
  50 examples processed...
  100 examples processed...
  150 examples processed...
  200 examples processed...
  250 examples processed...
  300 examples processed...
  350 examples processed...
  400 examples processed...

  Bucket            Correct    Total      Acc
  --------------------------------------------
  ≤50sess                20      200    0.100
  >50sess                17      200    0.085

Results saved → eval_results/longcontext_20260714/base/longmemeval
---------------------------------------
Begin Slurm Epilog: Jul-14-2026 15:12:37
Job ID:        11159165
User ID:       hjiang420
Account:       gts-aivanova7-lab
Job name:      eval_longcontext.sbatch
Resources:     cpu=8,gres/gpu:a100=1,mem=64G,node=1
Rsrc Used:     cput=04:13:44,vmem=0,walltime=00:31:43,mem=7645276K,energy_used=0
Partition:     gpu-a100
QOS:           inferno
Nodes:         atl1-1-02-018-35-0
---------------------------------------
