---------------------------------------
Begin Slurm Prolog: Sep-26-2026 00:36:33
Job ID:    13594410
User ID:   hjiang420
Account:   gts-aivanova7-lab
Job name:  j4_joint
Partition: gpu-h200
QOS:       inferno
---------------------------------------
=== J4 embeds run | limb=noread | run=j4-a3z-endpoint-noread-smoke ===
    branch:    cortex-retrofit/retro-b2-heal/checkpoint_91552_w16  (step 91552 -> stop 91562, horizon 305176)
    data:      data/j1_pg19fw50_carry20_len4096   (READ THIS LINE -- the only proof the pack arrived)
    geometry:  gated W=16 K=64 cc=8 grad_chunks=4 mr=8 window_backward=1
    packed:    64 E + 64 Z + 512 tokens + 16 summary = 656 columns (was 592)
    read:      --cortex.latent_read embeds --cortex.latent_read_znorm rms --cortex.latent_read_znorm_target 136.0 --cortex.latent_read_scramble false --cortex.latent_carry_read false
    e_dropout: 0.0   micro=2 batch=4   diag every 1
NVIDIA H200, 143771 MiB

[W926 00:36:47.997061034 CUDAAllocatorConfig.h:28] Warning: expandable_segments not supported on this platform (function operator())
Sat Sep 26 00:36:45: Time to load libraries: 8.82 seconds.
--------------------------------------------------------------------
------------------ Launching run j4-a3z-endpoint-noread-smoke------------------
--------------------------------------------------------------------
--------------------------------------------------------------------
Platform: linux, Python: 3.11.15, PyTorch: 2.5.1+cu121
CPU threads: 8, GPUs: 1 on atl1-1-02-012-2-0.pace.gatech.edu.
GPU : NVIDIA H200. CUDA: 12.1.
[cortex] memory ON: K=0 K_iter=0 ccot_direct=False accum_ccot=False (vecs=16/max=128) gated_accum=False prefix_memory=gated gate(K=64,route=ring,norm=tanh,init=zero,fill=grow) latent(Z on, rule=absolute,band=2..9,renorm=none,read=embeds,CARRY-UNREAD(no-read limb),EMBEDS(J4: Z as its own input_embeds columns),enc=endpoint,znorm=136.0) prefix_pos=tail prefix_eos_reset=False cross_chunks=8 carry_grad_chunks=4 random_segments=False lora_rank=0
[cortex] Z channel ON.  latent_depth_rule='absolute' is P0.7's question (evals/diag_depth_band.py): P0.1 measured the band at a SINGLE T and cannot say whether 'informative' tracks the absolute step or the fraction of the loop.  If P0.7 has not reported, this run is asserting an answer it does not have -- record which, in this run's sbatch header.
Random Initialization not implemented.
Random Initialization not implemented.
Random Initialization not implemented.
Random Initialization not implemented.
Random Initialization not implemented.
Random Initialization not implemented.
Random Initialization not implemented.
Random Initialization not implemented.
Random Initialization not implemented.
Loading checkpoint shards:   0%|          | 0/2 [00:00<?, ?it/s]Loading checkpoint shards:  50%|█████     | 1/2 [00:09<00:09,  9.38s/it]Loading checkpoint shards: 100%|██████████| 2/2 [00:11<00:00,  5.00s/it]Loading checkpoint shards: 100%|██████████| 2/2 [00:11<00:00,  5.66s/it]
Some weights of RavenForCausalLM were not initialized from the model checkpoint at ckpts/olmo-retrofit-cortex and are newly initialized: ['cortex.latent_embed.proj.weight', 'cortex.prefix.forget_bias', 'cortex.prefix.forget_bias_z', 'cortex.prefix.gate_proj_in.bias', 'cortex.prefix.gate_proj_in.weight', 'cortex.prefix.gate_proj_in_z.bias', 'cortex.prefix.gate_proj_in_z.weight', 'cortex.prefix.gate_proj_mem.bias', 'cortex.prefix.gate_proj_mem.weight', 'cortex.prefix.gate_proj_mem_z.bias', 'cortex.prefix.gate_proj_mem_z.weight', 'cortex.prefix.input_bias', 'cortex.prefix.input_bias_z', 'cortex.prefix.summary_emb', 'cortex.prefix.summary_seeded']
You should probably TRAIN this model on a down-stream task to be able to use it for predictions and inference.
wandb: [wandb.login()] Loaded credentials for https://api.wandb.ai from /storage/home/hcoda1/3/hjiang420/.netrc.
wandb: Currently logged in as: henryyjiang42 (henryyjiang42-georgia-institute-of-technology) to https://api.wandb.ai. Use `wandb login --relogin` to force relogin
wandb: Tracking run with wandb version 0.28.0
wandb: Run data is saved locally in cortex-retrofit/wandb/run-20260926_003701-0krkcleo
wandb: Run `wandb offline` to turn off syncing.
wandb: Syncing run j4-a3z-endpoint-noread-smoke
wandb: ⭐️ View project at https://wandb.ai/henryyjiang42-georgia-institute-of-technology/cortex-retrofit
wandb: 🚀 View run at https://wandb.ai/henryyjiang42-georgia-institute-of-technology/cortex-retrofit/runs/0krkcleo
/storage/home/hcoda1/3/hjiang420/cortex-finetune/train.py:840: FutureWarning: You are using `torch.load` with `weights_only=False` (the current default value), which uses the default pickle module implicitly. It is possible to construct malicious pickle data which will execute arbitrary code during unpickling (See https://github.com/pytorch/pytorch/blob/main/SECURITY.md#untrusted-models for more details). In a future release, the default value for `weights_only` will be flipped to `True`. This limits the functions that could be executed during unpickling. Arbitrary objects will no longer be allowed to be loaded via this mode unless they are explicitly allowlisted by the user via `torch.serialization.add_safe_globals`. We recommend you start setting `weights_only=True` for any use case where you don't have full control of the loaded file. Please open an issue on GitHub for any issues related to this experimental feature.
  ckpt = torch.load(f"{path}/chkpt.pt", map_location=device)
wandb: updating run metadata
wandb: uploading config.yaml; uploading output.log; uploading wandb-summary.json
wandb: 
wandb: Run history:
wandb:              cortex/channels ▁▁▁▁▁▁▁▁▁▁
wandb:      cortex/e_centred_cosine ▆▅▂▄▃█▄▆▁▄
wandb:    cortex/e_eff_rank_entropy ▃▆▇▄▇▆▆▁█▆
wandb: cortex/e_eff_rank_entropy_sq ▂▄▆▃▆▅▅▁█▅
wandb:         cortex/e_eff_rank_pr ▁▃▅▃▆▄▄▁█▄
wandb:            cortex/e_row_norm ▆▆▁▂▄▆██▇▇
wandb:          cortex/e_top1_share █▇▄▅▃▄▄▇▁▅
wandb:            cortex/fg_at_bias ▄▃▁▁▃▄▅▆▇█
wandb:          cortex/fg_z_at_bias ▁▁▁▁▁▁▁▁▁▁
wandb:        cortex/gate_in_w_norm ▁▂▃▄▅▆▆▇██
wandb:                          +63 ...
wandb: 
wandb: Run summary:
wandb:              cortex/channels 2
wandb:      cortex/e_centred_cosine -0.01265
wandb:    cortex/e_eff_rank_entropy 49.53833
wandb: cortex/e_eff_rank_entropy_sq 24.71176
wandb:         cortex/e_eff_rank_pr 13.61398
wandb:            cortex/e_row_norm 143.95686
wandb:          cortex/e_top1_share 0.18916
wandb:            cortex/fg_at_bias 0.73116
wandb:          cortex/fg_z_at_bias 0.73106
wandb:        cortex/gate_in_w_norm 5.72626
wandb:                          +63 ...
wandb: 
wandb: 🚀 View run j4-a3z-endpoint-noread-smoke at: https://wandb.ai/henryyjiang42-georgia-institute-of-technology/cortex-retrofit/runs/0krkcleo
wandb: ⭐️ View project at: https://wandb.ai/henryyjiang42-georgia-institute-of-technology/cortex-retrofit
wandb: Synced 5 W&B file(s), 0 media file(s), 0 artifact file(s) and 0 other file(s)
wandb: Find logs at: cortex-retrofit/wandb/run-20260926_003701-0krkcleo/logs
[cortex] reset 5 cortex submodules to nn defaults + re-applied designed inits ['prefix.[summary_emb~N(reseeded from wte on first forward),forget_bias=1,input_bias=0,gate_init=zero,forget_bias_z=1,input_bias_z=0,gate_init_z=zero]', 'latent_embed.[proj=I, bias=none]'] (undo post_init clobber)
[branch] summary_emb was SLICED 32 -> 16 rows (first W_new rows (tail layout: slot j attends slots < j)), 2026-09-16T16:56:20, from cortex-retrofit/retro-b2-heal/checkpoint_91552
[branch]   effective rank 10.90 of the parent's 20.02; kept-row centred cos -0.0652
[branch] loaded weights from cortex-retrofit/retro-b2-heal/checkpoint_91552_w16; 13 new memory params start fresh: ['cortex.prefix.forget_bias', 'cortex.prefix.input_bias', 'cortex.prefix.forget_bias_z', 'cortex.prefix.input_bias_z', 'cortex.prefix.gate_proj_in.weight', 'cortex.prefix.gate_proj_in.bias', 'cortex.prefix.gate_proj_mem.weight', 'cortex.prefix.gate_proj_mem.bias', 'cortex.prefix.gate_proj_in_z.weight', 'cortex.prefix.gate_proj_in_z.bias', 'cortex.prefix.gate_proj_mem_z.weight', 'cortex.prefix.gate_proj_mem_z.bias', 'cortex.latent_embed.proj.weight']
[branch] optimizer state NOT restored (param set changed); LR schedule, recurrence ramp and step counter continue
Branched from cortex-retrofit/retro-b2-heal/checkpoint_91552_w16
[cortex] window_backward: one backward per 4-chunk carry window (2 per row), so the peak holds 4 of 8 chunks' activations.  Same gradient as one backward per row, to fp summation order.
GPU: cuda:0 | Step:    2 | Updates: 91553 | Time/step: 1.9730 | Tok/sec=  4152.07 | Loss: 3.2429 / log-ppl: 25.6086 | Grad-Norm 13.3880 | ClipCoef 0.0747 | Peak-Mem 83.85GiB
[timeout-save] walltime deadline resolved: 2591s from now
GPU: cuda:0 | Step:    4 | Updates: 91554 | Time/step: 1.8364 | Tok/sec=  4461.00 | Loss: 3.4653 / log-ppl: 31.9862 | Grad-Norm 4.8810 | ClipCoef 0.2049 | Peak-Mem 90.73GiB
GPU: cuda:0 | Step:    6 | Updates: 91555 | Time/step: 1.4883 | Tok/sec=  5504.37 | Loss: 3.3951 / log-ppl: 29.8174 | Grad-Norm 5.4117 | ClipCoef 0.1848 | Peak-Mem 90.60GiB
GPU: cuda:0 | Step:    8 | Updates: 91556 | Time/step: 1.9027 | Tok/sec=  4305.54 | Loss: 2.3673 / log-ppl: 10.6682 | Grad-Norm 6.8002 | ClipCoef 0.1471 | Peak-Mem 90.73GiB
GPU: cuda:0 | Step:   10 | Updates: 91557 | Time/step: 1.0134 | Tok/sec=  8083.34 | Loss: 3.3043 / log-ppl: 27.2300 | Grad-Norm 3.1130 | ClipCoef 0.3212 | Peak-Mem 60.88GiB
GPU: cuda:0 | Step:   12 | Updates: 91558 | Time/step: 1.4159 | Tok/sec=  5785.73 | Loss: 3.2782 / log-ppl: 26.5273 | Grad-Norm 2.7518 | ClipCoef 0.3634 | Peak-Mem 90.60GiB
GPU: cuda:0 | Step:   14 | Updates: 91559 | Time/step: 1.3187 | Tok/sec=  6212.38 | Loss: 3.8425 / log-ppl: 46.6422 | Grad-Norm 2.5102 | ClipCoef 0.3984 | Peak-Mem 75.87GiB
GPU: cuda:0 | Step:   16 | Updates: 91560 | Time/step: 1.8028 | Tok/sec=  4544.03 | Loss: 1.3332 / log-ppl: 3.7931 | Grad-Norm 2.5258 | ClipCoef 0.3959 | Peak-Mem 90.72GiB
GPU: cuda:0 | Step:   18 | Updates: 91561 | Time/step: 1.0371 | Tok/sec=  7899.19 | Loss: 2.6098 / log-ppl: 13.5969 | Grad-Norm 3.8832 | ClipCoef 0.2575 | Peak-Mem 68.44GiB
GPU: cuda:0 | Step:   20 | Updates: 91562 | Time/step: 1.5067 | Tok/sec=  5437.19 | Loss: 3.5786 / log-ppl: 35.8223 | Grad-Norm 2.2420 | ClipCoef 0.4460 | Peak-Mem 90.73GiB
[stop_at_step] reached 91562 — ending this phase (schedule horizon max_steps=305176 unchanged)
[rank 0] Saved checkpoint @ step 91,562
--------------------------------------------------------------------
Training time: 0:02:19.047421 
Max. Mem allocated: 12.162 GB. Max. Mem reserved: 91.104 GB.
--------------------------------------------------------------------
--------------------------------------------------------------------
Run None finished without error.
---------Total time: 0:02:31.272312 ---------
-----------------Shutdown complete.--------------------------

=== SMOKE GATE | j4-a3z-endpoint-noread-smoke | limb=noread ===
  ok   10 diag rows, steps 91553..91562
  ok   z_znorm_target 136.0 on every row
  ok   z_n_zpre max 64 of 64
  ok   z_e_carried_norm mean 128.59 vs target 136.00 (95%)
  ok   z_embed_ratio exactly 0 (no-read limb reads nothing)
  ok   z_read_grad_frac 1.0 (live on every batch, as E is)
  ok   z_write_grad_frac max 1.000
  ok   loss 3.2429 -> 3.5786, all finite

SMOKE GATE PASSED -- the real limbs may launch.
  diag kept at logs/j4_smoke/j4-a3z-endpoint-noread-smoke-13594410.jsonl
  checkpoints removed; DELETE THE RUN DIR before any re-smoke
5.2G	cortex-retrofit/j4-a3z-endpoint-noread-smoke

J4 noread DONE -> cortex-retrofit/j4-a3z-endpoint-noread-smoke
  In-flight record: cortex-retrofit/j4-a3z-endpoint-noread-smoke/cortex_diag.jsonl
  READ THESE FIRST: z_n_zpre (64 = the columns are spliced),
  z_embed_ratio (||Z col||/||E col||, ~1.0 at step 0 -- J4's ONLY
  read-strength number, and a collapse is an AUDIT beside a positive),
  z_e_carried_norm (confirms ZNORM_TARGET was the right number),
  z_write_grad_frac, z_read_grad_frac (1.0 by construction here),
  e_dropped, E rank.
  Read-out: EXPERIMENT=j4 pace/j1_readout.sbatch, then EXPERIMENT=j4
  pace/j1_verdict.sbatch -- and only under J4's pre-registration.
---------------------------------------
Begin Slurm Epilog: Sep-26-2026 00:39:11
Job ID:        13594410
Array Job ID:  13594410_2
User ID:       hjiang420
Account:       gts-aivanova7-lab
Job name:      j4_joint
Resources:     cpu=8,gres/gpu:h200=1,mem=128G,node=1
Rsrc Used:     cput=00:20:40,vmem=0,walltime=00:02:35,mem=19374776K,energy_used=0
Partition:     gpu-h200
QOS:           inferno
Nodes:         atl1-1-02-012-2-0
---------------------------------------
