---------------------------------------
Begin Slurm Prolog: Aug-18-2026 14:46:22
Job ID:    11988070
User ID:   hjiang420
Account:   gts-aivanova7-lab
Job name:  eval_carry_ablation.sbatch
Partition: gpu-a100
QOS:       inferno
---------------------------------------
[ok]  cortex-retrofit/retro-b2-acc32-cc8-mr8/model_only_chkpt_165000
      popped tie_word_embeddings
      flags: {'use_memory': True, 'memory_slots': 0, 'memory_slots_iter': 0, 'memory_heads': 4, 'prefix_memory': 'accum', 'accum_vecs': 32, 'accum_max': 256, 'h_T_proj': True, 'lora_rank': 0, 'lora_alpha': 32.0, 'mean_recurrence': 32, 'mean_backprop_depth': 8}
=== carry ablation: retro-b2-acc32-cc8-mr8 -> eval_results/carry_ablation_b2-165000/retro-b2-acc32-cc8-mr8 ===
Loading: cortex-retrofit/retro-b2-acc32-cc8-mr8/model_only_chkpt_165000  (overlay: None)
Loading checkpoint shards:   0%|          | 0/2 [00:00<?, ?it/s]Loading checkpoint shards:  50%|█████     | 1/2 [01:33<01:33, 93.03s/it]Loading checkpoint shards: 100%|██████████| 2/2 [01:47<00:00, 46.76s/it]Loading checkpoint shards: 100%|██████████| 2/2 [01:47<00:00, 53.70s/it]
Slice ablation: ['oldest', 'newest']  n=32 vectors (accum_vecs=32)  op=drop
T=8  n_chunks=8
data/pg19_olmo_val_len4096: 50 rows, evaluating 50
  25/50 samples...
  50/50 samples...

  Chunk       N    carried     zeroed    d(zeroed)     oldest    d(oldest)     newest    d(newest)   (delta>0 => that carry content helps)
  ------------------------------------------------------------------------------------------------
  1          50     5.1147     5.1147      0.00000     5.1147      0.00000     5.1147      0.00000
  2          50     4.6589     4.7901      0.13120     4.7901      0.13120     4.7901      0.13120
  3          50     4.6895     4.8425      0.15307     4.7132      0.02376     4.7611      0.07159
  4          50     4.6448     4.8144      0.16958     4.6586      0.01379     4.7199      0.07515
  5          50     4.6668     4.8437      0.17691     4.6699      0.00306     4.7412      0.07435
  6          50     4.6150     4.7950      0.17998     4.6163      0.00129     4.6700      0.05497
  7          50     4.6427     4.8285      0.18584     4.6447      0.00200     4.7011      0.05848
  8          50     4.6780     4.8528      0.17481     4.6809      0.00295     4.7325      0.05449

  chunks 2+ [ zeroed]: delta = 0.16734 (SE 0.00339)  [chunk 1 is the identical-by-construction control]

  chunks 2+ [ oldest]: delta = 0.02543 (SE 0.00268)

  chunks 2+ [ newest]: delta = 0.07432 (SE 0.00258)

Results saved -> eval_results/carry_ablation_b2-165000/retro-b2-acc32-cc8-mr8
---------------------------------------
Begin Slurm Epilog: Aug-18-2026 14:50:14
Job ID:        11988070
User ID:       hjiang420
Account:       gts-aivanova7-lab
Job name:      eval_carry_ablation.sbatch
Resources:     cpu=8,gres/gpu:a100=1,mem=64G,node=1
Rsrc Used:     cput=00:31:12,vmem=0,walltime=00:03:54,mem=5380240K,energy_used=0
Partition:     gpu-a100
QOS:           inferno
Nodes:         atl1-1-02-018-29-0
---------------------------------------
