---------------------------------------
Begin Slurm Prolog: Sep-01-2026 05:36:50
Job ID:    12651912
User ID:   hjiang420
Account:   gts-aivanova7-lab
Job name:  eval_longcontext.sbatch
Partition: gpu-a100
QOS:       inferno
---------------------------------------

CondaError: Run 'conda init' before 'conda deactivate'

=== long-context eval: base-T8-nc8-sl512  (ckpts/olmo8-cortex) -> eval_results/longcontext_b2-final/base-T8-nc8-sl512 ===
Loading checkpoint: None
Loading checkpoint shards:   0%|          | 0/2 [00:00<?, ?it/s]Loading checkpoint shards:  50%|█████     | 1/2 [01:25<01:25, 85.43s/it]Loading checkpoint shards: 100%|██████████| 2/2 [01:40<00:00, 43.91s/it]Loading checkpoint shards: 100%|██████████| 2/2 [01:40<00:00, 50.14s/it]
T=8  tasks=['qa1', 'qa2', 'qa3']  num_chunks=8  passes_per_chunk=1  ccot_passes=0

--- qa1 ---
  [qa1/1k] 50 examples processed...
  [qa1/1k] 100 examples processed...
  [qa1/2k] 50 examples processed...
  [qa1/2k] 100 examples processed...
  [qa1/4k] 50 examples processed...
  [qa1/4k] 100 examples processed...
  [qa1/8k] 50 examples processed...
  [qa1/8k] 100 examples processed...
  [qa1/16k] 50 examples processed...
  [qa1/16k] 100 examples processed...
  [qa1/32k] 50 examples processed...
  [qa1/32k] 100 examples processed...
  Bucket        Correct    Total      Acc
  ----------------------------------------
  1k                 21      100    0.210
  2k                 26      100    0.260
  4k                 23      100    0.230
  8k                 22      100    0.220
  16k                23      100    0.230
  32k                23      100    0.230

--- qa2 ---
  [qa2/1k] 50 examples processed...
  [qa2/1k] 100 examples processed...
  [qa2/2k] 50 examples processed...
  [qa2/2k] 100 examples processed...
  [qa2/4k] 50 examples processed...
  [qa2/4k] 100 examples processed...
  [qa2/8k] 50 examples processed...
  [qa2/8k] 100 examples processed...
  [qa2/16k] 50 examples processed...
  [qa2/16k] 100 examples processed...
  [qa2/32k] 50 examples processed...
  [qa2/32k] 100 examples processed...
  Bucket        Correct    Total      Acc
  ----------------------------------------
  1k                 17      100    0.170
  2k                 14      100    0.140
  4k                 11      100    0.110
  8k                 12      100    0.120
  16k                13      100    0.130
  32k                 7      100    0.070

--- qa3 ---
  [qa3/1k] 50 examples processed...
  [qa3/1k] 100 examples processed...
  [qa3/2k] 50 examples processed...
  [qa3/2k] 100 examples processed...
  [qa3/4k] 50 examples processed...
  [qa3/4k] 100 examples processed...
  [qa3/8k] 50 examples processed...
  [qa3/8k] 100 examples processed...
  [qa3/16k] 50 examples processed...
  [qa3/16k] 100 examples processed...
  [qa3/32k] 50 examples processed...
  [qa3/32k] 100 examples processed...
  Bucket        Correct    Total      Acc
  ----------------------------------------
  1k                 17      100    0.170
  2k                 18      100    0.180
  4k                 18      100    0.180
  8k                 20      100    0.200
  16k                14      100    0.140
  32k                16      100    0.160

Results saved → eval_results/longcontext_b2-final/base-T8-nc8-sl512/babilong
Loading checkpoint: None
Loading checkpoint shards:   0%|          | 0/2 [00:00<?, ?it/s]Loading checkpoint shards:  50%|█████     | 1/2 [01:24<01:24, 84.76s/it]Loading checkpoint shards: 100%|██████████| 2/2 [01:39<00:00, 43.66s/it]Loading checkpoint shards: 100%|██████████| 2/2 [01:39<00:00, 49.83s/it]
T=8
  50 examples processed...
  100 examples processed...
  150 examples processed...
  200 examples processed...
  250 examples processed...
  300 examples processed...
  350 examples processed...
  400 examples processed...

  Bucket            Correct    Total      Acc
  --------------------------------------------
  ≤50sess                18      200    0.090
  >50sess                18      200    0.090

Results saved → eval_results/longcontext_b2-final/base-T8-nc8-sl512/longmemeval
---------------------------------------
Begin Slurm Epilog: Sep-01-2026 06:10:13
Job ID:        12651912
User ID:       hjiang420
Account:       gts-aivanova7-lab
Job name:      eval_longcontext.sbatch
Resources:     cpu=8,gres/gpu:a100=1,mem=64G,node=1
Rsrc Used:     cput=04:27:12,vmem=0,walltime=00:33:24,mem=6423396K,energy_used=0
Partition:     gpu-a100
QOS:           inferno
Nodes:         atl1-1-02-018-27-0
---------------------------------------
