---------------------------------------
Begin Slurm Prolog: Sep-16-2026 22:36:28
Job ID:    13272605
User ID:   hjiang420
Account:   gts-aivanova7-lab
Job name:  p1_arms.sbatch
Partition: gpu-h200
QOS:       inferno
---------------------------------------

CondaError: Run 'conda init' before 'conda deactivate'

MASTER_PORT=51291
[preflight] summary_emb [16, 2048] OK; sliced 32 -> 16 on 2026-09-16T16:56:20 (eff. rank 10.90 of 20.02)
Branching probe-p1-a1-accum-w16-cc8 from cortex-retrofit/retro-b2-heal/checkpoint_91552_w16
=== P1 probe-p1-a1-accum-w16-cc8 | arm=a1 | prefix=accum | data=data/pg19_fw50_olmo_len4096 ===
    geometry: cross_chunks=8 (512-tok chunks)  W=16 carry_grad_chunks=4
    buffer: accum_max=128 (no trim: 8 x 16)
    steps: parent 91552 -> stop 91952 (400 steps, 6553600 tokens); schedule horizon 305176
NVIDIA H200, 143771 MiB
[W916 22:37:49.756835125 CUDAAllocatorConfig.h:28] Warning: expandable_segments not supported on this platform (function operator())
Wed Sep 16 22:37:47: Time to load libraries: 11.08 seconds.
--------------------------------------------------------------------
------------------ Launching run probe-p1-a1-accum-w16-cc8------------------
--------------------------------------------------------------------
--------------------------------------------------------------------
Platform: linux, Python: 3.11.15, PyTorch: 2.5.1+cu121
CPU threads: 8, GPUs: 1 on atl1-1-03-018-14-0.pace.gatech.edu.
GPU : NVIDIA H200. CUDA: 12.1.
[cortex] memory ON: K=0 K_iter=0 ccot_direct=False accum_ccot=False (vecs=16/max=128) gated_accum=False prefix_memory=accum prefix_pos=tail prefix_eos_reset=False cross_chunks=8 carry_grad_chunks=4 random_segments=False lora_rank=0
Random Initialization not implemented.
Random Initialization not implemented.
Random Initialization not implemented.
Loading checkpoint shards:   0%|          | 0/2 [00:00<?, ?it/s]Loading checkpoint shards:  50%|█████     | 1/2 [00:15<00:15, 15.50s/it]Loading checkpoint shards: 100%|██████████| 2/2 [00:16<00:00,  6.96s/it]Loading checkpoint shards: 100%|██████████| 2/2 [00:16<00:00,  8.24s/it]
Some weights of RavenForCausalLM were not initialized from the model checkpoint at ckpts/olmo-retrofit-cortex and are newly initialized: ['cortex.prefix.summary_emb', 'cortex.prefix.summary_seeded']
You should probably TRAIN this model on a down-stream task to be able to use it for predictions and inference.
wandb: [wandb.login()] Loaded credentials for https://api.wandb.ai from /storage/home/hcoda1/3/hjiang420/.netrc.
wandb: Currently logged in as: henryyjiang42 (henryyjiang42-georgia-institute-of-technology) to https://api.wandb.ai. Use `wandb login --relogin` to force relogin
wandb: Tracking run with wandb version 0.28.0
wandb: Run data is saved locally in cortex-retrofit/wandb/run-20260916_223810-zq7bio0g
wandb: Run `wandb offline` to turn off syncing.
wandb: Syncing run probe-p1-a1-accum-w16-cc8
wandb: ⭐️ View project at https://wandb.ai/henryyjiang42-georgia-institute-of-technology/cortex-retrofit
wandb: 🚀 View run at https://wandb.ai/henryyjiang42-georgia-institute-of-technology/cortex-retrofit/runs/zq7bio0g
/storage/home/hcoda1/3/hjiang420/cortex-finetune/train.py:738: FutureWarning: You are using `torch.load` with `weights_only=False` (the current default value), which uses the default pickle module implicitly. It is possible to construct malicious pickle data which will execute arbitrary code during unpickling (See https://github.com/pytorch/pytorch/blob/main/SECURITY.md#untrusted-models for more details). In a future release, the default value for `weights_only` will be flipped to `True`. This limits the functions that could be executed during unpickling. Arbitrary objects will no longer be allowed to be loaded via this mode unless they are explicitly allowlisted by the user via `torch.serialization.add_safe_globals`. We recommend you start setting `weights_only=True` for any use case where you don't have full control of the loaded file. Please open an issue on GitHub for any issues related to this experimental feature.
  ckpt = torch.load(f"{path}/chkpt.pt", map_location=device)
[cortex] reset 0 cortex submodules to nn defaults + re-applied designed inits ['prefix.[summary_emb~N(reseeded from wte on first forward)]'] (undo post_init clobber)
[branch] summary_emb was SLICED 32 -> 16 rows (first W_new rows (tail layout: slot j attends slots < j)), 2026-09-16T16:56:20, from cortex-retrofit/retro-b2-heal/checkpoint_91552
[branch]   effective rank 10.90 of the parent's 20.02; kept-row centred cos -0.0652
[branch] loaded weights from cortex-retrofit/retro-b2-heal/checkpoint_91552_w16; 0 new memory params start fresh: []
[branch] optimizer state NOT restored (param set changed); LR schedule, recurrence ramp and step counter continue
Branched from cortex-retrofit/retro-b2-heal/checkpoint_91552_w16
GPU: cuda:0 | Step:    4 | Updates: 91553 | Time/step: 1.4089 | Tok/sec=  2907.29 | Loss: 2.7530 / log-ppl: 15.6895 | Grad-Norm 2.7593 | ClipCoef 0.3624 | Peak-Mem 108.74GiB
[timeout-save] walltime deadline resolved: 172681s from now
GPU: cuda:0 | Step:    8 | Updates: 91554 | Time/step: 1.1940 | Tok/sec=  3430.55 | Loss: 2.8794 / log-ppl: 17.8027 | Grad-Norm 5.7316 | ClipCoef 0.1745 | Peak-Mem 115.33GiB
GPU: cuda:0 | Step:   12 | Updates: 91555 | Time/step: 0.8163 | Tok/sec=  5017.74 | Loss: 3.6615 / log-ppl: 38.9182 | Grad-Norm 2.5156 | ClipCoef 0.3975 | Peak-Mem 115.33GiB
GPU: cuda:0 | Step:   16 | Updates: 91556 | Time/step: 1.0393 | Tok/sec=  3941.18 | Loss: 3.2532 / log-ppl: 25.8719 | Grad-Norm 2.3425 | ClipCoef 0.4269 | Peak-Mem 115.33GiB
GPU: cuda:0 | Step:   20 | Updates: 91557 | Time/step: 0.9167 | Tok/sec=  4468.37 | Loss: 3.7489 / log-ppl: 42.4736 | Grad-Norm 2.1082 | ClipCoef 0.4743 | Peak-Mem 115.33GiB
GPU: cuda:0 | Step:   24 | Updates: 91558 | Time/step: 0.9692 | Tok/sec=  4226.29 | Loss: 2.4699 / log-ppl: 11.8218 | Grad-Norm 1.9282 | ClipCoef 0.5186 | Peak-Mem 115.33GiB
GPU: cuda:0 | Step:   28 | Updates: 91559 | Time/step: 0.9966 | Tok/sec=  4109.84 | Loss: 2.1617 / log-ppl: 8.6855 | Grad-Norm 1.6421 | ClipCoef 0.6090 | Peak-Mem 115.33GiB
GPU: cuda:0 | Step:   32 | Updates: 91560 | Time/step: 1.0137 | Tok/sec=  4040.69 | Loss: 2.7804 / log-ppl: 16.1262 | Grad-Norm 2.1622 | ClipCoef 0.4625 | Peak-Mem 110.27GiB
GPU: cuda:0 | Step:   36 | Updates: 91561 | Time/step: 1.1561 | Tok/sec=  3542.93 | Loss: 2.6887 / log-ppl: 14.7125 | Grad-Norm 1.9609 | ClipCoef 0.5100 | Peak-Mem 115.33GiB
GPU: cuda:0 | Step:   40 | Updates: 91562 | Time/step: 0.8720 | Tok/sec=  4697.49 | Loss: 3.9815 / log-ppl: 53.5966 | Grad-Norm 1.7682 | ClipCoef 0.5656 | Peak-Mem 110.27GiB
GPU: cuda:0 | Step:   44 | Updates: 91563 | Time/step: 0.9679 | Tok/sec=  4231.80 | Loss: 3.6011 / log-ppl: 36.6379 | Grad-Norm 1.8711 | ClipCoef 0.5344 | Peak-Mem 115.33GiB
GPU: cuda:0 | Step:   48 | Updates: 91564 | Time/step: 0.8442 | Tok/sec=  4852.07 | Loss: 3.3592 / log-ppl: 28.7661 | Grad-Norm 2.4687 | ClipCoef 0.4051 | Peak-Mem 115.33GiB
GPU: cuda:0 | Step:   52 | Updates: 91565 | Time/step: 0.9696 | Tok/sec=  4224.39 | Loss: 3.8039 / log-ppl: 44.8754 | Grad-Norm 1.9188 | ClipCoef 0.5212 | Peak-Mem 115.33GiB
GPU: cuda:0 | Step:   56 | Updates: 91566 | Time/step: 0.9369 | Tok/sec=  4371.81 | Loss: 2.6126 / log-ppl: 13.6343 | Grad-Norm 1.7827 | ClipCoef 0.5609 | Peak-Mem 115.33GiB
GPU: cuda:0 | Step:   60 | Updates: 91567 | Time/step: 1.1135 | Tok/sec=  3678.53 | Loss: 3.1736 / log-ppl: 23.8939 | Grad-Norm 2.2135 | ClipCoef 0.4518 | Peak-Mem 115.33GiB
GPU: cuda:0 | Step:   64 | Updates: 91568 | Time/step: 0.8963 | Tok/sec=  4570.14 | Loss: 3.6151 / log-ppl: 37.1558 | Grad-Norm 68.0419 | ClipCoef 0.0147 | Peak-Mem 115.33GiB
GPU: cuda:0 | Step:   68 | Updates: 91569 | Time/step: 1.3107 | Tok/sec=  3125.16 | Loss: 3.7545 / log-ppl: 42.7113 | Grad-Norm 1.7213 | ClipCoef 0.5810 | Peak-Mem 115.33GiB
GPU: cuda:0 | Step:   72 | Updates: 91570 | Time/step: 1.3007 | Tok/sec=  3149.03 | Loss: 2.7193 / log-ppl: 15.1703 | Grad-Norm 1.9599 | ClipCoef 0.5102 | Peak-Mem 115.33GiB
GPU: cuda:0 | Step:   76 | Updates: 91571 | Time/step: 0.9402 | Tok/sec=  4356.51 | Loss: 3.3748 / log-ppl: 29.2198 | Grad-Norm 2.2112 | ClipCoef 0.4522 | Peak-Mem 115.33GiB
GPU: cuda:0 | Step:   80 | Updates: 91572 | Time/step: 0.9563 | Tok/sec=  4283.04 | Loss: 3.3590 / log-ppl: 28.7596 | Grad-Norm 2.2566 | ClipCoef 0.4432 | Peak-Mem 115.33GiB
GPU: cuda:0 | Step:   84 | Updates: 91573 | Time/step: 0.8984 | Tok/sec=  4559.02 | Loss: 4.1190 / log-ppl: 61.4959 | Grad-Norm 2.4489 | ClipCoef 0.4083 | Peak-Mem 115.33GiB
GPU: cuda:0 | Step:   88 | Updates: 91574 | Time/step: 0.9286 | Tok/sec=  4410.77 | Loss: 2.7350 / log-ppl: 15.4099 | Grad-Norm 1.9645 | ClipCoef 0.5090 | Peak-Mem 115.33GiB
GPU: cuda:0 | Step:   92 | Updates: 91575 | Time/step: 1.0182 | Tok/sec=  4022.79 | Loss: 3.1722 / log-ppl: 23.8590 | Grad-Norm 7.7677 | ClipCoef 0.1287 | Peak-Mem 115.33GiB
GPU: cuda:0 | Step:   96 | Updates: 91576 | Time/step: 1.4070 | Tok/sec=  2911.11 | Loss: 3.0819 / log-ppl: 21.8005 | Grad-Norm 4.6521 | ClipCoef 0.2150 | Peak-Mem 115.33GiB
GPU: cuda:0 | Step:  100 | Updates: 91577 | Time/step: 0.9724 | Tok/sec=  4212.12 | Loss: 4.3231 / log-ppl: 75.4240 | Grad-Norm 2.7987 | ClipCoef 0.3573 | Peak-Mem 110.27GiB
GPU: cuda:0 | Step:  104 | Updates: 91578 | Time/step: 1.1721 | Tok/sec=  3494.60 | Loss: 3.6026 / log-ppl: 36.6946 | Grad-Norm 2.0913 | ClipCoef 0.4782 | Peak-Mem 115.33GiB
GPU: cuda:0 | Step:  108 | Updates: 91579 | Time/step: 1.0360 | Tok/sec=  3953.57 | Loss: 3.1843 / log-ppl: 24.1508 | Grad-Norm 4.3923 | ClipCoef 0.2277 | Peak-Mem 115.33GiB
GPU: cuda:0 | Step:  112 | Updates: 91580 | Time/step: 0.9877 | Tok/sec=  4147.15 | Loss: 3.9114 / log-ppl: 49.9682 | Grad-Norm 2.3803 | ClipCoef 0.4201 | Peak-Mem 115.33GiB
GPU: cuda:0 | Step:  116 | Updates: 91581 | Time/step: 1.2349 | Tok/sec=  3316.90 | Loss: 3.9231 / log-ppl: 50.5549 | Grad-Norm 1.9982 | ClipCoef 0.5005 | Peak-Mem 115.33GiB
GPU: cuda:0 | Step:  120 | Updates: 91582 | Time/step: 1.1724 | Tok/sec=  3493.77 | Loss: 2.2257 / log-ppl: 9.2599 | Grad-Norm 1.6656 | ClipCoef 0.6004 | Peak-Mem 115.33GiB
GPU: cuda:0 | Step:  124 | Updates: 91583 | Time/step: 0.8757 | Tok/sec=  4677.20 | Loss: 2.7101 / log-ppl: 15.0308 | Grad-Norm 1.8466 | ClipCoef 0.5415 | Peak-Mem 115.33GiB
GPU: cuda:0 | Step:  128 | Updates: 91584 | Time/step: 1.2080 | Tok/sec=  3390.61 | Loss: 2.6694 / log-ppl: 14.4320 | Grad-Norm 1.9121 | ClipCoef 0.5230 | Peak-Mem 115.33GiB
GPU: cuda:0 | Step:  132 | Updates: 91585 | Time/step: 1.1915 | Tok/sec=  3437.60 | Loss: 3.4220 / log-ppl: 30.6294 | Grad-Norm 2.3391 | ClipCoef 0.4275 | Peak-Mem 115.33GiB
GPU: cuda:0 | Step:  136 | Updates: 91586 | Time/step: 1.0930 | Tok/sec=  3747.32 | Loss: 2.7879 / log-ppl: 16.2466 | Grad-Norm 1.5602 | ClipCoef 0.6409 | Peak-Mem 115.33GiB
GPU: cuda:0 | Step:  140 | Updates: 91587 | Time/step: 1.0951 | Tok/sec=  3740.45 | Loss: 3.2443 / log-ppl: 25.6432 | Grad-Norm 2.0458 | ClipCoef 0.4888 | Peak-Mem 115.33GiB
GPU: cuda:0 | Step:  144 | Updates: 91588 | Time/step: 0.9841 | Tok/sec=  4161.98 | Loss: 2.9273 / log-ppl: 18.6769 | Grad-Norm 1.5690 | ClipCoef 0.6373 | Peak-Mem 115.33GiB
GPU: cuda:0 | Step:  148 | Updates: 91589 | Time/step: 1.0978 | Tok/sec=  3731.24 | Loss: 3.9124 / log-ppl: 50.0175 | Grad-Norm 44.3369 | ClipCoef 0.0226 | Peak-Mem 115.33GiB
GPU: cuda:0 | Step:  152 | Updates: 91590 | Time/step: 1.1353 | Tok/sec=  3607.72 | Loss: 3.4674 / log-ppl: 32.0517 | Grad-Norm 1.7488 | ClipCoef 0.5718 | Peak-Mem 115.33GiB
GPU: cuda:0 | Step:  156 | Updates: 91591 | Time/step: 1.1158 | Tok/sec=  3670.88 | Loss: 3.3398 / log-ppl: 28.2141 | Grad-Norm 1.6607 | ClipCoef 0.6022 | Peak-Mem 115.33GiB
GPU: cuda:0 | Step:  160 | Updates: 91592 | Time/step: 0.7822 | Tok/sec=  5236.22 | Loss: 3.4554 / log-ppl: 31.6704 | Grad-Norm 3.6257 | ClipCoef 0.2758 | Peak-Mem 85.29GiB
GPU: cuda:0 | Step:  164 | Updates: 91593 | Time/step: 1.2589 | Tok/sec=  3253.65 | Loss: 2.5638 / log-ppl: 12.9847 | Grad-Norm 2.4107 | ClipCoef 0.4148 | Peak-Mem 115.33GiB
GPU: cuda:0 | Step:  168 | Updates: 91594 | Time/step: 1.3365 | Tok/sec=  3064.81 | Loss: 2.8198 / log-ppl: 16.7730 | Grad-Norm 1.9589 | ClipCoef 0.5105 | Peak-Mem 115.33GiB
GPU: cuda:0 | Step:  172 | Updates: 91595 | Time/step: 0.8603 | Tok/sec=  4761.05 | Loss: 2.8482 / log-ppl: 17.2567 | Grad-Norm 2.3963 | ClipCoef 0.4173 | Peak-Mem 115.33GiB
GPU: cuda:0 | Step:  176 | Updates: 91596 | Time/step: 0.7768 | Tok/sec=  5272.68 | Loss: 3.7333 / log-ppl: 41.8168 | Grad-Norm 2.5252 | ClipCoef 0.3960 | Peak-Mem 110.27GiB
GPU: cuda:0 | Step:  180 | Updates: 91597 | Time/step: 1.1301 | Tok/sec=  3624.40 | Loss: 2.9484 / log-ppl: 19.0747 | Grad-Norm 1.8043 | ClipCoef 0.5542 | Peak-Mem 115.33GiB
GPU: cuda:0 | Step:  184 | Updates: 91598 | Time/step: 1.2104 | Tok/sec=  3384.06 | Loss: 2.9477 / log-ppl: 19.0626 | Grad-Norm 1.7340 | ClipCoef 0.5767 | Peak-Mem 115.33GiB
GPU: cuda:0 | Step:  188 | Updates: 91599 | Time/step: 1.0212 | Tok/sec=  4010.84 | Loss: 2.5988 / log-ppl: 13.4481 | Grad-Norm 2.4337 | ClipCoef 0.4109 | Peak-Mem 115.33GiB
GPU: cuda:0 | Step:  192 | Updates: 91600 | Time/step: 0.8591 | Tok/sec=  4767.68 | Loss: 2.9514 / log-ppl: 19.1328 | Grad-Norm 1.6884 | ClipCoef 0.5923 | Peak-Mem 115.33GiB
GPU: cuda:0 | Step:  196 | Updates: 91601 | Time/step: 1.0959 | Tok/sec=  3737.44 | Loss: 2.9904 / log-ppl: 19.8945 | Grad-Norm 1.6586 | ClipCoef 0.6029 | Peak-Mem 115.33GiB
GPU: cuda:0 | Step:  200 | Updates: 91602 | Time/step: 1.0592 | Tok/sec=  3867.10 | Loss: 2.4742 / log-ppl: 11.8727 | Grad-Norm 1.8902 | ClipCoef 0.5291 | Peak-Mem 113.77GiB
GPU: cuda:0 | Step:  204 | Updates: 91603 | Time/step: 1.0978 | Tok/sec=  3731.12 | Loss: 3.5028 / log-ppl: 33.2076 | Grad-Norm 2.0841 | ClipCoef 0.4798 | Peak-Mem 115.33GiB
GPU: cuda:0 | Step:  208 | Updates: 91604 | Time/step: 0.8518 | Tok/sec=  4808.71 | Loss: 2.9143 / log-ppl: 18.4367 | Grad-Norm 1.6769 | ClipCoef 0.5963 | Peak-Mem 95.31GiB
GPU: cuda:0 | Step:  212 | Updates: 91605 | Time/step: 1.0153 | Tok/sec=  4034.28 | Loss: 3.0493 / log-ppl: 21.1011 | Grad-Norm 2.9057 | ClipCoef 0.3441 | Peak-Mem 115.33GiB
GPU: cuda:0 | Step:  216 | Updates: 91606 | Time/step: 1.0430 | Tok/sec=  3927.12 | Loss: 3.4988 / log-ppl: 33.0749 | Grad-Norm 4.0478 | ClipCoef 0.2470 | Peak-Mem 115.33GiB
GPU: cuda:0 | Step:  220 | Updates: 91607 | Time/step: 1.3478 | Tok/sec=  3039.01 | Loss: 2.8069 / log-ppl: 16.5582 | Grad-Norm 4.5195 | ClipCoef 0.2213 | Peak-Mem 115.33GiB
GPU: cuda:0 | Step:  224 | Updates: 91608 | Time/step: 0.9919 | Tok/sec=  4129.53 | Loss: 2.9312 / log-ppl: 18.7506 | Grad-Norm 1.7078 | ClipCoef 0.5855 | Peak-Mem 105.32GiB
GPU: cuda:0 | Step:  228 | Updates: 91609 | Time/step: 1.0814 | Tok/sec=  3787.52 | Loss: 2.5347 / log-ppl: 12.6131 | Grad-Norm 1.4773 | ClipCoef 0.6769 | Peak-Mem 115.33GiB
GPU: cuda:0 | Step:  232 | Updates: 91610 | Time/step: 0.9824 | Tok/sec=  4169.30 | Loss: 3.1422 / log-ppl: 23.1540 | Grad-Norm 2.5529 | ClipCoef 0.3917 | Peak-Mem 115.33GiB
GPU: cuda:0 | Step:  236 | Updates: 91611 | Time/step: 1.1559 | Tok/sec=  3543.41 | Loss: 2.5711 / log-ppl: 13.0798 | Grad-Norm 2.7662 | ClipCoef 0.3615 | Peak-Mem 115.33GiB
GPU: cuda:0 | Step:  240 | Updates: 91612 | Time/step: 1.3374 | Tok/sec=  3062.70 | Loss: 3.0317 / log-ppl: 20.7334 | Grad-Norm 4.9571 | ClipCoef 0.2017 | Peak-Mem 115.33GiB
GPU: cuda:0 | Step:  244 | Updates: 91613 | Time/step: 1.0778 | Tok/sec=  3800.43 | Loss: 2.8022 / log-ppl: 16.4802 | Grad-Norm 1.9541 | ClipCoef 0.5118 | Peak-Mem 115.33GiB
GPU: cuda:0 | Step:  248 | Updates: 91614 | Time/step: 0.8667 | Tok/sec=  4725.91 | Loss: 4.7416 / log-ppl: 114.6208 | Grad-Norm 1.8780 | ClipCoef 0.5325 | Peak-Mem 115.33GiB
GPU: cuda:0 | Step:  252 | Updates: 91615 | Time/step: 1.1818 | Tok/sec=  3465.86 | Loss: 2.6571 / log-ppl: 14.2550 | Grad-Norm 4.2547 | ClipCoef 0.2350 | Peak-Mem 115.33GiB
GPU: cuda:0 | Step:  256 | Updates: 91616 | Time/step: 0.9609 | Tok/sec=  4262.68 | Loss: 2.7839 / log-ppl: 16.1828 | Grad-Norm 2.0559 | ClipCoef 0.4864 | Peak-Mem 115.33GiB
GPU: cuda:0 | Step:  260 | Updates: 91617 | Time/step: 0.9356 | Tok/sec=  4377.91 | Loss: 2.2176 / log-ppl: 9.1857 | Grad-Norm 2.0588 | ClipCoef 0.4857 | Peak-Mem 115.33GiB
GPU: cuda:0 | Step:  264 | Updates: 91618 | Time/step: 0.9009 | Tok/sec=  4546.55 | Loss: 2.3068 / log-ppl: 10.0419 | Grad-Norm 2.4398 | ClipCoef 0.4099 | Peak-Mem 115.33GiB
GPU: cuda:0 | Step:  268 | Updates: 91619 | Time/step: 1.2534 | Tok/sec=  3267.99 | Loss: 3.0266 / log-ppl: 20.6273 | Grad-Norm 2.0629 | ClipCoef 0.4848 | Peak-Mem 115.33GiB
GPU: cuda:0 | Step:  272 | Updates: 91620 | Time/step: 1.1543 | Tok/sec=  3548.39 | Loss: 3.0498 / log-ppl: 21.1117 | Grad-Norm 1.7751 | ClipCoef 0.5633 | Peak-Mem 115.33GiB
GPU: cuda:0 | Step:  276 | Updates: 91621 | Time/step: 1.3177 | Tok/sec=  3108.42 | Loss: 4.4301 / log-ppl: 83.9365 | Grad-Norm 2.5690 | ClipCoef 0.3893 | Peak-Mem 115.33GiB
GPU: cuda:0 | Step:  280 | Updates: 91622 | Time/step: 1.0392 | Tok/sec=  3941.40 | Loss: 3.9557 / log-ppl: 52.2323 | Grad-Norm 3.8903 | ClipCoef 0.2570 | Peak-Mem 115.33GiB
GPU: cuda:0 | Step:  284 | Updates: 91623 | Time/step: 1.1390 | Tok/sec=  3596.10 | Loss: 3.5063 / log-ppl: 33.3257 | Grad-Norm 1.6635 | ClipCoef 0.6012 | Peak-Mem 115.33GiB
GPU: cuda:0 | Step:  288 | Updates: 91624 | Time/step: 1.0221 | Tok/sec=  4007.39 | Loss: 2.9757 / log-ppl: 19.6042 | Grad-Norm 2.0916 | ClipCoef 0.4781 | Peak-Mem 115.33GiB
GPU: cuda:0 | Step:  292 | Updates: 91625 | Time/step: 1.0156 | Tok/sec=  4033.20 | Loss: 2.8447 / log-ppl: 17.1969 | Grad-Norm 1.6764 | ClipCoef 0.5965 | Peak-Mem 115.33GiB
GPU: cuda:0 | Step:  296 | Updates: 91626 | Time/step: 1.1725 | Tok/sec=  3493.40 | Loss: 3.0602 / log-ppl: 21.3323 | Grad-Norm 1.9116 | ClipCoef 0.5231 | Peak-Mem 115.33GiB
GPU: cuda:0 | Step:  300 | Updates: 91627 | Time/step: 0.9998 | Tok/sec=  4096.87 | Loss: 2.5556 / log-ppl: 12.8787 | Grad-Norm 1.8056 | ClipCoef 0.5538 | Peak-Mem 115.33GiB
GPU: cuda:0 | Step:  304 | Updates: 91628 | Time/step: 0.9624 | Tok/sec=  4255.83 | Loss: 2.8457 / log-ppl: 17.2139 | Grad-Norm 2.3719 | ClipCoef 0.4216 | Peak-Mem 115.33GiB
GPU: cuda:0 | Step:  308 | Updates: 91629 | Time/step: 1.2894 | Tok/sec=  3176.56 | Loss: 3.4152 / log-ppl: 30.4245 | Grad-Norm 2.1236 | ClipCoef 0.4709 | Peak-Mem 115.33GiB
GPU: cuda:0 | Step:  312 | Updates: 91630 | Time/step: 1.0137 | Tok/sec=  4040.53 | Loss: 2.8049 / log-ppl: 16.5262 | Grad-Norm 1.6641 | ClipCoef 0.6009 | Peak-Mem 115.33GiB
GPU: cuda:0 | Step:  316 | Updates: 91631 | Time/step: 1.1600 | Tok/sec=  3531.05 | Loss: 2.1590 / log-ppl: 8.6625 | Grad-Norm 2.2651 | ClipCoef 0.4415 | Peak-Mem 115.33GiB
GPU: cuda:0 | Step:  320 | Updates: 91632 | Time/step: 1.2342 | Tok/sec=  3318.75 | Loss: 3.3752 / log-ppl: 29.2309 | Grad-Norm 2.1002 | ClipCoef 0.4761 | Peak-Mem 115.33GiB
GPU: cuda:0 | Step:  324 | Updates: 91633 | Time/step: 1.1363 | Tok/sec=  3604.63 | Loss: 4.1943 / log-ppl: 66.3055 | Grad-Norm 3.2873 | ClipCoef 0.3042 | Peak-Mem 115.33GiB
GPU: cuda:0 | Step:  328 | Updates: 91634 | Time/step: 0.9677 | Tok/sec=  4232.50 | Loss: 2.9601 / log-ppl: 19.3007 | Grad-Norm 2.0507 | ClipCoef 0.4876 | Peak-Mem 115.33GiB
GPU: cuda:0 | Step:  332 | Updates: 91635 | Time/step: 1.2998 | Tok/sec=  3151.27 | Loss: 2.8559 / log-ppl: 17.3909 | Grad-Norm 3.1279 | ClipCoef 0.3197 | Peak-Mem 115.33GiB
GPU: cuda:0 | Step:  336 | Updates: 91636 | Time/step: 1.0640 | Tok/sec=  3849.69 | Loss: 2.9118 / log-ppl: 18.3903 | Grad-Norm 1.7781 | ClipCoef 0.5624 | Peak-Mem 115.33GiB
GPU: cuda:0 | Step:  340 | Updates: 91637 | Time/step: 1.1116 | Tok/sec=  3684.87 | Loss: 2.8361 / log-ppl: 17.0495 | Grad-Norm 4.2444 | ClipCoef 0.2356 | Peak-Mem 115.33GiB
GPU: cuda:0 | Step:  344 | Updates: 91638 | Time/step: 1.1620 | Tok/sec=  3524.83 | Loss: 2.3745 / log-ppl: 10.7453 | Grad-Norm 1.8239 | ClipCoef 0.5483 | Peak-Mem 115.33GiB
GPU: cuda:0 | Step:  348 | Updates: 91639 | Time/step: 1.1930 | Tok/sec=  3433.30 | Loss: 3.1438 / log-ppl: 23.1915 | Grad-Norm 2.2025 | ClipCoef 0.4540 | Peak-Mem 115.33GiB
GPU: cuda:0 | Step:  352 | Updates: 91640 | Time/step: 1.1226 | Tok/sec=  3648.68 | Loss: 3.4881 / log-ppl: 32.7242 | Grad-Norm 3.3664 | ClipCoef 0.2971 | Peak-Mem 115.33GiB
GPU: cuda:0 | Step:  356 | Updates: 91641 | Time/step: 1.1023 | Tok/sec=  3715.97 | Loss: 3.6693 / log-ppl: 39.2247 | Grad-Norm 1.6528 | ClipCoef 0.6050 | Peak-Mem 115.33GiB
GPU: cuda:0 | Step:  360 | Updates: 91642 | Time/step: 1.0007 | Tok/sec=  4093.32 | Loss: 3.6119 / log-ppl: 37.0371 | Grad-Norm 2.2292 | ClipCoef 0.4486 | Peak-Mem 115.33GiB
GPU: cuda:0 | Step:  364 | Updates: 91643 | Time/step: 0.7435 | Tok/sec=  5509.02 | Loss: 2.9163 / log-ppl: 18.4726 | Grad-Norm 1.7271 | ClipCoef 0.5790 | Peak-Mem 95.31GiB
GPU: cuda:0 | Step:  368 | Updates: 91644 | Time/step: 0.9551 | Tok/sec=  4288.51 | Loss: 3.0146 / log-ppl: 20.3818 | Grad-Norm 1.5050 | ClipCoef 0.6644 | Peak-Mem 115.33GiB
GPU: cuda:0 | Step:  372 | Updates: 91645 | Time/step: 1.0039 | Tok/sec=  4079.96 | Loss: 3.3905 / log-ppl: 29.6809 | Grad-Norm 1.8464 | ClipCoef 0.5416 | Peak-Mem 115.33GiB
GPU: cuda:0 | Step:  376 | Updates: 91646 | Time/step: 1.0721 | Tok/sec=  3820.60 | Loss: 2.5296 / log-ppl: 12.5481 | Grad-Norm 1.6168 | ClipCoef 0.6185 | Peak-Mem 115.33GiB
GPU: cuda:0 | Step:  380 | Updates: 91647 | Time/step: 0.9731 | Tok/sec=  4209.41 | Loss: 2.4582 / log-ppl: 11.6837 | Grad-Norm 2.7709 | ClipCoef 0.3609 | Peak-Mem 115.33GiB
GPU: cuda:0 | Step:  384 | Updates: 91648 | Time/step: 0.9288 | Tok/sec=  4409.95 | Loss: 3.1983 / log-ppl: 24.4899 | Grad-Norm 1.7078 | ClipCoef 0.5855 | Peak-Mem 110.27GiB
GPU: cuda:0 | Step:  388 | Updates: 91649 | Time/step: 1.0551 | Tok/sec=  3881.99 | Loss: 3.0183 / log-ppl: 20.4568 | Grad-Norm 1.5013 | ClipCoef 0.6661 | Peak-Mem 115.33GiB
GPU: cuda:0 | Step:  392 | Updates: 91650 | Time/step: 1.1266 | Tok/sec=  3635.82 | Loss: 3.2761 / log-ppl: 26.4715 | Grad-Norm 1.9315 | ClipCoef 0.5177 | Peak-Mem 115.33GiB
GPU: cuda:0 | Step:  396 | Updates: 91651 | Time/step: 0.8042 | Tok/sec=  5093.41 | Loss: 2.9137 / log-ppl: 18.4256 | Grad-Norm 3.5279 | ClipCoef 0.2835 | Peak-Mem 105.32GiB
GPU: cuda:0 | Step:  400 | Updates: 91652 | Time/step: 0.8874 | Tok/sec=  4615.76 | Loss: 3.4228 / log-ppl: 30.6551 | Grad-Norm 1.5447 | ClipCoef 0.6474 | Peak-Mem 115.33GiB
GPU: cuda:0 | Step:  404 | Updates: 91653 | Time/step: 1.1411 | Tok/sec=  3589.55 | Loss: 2.4223 / log-ppl: 11.2716 | Grad-Norm 2.0584 | ClipCoef 0.4858 | Peak-Mem 115.33GiB
GPU: cuda:0 | Step:  408 | Updates: 91654 | Time/step: 0.9931 | Tok/sec=  4124.65 | Loss: 2.9397 / log-ppl: 18.9095 | Grad-Norm 1.8272 | ClipCoef 0.5473 | Peak-Mem 115.33GiB
GPU: cuda:0 | Step:  412 | Updates: 91655 | Time/step: 0.8373 | Tok/sec=  4891.70 | Loss: 2.7865 / log-ppl: 16.2239 | Grad-Norm 1.6257 | ClipCoef 0.6151 | Peak-Mem 115.33GiB
GPU: cuda:0 | Step:  416 | Updates: 91656 | Time/step: 1.1461 | Tok/sec=  3574.00 | Loss: 3.3209 / log-ppl: 27.6865 | Grad-Norm 1.6978 | ClipCoef 0.5890 | Peak-Mem 115.33GiB
GPU: cuda:0 | Step:  420 | Updates: 91657 | Time/step: 1.1425 | Tok/sec=  3585.02 | Loss: 2.8727 / log-ppl: 17.6854 | Grad-Norm 2.3883 | ClipCoef 0.4187 | Peak-Mem 115.33GiB
GPU: cuda:0 | Step:  424 | Updates: 91658 | Time/step: 0.7651 | Tok/sec=  5353.78 | Loss: 3.6539 / log-ppl: 38.6242 | Grad-Norm 2.0824 | ClipCoef 0.4802 | Peak-Mem 115.33GiB
GPU: cuda:0 | Step:  428 | Updates: 91659 | Time/step: 1.2123 | Tok/sec=  3378.73 | Loss: 2.6812 / log-ppl: 14.6026 | Grad-Norm 1.8646 | ClipCoef 0.5363 | Peak-Mem 115.33GiB
GPU: cuda:0 | Step:  432 | Updates: 91660 | Time/step: 1.0188 | Tok/sec=  4020.60 | Loss: 2.6583 / log-ppl: 14.2719 | Grad-Norm 3.0662 | ClipCoef 0.3261 | Peak-Mem 115.33GiB
GPU: cuda:0 | Step:  436 | Updates: 91661 | Time/step: 1.0186 | Tok/sec=  4021.10 | Loss: 3.4432 / log-ppl: 31.2868 | Grad-Norm 2.7724 | ClipCoef 0.3607 | Peak-Mem 115.33GiB
GPU: cuda:0 | Step:  440 | Updates: 91662 | Time/step: 1.3376 | Tok/sec=  3062.31 | Loss: 2.9675 / log-ppl: 19.4426 | Grad-Norm 1.8026 | ClipCoef 0.5547 | Peak-Mem 115.33GiB
GPU: cuda:0 | Step:  444 | Updates: 91663 | Time/step: 1.2611 | Tok/sec=  3248.07 | Loss: 3.0443 / log-ppl: 20.9958 | Grad-Norm 1.4465 | ClipCoef 0.6913 | Peak-Mem 115.33GiB
GPU: cuda:0 | Step:  448 | Updates: 91664 | Time/step: 1.1512 | Tok/sec=  3558.03 | Loss: 3.9198 / log-ppl: 50.3896 | Grad-Norm 1.8938 | ClipCoef 0.5280 | Peak-Mem 115.33GiB
GPU: cuda:0 | Step:  452 | Updates: 91665 | Time/step: 0.9133 | Tok/sec=  4484.85 | Loss: 2.7890 / log-ppl: 16.2654 | Grad-Norm 1.6717 | ClipCoef 0.5982 | Peak-Mem 115.33GiB
GPU: cuda:0 | Step:  456 | Updates: 91666 | Time/step: 0.7758 | Tok/sec=  5279.93 | Loss: 3.5366 / log-ppl: 34.3504 | Grad-Norm 1.7014 | ClipCoef 0.5878 | Peak-Mem 95.31GiB
GPU: cuda:0 | Step:  460 | Updates: 91667 | Time/step: 1.2429 | Tok/sec=  3295.49 | Loss: 3.1673 / log-ppl: 23.7436 | Grad-Norm 1.7642 | ClipCoef 0.5668 | Peak-Mem 115.33GiB
GPU: cuda:0 | Step:  464 | Updates: 91668 | Time/step: 0.9651 | Tok/sec=  4244.12 | Loss: 3.1080 / log-ppl: 22.3752 | Grad-Norm 1.7667 | ClipCoef 0.5660 | Peak-Mem 115.33GiB
GPU: cuda:0 | Step:  468 | Updates: 91669 | Time/step: 1.2412 | Tok/sec=  3299.93 | Loss: 3.2467 / log-ppl: 25.7041 | Grad-Norm 2.1451 | ClipCoef 0.4662 | Peak-Mem 115.33GiB
GPU: cuda:0 | Step:  472 | Updates: 91670 | Time/step: 0.9943 | Tok/sec=  4119.65 | Loss: 3.0368 / log-ppl: 20.8393 | Grad-Norm 2.0245 | ClipCoef 0.4939 | Peak-Mem 115.33GiB
GPU: cuda:0 | Step:  476 | Updates: 91671 | Time/step: 1.0548 | Tok/sec=  3883.26 | Loss: 2.9674 / log-ppl: 19.4406 | Grad-Norm 1.5212 | ClipCoef 0.6574 | Peak-Mem 115.33GiB
GPU: cuda:0 | Step:  480 | Updates: 91672 | Time/step: 1.1930 | Tok/sec=  3433.29 | Loss: 2.9670 / log-ppl: 19.4326 | Grad-Norm 2.2854 | ClipCoef 0.4376 | Peak-Mem 115.33GiB
GPU: cuda:0 | Step:  484 | Updates: 91673 | Time/step: 1.3730 | Tok/sec=  2983.23 | Loss: 2.6747 / log-ppl: 14.5078 | Grad-Norm 1.8644 | ClipCoef 0.5364 | Peak-Mem 115.33GiB
GPU: cuda:0 | Step:  488 | Updates: 91674 | Time/step: 1.1346 | Tok/sec=  3610.23 | Loss: 2.7713 / log-ppl: 15.9798 | Grad-Norm 3.4292 | ClipCoef 0.2916 | Peak-Mem 115.33GiB
GPU: cuda:0 | Step:  492 | Updates: 91675 | Time/step: 0.8789 | Tok/sec=  4660.47 | Loss: 3.4225 / log-ppl: 30.6472 | Grad-Norm 2.2413 | ClipCoef 0.4462 | Peak-Mem 115.33GiB
GPU: cuda:0 | Step:  496 | Updates: 91676 | Time/step: 1.2068 | Tok/sec=  3394.01 | Loss: 2.6965 / log-ppl: 14.8280 | Grad-Norm 2.0328 | ClipCoef 0.4919 | Peak-Mem 115.33GiB
GPU: cuda:0 | Step:  500 | Updates: 91677 | Time/step: 1.1966 | Tok/sec=  3423.17 | Loss: 2.7491 / log-ppl: 15.6281 | Grad-Norm 2.4427 | ClipCoef 0.4094 | Peak-Mem 115.33GiB
GPU: cuda:0 | Step:  504 | Updates: 91678 | Time/step: 0.8793 | Tok/sec=  4658.21 | Loss: 2.9602 / log-ppl: 19.3023 | Grad-Norm 1.9608 | ClipCoef 0.5100 | Peak-Mem 115.33GiB
GPU: cuda:0 | Step:  508 | Updates: 91679 | Time/step: 1.1065 | Tok/sec=  3701.80 | Loss: 3.2255 / log-ppl: 25.1651 | Grad-Norm 1.6227 | ClipCoef 0.6163 | Peak-Mem 115.33GiB
GPU: cuda:0 | Step:  512 | Updates: 91680 | Time/step: 1.0066 | Tok/sec=  4069.16 | Loss: 2.9896 / log-ppl: 19.8781 | Grad-Norm 1.5536 | ClipCoef 0.6437 | Peak-Mem 115.33GiB
GPU: cuda:0 | Step:  516 | Updates: 91681 | Time/step: 1.0795 | Tok/sec=  3794.40 | Loss: 3.3159 / log-ppl: 27.5485 | Grad-Norm 2.0440 | ClipCoef 0.4892 | Peak-Mem 115.33GiB
GPU: cuda:0 | Step:  520 | Updates: 91682 | Time/step: 1.0562 | Tok/sec=  3878.14 | Loss: 4.3280 / log-ppl: 75.7949 | Grad-Norm 2.1167 | ClipCoef 0.4724 | Peak-Mem 115.33GiB
GPU: cuda:0 | Step:  524 | Updates: 91683 | Time/step: 1.0161 | Tok/sec=  4031.30 | Loss: 3.1884 / log-ppl: 24.2508 | Grad-Norm 1.9155 | ClipCoef 0.5220 | Peak-Mem 115.33GiB
GPU: cuda:0 | Step:  528 | Updates: 91684 | Time/step: 1.0133 | Tok/sec=  4042.16 | Loss: 2.7458 / log-ppl: 15.5772 | Grad-Norm 1.8074 | ClipCoef 0.5533 | Peak-Mem 115.33GiB
GPU: cuda:0 | Step:  532 | Updates: 91685 | Time/step: 0.9628 | Tok/sec=  4254.43 | Loss: 3.1308 / log-ppl: 22.8918 | Grad-Norm 1.9327 | ClipCoef 0.5174 | Peak-Mem 115.33GiB
GPU: cuda:0 | Step:  536 | Updates: 91686 | Time/step: 0.7360 | Tok/sec=  5565.17 | Loss: 3.1183 / log-ppl: 22.6087 | Grad-Norm 1.7130 | ClipCoef 0.5838 | Peak-Mem 115.33GiB
GPU: cuda:0 | Step:  540 | Updates: 91687 | Time/step: 1.0429 | Tok/sec=  3927.47 | Loss: 3.3750 / log-ppl: 29.2229 | Grad-Norm 16.9130 | ClipCoef 0.0591 | Peak-Mem 115.33GiB
GPU: cuda:0 | Step:  544 | Updates: 91688 | Time/step: 0.8284 | Tok/sec=  4944.26 | Loss: 2.6702 / log-ppl: 14.4434 | Grad-Norm 1.6884 | ClipCoef 0.5923 | Peak-Mem 115.33GiB
GPU: cuda:0 | Step:  548 | Updates: 91689 | Time/step: 1.2595 | Tok/sec=  3252.09 | Loss: 2.7984 / log-ppl: 16.4184 | Grad-Norm 2.0724 | ClipCoef 0.4825 | Peak-Mem 115.33GiB
GPU: cuda:0 | Step:  552 | Updates: 91690 | Time/step: 1.0953 | Tok/sec=  3739.57 | Loss: 3.3185 / log-ppl: 27.6184 | Grad-Norm 1.8755 | ClipCoef 0.5332 | Peak-Mem 115.33GiB
GPU: cuda:0 | Step:  556 | Updates: 91691 | Time/step: 0.9544 | Tok/sec=  4291.52 | Loss: 3.0220 / log-ppl: 20.5330 | Grad-Norm 1.9580 | ClipCoef 0.5107 | Peak-Mem 115.33GiB
GPU: cuda:0 | Step:  560 | Updates: 91692 | Time/step: 1.2462 | Tok/sec=  3286.70 | Loss: 3.4847 / log-ppl: 32.6124 | Grad-Norm 1.6279 | ClipCoef 0.6143 | Peak-Mem 115.33GiB
GPU: cuda:0 | Step:  564 | Updates: 91693 | Time/step: 1.1604 | Tok/sec=  3529.97 | Loss: 2.5378 / log-ppl: 12.6520 | Grad-Norm 3.1350 | ClipCoef 0.3190 | Peak-Mem 115.33GiB
GPU: cuda:0 | Step:  568 | Updates: 91694 | Time/step: 1.0715 | Tok/sec=  3822.62 | Loss: 2.8757 / log-ppl: 17.7386 | Grad-Norm 1.6443 | ClipCoef 0.6082 | Peak-Mem 115.33GiB
GPU: cuda:0 | Step:  572 | Updates: 91695 | Time/step: 0.9910 | Tok/sec=  4133.26 | Loss: 3.0334 / log-ppl: 20.7686 | Grad-Norm 1.7971 | ClipCoef 0.5564 | Peak-Mem 115.33GiB
GPU: cuda:0 | Step:  576 | Updates: 91696 | Time/step: 1.2196 | Tok/sec=  3358.45 | Loss: 2.7500 / log-ppl: 15.6421 | Grad-Norm 1.4150 | ClipCoef 0.7067 | Peak-Mem 115.33GiB
GPU: cuda:0 | Step:  580 | Updates: 91697 | Time/step: 1.0431 | Tok/sec=  3926.77 | Loss: 2.5508 / log-ppl: 12.8175 | Grad-Norm 1.8502 | ClipCoef 0.5405 | Peak-Mem 115.33GiB
GPU: cuda:0 | Step:  584 | Updates: 91698 | Time/step: 1.2342 | Tok/sec=  3318.73 | Loss: 3.1249 / log-ppl: 22.7576 | Grad-Norm 1.7263 | ClipCoef 0.5793 | Peak-Mem 115.33GiB
GPU: cuda:0 | Step:  588 | Updates: 91699 | Time/step: 0.9413 | Tok/sec=  4351.28 | Loss: 3.1509 / log-ppl: 23.3580 | Grad-Norm 1.7151 | ClipCoef 0.5830 | Peak-Mem 115.33GiB
GPU: cuda:0 | Step:  592 | Updates: 91700 | Time/step: 1.2142 | Tok/sec=  3373.43 | Loss: 3.3861 / log-ppl: 29.5498 | Grad-Norm 2.2418 | ClipCoef 0.4461 | Peak-Mem 115.33GiB
GPU: cuda:0 | Step:  596 | Updates: 91701 | Time/step: 1.1739 | Tok/sec=  3489.19 | Loss: 2.9574 / log-ppl: 19.2477 | Grad-Norm 2.2685 | ClipCoef 0.4408 | Peak-Mem 115.33GiB
GPU: cuda:0 | Step:  600 | Updates: 91702 | Time/step: 0.9833 | Tok/sec=  4165.62 | Loss: 3.1540 / log-ppl: 23.4294 | Grad-Norm 1.9117 | ClipCoef 0.5231 | Peak-Mem 115.33GiB
GPU: cuda:0 | Step:  604 | Updates: 91703 | Time/step: 0.9598 | Tok/sec=  4267.74 | Loss: 3.5165 / log-ppl: 33.6676 | Grad-Norm 1.5771 | ClipCoef 0.6341 | Peak-Mem 115.33GiB
GPU: cuda:0 | Step:  608 | Updates: 91704 | Time/step: 0.9248 | Tok/sec=  4428.97 | Loss: 2.7783 / log-ppl: 16.0913 | Grad-Norm 3.5462 | ClipCoef 0.2820 | Peak-Mem 115.33GiB
GPU: cuda:0 | Step:  612 | Updates: 91705 | Time/step: 0.9625 | Tok/sec=  4255.76 | Loss: 2.9226 / log-ppl: 18.5901 | Grad-Norm 6.1689 | ClipCoef 0.1621 | Peak-Mem 115.33GiB
GPU: cuda:0 | Step:  616 | Updates: 91706 | Time/step: 1.3183 | Tok/sec=  3107.05 | Loss: 3.1987 / log-ppl: 24.4995 | Grad-Norm 1.7435 | ClipCoef 0.5736 | Peak-Mem 115.33GiB
GPU: cuda:0 | Step:  620 | Updates: 91707 | Time/step: 0.9880 | Tok/sec=  4145.74 | Loss: 3.6959 / log-ppl: 40.2837 | Grad-Norm 2.4355 | ClipCoef 0.4106 | Peak-Mem 115.33GiB
GPU: cuda:0 | Step:  624 | Updates: 91708 | Time/step: 0.9500 | Tok/sec=  4311.74 | Loss: 3.3627 / log-ppl: 28.8676 | Grad-Norm 1.7356 | ClipCoef 0.5762 | Peak-Mem 110.27GiB
GPU: cuda:0 | Step:  628 | Updates: 91709 | Time/step: 0.9087 | Tok/sec=  4507.75 | Loss: 3.1087 / log-ppl: 22.3930 | Grad-Norm 1.7201 | ClipCoef 0.5814 | Peak-Mem 115.33GiB
GPU: cuda:0 | Step:  632 | Updates: 91710 | Time/step: 0.9024 | Tok/sec=  4539.08 | Loss: 3.4894 / log-ppl: 32.7678 | Grad-Norm 2.2070 | ClipCoef 0.4531 | Peak-Mem 115.33GiB
GPU: cuda:0 | Step:  636 | Updates: 91711 | Time/step: 0.9388 | Tok/sec=  4363.06 | Loss: 3.2622 / log-ppl: 26.1070 | Grad-Norm 1.8056 | ClipCoef 0.5538 | Peak-Mem 115.33GiB
GPU: cuda:0 | Step:  640 | Updates: 91712 | Time/step: 0.8635 | Tok/sec=  4743.50 | Loss: 3.7021 / log-ppl: 40.5324 | Grad-Norm 4.5257 | ClipCoef 0.2210 | Peak-Mem 113.19GiB
GPU: cuda:0 | Step:  644 | Updates: 91713 | Time/step: 0.9538 | Tok/sec=  4294.53 | Loss: 2.9539 / log-ppl: 19.1810 | Grad-Norm 1.5785 | ClipCoef 0.6335 | Peak-Mem 110.27GiB
GPU: cuda:0 | Step:  648 | Updates: 91714 | Time/step: 1.0500 | Tok/sec=  3901.07 | Loss: 3.4745 / log-ppl: 32.2827 | Grad-Norm 2.1240 | ClipCoef 0.4708 | Peak-Mem 115.33GiB
GPU: cuda:0 | Step:  652 | Updates: 91715 | Time/step: 1.2776 | Tok/sec=  3206.04 | Loss: 2.7368 / log-ppl: 15.4379 | Grad-Norm 1.5323 | ClipCoef 0.6526 | Peak-Mem 115.33GiB
GPU: cuda:0 | Step:  656 | Updates: 91716 | Time/step: 1.0610 | Tok/sec=  3860.55 | Loss: 3.3313 / log-ppl: 27.9740 | Grad-Norm 2.0197 | ClipCoef 0.4951 | Peak-Mem 115.33GiB
GPU: cuda:0 | Step:  660 | Updates: 91717 | Time/step: 0.9591 | Tok/sec=  4270.86 | Loss: 3.6848 / log-ppl: 39.8366 | Grad-Norm 2.3200 | ClipCoef 0.4310 | Peak-Mem 115.33GiB
GPU: cuda:0 | Step:  664 | Updates: 91718 | Time/step: 0.9044 | Tok/sec=  4528.84 | Loss: 2.6371 / log-ppl: 13.9722 | Grad-Norm 1.6384 | ClipCoef 0.6103 | Peak-Mem 115.33GiB
GPU: cuda:0 | Step:  668 | Updates: 91719 | Time/step: 1.0573 | Tok/sec=  3874.16 | Loss: 3.3930 / log-ppl: 29.7542 | Grad-Norm 2.5378 | ClipCoef 0.3940 | Peak-Mem 115.33GiB
GPU: cuda:0 | Step:  672 | Updates: 91720 | Time/step: 1.3300 | Tok/sec=  3079.75 | Loss: 3.7635 / log-ppl: 43.1010 | Grad-Norm 2.1828 | ClipCoef 0.4581 | Peak-Mem 115.33GiB
GPU: cuda:0 | Step:  676 | Updates: 91721 | Time/step: 1.2427 | Tok/sec=  3296.08 | Loss: 3.4868 / log-ppl: 32.6822 | Grad-Norm 2.1075 | ClipCoef 0.4745 | Peak-Mem 115.33GiB
GPU: cuda:0 | Step:  680 | Updates: 91722 | Time/step: 1.0057 | Tok/sec=  4072.89 | Loss: 2.7857 / log-ppl: 16.2105 | Grad-Norm 1.9864 | ClipCoef 0.5034 | Peak-Mem 115.33GiB
GPU: cuda:0 | Step:  684 | Updates: 91723 | Time/step: 1.0072 | Tok/sec=  4066.78 | Loss: 3.2503 / log-ppl: 25.7970 | Grad-Norm 2.5272 | ClipCoef 0.3957 | Peak-Mem 115.33GiB
GPU: cuda:0 | Step:  688 | Updates: 91724 | Time/step: 1.0913 | Tok/sec=  3753.24 | Loss: 2.8032 / log-ppl: 16.4980 | Grad-Norm 1.7276 | ClipCoef 0.5788 | Peak-Mem 110.27GiB
GPU: cuda:0 | Step:  692 | Updates: 91725 | Time/step: 0.9937 | Tok/sec=  4121.81 | Loss: 2.8867 / log-ppl: 17.9338 | Grad-Norm 1.4753 | ClipCoef 0.6779 | Peak-Mem 115.33GiB
GPU: cuda:0 | Step:  696 | Updates: 91726 | Time/step: 1.1567 | Tok/sec=  3541.19 | Loss: 2.7580 / log-ppl: 15.7687 | Grad-Norm 3.0280 | ClipCoef 0.3302 | Peak-Mem 115.33GiB
GPU: cuda:0 | Step:  700 | Updates: 91727 | Time/step: 0.9049 | Tok/sec=  4526.46 | Loss: 2.9600 / log-ppl: 19.2977 | Grad-Norm 4.1839 | ClipCoef 0.2390 | Peak-Mem 115.34GiB
GPU: cuda:0 | Step:  704 | Updates: 91728 | Time/step: 1.2247 | Tok/sec=  3344.63 | Loss: 3.1079 / log-ppl: 22.3742 | Grad-Norm 1.7660 | ClipCoef 0.5663 | Peak-Mem 115.33GiB
GPU: cuda:0 | Step:  708 | Updates: 91729 | Time/step: 0.8090 | Tok/sec=  5063.02 | Loss: 3.5863 / log-ppl: 36.0986 | Grad-Norm 2.1479 | ClipCoef 0.4656 | Peak-Mem 100.26GiB
GPU: cuda:0 | Step:  712 | Updates: 91730 | Time/step: 1.1409 | Tok/sec=  3590.17 | Loss: 2.9417 / log-ppl: 18.9486 | Grad-Norm 1.5557 | ClipCoef 0.6428 | Peak-Mem 115.33GiB
GPU: cuda:0 | Step:  716 | Updates: 91731 | Time/step: 1.0188 | Tok/sec=  4020.34 | Loss: 2.7458 / log-ppl: 15.5768 | Grad-Norm 1.6302 | ClipCoef 0.6134 | Peak-Mem 115.33GiB
GPU: cuda:0 | Step:  720 | Updates: 91732 | Time/step: 1.2887 | Tok/sec=  3178.40 | Loss: 3.1059 / log-ppl: 22.3284 | Grad-Norm 2.0968 | ClipCoef 0.4769 | Peak-Mem 115.33GiB
GPU: cuda:0 | Step:  724 | Updates: 91733 | Time/step: 0.9401 | Tok/sec=  4357.00 | Loss: 2.8893 / log-ppl: 17.9808 | Grad-Norm 5.6745 | ClipCoef 0.1762 | Peak-Mem 115.33GiB
GPU: cuda:0 | Step:  728 | Updates: 91734 | Time/step: 1.1622 | Tok/sec=  3524.31 | Loss: 3.4805 / log-ppl: 32.4769 | Grad-Norm 1.5373 | ClipCoef 0.6505 | Peak-Mem 115.33GiB
GPU: cuda:0 | Step:  732 | Updates: 91735 | Time/step: 1.2611 | Tok/sec=  3248.05 | Loss: 3.8844 / log-ppl: 48.6376 | Grad-Norm 2.3052 | ClipCoef 0.4338 | Peak-Mem 115.33GiB
GPU: cuda:0 | Step:  736 | Updates: 91736 | Time/step: 1.1714 | Tok/sec=  3496.79 | Loss: 3.0581 / log-ppl: 21.2880 | Grad-Norm 2.7111 | ClipCoef 0.3689 | Peak-Mem 115.33GiB
GPU: cuda:0 | Step:  740 | Updates: 91737 | Time/step: 1.0322 | Tok/sec=  3968.15 | Loss: 3.1386 / log-ppl: 23.0723 | Grad-Norm 3.0950 | ClipCoef 0.3231 | Peak-Mem 110.27GiB
GPU: cuda:0 | Step:  744 | Updates: 91738 | Time/step: 1.2312 | Tok/sec=  3326.84 | Loss: 3.0207 / log-ppl: 20.5048 | Grad-Norm 1.5951 | ClipCoef 0.6269 | Peak-Mem 115.33GiB
GPU: cuda:0 | Step:  748 | Updates: 91739 | Time/step: 0.9434 | Tok/sec=  4341.87 | Loss: 3.2083 / log-ppl: 24.7364 | Grad-Norm 1.7073 | ClipCoef 0.5857 | Peak-Mem 110.27GiB
GPU: cuda:0 | Step:  752 | Updates: 91740 | Time/step: 0.9973 | Tok/sec=  4107.20 | Loss: 3.0197 / log-ppl: 20.4859 | Grad-Norm 1.6423 | ClipCoef 0.6089 | Peak-Mem 115.33GiB
GPU: cuda:0 | Step:  756 | Updates: 91741 | Time/step: 1.0513 | Tok/sec=  3896.26 | Loss: 2.8486 / log-ppl: 17.2631 | Grad-Norm 8.4564 | ClipCoef 0.1183 | Peak-Mem 115.33GiB
GPU: cuda:0 | Step:  760 | Updates: 91742 | Time/step: 1.0117 | Tok/sec=  4048.62 | Loss: 3.6002 / log-ppl: 36.6069 | Grad-Norm 2.1867 | ClipCoef 0.4573 | Peak-Mem 115.33GiB
GPU: cuda:0 | Step:  764 | Updates: 91743 | Time/step: 0.6739 | Tok/sec=  6078.16 | Loss: 3.7139 / log-ppl: 41.0127 | Grad-Norm 2.1622 | ClipCoef 0.4625 | Peak-Mem 110.27GiB
GPU: cuda:0 | Step:  768 | Updates: 91744 | Time/step: 1.0903 | Tok/sec=  3756.76 | Loss: 3.0531 / log-ppl: 21.1808 | Grad-Norm 2.3591 | ClipCoef 0.4239 | Peak-Mem 115.33GiB
GPU: cuda:0 | Step:  772 | Updates: 91745 | Time/step: 1.0991 | Tok/sec=  3726.85 | Loss: 3.1537 / log-ppl: 23.4236 | Grad-Norm 1.4727 | ClipCoef 0.6790 | Peak-Mem 115.33GiB
GPU: cuda:0 | Step:  776 | Updates: 91746 | Time/step: 0.9988 | Tok/sec=  4101.00 | Loss: 3.5791 / log-ppl: 35.8430 | Grad-Norm 2.1055 | ClipCoef 0.4750 | Peak-Mem 115.33GiB
GPU: cuda:0 | Step:  780 | Updates: 91747 | Time/step: 0.8896 | Tok/sec=  4604.57 | Loss: 3.1550 / log-ppl: 23.4524 | Grad-Norm 3.1080 | ClipCoef 0.3217 | Peak-Mem 115.33GiB
GPU: cuda:0 | Step:  784 | Updates: 91748 | Time/step: 1.0574 | Tok/sec=  3873.75 | Loss: 2.8570 / log-ppl: 17.4087 | Grad-Norm 1.6471 | ClipCoef 0.6071 | Peak-Mem 115.33GiB
GPU: cuda:0 | Step:  788 | Updates: 91749 | Time/step: 1.0179 | Tok/sec=  4024.13 | Loss: 3.2572 / log-ppl: 25.9763 | Grad-Norm 1.9132 | ClipCoef 0.5227 | Peak-Mem 115.33GiB
GPU: cuda:0 | Step:  792 | Updates: 91750 | Time/step: 1.1096 | Tok/sec=  3691.27 | Loss: 3.0035 / log-ppl: 20.1565 | Grad-Norm 2.2014 | ClipCoef 0.4543 | Peak-Mem 115.33GiB
GPU: cuda:0 | Step:  796 | Updates: 91751 | Time/step: 0.9386 | Tok/sec=  4364.17 | Loss: 3.0957 / log-ppl: 22.1024 | Grad-Norm 3.3512 | ClipCoef 0.2984 | Peak-Mem 115.33GiB
GPU: cuda:0 | Step:  800 | Updates: 91752 | Time/step: 0.9722 | Tok/sec=  4213.14 | Loss: 2.8035 / log-ppl: 16.5026 | Grad-Norm 21.4048 | ClipCoef 0.0467 | Peak-Mem 110.27GiB
GPU: cuda:0 | Step:  804 | Updates: 91753 | Time/step: 1.0249 | Tok/sec=  3996.61 | Loss: 2.7609 / log-ppl: 15.8143 | Grad-Norm 1.5651 | ClipCoef 0.6389 | Peak-Mem 115.33GiB
GPU: cuda:0 | Step:  808 | Updates: 91754 | Time/step: 1.0474 | Tok/sec=  3910.74 | Loss: 3.1638 / log-ppl: 23.6607 | Grad-Norm 1.5264 | ClipCoef 0.6551 | Peak-Mem 115.33GiB
GPU: cuda:0 | Step:  812 | Updates: 91755 | Time/step: 0.9172 | Tok/sec=  4465.96 | Loss: 3.5030 / log-ppl: 33.2161 | Grad-Norm 1.6646 | ClipCoef 0.6007 | Peak-Mem 115.33GiB
GPU: cuda:0 | Step:  816 | Updates: 91756 | Time/step: 0.8892 | Tok/sec=  4606.43 | Loss: 2.7020 / log-ppl: 14.9090 | Grad-Norm 1.7301 | ClipCoef 0.5780 | Peak-Mem 115.33GiB
GPU: cuda:0 | Step:  820 | Updates: 91757 | Time/step: 1.0802 | Tok/sec=  3791.84 | Loss: 3.3945 / log-ppl: 29.7991 | Grad-Norm 2.0042 | ClipCoef 0.4990 | Peak-Mem 115.33GiB
GPU: cuda:0 | Step:  824 | Updates: 91758 | Time/step: 0.8421 | Tok/sec=  4864.01 | Loss: 3.1331 / log-ppl: 22.9458 | Grad-Norm 1.5297 | ClipCoef 0.6537 | Peak-Mem 115.33GiB
GPU: cuda:0 | Step:  828 | Updates: 91759 | Time/step: 0.9328 | Tok/sec=  4390.99 | Loss: 3.0363 / log-ppl: 20.8270 | Grad-Norm 1.8204 | ClipCoef 0.5493 | Peak-Mem 110.27GiB
GPU: cuda:0 | Step:  832 | Updates: 91760 | Time/step: 1.3231 | Tok/sec=  3095.66 | Loss: 2.7665 / log-ppl: 15.9021 | Grad-Norm 1.6767 | ClipCoef 0.5964 | Peak-Mem 115.33GiB
GPU: cuda:0 | Step:  836 | Updates: 91761 | Time/step: 0.6833 | Tok/sec=  5994.85 | Loss: 3.2291 / log-ppl: 25.2560 | Grad-Norm 3.4437 | ClipCoef 0.2904 | Peak-Mem 102.60GiB
GPU: cuda:0 | Step:  840 | Updates: 91762 | Time/step: 1.1205 | Tok/sec=  3655.44 | Loss: 3.2849 / log-ppl: 26.7076 | Grad-Norm 2.2267 | ClipCoef 0.4491 | Peak-Mem 115.33GiB
GPU: cuda:0 | Step:  844 | Updates: 91763 | Time/step: 1.1480 | Tok/sec=  3568.02 | Loss: 2.7717 / log-ppl: 15.9862 | Grad-Norm 5.1079 | ClipCoef 0.1958 | Peak-Mem 115.33GiB
GPU: cuda:0 | Step:  848 | Updates: 91764 | Time/step: 1.0139 | Tok/sec=  4039.78 | Loss: 3.1760 / log-ppl: 23.9508 | Grad-Norm 1.8970 | ClipCoef 0.5272 | Peak-Mem 110.27GiB
GPU: cuda:0 | Step:  852 | Updates: 91765 | Time/step: 1.2813 | Tok/sec=  3196.63 | Loss: 3.2708 / log-ppl: 26.3315 | Grad-Norm 2.6523 | ClipCoef 0.3770 | Peak-Mem 115.33GiB
GPU: cuda:0 | Step:  856 | Updates: 91766 | Time/step: 1.0838 | Tok/sec=  3779.33 | Loss: 2.6937 / log-ppl: 14.7857 | Grad-Norm 1.9623 | ClipCoef 0.5096 | Peak-Mem 115.33GiB
GPU: cuda:0 | Step:  860 | Updates: 91767 | Time/step: 1.0881 | Tok/sec=  3764.30 | Loss: 2.8937 / log-ppl: 18.0603 | Grad-Norm 1.8490 | ClipCoef 0.5408 | Peak-Mem 115.33GiB
GPU: cuda:0 | Step:  864 | Updates: 91768 | Time/step: 1.0055 | Tok/sec=  4073.72 | Loss: 3.0344 / log-ppl: 20.7894 | Grad-Norm 1.5252 | ClipCoef 0.6556 | Peak-Mem 115.33GiB
GPU: cuda:0 | Step:  868 | Updates: 91769 | Time/step: 1.0219 | Tok/sec=  4008.20 | Loss: 3.1698 / log-ppl: 23.8021 | Grad-Norm 2.6300 | ClipCoef 0.3802 | Peak-Mem 115.33GiB
GPU: cuda:0 | Step:  872 | Updates: 91770 | Time/step: 0.9396 | Tok/sec=  4359.12 | Loss: 2.8559 / log-ppl: 17.3900 | Grad-Norm 1.7894 | ClipCoef 0.5588 | Peak-Mem 115.33GiB
GPU: cuda:0 | Step:  876 | Updates: 91771 | Time/step: 1.0942 | Tok/sec=  3743.29 | Loss: 3.0768 / log-ppl: 21.6888 | Grad-Norm 2.5690 | ClipCoef 0.3893 | Peak-Mem 115.33GiB
GPU: cuda:0 | Step:  880 | Updates: 91772 | Time/step: 1.1757 | Tok/sec=  3484.02 | Loss: 2.5024 / log-ppl: 12.2119 | Grad-Norm 1.8859 | ClipCoef 0.5303 | Peak-Mem 115.33GiB
GPU: cuda:0 | Step:  884 | Updates: 91773 | Time/step: 1.1061 | Tok/sec=  3703.04 | Loss: 2.7496 / log-ppl: 15.6366 | Grad-Norm 2.3230 | ClipCoef 0.4305 | Peak-Mem 115.33GiB
GPU: cuda:0 | Step:  888 | Updates: 91774 | Time/step: 1.1631 | Tok/sec=  3521.64 | Loss: 2.7426 / log-ppl: 15.5273 | Grad-Norm 1.6580 | ClipCoef 0.6031 | Peak-Mem 115.33GiB
GPU: cuda:0 | Step:  892 | Updates: 91775 | Time/step: 0.9815 | Tok/sec=  4173.25 | Loss: 2.7071 / log-ppl: 14.9861 | Grad-Norm 2.9520 | ClipCoef 0.3387 | Peak-Mem 115.33GiB
GPU: cuda:0 | Step:  896 | Updates: 91776 | Time/step: 1.2719 | Tok/sec=  3220.33 | Loss: 2.2219 / log-ppl: 9.2251 | Grad-Norm 1.5038 | ClipCoef 0.6650 | Peak-Mem 115.33GiB
GPU: cuda:0 | Step:  900 | Updates: 91777 | Time/step: 1.0801 | Tok/sec=  3792.41 | Loss: 3.1919 / log-ppl: 24.3357 | Grad-Norm 2.1624 | ClipCoef 0.4625 | Peak-Mem 115.33GiB
GPU: cuda:0 | Step:  904 | Updates: 91778 | Time/step: 1.0173 | Tok/sec=  4026.32 | Loss: 3.2498 / log-ppl: 25.7853 | Grad-Norm 2.0889 | ClipCoef 0.4787 | Peak-Mem 110.27GiB
GPU: cuda:0 | Step:  908 | Updates: 91779 | Time/step: 1.1815 | Tok/sec=  3466.64 | Loss: 3.1614 / log-ppl: 23.6029 | Grad-Norm 1.5935 | ClipCoef 0.6276 | Peak-Mem 115.33GiB
GPU: cuda:0 | Step:  912 | Updates: 91780 | Time/step: 1.3925 | Tok/sec=  2941.57 | Loss: 2.9119 / log-ppl: 18.3918 | Grad-Norm 3.7050 | ClipCoef 0.2699 | Peak-Mem 115.33GiB
GPU: cuda:0 | Step:  916 | Updates: 91781 | Time/step: 0.7989 | Tok/sec=  5126.83 | Loss: 2.9948 / log-ppl: 19.9808 | Grad-Norm 2.6771 | ClipCoef 0.3735 | Peak-Mem 115.33GiB
GPU: cuda:0 | Step:  920 | Updates: 91782 | Time/step: 1.2680 | Tok/sec=  3230.30 | Loss: 3.1281 / log-ppl: 22.8302 | Grad-Norm 1.7027 | ClipCoef 0.5873 | Peak-Mem 115.33GiB
GPU: cuda:0 | Step:  924 | Updates: 91783 | Time/step: 0.9853 | Tok/sec=  4156.98 | Loss: 3.7058 / log-ppl: 40.6839 | Grad-Norm 1.6952 | ClipCoef 0.5899 | Peak-Mem 115.33GiB
GPU: cuda:0 | Step:  928 | Updates: 91784 | Time/step: 1.1282 | Tok/sec=  3630.48 | Loss: 2.2885 / log-ppl: 9.8604 | Grad-Norm 1.9120 | ClipCoef 0.5230 | Peak-Mem 115.33GiB
GPU: cuda:0 | Step:  932 | Updates: 91785 | Time/step: 1.2667 | Tok/sec=  3233.72 | Loss: 2.9651 / log-ppl: 19.3958 | Grad-Norm 2.1922 | ClipCoef 0.4562 | Peak-Mem 115.33GiB
GPU: cuda:0 | Step:  936 | Updates: 91786 | Time/step: 0.9521 | Tok/sec=  4302.20 | Loss: 3.2094 / log-ppl: 24.7635 | Grad-Norm 1.5847 | ClipCoef 0.6310 | Peak-Mem 115.33GiB
GPU: cuda:0 | Step:  940 | Updates: 91787 | Time/step: 1.0082 | Tok/sec=  4062.69 | Loss: 2.9617 / log-ppl: 19.3313 | Grad-Norm 2.6072 | ClipCoef 0.3836 | Peak-Mem 115.33GiB
GPU: cuda:0 | Step:  944 | Updates: 91788 | Time/step: 1.0835 | Tok/sec=  3780.44 | Loss: 2.7773 / log-ppl: 16.0754 | Grad-Norm 1.6213 | ClipCoef 0.6168 | Peak-Mem 115.33GiB
GPU: cuda:0 | Step:  948 | Updates: 91789 | Time/step: 1.0618 | Tok/sec=  3857.70 | Loss: 3.2582 / log-ppl: 26.0024 | Grad-Norm 1.7334 | ClipCoef 0.5769 | Peak-Mem 115.33GiB
GPU: cuda:0 | Step:  952 | Updates: 91790 | Time/step: 1.3076 | Tok/sec=  3132.51 | Loss: 4.1395 / log-ppl: 62.7692 | Grad-Norm 2.4906 | ClipCoef 0.4015 | Peak-Mem 115.33GiB
GPU: cuda:0 | Step:  956 | Updates: 91791 | Time/step: 0.8562 | Tok/sec=  4783.82 | Loss: 2.7155 / log-ppl: 15.1117 | Grad-Norm 2.8993 | ClipCoef 0.3449 | Peak-Mem 115.33GiB
GPU: cuda:0 | Step:  960 | Updates: 91792 | Time/step: 1.0463 | Tok/sec=  3914.84 | Loss: 3.5745 / log-ppl: 35.6771 | Grad-Norm 2.1735 | ClipCoef 0.4601 | Peak-Mem 115.33GiB
GPU: cuda:0 | Step:  964 | Updates: 91793 | Time/step: 1.1995 | Tok/sec=  3414.65 | Loss: 3.3223 / log-ppl: 27.7247 | Grad-Norm 1.7614 | ClipCoef 0.5677 | Peak-Mem 115.33GiB
GPU: cuda:0 | Step:  968 | Updates: 91794 | Time/step: 1.0940 | Tok/sec=  3744.19 | Loss: 3.4824 / log-ppl: 32.5375 | Grad-Norm 1.7018 | ClipCoef 0.5876 | Peak-Mem 115.33GiB
GPU: cuda:0 | Step:  972 | Updates: 91795 | Time/step: 0.9264 | Tok/sec=  4421.39 | Loss: 3.7701 / log-ppl: 43.3839 | Grad-Norm 2.4382 | ClipCoef 0.4101 | Peak-Mem 115.33GiB
GPU: cuda:0 | Step:  976 | Updates: 91796 | Time/step: 0.9777 | Tok/sec=  4189.31 | Loss: 3.3682 / log-ppl: 29.0265 | Grad-Norm 1.5787 | ClipCoef 0.6334 | Peak-Mem 115.33GiB
GPU: cuda:0 | Step:  980 | Updates: 91797 | Time/step: 0.9952 | Tok/sec=  4115.69 | Loss: 3.9107 / log-ppl: 49.9332 | Grad-Norm 2.1614 | ClipCoef 0.4627 | Peak-Mem 115.33GiB
GPU: cuda:0 | Step:  984 | Updates: 91798 | Time/step: 1.0951 | Tok/sec=  3740.43 | Loss: 3.9285 / log-ppl: 50.8282 | Grad-Norm 2.0496 | ClipCoef 0.4879 | Peak-Mem 115.33GiB
GPU: cuda:0 | Step:  988 | Updates: 91799 | Time/step: 1.0055 | Tok/sec=  4073.78 | Loss: 3.4084 / log-ppl: 30.2165 | Grad-Norm 1.5236 | ClipCoef 0.6563 | Peak-Mem 115.33GiB
GPU: cuda:0 | Step:  992 | Updates: 91800 | Time/step: 0.8446 | Tok/sec=  4849.43 | Loss: 3.0098 / log-ppl: 20.2834 | Grad-Norm 1.5185 | ClipCoef 0.6585 | Peak-Mem 115.33GiB
GPU: cuda:0 | Step:  996 | Updates: 91801 | Time/step: 1.0384 | Tok/sec=  3944.42 | Loss: 3.4189 / log-ppl: 30.5371 | Grad-Norm 1.6780 | ClipCoef 0.5960 | Peak-Mem 115.33GiB
GPU: cuda:0 | Step: 1000 | Updates: 91802 | Time/step: 1.0489 | Tok/sec=  3905.20 | Loss: 3.1683 / log-ppl: 23.7677 | Grad-Norm 1.6956 | ClipCoef 0.5897 | Peak-Mem 115.33GiB
GPU: cuda:0 | Step: 1004 | Updates: 91803 | Time/step: 1.0140 | Tok/sec=  4039.49 | Loss: 3.3684 / log-ppl: 29.0310 | Grad-Norm 2.2399 | ClipCoef 0.4464 | Peak-Mem 115.33GiB
GPU: cuda:0 | Step: 1008 | Updates: 91804 | Time/step: 1.2173 | Tok/sec=  3364.95 | Loss: 2.3277 / log-ppl: 10.2547 | Grad-Norm 1.4982 | ClipCoef 0.6675 | Peak-Mem 115.33GiB
GPU: cuda:0 | Step: 1012 | Updates: 91805 | Time/step: 0.9126 | Tok/sec=  4488.27 | Loss: 3.4567 / log-ppl: 31.7132 | Grad-Norm 1.9768 | ClipCoef 0.5059 | Peak-Mem 115.33GiB
GPU: cuda:0 | Step: 1016 | Updates: 91806 | Time/step: 1.2754 | Tok/sec=  3211.43 | Loss: 3.5652 / log-ppl: 35.3480 | Grad-Norm 8.8530 | ClipCoef 0.1130 | Peak-Mem 115.33GiB
GPU: cuda:0 | Step: 1020 | Updates: 91807 | Time/step: 0.8670 | Tok/sec=  4724.55 | Loss: 3.0652 / log-ppl: 21.4380 | Grad-Norm 1.9523 | ClipCoef 0.5122 | Peak-Mem 115.33GiB
GPU: cuda:0 | Step: 1024 | Updates: 91808 | Time/step: 0.8508 | Tok/sec=  4814.15 | Loss: 3.1973 / log-ppl: 24.4671 | Grad-Norm 2.1691 | ClipCoef 0.4610 | Peak-Mem 110.27GiB
GPU: cuda:0 | Step: 1028 | Updates: 91809 | Time/step: 0.9569 | Tok/sec=  4280.28 | Loss: 2.8012 / log-ppl: 16.4639 | Grad-Norm 1.4674 | ClipCoef 0.6815 | Peak-Mem 115.33GiB
GPU: cuda:0 | Step: 1032 | Updates: 91810 | Time/step: 1.0241 | Tok/sec=  3999.50 | Loss: 2.7341 / log-ppl: 15.3955 | Grad-Norm 1.6117 | ClipCoef 0.6204 | Peak-Mem 115.33GiB
GPU: cuda:0 | Step: 1036 | Updates: 91811 | Time/step: 0.9147 | Tok/sec=  4478.00 | Loss: 2.9334 / log-ppl: 18.7906 | Grad-Norm 2.6943 | ClipCoef 0.3711 | Peak-Mem 115.33GiB
GPU: cuda:0 | Step: 1040 | Updates: 91812 | Time/step: 1.1882 | Tok/sec=  3447.22 | Loss: 2.7477 / log-ppl: 15.6074 | Grad-Norm 1.6296 | ClipCoef 0.6137 | Peak-Mem 115.33GiB
GPU: cuda:0 | Step: 1044 | Updates: 91813 | Time/step: 1.0617 | Tok/sec=  3857.93 | Loss: 2.3192 / log-ppl: 10.1680 | Grad-Norm 1.5104 | ClipCoef 0.6621 | Peak-Mem 115.33GiB
GPU: cuda:0 | Step: 1048 | Updates: 91814 | Time/step: 0.9558 | Tok/sec=  4285.46 | Loss: 2.5803 / log-ppl: 13.2012 | Grad-Norm 1.7949 | ClipCoef 0.5571 | Peak-Mem 115.33GiB
GPU: cuda:0 | Step: 1052 | Updates: 91815 | Time/step: 1.0709 | Tok/sec=  3824.64 | Loss: 3.0195 / log-ppl: 20.4806 | Grad-Norm 1.9029 | ClipCoef 0.5255 | Peak-Mem 115.33GiB
GPU: cuda:0 | Step: 1056 | Updates: 91816 | Time/step: 1.3988 | Tok/sec=  2928.12 | Loss: 3.7399 / log-ppl: 42.0948 | Grad-Norm 2.2954 | ClipCoef 0.4356 | Peak-Mem 115.33GiB
GPU: cuda:0 | Step: 1060 | Updates: 91817 | Time/step: 1.1830 | Tok/sec=  3462.25 | Loss: 3.6394 / log-ppl: 38.0678 | Grad-Norm 5.3084 | ClipCoef 0.1884 | Peak-Mem 115.33GiB
GPU: cuda:0 | Step: 1064 | Updates: 91818 | Time/step: 0.9222 | Tok/sec=  4441.32 | Loss: 2.5514 / log-ppl: 12.8254 | Grad-Norm 1.6975 | ClipCoef 0.5891 | Peak-Mem 115.33GiB
GPU: cuda:0 | Step: 1068 | Updates: 91819 | Time/step: 0.8553 | Tok/sec=  4788.82 | Loss: 2.8773 / log-ppl: 17.7660 | Grad-Norm 1.7270 | ClipCoef 0.5790 | Peak-Mem 110.27GiB
GPU: cuda:0 | Step: 1072 | Updates: 91820 | Time/step: 0.8725 | Tok/sec=  4694.41 | Loss: 3.0643 / log-ppl: 21.4194 | Grad-Norm 1.7528 | ClipCoef 0.5705 | Peak-Mem 115.33GiB
GPU: cuda:0 | Step: 1076 | Updates: 91821 | Time/step: 1.3843 | Tok/sec=  2958.80 | Loss: 3.7858 / log-ppl: 44.0722 | Grad-Norm 5.2660 | ClipCoef 0.1899 | Peak-Mem 115.33GiB
GPU: cuda:0 | Step: 1080 | Updates: 91822 | Time/step: 1.0831 | Tok/sec=  3781.63 | Loss: 2.3014 / log-ppl: 9.9882 | Grad-Norm 1.8651 | ClipCoef 0.5362 | Peak-Mem 115.33GiB
GPU: cuda:0 | Step: 1084 | Updates: 91823 | Time/step: 1.0779 | Tok/sec=  3800.01 | Loss: 2.9773 / log-ppl: 19.6352 | Grad-Norm 2.2226 | ClipCoef 0.4499 | Peak-Mem 115.33GiB
GPU: cuda:0 | Step: 1088 | Updates: 91824 | Time/step: 1.0707 | Tok/sec=  3825.45 | Loss: 2.8977 / log-ppl: 18.1318 | Grad-Norm 1.7456 | ClipCoef 0.5729 | Peak-Mem 115.33GiB
GPU: cuda:0 | Step: 1092 | Updates: 91825 | Time/step: 0.8848 | Tok/sec=  4629.52 | Loss: 3.1899 / log-ppl: 24.2869 | Grad-Norm 1.7313 | ClipCoef 0.5776 | Peak-Mem 110.27GiB
GPU: cuda:0 | Step: 1096 | Updates: 91826 | Time/step: 1.0049 | Tok/sec=  4075.95 | Loss: 3.3697 / log-ppl: 29.0709 | Grad-Norm 1.6742 | ClipCoef 0.5973 | Peak-Mem 110.27GiB
GPU: cuda:0 | Step: 1100 | Updates: 91827 | Time/step: 1.0167 | Tok/sec=  4028.86 | Loss: 2.7267 / log-ppl: 15.2822 | Grad-Norm 1.6752 | ClipCoef 0.5970 | Peak-Mem 115.33GiB
GPU: cuda:0 | Step: 1104 | Updates: 91828 | Time/step: 0.7524 | Tok/sec=  5443.56 | Loss: 3.0002 / log-ppl: 20.0897 | Grad-Norm 1.5332 | ClipCoef 0.6522 | Peak-Mem 110.27GiB
GPU: cuda:0 | Step: 1108 | Updates: 91829 | Time/step: 1.1138 | Tok/sec=  3677.38 | Loss: 2.9735 / log-ppl: 19.5603 | Grad-Norm 1.5552 | ClipCoef 0.6430 | Peak-Mem 115.33GiB
GPU: cuda:0 | Step: 1112 | Updates: 91830 | Time/step: 1.2026 | Tok/sec=  3405.89 | Loss: 3.9327 / log-ppl: 51.0446 | Grad-Norm 3.1369 | ClipCoef 0.3188 | Peak-Mem 115.33GiB
GPU: cuda:0 | Step: 1116 | Updates: 91831 | Time/step: 1.2644 | Tok/sec=  3239.50 | Loss: 3.1771 / log-ppl: 23.9769 | Grad-Norm 1.6002 | ClipCoef 0.6249 | Peak-Mem 115.33GiB
GPU: cuda:0 | Step: 1120 | Updates: 91832 | Time/step: 0.9376 | Tok/sec=  4368.54 | Loss: 2.6846 / log-ppl: 14.6516 | Grad-Norm 1.9418 | ClipCoef 0.5150 | Peak-Mem 115.33GiB
GPU: cuda:0 | Step: 1124 | Updates: 91833 | Time/step: 1.0238 | Tok/sec=  4000.63 | Loss: 3.1281 / log-ppl: 22.8308 | Grad-Norm 1.7325 | ClipCoef 0.5772 | Peak-Mem 110.27GiB
GPU: cuda:0 | Step: 1128 | Updates: 91834 | Time/step: 1.0392 | Tok/sec=  3941.49 | Loss: 2.7939 / log-ppl: 16.3449 | Grad-Norm 1.8820 | ClipCoef 0.5313 | Peak-Mem 115.33GiB
GPU: cuda:0 | Step: 1132 | Updates: 91835 | Time/step: 1.1707 | Tok/sec=  3498.64 | Loss: 2.3623 / log-ppl: 10.6148 | Grad-Norm 1.7909 | ClipCoef 0.5584 | Peak-Mem 115.33GiBwandb: updating run metadata
wandb: uploading output.log; uploading wandb-summary.json; uploading config.yaml
wandb: 
wandb: Run history:
wandb:            cortex/channels ▁▁▁▁▁▁▁▁▁▁▁▁▁▁▁▁▁▁▁▁▁▁▁▁▁▁▁▁▁▁▁▁▁▁▁▁▁▁▁▁
wandb:    cortex/e_centred_cosine ▁▂▄▂▃▁▆▃▂█▃▅▆▇▃▄▃▄▁▃▅▆▃▂▁▅▄▃▅▂▅▃▃▅▅▃▄▅▄█
wandb:  cortex/e_eff_rank_entropy ▇▆▅▄▅█▆▅▆▃▅▆▅▁▂▅▅▅█▆▅▃▅▇██▆▃█▅▇▂▃▇▅▇█▇▄▄
wandb:       cortex/e_eff_rank_pr ▇▅▃▃▆▇▃▄▄▁▅▅▄▁▂▃▃▃▇▆▄▁▄▄█▇▃▂▅▄▆▂▂▄▂▆▇▆▃▁
wandb:          cortex/e_row_norm ▁▂▅▅▁▁▅▂▃▆▂▃▁▅▅▅▅▆▃▃▆▆█▇▃▃██▄▅▂▆▅▅▇▅▃▆▅█
wandb:           cortex/grad_norm ▃▂▄▂▂▄▂▁▇▂▆▃▁▂▃▃▃▁▁▃▂▂█▄▁▁▂▆▃▂▁▂▂▂▁▂▆▁▂▄
wandb:        cortex/latent_carry ▁▁▁▁▁▁▁▁▁▁▁▁▁▁▁▁▁▁▁▁▁▁▁▁▁▁▁▁▁▁▁▁▁▁▁▁▁▁▁▁
wandb:                cortex/loss ▃▃▇▅▄▄▄▃▆▅▂▄▄▅▅▆▇▃▄▄▃▃▃█▄▃▄▇▃▅▁▄▄▃▅▃▃▄▅▃
wandb:   cortex/num_steps_no_grad ▁▄▁▁▁▁▃▄▆▂▁▂▁▂▁▁██▁▂▁▁▃▁▁▃▁▁▂▁▁▁▁▃▄▂▁▂▁▆
wandb: cortex/num_steps_with_grad ▅█▅▅▄█████▂███▇▇██▄████▇▂████▄█▄▁█████▄█
wandb:                        +24 ...
wandb: 
wandb: Run summary:
wandb:            cortex/channels 1
wandb:    cortex/e_centred_cosine -0.00478
wandb:  cortex/e_eff_rank_entropy 99.44907
wandb:       cortex/e_eff_rank_pr 19.60077
wandb:          cortex/e_row_norm 112.89098
wandb:           cortex/grad_norm 2.38232
wandb:        cortex/latent_carry 0
wandb:                cortex/loss 2.78224
wandb:   cortex/num_steps_no_grad 16
wandb: cortex/num_steps_with_grad 8
wandb:                        +24 ...
wandb: 
wandb: 🚀 View run probe-p1-a1-accum-w16-cc8 at: https://wandb.ai/henryyjiang42-georgia-institute-of-technology/cortex-retrofit/runs/zq7bio0g
wandb: ⭐️ View project at: https://wandb.ai/henryyjiang42-georgia-institute-of-technology/cortex-retrofit
wandb: Synced 5 W&B file(s), 0 media file(s), 0 artifact file(s) and 0 other file(s)
wandb: Find logs at: cortex-retrofit/wandb/run-20260916_223810-zq7bio0g/logs

GPU: cuda:0 | Step: 1136 | Updates: 91836 | Time/step: 0.7392 | Tok/sec=  5541.48 | Loss: 3.5560 / log-ppl: 35.0231 | Grad-Norm 1.6662 | ClipCoef 0.6002 | Peak-Mem 90.24GiB
GPU: cuda:0 | Step: 1140 | Updates: 91837 | Time/step: 0.9407 | Tok/sec=  4354.42 | Loss: 3.6168 / log-ppl: 37.2175 | Grad-Norm 1.5584 | ClipCoef 0.6417 | Peak-Mem 115.33GiB
GPU: cuda:0 | Step: 1144 | Updates: 91838 | Time/step: 0.8956 | Tok/sec=  4573.39 | Loss: 3.7717 / log-ppl: 43.4558 | Grad-Norm 1.9287 | ClipCoef 0.5185 | Peak-Mem 115.33GiB
GPU: cuda:0 | Step: 1148 | Updates: 91839 | Time/step: 1.1941 | Tok/sec=  3430.07 | Loss: 3.0405 / log-ppl: 20.9150 | Grad-Norm 2.2951 | ClipCoef 0.4357 | Peak-Mem 115.33GiB
GPU: cuda:0 | Step: 1152 | Updates: 91840 | Time/step: 1.1283 | Tok/sec=  3630.33 | Loss: 2.8858 / log-ppl: 17.9171 | Grad-Norm 2.1656 | ClipCoef 0.4618 | Peak-Mem 115.33GiB
GPU: cuda:0 | Step: 1156 | Updates: 91841 | Time/step: 0.8668 | Tok/sec=  4725.41 | Loss: 2.7708 / log-ppl: 15.9720 | Grad-Norm 1.7340 | ClipCoef 0.5767 | Peak-Mem 115.33GiB
GPU: cuda:0 | Step: 1160 | Updates: 91842 | Time/step: 1.1208 | Tok/sec=  3654.63 | Loss: 2.7454 / log-ppl: 15.5701 | Grad-Norm 2.7598 | ClipCoef 0.3623 | Peak-Mem 115.33GiB
GPU: cuda:0 | Step: 1164 | Updates: 91843 | Time/step: 1.2681 | Tok/sec=  3230.09 | Loss: 2.8352 / log-ppl: 17.0334 | Grad-Norm 3.7374 | ClipCoef 0.2676 | Peak-Mem 115.33GiB
GPU: cuda:0 | Step: 1168 | Updates: 91844 | Time/step: 1.1358 | Tok/sec=  3606.13 | Loss: 3.4049 / log-ppl: 30.1105 | Grad-Norm 1.6444 | ClipCoef 0.6081 | Peak-Mem 115.33GiB
GPU: cuda:0 | Step: 1172 | Updates: 91845 | Time/step: 1.0773 | Tok/sec=  3802.11 | Loss: 2.7917 / log-ppl: 16.3086 | Grad-Norm 1.7072 | ClipCoef 0.5858 | Peak-Mem 115.33GiB
GPU: cuda:0 | Step: 1176 | Updates: 91846 | Time/step: 1.1333 | Tok/sec=  3614.26 | Loss: 3.0216 / log-ppl: 20.5231 | Grad-Norm 1.6770 | ClipCoef 0.5963 | Peak-Mem 115.33GiB
GPU: cuda:0 | Step: 1180 | Updates: 91847 | Time/step: 0.8847 | Tok/sec=  4629.58 | Loss: 3.3400 / log-ppl: 28.2185 | Grad-Norm 2.6211 | ClipCoef 0.3815 | Peak-Mem 115.33GiB
GPU: cuda:0 | Step: 1184 | Updates: 91848 | Time/step: 1.1841 | Tok/sec=  3459.12 | Loss: 2.7875 / log-ppl: 16.2398 | Grad-Norm 1.5388 | ClipCoef 0.6499 | Peak-Mem 115.33GiB
GPU: cuda:0 | Step: 1188 | Updates: 91849 | Time/step: 0.7392 | Tok/sec=  5540.83 | Loss: 3.5184 / log-ppl: 33.7292 | Grad-Norm 2.3661 | ClipCoef 0.4226 | Peak-Mem 85.29GiB
GPU: cuda:0 | Step: 1192 | Updates: 91850 | Time/step: 1.1647 | Tok/sec=  3516.77 | Loss: 3.4084 / log-ppl: 30.2162 | Grad-Norm 1.7036 | ClipCoef 0.5870 | Peak-Mem 115.33GiB
GPU: cuda:0 | Step: 1196 | Updates: 91851 | Time/step: 0.9070 | Tok/sec=  4516.22 | Loss: 3.1542 / log-ppl: 23.4344 | Grad-Norm 2.9073 | ClipCoef 0.3440 | Peak-Mem 115.33GiB
GPU: cuda:0 | Step: 1200 | Updates: 91852 | Time/step: 0.9102 | Tok/sec=  4500.31 | Loss: 3.1507 / log-ppl: 23.3512 | Grad-Norm 2.3414 | ClipCoef 0.4271 | Peak-Mem 115.33GiB
GPU: cuda:0 | Step: 1204 | Updates: 91853 | Time/step: 1.2279 | Tok/sec=  3335.70 | Loss: 2.5923 / log-ppl: 13.3600 | Grad-Norm 1.9230 | ClipCoef 0.5200 | Peak-Mem 115.33GiB
GPU: cuda:0 | Step: 1208 | Updates: 91854 | Time/step: 1.2157 | Tok/sec=  3369.35 | Loss: 3.4402 / log-ppl: 31.1923 | Grad-Norm 2.2745 | ClipCoef 0.4397 | Peak-Mem 115.33GiB
GPU: cuda:0 | Step: 1212 | Updates: 91855 | Time/step: 1.0078 | Tok/sec=  4064.33 | Loss: 3.2265 / log-ppl: 25.1920 | Grad-Norm 1.7500 | ClipCoef 0.5714 | Peak-Mem 115.33GiB
GPU: cuda:0 | Step: 1216 | Updates: 91856 | Time/step: 0.7800 | Tok/sec=  5250.99 | Loss: 2.9949 / log-ppl: 19.9834 | Grad-Norm 2.4518 | ClipCoef 0.4079 | Peak-Mem 115.33GiB
GPU: cuda:0 | Step: 1220 | Updates: 91857 | Time/step: 1.1828 | Tok/sec=  3462.91 | Loss: 3.1114 / log-ppl: 22.4515 | Grad-Norm 2.3082 | ClipCoef 0.4332 | Peak-Mem 115.33GiB
GPU: cuda:0 | Step: 1224 | Updates: 91858 | Time/step: 1.1324 | Tok/sec=  3617.03 | Loss: 3.2490 / log-ppl: 25.7655 | Grad-Norm 1.7636 | ClipCoef 0.5670 | Peak-Mem 115.33GiB
GPU: cuda:0 | Step: 1228 | Updates: 91859 | Time/step: 1.1794 | Tok/sec=  3472.84 | Loss: 3.0585 / log-ppl: 21.2964 | Grad-Norm 1.6644 | ClipCoef 0.6008 | Peak-Mem 115.33GiB
GPU: cuda:0 | Step: 1232 | Updates: 91860 | Time/step: 1.1470 | Tok/sec=  3571.04 | Loss: 2.2873 / log-ppl: 9.8487 | Grad-Norm 1.5510 | ClipCoef 0.6447 | Peak-Mem 115.33GiB
GPU: cuda:0 | Step: 1236 | Updates: 91861 | Time/step: 0.9205 | Tok/sec=  4449.63 | Loss: 2.6286 / log-ppl: 13.8547 | Grad-Norm 1.5519 | ClipCoef 0.6444 | Peak-Mem 115.33GiB
GPU: cuda:0 | Step: 1240 | Updates: 91862 | Time/step: 1.4182 | Tok/sec=  2888.18 | Loss: 3.2147 / log-ppl: 24.8955 | Grad-Norm 1.5571 | ClipCoef 0.6422 | Peak-Mem 115.33GiB
GPU: cuda:0 | Step: 1244 | Updates: 91863 | Time/step: 1.1702 | Tok/sec=  3500.35 | Loss: 2.7597 / log-ppl: 15.7944 | Grad-Norm 1.8426 | ClipCoef 0.5427 | Peak-Mem 115.33GiB
GPU: cuda:0 | Step: 1248 | Updates: 91864 | Time/step: 0.8226 | Tok/sec=  4979.36 | Loss: 3.5863 / log-ppl: 36.0987 | Grad-Norm 7.6665 | ClipCoef 0.1304 | Peak-Mem 115.33GiB
GPU: cuda:0 | Step: 1252 | Updates: 91865 | Time/step: 0.9893 | Tok/sec=  4140.48 | Loss: 2.6355 / log-ppl: 13.9506 | Grad-Norm 1.6960 | ClipCoef 0.5896 | Peak-Mem 115.33GiB
GPU: cuda:0 | Step: 1256 | Updates: 91866 | Time/step: 1.3325 | Tok/sec=  3073.82 | Loss: 3.0431 / log-ppl: 20.9699 | Grad-Norm 2.8063 | ClipCoef 0.3563 | Peak-Mem 115.33GiB
GPU: cuda:0 | Step: 1260 | Updates: 91867 | Time/step: 1.1095 | Tok/sec=  3691.63 | Loss: 2.4617 / log-ppl: 11.7251 | Grad-Norm 1.6743 | ClipCoef 0.5973 | Peak-Mem 115.33GiB
GPU: cuda:0 | Step: 1264 | Updates: 91868 | Time/step: 0.9760 | Tok/sec=  4196.81 | Loss: 2.6914 / log-ppl: 14.7528 | Grad-Norm 1.5951 | ClipCoef 0.6269 | Peak-Mem 115.33GiB
GPU: cuda:0 | Step: 1268 | Updates: 91869 | Time/step: 0.9669 | Tok/sec=  4236.21 | Loss: 2.6446 / log-ppl: 14.0779 | Grad-Norm 1.6268 | ClipCoef 0.6147 | Peak-Mem 115.33GiB
GPU: cuda:0 | Step: 1272 | Updates: 91870 | Time/step: 1.1700 | Tok/sec=  3500.84 | Loss: 3.1640 / log-ppl: 23.6641 | Grad-Norm 1.6753 | ClipCoef 0.5969 | Peak-Mem 115.33GiB
GPU: cuda:0 | Step: 1276 | Updates: 91871 | Time/step: 1.0378 | Tok/sec=  3946.77 | Loss: 2.6981 / log-ppl: 14.8517 | Grad-Norm 1.4485 | ClipCoef 0.6904 | Peak-Mem 115.33GiB
GPU: cuda:0 | Step: 1280 | Updates: 91872 | Time/step: 0.8064 | Tok/sec=  5079.33 | Loss: 3.0894 / log-ppl: 21.9630 | Grad-Norm 2.4389 | ClipCoef 0.4100 | Peak-Mem 115.33GiB
GPU: cuda:0 | Step: 1284 | Updates: 91873 | Time/step: 1.1930 | Tok/sec=  3433.26 | Loss: 2.9205 / log-ppl: 18.5510 | Grad-Norm 3.2367 | ClipCoef 0.3090 | Peak-Mem 115.33GiB
GPU: cuda:0 | Step: 1288 | Updates: 91874 | Time/step: 1.0281 | Tok/sec=  3984.04 | Loss: 2.4147 / log-ppl: 11.1868 | Grad-Norm 1.7269 | ClipCoef 0.5791 | Peak-Mem 115.33GiB
GPU: cuda:0 | Step: 1292 | Updates: 91875 | Time/step: 0.8768 | Tok/sec=  4671.65 | Loss: 2.8293 / log-ppl: 16.9338 | Grad-Norm 2.1574 | ClipCoef 0.4635 | Peak-Mem 115.33GiB
GPU: cuda:0 | Step: 1296 | Updates: 91876 | Time/step: 0.9133 | Tok/sec=  4484.60 | Loss: 2.4544 / log-ppl: 11.6397 | Grad-Norm 5.6789 | ClipCoef 0.1761 | Peak-Mem 115.33GiB
GPU: cuda:0 | Step: 1300 | Updates: 91877 | Time/step: 1.1196 | Tok/sec=  3658.35 | Loss: 3.8312 / log-ppl: 46.1191 | Grad-Norm 1.6085 | ClipCoef 0.6217 | Peak-Mem 115.33GiB
GPU: cuda:0 | Step: 1304 | Updates: 91878 | Time/step: 1.1763 | Tok/sec=  3482.25 | Loss: 3.5710 / log-ppl: 35.5518 | Grad-Norm 1.5244 | ClipCoef 0.6560 | Peak-Mem 115.33GiB
GPU: cuda:0 | Step: 1308 | Updates: 91879 | Time/step: 1.4061 | Tok/sec=  2913.00 | Loss: 2.9514 / log-ppl: 19.1334 | Grad-Norm 2.2055 | ClipCoef 0.4534 | Peak-Mem 115.33GiB
GPU: cuda:0 | Step: 1312 | Updates: 91880 | Time/step: 1.0003 | Tok/sec=  4094.68 | Loss: 3.2060 / log-ppl: 24.6802 | Grad-Norm 1.7653 | ClipCoef 0.5665 | Peak-Mem 115.33GiB
GPU: cuda:0 | Step: 1316 | Updates: 91881 | Time/step: 0.9612 | Tok/sec=  4261.14 | Loss: 3.1992 / log-ppl: 24.5134 | Grad-Norm 3.4185 | ClipCoef 0.2925 | Peak-Mem 110.27GiB
GPU: cuda:0 | Step: 1320 | Updates: 91882 | Time/step: 1.1801 | Tok/sec=  3470.91 | Loss: 2.8696 / log-ppl: 17.6304 | Grad-Norm 1.6915 | ClipCoef 0.5912 | Peak-Mem 115.33GiB
GPU: cuda:0 | Step: 1324 | Updates: 91883 | Time/step: 1.2604 | Tok/sec=  3249.68 | Loss: 2.8967 / log-ppl: 18.1151 | Grad-Norm 1.6679 | ClipCoef 0.5996 | Peak-Mem 115.33GiB
GPU: cuda:0 | Step: 1328 | Updates: 91884 | Time/step: 1.0436 | Tok/sec=  3924.93 | Loss: 2.7129 / log-ppl: 15.0732 | Grad-Norm 1.8594 | ClipCoef 0.5378 | Peak-Mem 115.33GiB
GPU: cuda:0 | Step: 1332 | Updates: 91885 | Time/step: 0.8991 | Tok/sec=  4555.65 | Loss: 3.0834 / log-ppl: 21.8322 | Grad-Norm 1.7572 | ClipCoef 0.5691 | Peak-Mem 115.33GiB
GPU: cuda:0 | Step: 1336 | Updates: 91886 | Time/step: 0.9692 | Tok/sec=  4225.98 | Loss: 3.1250 / log-ppl: 22.7598 | Grad-Norm 7.9546 | ClipCoef 0.1257 | Peak-Mem 115.33GiB
GPU: cuda:0 | Step: 1340 | Updates: 91887 | Time/step: 1.2084 | Tok/sec=  3389.52 | Loss: 3.2600 / log-ppl: 26.0500 | Grad-Norm 2.6493 | ClipCoef 0.3775 | Peak-Mem 115.33GiB
GPU: cuda:0 | Step: 1344 | Updates: 91888 | Time/step: 0.8910 | Tok/sec=  4597.03 | Loss: 2.9780 / log-ppl: 19.6488 | Grad-Norm 7.9092 | ClipCoef 0.1264 | Peak-Mem 115.33GiB
GPU: cuda:0 | Step: 1348 | Updates: 91889 | Time/step: 0.8502 | Tok/sec=  4817.71 | Loss: 3.1242 / log-ppl: 22.7428 | Grad-Norm 1.7368 | ClipCoef 0.5758 | Peak-Mem 115.33GiB
GPU: cuda:0 | Step: 1352 | Updates: 91890 | Time/step: 1.0507 | Tok/sec=  3898.21 | Loss: 2.7143 / log-ppl: 15.0934 | Grad-Norm 1.7546 | ClipCoef 0.5699 | Peak-Mem 115.33GiB
GPU: cuda:0 | Step: 1356 | Updates: 91891 | Time/step: 1.4567 | Tok/sec=  2811.78 | Loss: 3.0600 / log-ppl: 21.3277 | Grad-Norm 1.9642 | ClipCoef 0.5091 | Peak-Mem 115.33GiB
GPU: cuda:0 | Step: 1360 | Updates: 91892 | Time/step: 0.9559 | Tok/sec=  4285.17 | Loss: 3.4056 / log-ppl: 30.1320 | Grad-Norm 2.0457 | ClipCoef 0.4888 | Peak-Mem 115.33GiB
GPU: cuda:0 | Step: 1364 | Updates: 91893 | Time/step: 1.2002 | Tok/sec=  3412.83 | Loss: 2.8926 / log-ppl: 18.0406 | Grad-Norm 1.8166 | ClipCoef 0.5505 | Peak-Mem 115.33GiB
GPU: cuda:0 | Step: 1368 | Updates: 91894 | Time/step: 1.2709 | Tok/sec=  3222.83 | Loss: 2.9354 / log-ppl: 18.8287 | Grad-Norm 1.6907 | ClipCoef 0.5915 | Peak-Mem 115.33GiB
GPU: cuda:0 | Step: 1372 | Updates: 91895 | Time/step: 1.0998 | Tok/sec=  3724.21 | Loss: 2.6280 / log-ppl: 13.8454 | Grad-Norm 2.9507 | ClipCoef 0.3389 | Peak-Mem 115.33GiB
GPU: cuda:0 | Step: 1376 | Updates: 91896 | Time/step: 1.2786 | Tok/sec=  3203.39 | Loss: 3.5935 / log-ppl: 36.3616 | Grad-Norm 1.5984 | ClipCoef 0.6256 | Peak-Mem 115.33GiB
GPU: cuda:0 | Step: 1380 | Updates: 91897 | Time/step: 1.2712 | Tok/sec=  3222.22 | Loss: 3.2234 / log-ppl: 25.1143 | Grad-Norm 1.6977 | ClipCoef 0.5890 | Peak-Mem 115.33GiB
GPU: cuda:0 | Step: 1384 | Updates: 91898 | Time/step: 1.1875 | Tok/sec=  3449.29 | Loss: 2.7069 / log-ppl: 14.9833 | Grad-Norm 1.9455 | ClipCoef 0.5140 | Peak-Mem 115.33GiB
GPU: cuda:0 | Step: 1388 | Updates: 91899 | Time/step: 1.1514 | Tok/sec=  3557.36 | Loss: 2.8944 / log-ppl: 18.0726 | Grad-Norm 2.8641 | ClipCoef 0.3491 | Peak-Mem 115.33GiB
GPU: cuda:0 | Step: 1392 | Updates: 91900 | Time/step: 1.3389 | Tok/sec=  3059.22 | Loss: 3.2416 / log-ppl: 25.5751 | Grad-Norm 1.5906 | ClipCoef 0.6287 | Peak-Mem 115.33GiB
GPU: cuda:0 | Step: 1396 | Updates: 91901 | Time/step: 1.1546 | Tok/sec=  3547.66 | Loss: 3.2587 / log-ppl: 26.0159 | Grad-Norm 1.6439 | ClipCoef 0.6083 | Peak-Mem 115.33GiB
GPU: cuda:0 | Step: 1400 | Updates: 91902 | Time/step: 1.1293 | Tok/sec=  3627.03 | Loss: 3.5018 / log-ppl: 33.1763 | Grad-Norm 2.3972 | ClipCoef 0.4172 | Peak-Mem 115.33GiB
GPU: cuda:0 | Step: 1404 | Updates: 91903 | Time/step: 1.2907 | Tok/sec=  3173.56 | Loss: 3.0621 / log-ppl: 21.3734 | Grad-Norm 1.5737 | ClipCoef 0.6354 | Peak-Mem 115.33GiB
GPU: cuda:0 | Step: 1408 | Updates: 91904 | Time/step: 1.0648 | Tok/sec=  3846.77 | Loss: 3.5799 / log-ppl: 35.8706 | Grad-Norm 1.9634 | ClipCoef 0.5093 | Peak-Mem 115.33GiB
GPU: cuda:0 | Step: 1412 | Updates: 91905 | Time/step: 0.9352 | Tok/sec=  4379.92 | Loss: 2.3555 / log-ppl: 10.5437 | Grad-Norm 1.7959 | ClipCoef 0.5568 | Peak-Mem 115.33GiB
GPU: cuda:0 | Step: 1416 | Updates: 91906 | Time/step: 0.9580 | Tok/sec=  4275.72 | Loss: 2.7776 / log-ppl: 16.0811 | Grad-Norm 1.6298 | ClipCoef 0.6136 | Peak-Mem 115.33GiB
GPU: cuda:0 | Step: 1420 | Updates: 91907 | Time/step: 1.1184 | Tok/sec=  3662.44 | Loss: 3.1551 / log-ppl: 23.4556 | Grad-Norm 2.2896 | ClipCoef 0.4367 | Peak-Mem 115.33GiB
GPU: cuda:0 | Step: 1424 | Updates: 91908 | Time/step: 1.0788 | Tok/sec=  3796.86 | Loss: 2.6162 / log-ppl: 13.6833 | Grad-Norm 1.5791 | ClipCoef 0.6333 | Peak-Mem 115.33GiB
GPU: cuda:0 | Step: 1428 | Updates: 91909 | Time/step: 0.9033 | Tok/sec=  4534.68 | Loss: 2.8609 / log-ppl: 17.4778 | Grad-Norm 1.5623 | ClipCoef 0.6401 | Peak-Mem 110.27GiB
GPU: cuda:0 | Step: 1432 | Updates: 91910 | Time/step: 1.1500 | Tok/sec=  3561.69 | Loss: 2.8327 / log-ppl: 16.9916 | Grad-Norm 1.7686 | ClipCoef 0.5654 | Peak-Mem 115.33GiB
GPU: cuda:0 | Step: 1436 | Updates: 91911 | Time/step: 1.0397 | Tok/sec=  3939.41 | Loss: 2.7208 / log-ppl: 15.1922 | Grad-Norm 2.3341 | ClipCoef 0.4284 | Peak-Mem 115.33GiB
GPU: cuda:0 | Step: 1440 | Updates: 91912 | Time/step: 1.1125 | Tok/sec=  3681.89 | Loss: 2.5341 / log-ppl: 12.6048 | Grad-Norm 2.0111 | ClipCoef 0.4972 | Peak-Mem 115.33GiB
GPU: cuda:0 | Step: 1444 | Updates: 91913 | Time/step: 1.0749 | Tok/sec=  3810.74 | Loss: 2.9972 / log-ppl: 20.0287 | Grad-Norm 2.2831 | ClipCoef 0.4380 | Peak-Mem 115.33GiB
GPU: cuda:0 | Step: 1448 | Updates: 91914 | Time/step: 0.9233 | Tok/sec=  4436.48 | Loss: 3.2530 / log-ppl: 25.8679 | Grad-Norm 1.9149 | ClipCoef 0.5222 | Peak-Mem 115.33GiB
GPU: cuda:0 | Step: 1452 | Updates: 91915 | Time/step: 1.0690 | Tok/sec=  3831.62 | Loss: 3.1794 / log-ppl: 24.0318 | Grad-Norm 1.5548 | ClipCoef 0.6432 | Peak-Mem 115.33GiB
GPU: cuda:0 | Step: 1456 | Updates: 91916 | Time/step: 1.1459 | Tok/sec=  3574.34 | Loss: 2.6114 / log-ppl: 13.6182 | Grad-Norm 1.9023 | ClipCoef 0.5257 | Peak-Mem 115.33GiB
GPU: cuda:0 | Step: 1460 | Updates: 91917 | Time/step: 1.0415 | Tok/sec=  3932.92 | Loss: 2.9316 / log-ppl: 18.7579 | Grad-Norm 1.9621 | ClipCoef 0.5097 | Peak-Mem 115.33GiB
GPU: cuda:0 | Step: 1464 | Updates: 91918 | Time/step: 1.1752 | Tok/sec=  3485.23 | Loss: 2.1982 / log-ppl: 9.0087 | Grad-Norm 2.0602 | ClipCoef 0.4854 | Peak-Mem 115.33GiB
GPU: cuda:0 | Step: 1468 | Updates: 91919 | Time/step: 0.9723 | Tok/sec=  4212.91 | Loss: 2.2315 / log-ppl: 9.3135 | Grad-Norm 2.0702 | ClipCoef 0.4830 | Peak-Mem 115.33GiB
GPU: cuda:0 | Step: 1472 | Updates: 91920 | Time/step: 1.0465 | Tok/sec=  3913.91 | Loss: 2.8346 / log-ppl: 17.0233 | Grad-Norm 2.9579 | ClipCoef 0.3381 | Peak-Mem 115.33GiB
GPU: cuda:0 | Step: 1476 | Updates: 91921 | Time/step: 1.1000 | Tok/sec=  3723.56 | Loss: 3.1065 / log-ppl: 22.3423 | Grad-Norm 1.7395 | ClipCoef 0.5749 | Peak-Mem 115.33GiB
GPU: cuda:0 | Step: 1480 | Updates: 91922 | Time/step: 1.1052 | Tok/sec=  3706.19 | Loss: 3.3104 / log-ppl: 27.3963 | Grad-Norm 1.8895 | ClipCoef 0.5292 | Peak-Mem 115.33GiB
GPU: cuda:0 | Step: 1484 | Updates: 91923 | Time/step: 1.4396 | Tok/sec=  2845.31 | Loss: 3.0328 / log-ppl: 20.7558 | Grad-Norm 1.6334 | ClipCoef 0.6122 | Peak-Mem 115.33GiB
GPU: cuda:0 | Step: 1488 | Updates: 91924 | Time/step: 0.7651 | Tok/sec=  5353.22 | Loss: 2.8993 / log-ppl: 18.1614 | Grad-Norm 1.5884 | ClipCoef 0.6295 | Peak-Mem 95.31GiB
GPU: cuda:0 | Step: 1492 | Updates: 91925 | Time/step: 1.0417 | Tok/sec=  3932.11 | Loss: 3.2053 / log-ppl: 24.6636 | Grad-Norm 2.7847 | ClipCoef 0.3591 | Peak-Mem 115.33GiB
GPU: cuda:0 | Step: 1496 | Updates: 91926 | Time/step: 1.3261 | Tok/sec=  3088.86 | Loss: 3.4106 / log-ppl: 30.2841 | Grad-Norm 1.8027 | ClipCoef 0.5547 | Peak-Mem 115.33GiB
GPU: cuda:0 | Step: 1500 | Updates: 91927 | Time/step: 1.0969 | Tok/sec=  3734.17 | Loss: 2.9262 / log-ppl: 18.6574 | Grad-Norm 2.1070 | ClipCoef 0.4746 | Peak-Mem 115.33GiB
GPU: cuda:0 | Step: 1504 | Updates: 91928 | Time/step: 1.2209 | Tok/sec=  3354.79 | Loss: 3.3507 / log-ppl: 28.5229 | Grad-Norm 1.6605 | ClipCoef 0.6022 | Peak-Mem 115.33GiB
GPU: cuda:0 | Step: 1508 | Updates: 91929 | Time/step: 1.0811 | Tok/sec=  3788.60 | Loss: 3.4182 / log-ppl: 30.5137 | Grad-Norm 1.6052 | ClipCoef 0.6230 | Peak-Mem 115.33GiB
GPU: cuda:0 | Step: 1512 | Updates: 91930 | Time/step: 0.9733 | Tok/sec=  4208.53 | Loss: 3.0866 / log-ppl: 21.9030 | Grad-Norm 1.6389 | ClipCoef 0.6102 | Peak-Mem 115.33GiB
GPU: cuda:0 | Step: 1516 | Updates: 91931 | Time/step: 0.9063 | Tok/sec=  4519.46 | Loss: 2.9682 / log-ppl: 19.4575 | Grad-Norm 1.8710 | ClipCoef 0.5345 | Peak-Mem 105.32GiB
GPU: cuda:0 | Step: 1520 | Updates: 91932 | Time/step: 1.1282 | Tok/sec=  3630.46 | Loss: 2.8763 / log-ppl: 17.7479 | Grad-Norm 1.6171 | ClipCoef 0.6184 | Peak-Mem 115.33GiB
GPU: cuda:0 | Step: 1524 | Updates: 91933 | Time/step: 0.9447 | Tok/sec=  4335.67 | Loss: 2.5747 / log-ppl: 13.1267 | Grad-Norm 2.9926 | ClipCoef 0.3342 | Peak-Mem 115.33GiB
GPU: cuda:0 | Step: 1528 | Updates: 91934 | Time/step: 1.2164 | Tok/sec=  3367.22 | Loss: 3.2407 / log-ppl: 25.5522 | Grad-Norm 1.9938 | ClipCoef 0.5016 | Peak-Mem 115.35GiB
GPU: cuda:0 | Step: 1532 | Updates: 91935 | Time/step: 1.0207 | Tok/sec=  4012.94 | Loss: 2.9287 / log-ppl: 18.7041 | Grad-Norm 1.6041 | ClipCoef 0.6234 | Peak-Mem 115.33GiB
GPU: cuda:0 | Step: 1536 | Updates: 91936 | Time/step: 0.9364 | Tok/sec=  4374.06 | Loss: 2.8690 / log-ppl: 17.6187 | Grad-Norm 2.1404 | ClipCoef 0.4672 | Peak-Mem 115.33GiB
GPU: cuda:0 | Step: 1540 | Updates: 91937 | Time/step: 1.1959 | Tok/sec=  3425.07 | Loss: 3.4113 / log-ppl: 30.3035 | Grad-Norm 1.6504 | ClipCoef 0.6059 | Peak-Mem 115.33GiB
GPU: cuda:0 | Step: 1544 | Updates: 91938 | Time/step: 1.0879 | Tok/sec=  3765.15 | Loss: 2.9755 / log-ppl: 19.5994 | Grad-Norm 1.6406 | ClipCoef 0.6095 | Peak-Mem 115.33GiB
GPU: cuda:0 | Step: 1548 | Updates: 91939 | Time/step: 1.0010 | Tok/sec=  4091.92 | Loss: 3.0189 / log-ppl: 20.4697 | Grad-Norm 2.1383 | ClipCoef 0.4677 | Peak-Mem 115.33GiB
GPU: cuda:0 | Step: 1552 | Updates: 91940 | Time/step: 1.1200 | Tok/sec=  3657.11 | Loss: 3.3011 / log-ppl: 27.1422 | Grad-Norm 1.7910 | ClipCoef 0.5583 | Peak-Mem 115.33GiB
GPU: cuda:0 | Step: 1556 | Updates: 91941 | Time/step: 1.0199 | Tok/sec=  4016.21 | Loss: 3.3529 / log-ppl: 28.5862 | Grad-Norm 1.6665 | ClipCoef 0.6001 | Peak-Mem 115.33GiB
GPU: cuda:0 | Step: 1560 | Updates: 91942 | Time/step: 1.1166 | Tok/sec=  3668.21 | Loss: 2.5023 / log-ppl: 12.2110 | Grad-Norm 1.9134 | ClipCoef 0.5226 | Peak-Mem 115.33GiB
GPU: cuda:0 | Step: 1564 | Updates: 91943 | Time/step: 1.1075 | Tok/sec=  3698.30 | Loss: 4.5232 / log-ppl: 92.1318 | Grad-Norm 2.2739 | ClipCoef 0.4398 | Peak-Mem 115.33GiB
GPU: cuda:0 | Step: 1568 | Updates: 91944 | Time/step: 0.9887 | Tok/sec=  4142.90 | Loss: 2.8330 / log-ppl: 16.9964 | Grad-Norm 1.7060 | ClipCoef 0.5862 | Peak-Mem 115.33GiB
GPU: cuda:0 | Step: 1572 | Updates: 91945 | Time/step: 1.0426 | Tok/sec=  3928.79 | Loss: 2.8778 / log-ppl: 17.7759 | Grad-Norm 1.6374 | ClipCoef 0.6107 | Peak-Mem 115.33GiB
GPU: cuda:0 | Step: 1576 | Updates: 91946 | Time/step: 1.2647 | Tok/sec=  3238.59 | Loss: 3.1426 / log-ppl: 23.1652 | Grad-Norm 2.0346 | ClipCoef 0.4915 | Peak-Mem 115.33GiB
GPU: cuda:0 | Step: 1580 | Updates: 91947 | Time/step: 0.9769 | Tok/sec=  4192.95 | Loss: 3.4561 / log-ppl: 31.6931 | Grad-Norm 2.0466 | ClipCoef 0.4886 | Peak-Mem 115.33GiB
GPU: cuda:0 | Step: 1584 | Updates: 91948 | Time/step: 0.7957 | Tok/sec=  5147.94 | Loss: 3.3053 / log-ppl: 27.2566 | Grad-Norm 1.9102 | ClipCoef 0.5235 | Peak-Mem 115.33GiB
GPU: cuda:0 | Step: 1588 | Updates: 91949 | Time/step: 1.0714 | Tok/sec=  3822.91 | Loss: 3.4606 / log-ppl: 31.8360 | Grad-Norm 3.2297 | ClipCoef 0.3096 | Peak-Mem 115.33GiB
GPU: cuda:0 | Step: 1592 | Updates: 91950 | Time/step: 1.0817 | Tok/sec=  3786.46 | Loss: 2.7822 / log-ppl: 16.1551 | Grad-Norm 2.3823 | ClipCoef 0.4198 | Peak-Mem 115.33GiB
GPU: cuda:0 | Step: 1596 | Updates: 91951 | Time/step: 1.0788 | Tok/sec=  3796.66 | Loss: 2.9464 / log-ppl: 19.0366 | Grad-Norm 2.8988 | ClipCoef 0.3450 | Peak-Mem 115.33GiB
GPU: cuda:0 | Step: 1600 | Updates: 91952 | Time/step: 1.1753 | Tok/sec=  3484.95 | Loss: 2.4670 / log-ppl: 11.7865 | Grad-Norm 2.1844 | ClipCoef 0.4578 | Peak-Mem 115.33GiB
[stop_at_step] reached 91952 — ending this phase (schedule horizon max_steps=305176 unchanged)
[rank 0] Saved checkpoint @ step 91,952
--------------------------------------------------------------------
Training time: 0:29:17.284212 
Max. Mem allocated: 11.722 GB. Max. Mem reserved: 116.752 GB.
--------------------------------------------------------------------
--------------------------------------------------------------------
Run None finished without error.
---------Total time: 0:29:32.411263 ---------
-----------------Shutdown complete.--------------------------

######## architecture probe: did it actually train? ########

=== Z probe | cortex-retrofit/probe-p1-a1-accum-w16-cc8/checkpoint_91952 ===
    optimizer_step 91,952  |  buffer: accum, E only
    parent step 91,552 -> +400 steps
  [PASS] the probe advanced past its parent  400 steps

-- is every block attached to the loss? --
  [SKIP] no Z parameters in this checkpoint.  Either the arm is E-only
         (a1/a3, in which case this tool is the wrong one) or --cortex.latent_carry
         never reached the graft -- check the run's [cortex] banner line.
  [PASS] summary_emb moved  rel change 4.285e-02
  [PASS] every parameter is finite
  [PASS] latent_carry in the config matches the parameters found  config False, parameters False
  [PASS] summary_emb width matches accum_vecs  16 vs 16

========================================================================
PROBE PASSED — the architecture is LIVE: every block that should
be attached to the loss is attached to it.

THIS IS NOT A RESULT ABOUT Z.  A few hundred steps cannot say whether
the channel helps; that is what the full cell, evals/eval_carry_2x2.py
and evals/eval_influence_horizon.py are for.  Do not quote this run.
========================================================================
[cortex] OVERRIDE config.use_memory: '<absent>' -> True  (NOT what this checkpoint trained with unless they match)
[cortex] OVERRIDE config.memory_slots: '<absent>' -> 0  (NOT what this checkpoint trained with unless they match)
[cortex] OVERRIDE config.prefix_memory: '<absent>' -> 'accum'  (NOT what this checkpoint trained with unless they match)
[cortex] OVERRIDE config.accum_vecs: '<absent>' -> 16  (NOT what this checkpoint trained with unless they match)
[cortex] OVERRIDE config.accum_max: '<absent>' -> 128  (NOT what this checkpoint trained with unless they match)
Random Initialization not implemented.
Random Initialization not implemented.
Random Initialization not implemented.
Loading checkpoint shards:   0%|          | 0/2 [00:00<?, ?it/s]Loading checkpoint shards:  50%|█████     | 1/2 [00:01<00:01,  1.03s/it]Loading checkpoint shards: 100%|██████████| 2/2 [00:01<00:00,  1.88it/s]
Some weights of RavenForCausalLM were not initialized from the model checkpoint at ckpts/olmo-retrofit-cortex and are newly initialized: ['cortex.prefix.summary_emb', 'cortex.prefix.summary_seeded']
You should probably TRAIN this model on a down-stream task to be able to use it for predictions and inference.
[cortex] reset 0 cortex submodules to nn defaults + re-applied designed inits ['prefix.[summary_emb~N(reseeded from wte on first forward)]'] (undo post_init clobber)
[load] overlaid cortex-retrofit/probe-p1-a1-accum-w16-cc8/checkpoint_91952/chkpt.pt: 0 missing / 0 unexpected keys
[cortex] carry buffer: n_vec=16 max_vecs=128 (config.json) -> holds the newest 8 chunks; older writes are dropped by the FIFO

====================================================================================================
DUAL-CHANNEL WALK  PrefixAccumBuffer  W=16 K=None route=accum  Z=OFF  8 chunks x 256 tokens
====================================================================================================
ch      rows  width   touched  as ring?   |E|/s0   |Z|/s0  tape  wgrad  read  z-read err     loss
 0     0->16      D        16         -   289.37      -       -      -   yes           -  11.8745
 1    16->32      D        16         -   289.78      -       -      -   yes           -  11.3394
 2    32->48      D        16         -   289.55      -       -      -   yes           -  11.4109
 3    48->64      D        16         -   289.17      -       -      -   yes           -  11.7798
 4    64->80      D        16         -   289.24      -       -      -   yes           -  11.6123
 5    80->96      D        16         -   289.45      -       -      -   yes           -  11.6959
 6   96->112      D        16         -   289.52      -       -      -   yes           -  11.9161
 7  112->128      D        16         -   289.19      -       -      -   yes           -  11.6688

-- final carry ------------------------------------------------------
   rows 128  channels 1
   E: row_norm 112.481  centred_cos -0.0063  eff_rank_pr 26.01  entropy 99.54

-- gradient norms (one backward over the summed chain loss) ---------
   prefix.summary_emb                   1.594300e+00

This table is evidence about the MACHINERY, not about whether Z helps.
That needs the full cell, the 2x2 and the influence horizon.

wrote eval_results/probe-probe-p1-a1-accum-w16-cc8/walk.json
[cortex] OVERRIDE config.use_memory: '<absent>' -> True  (NOT what this checkpoint trained with unless they match)
[cortex] OVERRIDE config.memory_slots: '<absent>' -> 0  (NOT what this checkpoint trained with unless they match)
[cortex] OVERRIDE config.prefix_memory: '<absent>' -> 'accum'  (NOT what this checkpoint trained with unless they match)
[cortex] OVERRIDE config.accum_vecs: '<absent>' -> 16  (NOT what this checkpoint trained with unless they match)
[cortex] OVERRIDE config.accum_max: '<absent>' -> 128  (NOT what this checkpoint trained with unless they match)
Random Initialization not implemented.
Random Initialization not implemented.
Random Initialization not implemented.
Loading checkpoint shards:   0%|          | 0/2 [00:00<?, ?it/s]Loading checkpoint shards: 100%|██████████| 2/2 [00:00<00:00, 92.39it/s]
Some weights of RavenForCausalLM were not initialized from the model checkpoint at ckpts/olmo-retrofit-cortex and are newly initialized: ['cortex.prefix.summary_emb', 'cortex.prefix.summary_seeded']
You should probably TRAIN this model on a down-stream task to be able to use it for predictions and inference.
[cortex] reset 0 cortex submodules to nn defaults + re-applied designed inits ['prefix.[summary_emb~N(reseeded from wte on first forward)]'] (undo post_init clobber)
[load] overlaid cortex-retrofit/probe-p1-a1-accum-w16-cc8/checkpoint_91952/chkpt.pt: 0 missing / 0 unexpected keys
[cortex] carry buffer: n_vec=16 max_vecs=128 (config.json) -> holds the newest 8 chunks; older writes are dropped by the FIFO
[gate 3] WARNING: --trained_depth not given, so the sweep is anchored on config.mean_recurrence, which is INHERITED from the base recipe and is not what the arm trains at.  The sweep rows below are still correct per mr; read the one for YOUR arm, not the 'at_run_config' row.

==============================================================================
CORTEX-FINAL PRE-LAUNCH GATES
==============================================================================
[PASS] checkpoint_roundtrip
       strict load: clean
       raw saved config is NOT loadable as-is (expected): run tools/prepare_eval_checkpoint.py on every dir the evals read.
       geometry survived: True  both channels: True  carry width [2048, 2048]
       max |loss before - after| = 0.000e+00
[PASS] read_live_fraction
       at mr=32 depth=8: read_live_frac = 0.019 (4000 samples)
         mr=  8  live 0.546  no_grad mean 2.39  total steps 8.88
         mr= 16  live 0.148  no_grad mean 9.21  total steps 16.97
         mr= 32  live 0.019  no_grad mean 25.63  total steps 33.59
       MEASURED, not derived.  Write it into the Z pre-registration.
[PASS] donor_control
       real=11.6689  none=11.4277  donor_both=11.5455
       content delta (donor-real, both) = -0.1234
       column  delta (none -real)       = -0.2412   <- confounded, for contrast only

These gates say the MACHINERY is live and the checkpoint survives a
round trip.  None of them says whether Z helps or whether the gate beats
accum -- that needs the full cells, the 2x2 and the influence horizon.

[skip] z_off: skipped automatically: this checkpoint is E-only, so there is no Z read to suppress
wrote eval_results/probe-probe-p1-a1-accum-w16-cc8/prelaunch.json

When every arm's probe has run, compare them against A1 -- the arm
carrying B2's buffer, and the only valid stand-in for 'vs B2' at
matched parent, corpus, step window and seed:
  bash pace/submit_p1_probes.sh --compare
---------------------------------------
Begin Slurm Epilog: Sep-16-2026 23:10:31
Job ID:        13272605
User ID:       hjiang420
Account:       gts-aivanova7-lab
Job name:      p1_arms.sbatch
Resources:     cpu=8,gres/gpu:h200=1,mem=64G,node=1
Rsrc Used:     cput=04:32:32,vmem=0,walltime=00:34:04,mem=38356988K,energy_used=0
Partition:     gpu-h200
QOS:           inferno
Nodes:         atl1-1-03-018-14-0
---------------------------------------
