---------------------------------------
Begin Slurm Prolog: Sep-22-2026 09:09:12
Job ID:    13430693
User ID:   hjiang420
Account:   gts-aivanova7-lab
Job name:  readinto_gain
Partition: gpu-h200
QOS:       inferno
---------------------------------------

CondaError: Run 'conda init' before 'conda deactivate'

=== in-loop read gain | 4 cells | index 0 ===
    [0] xattn:a2
    [1] xattn:a3z
    [2] refresh:a2
    [3] refresh:a3z
    for THIS cell list:  sbatch --array=0-3

    tier 1 | module=xattn  arm=a2
    checkpoint: cortex-retrofit/probe-p1-a2-accum-w16-cc8-z/checkpoint_91952
    data:       data/pg19_olmo_val_len4096   (READ THIS LINE -- the only proof the pack arrived)
    geometry:   accum  W=16  latent=ON  s0_read=OFF
    T=8  n_chunks=8  n=50
    gates:      0 0.001 0.01 0.1 0.3 1 3 10   (read the |d|/||x|| column, NOT these -- RED 11)
    out:        eval_results/readinto_gain-20260922/xattn-a2

NVIDIA H200, 143771 MiB

[cortex] OVERRIDE config.use_memory: '<absent>' -> True  (NOT what this checkpoint trained with unless they match)
[cortex] OVERRIDE config.memory_slots: '<absent>' -> 0  (NOT what this checkpoint trained with unless they match)
[cortex] OVERRIDE config.prefix_memory: '<absent>' -> 'accum'  (NOT what this checkpoint trained with unless they match)
[cortex] OVERRIDE config.accum_vecs: '<absent>' -> 16  (NOT what this checkpoint trained with unless they match)
[cortex] OVERRIDE config.accum_max: '<absent>' -> 128  (NOT what this checkpoint trained with unless they match)
[cortex] OVERRIDE config.latent_carry: '<absent>' -> True  (NOT what this checkpoint trained with unless they match)
[cortex] OVERRIDE config.latent_depth_rule: '<absent>' -> 'absolute'  (NOT what this checkpoint trained with unless they match)
[cortex] OVERRIDE config.latent_depth_lo: '<absent>' -> 2  (NOT what this checkpoint trained with unless they match)
[cortex] OVERRIDE config.latent_depth_hi: '<absent>' -> 9  (NOT what this checkpoint trained with unless they match)
[cortex] OVERRIDE config.latent_renorm: '<absent>' -> 'none'  (NOT what this checkpoint trained with unless they match)
[cortex] OVERRIDE config.latent_s0_read: '<absent>' -> False  (NOT what this checkpoint trained with unless they match)
[cortex] OVERRIDE config.latent_read: '<absent>' -> 'xattn'  (NOT what this checkpoint trained with unless they match)
[cortex] OVERRIDE config.latent_read_depth: '<absent>' -> 'none'  (NOT what this checkpoint trained with unless they match)
[cortex] OVERRIDE config.latent_read_heads: '<absent>' -> 8  (NOT what this checkpoint trained with unless they match)
Random Initialization not implemented.
Random Initialization not implemented.
Random Initialization not implemented.
Random Initialization not implemented.
Random Initialization not implemented.
Random Initialization not implemented.
Random Initialization not implemented.
Random Initialization not implemented.
Loading checkpoint shards:   0%|          | 0/2 [00:00<?, ?it/s]Loading checkpoint shards:  50%|█████     | 1/2 [00:06<00:06,  6.01s/it]Loading checkpoint shards: 100%|██████████| 2/2 [00:06<00:00,  3.03s/it]
Some weights of RavenForCausalLM were not initialized from the model checkpoint at ckpts/olmo-retrofit-cortex and are newly initialized: ['cortex.latent_reader.gate', 'cortex.latent_reader.k_proj.weight', 'cortex.latent_reader.out_proj.weight', 'cortex.latent_reader.q_proj.weight', 'cortex.latent_reader.v_proj.weight', 'cortex.prefix.summary_emb', 'cortex.prefix.summary_seeded']
You should probably TRAIN this model on a down-stream task to be able to use it for predictions and inference.
[cortex] reset 4 cortex submodules to nn defaults + re-applied designed inits ['prefix.[summary_emb~N(reseeded from wte on first forward)]', 'latent_reader.[qkv,out~N(0,0.02) NOT zero -- see LatentRead]', 'latent_reader.gate=0.1'] (undo post_init clobber)
[load] overlaid cortex-retrofit/probe-p1-a2-accum-w16-cc8-z/checkpoint_91952/chkpt.pt: 5 missing / 0 unexpected keys
[cortex] carry buffer: n_vec=16 max_vecs=128 (config.json) -> holds the newest 8 chunks; older writes are dropped by the FIFO

=== P3.0 tier 1 | in-loop read-site gain | LatentRead ===
    examples 50, T=8
    ||x|| at the read site  16.1341   <- what the delta is added to
    ||Z row||               4.3405   <- what is being read
    intact 3.1920 nats, chance 11.5164, margin 8.3244

    cell                   nats    d(intact)  |d|/||x||
    noise@0             3.19202      0.00000     0.0000
    real@0              3.19202      0.00000     0.0000
    noise@0.001         3.19202      0.00000     0.0000
    real@0.001          3.19202      0.00000     0.0001
    noise@0.01          3.19202     -0.00000     0.0002
    real@0.01           3.19202     -0.00000     0.0005
    noise@0.1           3.19200     -0.00001     0.0024
    real@0.1            3.19203      0.00001     0.0052
    noise@0.3           3.19200     -0.00002     0.0073
    real@0.3            3.19214      0.00012     0.0156
    noise@1             3.19221      0.00019     0.0242
    real@1              3.19346      0.00144     0.0520
    noise@3             3.19498      0.00296     0.0721
    real@3              3.20598      0.01397     0.1546
    noise@10            3.23126      0.03924     0.2370
    real@10             3.42957      0.23755     0.5162

    RESPONSE SHAPE   d_nats ~ k * r^p
      k (scale-free)   0.5592
      k for s0         8.6e-06   (job 13297293, RED 11 axis)
      k / k_s0         6.503e+04
      p (log-log)      2.176   <- pure magnitude response; says nothing about content

    SPAN BY THRESHOLD (reported, NEVER the verdict)
      keep |d|/||x|| <= 1      span 0.23757 nats
      keep |d|/||x|| <= 0.5    span 0.03926 nats
      keep |d|/||x|| <= 0.25   span 0.03926 nats
      keep |d|/||x|| <= 0.1    span 0.00298 nats

    knob proven connected              True
    axis present                       True
    real-vs-noise gap at init          0.19831 nats  (want ~0)

    READING: AUDIT_control_not_matched
    A random projection cannot prefer real content, so this gap is the
    CONTROL failing, not a finding.  Check that the null is row-norm
    matched to the real Z before reading anything else.

    A reading is about the SITE only if it holds on BOTH arms.
    Run a2 and a3z before quoting this.

wrote eval_results/readinto_gain-20260922/xattn-a2/readinto_gain.json

cell xattn/a2 DONE -> eval_results/readinto_gain-20260922/xattn-a2/readinto_gain.json

READING ORDER, and it is not the order the cells finish in:
  1. Is the intact loss below chance?  If not, nothing else in the
     table is a result (RED 10).
  2. Does the |d|/||x|| column move with the gate?  If not, the axis
     is fiction and the verdict is meaningless.
  3. Do BOTH arms agree in the in-distribution window?  Only then is
     the reading about the SITE rather than about a buffer.
  4. Only then: LIVE -> tier 1.5 (~8 GPU-hours).  DEAD -> audit the
     instrument, do NOT spend the 8 hours.
---------------------------------------
Begin Slurm Epilog: Sep-22-2026 09:29:21
Job ID:        13430693
Array Job ID:  13430665_0
User ID:       hjiang420
Account:       gts-aivanova7-lab
Job name:      readinto_gain
Resources:     cpu=8,gres/gpu:h200=1,mem=64G,node=1
Rsrc Used:     cput=02:41:28,vmem=0,walltime=00:20:11,mem=15825724K,energy_used=0
Partition:     gpu-h200
QOS:           inferno
Nodes:         atl1-1-03-019-14-0
---------------------------------------
