---------------------------------------
Begin Slurm Prolog: Aug-01-2026 22:00:27
Job ID:    11617748
User ID:   hjiang420
Account:   gts-aivanova7-lab
Job name:  eval_carry_ablation.sbatch
Partition: gpu-a100
QOS:       inferno
---------------------------------------
[ok]  cortex-retrofit/retro-b1-acc4v-tb2-mr8/model_only_chkpt_22500
      popped tie_word_embeddings
      flags: {'use_memory': True, 'memory_slots': 0, 'memory_slots_iter': 0, 'memory_heads': 4, 'ccot_direct': False, 'h_T_proj': True, 'lora_rank': 0, 'lora_alpha': 32.0, 'mean_recurrence': 32, 'mean_backprop_depth': 8}
=== carry ablation: retro-b1-acc4v-tb2-mr8 -> eval_results/carry_ablation_b1-22500/retro-b1-acc4v-tb2-mr8 ===
Loading: cortex-retrofit/retro-b1-acc4v-tb2-mr8/model_only_chkpt_22500  (overlay: None)
Loading checkpoint shards:   0%|          | 0/2 [00:00<?, ?it/s]Loading checkpoint shards:  50%|█████     | 1/2 [01:22<01:22, 82.10s/it]Loading checkpoint shards: 100%|██████████| 2/2 [01:39<00:00, 43.94s/it]Loading checkpoint shards: 100%|██████████| 2/2 [01:39<00:00, 49.66s/it]
Slice ablation: ['oldest', 'newest']  n=4 vectors (accum_vecs=4)  op=drop
T=32  n_chunks=4
data/pg19_olmo_val_len4096: 50 rows, evaluating 50
  25/50 samples...
  50/50 samples...

  Chunk       N    carried     zeroed    d(zeroed)     oldest    d(oldest)     newest    d(newest)   (delta>0 => that carry content helps)
  ------------------------------------------------------------------------------------------------
  1          50     4.9227     4.9227      0.00000     4.9227      0.00000     4.9227      0.00000
  2          50     4.7848     4.7734     -0.01139     4.7734     -0.01139     4.7734     -0.01139
  3          50     4.7798     4.7667     -0.01309     4.7796     -0.00022     4.7798     -0.00000
  4          50     4.7925     4.7786     -0.01397     4.7920     -0.00051     4.7906     -0.00190

  chunks 2+ [ zeroed]: delta = -0.01282 (SE 0.00138)  [chunk 1 is the identical-by-construction control]

  chunks 2+ [ oldest]: delta = -0.00404 (SE 0.00090)

  chunks 2+ [ newest]: delta = -0.00443 (SE 0.00088)

Results saved -> eval_results/carry_ablation_b1-22500/retro-b1-acc4v-tb2-mr8
---------------------------------------
Begin Slurm Epilog: Aug-01-2026 22:06:09
Job ID:        11617748
User ID:       hjiang420
Account:       gts-aivanova7-lab
Job name:      eval_carry_ablation.sbatch
Resources:     cpu=8,gres/gpu:a100=1,mem=64G,node=1
Rsrc Used:     cput=00:45:36,vmem=0,walltime=00:05:42,mem=6983308K,energy_used=0
Partition:     gpu-a100
QOS:           inferno
Nodes:         atl1-1-01-006-7-0
---------------------------------------
